-- The CXX compiler identification is GNU 11.4.0
-- Detecting CXX compiler ABI info
-- Detecting CXX compiler ABI info - done
-- Check for working CXX compiler: /usr/bin/x86_64-linux-gnu-g++-11 - skipped
-- Detecting CXX compile features
-- Detecting CXX compile features - done
-- Looking for C++ include unistd.h
-- Looking for C++ include unistd.h - found
-- Looking for C++ include stdint.h
-- Looking for C++ include stdint.h - found
-- Looking for C++ include inttypes.h
-- Looking for C++ include inttypes.h - found
-- Looking for C++ include sys/types.h
-- Looking for C++ include sys/types.h - found
-- Looking for C++ include sys/stat.h
-- Looking for C++ include sys/stat.h - found
-- Looking for C++ include fnmatch.h
-- Looking for C++ include fnmatch.h - found
-- Looking for C++ include stddef.h
-- Looking for C++ include stddef.h - found
-- Check size of uint32_t
-- Check size of uint32_t - done
-- Looking for strtoll
-- Looking for strtoll - found
-- Looking for C++ include pthread.h
-- Looking for C++ include pthread.h - found
-- Performing Test CMAKE_HAVE_LIBC_PTHREAD
-- Performing Test CMAKE_HAVE_LIBC_PTHREAD - Success
-- Found Threads: TRUE
-- Check size of pthread_rwlock_t
-- Check size of pthread_rwlock_t - done
-- Configuring done
-- Generating done
-- Build files have been written to: /scr/tanab/p3-s4-loop-pegasus/0_4954.nqsv/gflags-build
[ 12%] Building CXX object CMakeFiles/gflags_static.dir/src/gflags.cc.o
[ 25%] Building CXX object CMakeFiles/gflags_static.dir/src/gflags_reporting.cc.o
[ 37%] Building CXX object CMakeFiles/gflags_static.dir/src/gflags_completions.cc.o
[ 50%] Building CXX object CMakeFiles/gflags_nothreads_static.dir/src/gflags.cc.o
[ 62%] Building CXX object CMakeFiles/gflags_nothreads_static.dir/src/gflags_reporting.cc.o
[ 75%] Building CXX object CMakeFiles/gflags_nothreads_static.dir/src/gflags_completions.cc.o
[ 87%] Linking CXX static library lib/libgflags.a
[100%] Linking CXX static library lib/libgflags_nothreads.a
[100%] Built target gflags_static
[100%] Built target gflags_nothreads_static
-- Install configuration: "Release"
-- Installing: /scr/tanab/p3-s4-loop-pegasus/0_4954.nqsv/gflags-install/lib/libgflags.a
-- Installing: /scr/tanab/p3-s4-loop-pegasus/0_4954.nqsv/gflags-install/lib/libgflags_nothreads.a
-- Installing: /scr/tanab/p3-s4-loop-pegasus/0_4954.nqsv/gflags-install/include/gflags/gflags.h
-- Installing: /scr/tanab/p3-s4-loop-pegasus/0_4954.nqsv/gflags-install/include/gflags/gflags_declare.h
-- Installing: /scr/tanab/p3-s4-loop-pegasus/0_4954.nqsv/gflags-install/include/gflags/gflags_completions.h
-- Installing: /scr/tanab/p3-s4-loop-pegasus/0_4954.nqsv/gflags-install/include/gflags/gflags_gflags.h
-- Installing: /scr/tanab/p3-s4-loop-pegasus/0_4954.nqsv/gflags-install/lib/cmake/gflags/gflags-config.cmake
-- Installing: /scr/tanab/p3-s4-loop-pegasus/0_4954.nqsv/gflags-install/lib/cmake/gflags/gflags-config-version.cmake
-- Installing: /scr/tanab/p3-s4-loop-pegasus/0_4954.nqsv/gflags-install/lib/cmake/gflags/gflags-targets.cmake
-- Installing: /scr/tanab/p3-s4-loop-pegasus/0_4954.nqsv/gflags-install/lib/cmake/gflags/gflags-targets-release.cmake
-- Installing: /scr/tanab/p3-s4-loop-pegasus/0_4954.nqsv/gflags-install/lib/cmake/gflags/gflags-nonamespace-targets.cmake
-- Installing: /scr/tanab/p3-s4-loop-pegasus/0_4954.nqsv/gflags-install/lib/cmake/gflags/gflags-nonamespace-targets-release.cmake
-- Installing: /scr/tanab/p3-s4-loop-pegasus/0_4954.nqsv/gflags-install/bin/gflags_completions.sh
-- Installing: /scr/tanab/p3-s4-loop-pegasus/0_4954.nqsv/gflags-install/lib/pkgconfig/gflags.pc
-- The CXX compiler identification is GNU 11.4.0
-- Detecting CXX compiler ABI info
-- Detecting CXX compiler ABI info - done
-- Check for working CXX compiler: /usr/bin/x86_64-linux-gnu-g++-11 - skipped
-- Detecting CXX compile features
-- Detecting CXX compile features - done
-- Looking for gflags namespace
-- Looking for gflags namespace - gflags
-- Looking for C++ include pthread.h
-- Looking for C++ include pthread.h - found
-- Performing Test CMAKE_HAVE_LIBC_PTHREAD
-- Performing Test CMAKE_HAVE_LIBC_PTHREAD - Success
-- Found Threads: TRUE
-- Looking for C++ include dlfcn.h
-- Looking for C++ include dlfcn.h - found
-- Looking for C++ include execinfo.h
-- Looking for C++ include execinfo.h - found
-- Looking for C++ include glob.h
-- Looking for C++ include glob.h - found
-- Looking for C++ include inttypes.h
-- Looking for C++ include inttypes.h - found
-- Looking for C++ include memory.h
-- Looking for C++ include memory.h - found
-- Looking for C++ include pwd.h
-- Looking for C++ include pwd.h - found
-- Looking for C++ include stdint.h
-- Looking for C++ include stdint.h - found
-- Looking for C++ include strings.h
-- Looking for C++ include strings.h - found
-- Looking for C++ include sys/stat.h
-- Looking for C++ include sys/stat.h - found
-- Looking for C++ include sys/syscall.h
-- Looking for C++ include sys/syscall.h - found
-- Looking for C++ include sys/time.h
-- Looking for C++ include sys/time.h - found
-- Looking for C++ include sys/types.h
-- Looking for C++ include sys/types.h - found
-- Looking for C++ include sys/utsname.h
-- Looking for C++ include sys/utsname.h - found
-- Looking for C++ include sys/wait.h
-- Looking for C++ include sys/wait.h - found
-- Looking for C++ include syscall.h
-- Looking for C++ include syscall.h - found
-- Looking for C++ include syslog.h
-- Looking for C++ include syslog.h - found
-- Looking for C++ include ucontext.h
-- Looking for C++ include ucontext.h - found
-- Looking for C++ include unistd.h
-- Looking for C++ include unistd.h - found
-- Looking for C++ include ext/hash_map
-- Looking for C++ include ext/hash_map - found
-- Looking for C++ include ext/hash_set
-- Looking for C++ include ext/hash_set - found
-- Looking for C++ include ext/slist
-- Looking for C++ include ext/slist - found
-- Looking for C++ include tr1/unordered_map
-- Looking for C++ include tr1/unordered_map - found
-- Looking for C++ include tr1/unordered_set
-- Looking for C++ include tr1/unordered_set - found
-- Looking for C++ include unordered_map
-- Looking for C++ include unordered_map - found
-- Looking for C++ include unordered_set
-- Looking for C++ include unordered_set - found
-- Looking for C++ include stddef.h
-- Looking for C++ include stddef.h - found
-- Check size of unsigned __int16
-- Check size of unsigned __int16 - failed
-- Check size of u_int16_t
-- Check size of u_int16_t - done
-- Check size of uint16_t
-- Check size of uint16_t - done
-- Looking for dladdr
-- Looking for dladdr - found
-- Looking for fcntl
-- Looking for fcntl - found
-- Looking for pread
-- Looking for pread - found
-- Looking for pwrite
-- Looking for pwrite - found
-- Looking for sigaction
-- Looking for sigaction - found
-- Looking for sigaltstack
-- Looking for sigaltstack - found
-- Performing Test HAVE_NO_DEPRECATED
-- Performing Test HAVE_NO_DEPRECATED - Success
-- Performing Test HAVE_NO_UNNAMED_TYPE_TEMPLATE_ARGS
-- Performing Test HAVE_NO_UNNAMED_TYPE_TEMPLATE_ARGS - Failed
-- Looking for snprintf
-- Looking for snprintf - found
-- Looking for UnDecorateSymbolName in dbghelp
-- Looking for UnDecorateSymbolName in dbghelp - not found
-- Performing Test HAVE___ATTRIBUTE__
-- Performing Test HAVE___ATTRIBUTE__ - Success
-- Performing Test HAVE___ATTRIBUTE__VISIBILITY_DEFAULT
-- Performing Test HAVE___ATTRIBUTE__VISIBILITY_DEFAULT - Success
-- Performing Test HAVE___ATTRIBUTE__VISIBILITY_HIDDEN
-- Performing Test HAVE___ATTRIBUTE__VISIBILITY_HIDDEN - Success
-- Performing Test HAVE___BUILTIN_EXPECT
-- Performing Test HAVE___BUILTIN_EXPECT - Success
-- Performing Test HAVE___SYNC_VAL_COMPARE_AND_SWAP
-- Performing Test HAVE___SYNC_VAL_COMPARE_AND_SWAP - Success
-- Performing Test HAVE_RWLOCK
-- Performing Test HAVE_RWLOCK - Success
-- Performing Test HAVE___DECLSPEC
-- Performing Test HAVE___DECLSPEC - Failed
-- Performing Test STL_NO_NAMESPACE
-- Performing Test STL_NO_NAMESPACE - Failed
-- Performing Test STL_STD_NAMESPACE
-- Performing Test STL_STD_NAMESPACE - Success
-- Performing Test HAVE_USING_OPERATOR
-- Performing Test HAVE_USING_OPERATOR - Success
-- Performing Test HAVE_NAMESPACES
-- Performing Test HAVE_NAMESPACES - Success
-- Performing Test HAVE_GCC_TLS
-- Performing Test HAVE_GCC_TLS - Success
-- Performing Test HAVE_MSVC_TLS
-- Performing Test HAVE_MSVC_TLS - Failed
-- Performing Test HAVE_CXX11_TLS
-- Performing Test HAVE_CXX11_TLS - Success
-- Performing Test HAVE_ALIGNED_STORAGE
-- Performing Test HAVE_ALIGNED_STORAGE - Success
-- Performing Test HAVE_CXX11_ATOMIC
-- Performing Test HAVE_CXX11_ATOMIC - Success
-- Performing Test HAVE_CXX11_NULLPTR_T
-- Performing Test HAVE_CXX11_NULLPTR_T - Success
-- Performing Test HAVE_LOCALTIME_R
-- Performing Test HAVE_LOCALTIME_R - Success
-- Performing Test COMPILER_HAS_HIDDEN_VISIBILITY
-- Performing Test COMPILER_HAS_HIDDEN_VISIBILITY - Success
-- Performing Test COMPILER_HAS_HIDDEN_INLINE_VISIBILITY
-- Performing Test COMPILER_HAS_HIDDEN_INLINE_VISIBILITY - Success
-- Performing Test COMPILER_HAS_DEPRECATED_ATTR
-- Performing Test COMPILER_HAS_DEPRECATED_ATTR - Success
-- Configuring done
-- Generating done
-- Build files have been written to: /scr/tanab/p3-s4-loop-pegasus/0_4954.nqsv/glog-build
[ 12%] Building CXX object CMakeFiles/glog.dir/src/demangle.cc.o
[ 25%] Building CXX object CMakeFiles/glog.dir/src/logging.cc.o
[ 37%] Building CXX object CMakeFiles/glog.dir/src/raw_logging.cc.o
[ 50%] Building CXX object CMakeFiles/glog.dir/src/symbolize.cc.o
[ 62%] Building CXX object CMakeFiles/glog.dir/src/utilities.cc.o
[ 75%] Building CXX object CMakeFiles/glog.dir/src/vlog_is_on.cc.o
[ 87%] Building CXX object CMakeFiles/glog.dir/src/signalhandler.cc.o
[100%] Linking CXX static library libglog.a
[100%] Built target glog
-- Install configuration: "Release"
-- Installing: /scr/tanab/p3-s4-loop-pegasus/0_4954.nqsv/glog-install/lib/libglog.a
-- Installing: /scr/tanab/p3-s4-loop-pegasus/0_4954.nqsv/glog-install/include/glog/export.h
-- Installing: /scr/tanab/p3-s4-loop-pegasus/0_4954.nqsv/glog-install/include/glog/logging.h
-- Installing: /scr/tanab/p3-s4-loop-pegasus/0_4954.nqsv/glog-install/include/glog/raw_logging.h
-- Installing: /scr/tanab/p3-s4-loop-pegasus/0_4954.nqsv/glog-install/include/glog/stl_logging.h
-- Installing: /scr/tanab/p3-s4-loop-pegasus/0_4954.nqsv/glog-install/include/glog/vlog_is_on.h
-- Installing: /scr/tanab/p3-s4-loop-pegasus/0_4954.nqsv/glog-install/include/glog/log_severity.h
-- Installing: /scr/tanab/p3-s4-loop-pegasus/0_4954.nqsv/glog-install/lib/pkgconfig/libglog.pc
-- Installing: /scr/tanab/p3-s4-loop-pegasus/0_4954.nqsv/glog-install/lib/cmake/glog/glog-modules.cmake
-- Installing: /scr/tanab/p3-s4-loop-pegasus/0_4954.nqsv/glog-install/lib/cmake/glog/glog-config.cmake
-- Installing: /scr/tanab/p3-s4-loop-pegasus/0_4954.nqsv/glog-install/lib/cmake/glog/glog-config-version.cmake
-- Installing: /scr/tanab/p3-s4-loop-pegasus/0_4954.nqsv/glog-install/lib/cmake/glog/glog-targets.cmake
-- Installing: /scr/tanab/p3-s4-loop-pegasus/0_4954.nqsv/glog-install/lib/cmake/glog/glog-targets-release.cmake
=== 段 4b iteration (proposal=/work/1/SFC/tanab/dev-wave-jobs/dev-wave-t2746-k2-loop-round2/materials/proposal-2.json, reflux=on, build=True, prior_critic_reverse=False, isolate_worktree=True) ===
[campaign] p3-s4-loop-s4-autonomous-409e13f8  (/work/1/SFC/tanab/dev-wave-jobs/dev-wave-t2746-k2-loop-round2/submit-tree/output/exploration/campaigns/p3-s4-loop-s4-autonomous-409e13f8)
[campaign] evaluate silo|BACKOFF_FIXED=25,BACK_OFF=1,NO_WAIT_LOCKING_IN_VALIDATION=1,NO_WAIT_OF_TICTOC=0,WAL=0
  [eval 3dec27291054] built trace=5a32820e88c4dd9b perf=d38fe74e5f5b2425
  [eval 3dec27291054] verify[legacy]: serializable (445394 commits, 71877 aborts, 0 anomalies)
  [eval 3dec27291054] bench: median 687,508 tps (CV 1.01%)
[campaign] done: 1 committed / 0 aborted / 0 skipped (of 1)
  ran=True outcome=certified variant=3dec27291054 iteration=1
  停止判定: continue
  checkpoint: /work/1/SFC/tanab/dev-wave-jobs/dev-wave-t2746-k2-loop-round2/submit-tree/output/exploration/campaigns/p3-s4-loop-s4-autonomous-409e13f8/loop_state.json
  digest: /work/1/SFC/tanab/dev-wave-jobs/dev-wave-t2746-k2-loop-round2/submit-tree/output/exploration/campaigns/p3-s4-loop-s4-autonomous-409e13f8/s4_loop_digest.txt
