CMake Warning:
  Manually-specified variables were not used by the project:

    CMAKE_C_COMPILER


CMake Warning:
  Manually-specified variables were not used by the project:

    CMAKE_C_COMPILER



============================================================
Request ID:             4954.nqsv
Request Name:           izs4loop
Queue:                  gen_S@nqsv
Number of Jobs:         1
User Name:              tanab
Group Name:             SFC
Created Request Time:   Fri Sep 18 06:36:06 2026
Started Request Time:   Fri Sep 18 06:36:14 2026
Ended Request Time:     Fri Sep 18 06:43:21 2026
Resources Information:
  Elapse:               432S
  Remaining Elapse:     10368S
============================================================
