-- The CXX compiler identification is GNU 11.4.0
-- Detecting CXX compiler ABI info
-- Detecting CXX compiler ABI info - done
-- Check for working CXX compiler: /usr/bin/x86_64-linux-gnu-g++-11 - skipped
-- Detecting CXX compile features
-- Detecting CXX compile features - done
-- Looking for gflags namespace
-- Looking for gflags namespace - gflags
-- Performing Test CMAKE_HAVE_LIBC_PTHREAD
-- Performing Test CMAKE_HAVE_LIBC_PTHREAD - Success
-- Found Threads: TRUE  
-- Looking for C++ include dlfcn.h
-- Looking for C++ include dlfcn.h - found
-- Looking for C++ include execinfo.h
-- Looking for C++ include execinfo.h - found
-- Looking for C++ include glob.h
-- Looking for C++ include glob.h - found
-- Looking for C++ include inttypes.h
-- Looking for C++ include inttypes.h - found
-- Looking for C++ include memory.h
-- Looking for C++ include memory.h - found
-- Looking for C++ include pwd.h
-- Looking for C++ include pwd.h - found
-- Looking for C++ include stdint.h
-- Looking for C++ include stdint.h - found
-- Looking for C++ include strings.h
-- Looking for C++ include strings.h - found
-- Looking for C++ include sys/stat.h
-- Looking for C++ include sys/stat.h - found
-- Looking for C++ include sys/syscall.h
-- Looking for C++ include sys/syscall.h - found
-- Looking for C++ include sys/time.h
-- Looking for C++ include sys/time.h - found
-- Looking for C++ include sys/types.h
-- Looking for C++ include sys/types.h - found
-- Looking for C++ include sys/utsname.h
-- Looking for C++ include sys/utsname.h - found
-- Looking for C++ include sys/wait.h
-- Looking for C++ include sys/wait.h - found
-- Looking for C++ include syscall.h
-- Looking for C++ include syscall.h - found
-- Looking for C++ include syslog.h
-- Looking for C++ include syslog.h - found
-- Looking for C++ include ucontext.h
-- Looking for C++ include ucontext.h - found
-- Looking for C++ include unistd.h
-- Looking for C++ include unistd.h - found
-- Looking for C++ include ext/hash_map
-- Looking for C++ include ext/hash_map - found
-- Looking for C++ include ext/hash_set
-- Looking for C++ include ext/hash_set - found
-- Looking for C++ include ext/slist
-- Looking for C++ include ext/slist - found
-- Looking for C++ include tr1/unordered_map
-- Looking for C++ include tr1/unordered_map - found
-- Looking for C++ include tr1/unordered_set
-- Looking for C++ include tr1/unordered_set - found
-- Looking for C++ include unordered_map
-- Looking for C++ include unordered_map - found
-- Looking for C++ include unordered_set
-- Looking for C++ include unordered_set - found
-- Looking for C++ include stddef.h
-- Looking for C++ include stddef.h - found
-- Check size of unsigned __int16
-- Check size of unsigned __int16 - failed
-- Check size of u_int16_t
-- Check size of u_int16_t - done
-- Check size of uint16_t
-- Check size of uint16_t - done
-- Looking for dladdr
-- Looking for dladdr - found
-- Looking for fcntl
-- Looking for fcntl - found
-- Looking for pread
-- Looking for pread - found
-- Looking for pwrite
-- Looking for pwrite - found
-- Looking for sigaction
-- Looking for sigaction - found
-- Looking for sigaltstack
-- Looking for sigaltstack - found
-- Performing Test HAVE_NO_DEPRECATED
-- Performing Test HAVE_NO_DEPRECATED - Success
-- Performing Test HAVE_NO_UNNAMED_TYPE_TEMPLATE_ARGS
-- Performing Test HAVE_NO_UNNAMED_TYPE_TEMPLATE_ARGS - Failed
-- Looking for snprintf
-- Looking for snprintf - found
-- Looking for UnDecorateSymbolName in dbghelp
-- Looking for UnDecorateSymbolName in dbghelp - not found
-- Performing Test HAVE___ATTRIBUTE__
-- Performing Test HAVE___ATTRIBUTE__ - Success
-- Performing Test HAVE___ATTRIBUTE__VISIBILITY_DEFAULT
-- Performing Test HAVE___ATTRIBUTE__VISIBILITY_DEFAULT - Success
-- Performing Test HAVE___ATTRIBUTE__VISIBILITY_HIDDEN
-- Performing Test HAVE___ATTRIBUTE__VISIBILITY_HIDDEN - Success
-- Performing Test HAVE___BUILTIN_EXPECT
-- Performing Test HAVE___BUILTIN_EXPECT - Success
-- Performing Test HAVE___SYNC_VAL_COMPARE_AND_SWAP
-- Performing Test HAVE___SYNC_VAL_COMPARE_AND_SWAP - Success
-- Performing Test HAVE_RWLOCK
-- Performing Test HAVE_RWLOCK - Success
-- Performing Test HAVE___DECLSPEC
-- Performing Test HAVE___DECLSPEC - Failed
-- Performing Test STL_NO_NAMESPACE
-- Performing Test STL_NO_NAMESPACE - Failed
-- Performing Test STL_STD_NAMESPACE
-- Performing Test STL_STD_NAMESPACE - Success
-- Performing Test HAVE_USING_OPERATOR
-- Performing Test HAVE_USING_OPERATOR - Success
-- Performing Test HAVE_NAMESPACES
-- Performing Test HAVE_NAMESPACES - Success
-- Performing Test HAVE_GCC_TLS
-- Performing Test HAVE_GCC_TLS - Success
-- Performing Test HAVE_MSVC_TLS
-- Performing Test HAVE_MSVC_TLS - Failed
-- Performing Test HAVE_CXX11_TLS
-- Performing Test HAVE_CXX11_TLS - Success
-- Performing Test HAVE_ALIGNED_STORAGE
-- Performing Test HAVE_ALIGNED_STORAGE - Success
-- Performing Test HAVE_CXX11_ATOMIC
-- Performing Test HAVE_CXX11_ATOMIC - Success
-- Performing Test HAVE_CXX11_NULLPTR_T
-- Performing Test HAVE_CXX11_NULLPTR_T - Success
-- Performing Test HAVE_LOCALTIME_R
-- Performing Test HAVE_LOCALTIME_R - Success
-- Performing Test COMPILER_HAS_HIDDEN_VISIBILITY
-- Performing Test COMPILER_HAS_HIDDEN_VISIBILITY - Success
-- Performing Test COMPILER_HAS_HIDDEN_INLINE_VISIBILITY
-- Performing Test COMPILER_HAS_HIDDEN_INLINE_VISIBILITY - Success
-- Performing Test COMPILER_HAS_DEPRECATED_ATTR
-- Performing Test COMPILER_HAS_DEPRECATED_ATTR - Success
-- Configuring done
-- Generating done
-- Build files have been written to: /scr/0_995806.nqsv/glog-build
