CMake Warning:
  Manually-specified variables were not used by the project:

    CMAKE_C_COMPILER


CMake Warning:
  Manually-specified variables were not used by the project:

    CMAKE_C_COMPILER



============================================================
Request ID:             16312.nqsv
Request Name:           izs4loop
Queue:                  gen_S@nqsv
Number of Jobs:         1
User Name:              tanab
Group Name:             SFC
Created Request Time:   Tue Sep 22 11:16:18 2026
Started Request Time:   Tue Sep 22 11:16:25 2026
Ended Request Time:     Tue Sep 22 11:18:07 2026
Resources Information:
  Elapse:               107S
  Remaining Elapse:     10693S
============================================================
