d3c73a75bb5338bf6c11978a110f2aab4f0d4317c340251ecd5ea7cc503916e7  /work/1/SFC/tanab/izanagi-repro-archive/t2853-20260923/manifests/a1-attempt2-jobdir.json
b469fd045163729930232e755465ea4c0484ea6a09d230ed05a89e20489d1f88  /work/1/SFC/tanab/izanagi-repro-archive/t2853-20260923/manifests/a1-attempt2-jobdir.sha256
4b9ea3a11052ed3a0d7a9ea4e0dd5f4b5249accc2e77d41d9015408214e19167  /work/1/SFC/tanab/izanagi-repro-archive/t2853-20260923/manifests/a1-durable-authority.json
a0820e052f5b73b3063b4b417d4df53dfcd1bc448f8f00ffbf14997c9965fde3  /work/1/SFC/tanab/izanagi-repro-archive/t2853-20260923/manifests/a1-durable-authority.sha256
41fe23e073442b17d2b7fa70c744070aa3ab0fa192471199650ed34281b98cd2  /work/1/SFC/tanab/izanagi-repro-archive/t2853-20260923/manifests/b5-pilot-jobdir.json
1daa581ea5d89488fe6a83221cc348f6c6a7938b11f3542747b317c3b430f4b9  /work/1/SFC/tanab/izanagi-repro-archive/t2853-20260923/manifests/b5-pilot-jobdir.sha256
5b6454aaae43dab21fa5d5f50e2ab5ffa1db727bae7ba69302af1b7001aa6240  /work/1/SFC/tanab/izanagi-repro-archive/t2853-20260923/manifests/b5-pilot-originals.json
8e85396eaaae91c8645d25394f935de93d6f0ed5422c891acf1c078e5afb1a5e  /work/1/SFC/tanab/izanagi-repro-archive/t2853-20260923/manifests/b5-pilot-originals.sha256
7f530b5906ebbb64207e4c79296eb70b4d49539eebd9fd437eb1705791b08ccb  /work/1/SFC/tanab/izanagi-repro-archive/t2853-20260923/manifests/b8-effective.json
5c931274001a85a04a55762ad7429694589a821e1eaa3cdd208025b7db455703  /work/1/SFC/tanab/izanagi-repro-archive/t2853-20260923/manifests/b8-effective.sha256
ddadc62a99df6b5607fc2cc39eeecf0eab155f1a395a9e486f5d12c16a438133  /work/1/SFC/tanab/izanagi-repro-archive/t2853-20260923/manifests/b8-prerun-runner.json
19d8aa664ec50bb92bea42969ddaa73a731b2af4129c516a5e8a1a70a7d63813  /work/1/SFC/tanab/izanagi-repro-archive/t2853-20260923/manifests/b8-prerun-runner.sha256
3c6c688f5573af94ccdc79cffe4a4244e6887f2973f40b9d63b561f6ef318b1a  /work/1/SFC/tanab/izanagi-repro-archive/t2853-20260923/manifests/d2160-verify-phase.json
196ae28f51326c8d5afd3fb71280294234a8c4f500f5faaa0536edead3fe88c1  /work/1/SFC/tanab/izanagi-repro-archive/t2853-20260923/manifests/d2160-verify-phase.sha256
02439460599210529c30a2fa90fd43c3b4ccd1ac1c6043c7400346d8c42fa06e  /work/1/SFC/tanab/izanagi-repro-archive/t2853-20260923/manifests/k2-pair-first-jobdir.json
9f313ee6b1f1a4df75162ae2ad8b11d10cfd278a62e7fcf5dfdcb4fa3d9e586b  /work/1/SFC/tanab/izanagi-repro-archive/t2853-20260923/manifests/k2-pair-first-jobdir.sha256
26bc45d07c77f61487694a732b0bdb3aa580e0f2280ef89f94391e1c83bf07fa  /work/1/SFC/tanab/izanagi-repro-archive/t2853-20260923/manifests/k2-pair-first-originals.json
8fca0dd217d2d117d9e1bbb70813bcc6a92b30db4e3aebc87cb1deaaa36708d0  /work/1/SFC/tanab/izanagi-repro-archive/t2853-20260923/manifests/k2-pair-first-originals.sha256
9111bb5d587f2a03eb56a3c13027ee6aedc34d2092599f879257e83053343a76  /work/1/SFC/tanab/izanagi-repro-archive/t2853-20260923/manifests/k2-resubmit-jobdir.json
803c73109519a354a8f512955b41a2557c646fcf2aefe743d6fbba6d43b08250  /work/1/SFC/tanab/izanagi-repro-archive/t2853-20260923/manifests/k2-resubmit-jobdir.sha256
d086e82f90431935abab714958b450e6f97b9275362431a93f094ae8cd348e30  /work/1/SFC/tanab/izanagi-repro-archive/t2853-20260923/manifests/k2-resubmit-pair2-originals.json
61789bf19437b7937e19b8c58ec23fe6b893712c7e96422e67e5a8a66fb81c1f  /work/1/SFC/tanab/izanagi-repro-archive/t2853-20260923/manifests/k2-resubmit-pair2-originals.sha256
3591e2b4570d4e05e3691dd0e4dd4d6b57677366e96990b1907cb93da4e4f998  /work/1/SFC/tanab/izanagi-repro-archive/t2853-20260923/manifests/k2-resubmit-r4-originals.json
dce719e5cc26a8f1c5e8d09210295f0a507d5e018f9350d40d1248cef887375a  /work/1/SFC/tanab/izanagi-repro-archive/t2853-20260923/manifests/k2-resubmit-r4-originals.sha256
