== D2160 top keys: ['A_s', 'T_s', 'bench', 'bench_attempt_id', 'bindings', 'candidate', 'count', 'eligible', 'execution_status', 'extime', 'failure_reason', 'finished_at', 'hostname', 'job_accounting', 'job_index', 'operational_outcome', 'phase', 'preservation', 'rep_id', 'ruling_sha256', 'runner_sha256', 'schema_version', 'scratch_free_bytes', 'seed', 'seed_identity', 'seed_mode', 'started_at', 'stop_reason', 'verifier_default_workers', 'verify', 'verify_attempt_id', 'workload']
 argv: ['/usr/bin/python3.10', '-B', '-m', 'orchestrator.verifier', '/scr/verify-phase-3ccoiz6a/trace-a2c845ad7bf44626993b0b8b1074e945', '--json', '--expected-commits', '4332864', '--protocol', 'silo', '--ccbench-root', '/scr/verify-phase-3ccoiz6a/izanagi_wt_hfpvge7d/wt']
 bindings keys: ['binary', 'binary_sha256', 'build_configure_argv', 'ccbench_pin', 'compiler', 'configure_argv', 'configure_defines', 'genome', 'numactl', 'patch_sha256', 'pipeline_module_sha256', 'policy_sha256', 'python_executable', 'python_version', 'repo_head', 'source_after', 'source_before', 'source_checkout', 'source_pinned_clean', 'toolchain', 'verifier_module_sha256', 'warmup_configure_argv']
 repo_head: 657e1e5a7860a0ff77fd02ab37a6cb58b64cc78c
 ccbench_pin: 511c9538e4e8efa54b45cda62e72389ed3b706ec
 patch_sha256: a5e0710c3f76744755b58ec66024c277daba00e49ce3cbf3d6d263cd7228580a
 genome: {'protocol': 'silo', 'flags': {'NO_WAIT_LOCKING_IN_VALIDATION': 1, 'NO_WAIT_OF_TICTOC': 0, 'WAL': 0, 'BACK_OFF': 1, 'BACKOFF_FIXED': 10}, 'canonical': 'silo|BACKOFF_FIXED=10,BACK_OFF=1,NO_WAIT_LOCKING_IN_VALIDATION=1,NO_WAIT_OF_TICTOC=0,WAL=0'}
 verifier_module_sha256: {"__init__.py": "56c7fb4ca9b54425422cdabe41f3c454dc977d3ac02cd177e9d4738f4fe948bd", "__main__.py": "9a06c813eccbc750ca412d717ee14010ffb859d2ae1afaaebf0f38577436b701", "cli.py": "68e690c6370617aabe95a26ecef1d55df0f5bfda74336ae822b2513bca0fba91", "commit_receipt.py": "106e0dcc4e10a9664869b0244c92c25094cd126c1cd5952f973c27e9aba0ba7f", "core.py": "4d70c244848fc7410bd1a724cad7aa0f7f856ddfeb43717d8d8abb45385e42d0", "dsg.py": "e77eaabd929e1e05f853b230041495a19b004a8156ddc805676bbd81ffbcbb05", "model.py": "59136847b040e70002ee73f1b1de52a9ac2545e7beb36f60d95a0a43596067fb", "parse.py": "1aedb77a9091600676e843a0b051045b63dc59e377a0ea038599c6bf4b369246", "report.py": "e68e31a0c8ac5315bd0134be741241e7dd142d69e33e4f986f7674e6d3f27dbd"}
 preservation keys: ['complete', 'destination', 'files', 'wall_s'] files: 48 file0 keys: ['bytes', 'codec', 'compressed_bytes', 'compressed_sha256', 'lines', 'name', 'preserved_path', 'sha256', 'stored_bytes', 'stored_name', 'stored_sha256']
 verifier.json keys: ['certified_serializable', 'indeterminate', 'non_serializable', 'results', 'runs'] verdict: None certified: None
== B-8 top keys: ['A_s', 'T_s', 'bench', 'bench_attempt_id', 'bindings', 'bundle_sha256', 'count', 'eligible', 'execution_status', 'extime', 'failure_reason', 'finished_at', 'gate', 'hostname', 'in_judgment_set', 'job_accounting', 'job_index', 'operational_outcome', 'phase', 'preservation', 'rep_id', 'ruling_sha256', 'runner_sha256', 'schema_version', 'scratch_free_bytes', 'seed', 'seed_identity', 'seed_mode', 'started_at', 'stop_reason', 'target', 'verifier_default_workers', 'verify', 'verify_attempt_id', 'workload']
 argv: ['/usr/bin/python3.10', '-B', '-m', 'orchestrator.verifier', '/scr/verify-phase-5yj01adk/trace-ca3f9e2d3fb34c20aa5389afcff9bb2c', '--json', '--expected-commits', '8342453', '--protocol', 'silo', '--ccbench-root', '/scr/verify-phase-5yj01adk/izanagi_wt_ub1r1v63/wt']
 bindings keys: ['binary', 'binary_sha256', 'build_configure_argv', 'ccbench_pin', 'compiler', 'configure_argv', 'configure_defines', 'effective_bundle', 'expected_identity', 'gate', 'gate_predicate', 'gate_reasons', 'genome', 'numactl', 'patch_sha256', 'pipeline_module_sha256', 'policy_sha256', 'python_executable', 'python_version', 'quarantine', 'repo_head', 'source_after', 'source_before', 'source_checkout', 'source_pinned_clean', 'template_patch_sha256', 'toolchain', 'verifier_module_sha256', 'warmup_configure_argv']
 repo_head: 624c8498618e222a1aef7cb0152f403938adf54f
 ccbench_pin: e9e477ca1b55348ab4530de0b1cf663ce4555290
 patch_sha256: 31316713b9783fc7fbbbcffb4fa1d791e3f9d1c0bbea6db52ac45b77cef7d620
 genome: {'protocol': 'silo', 'flags': {'BACK_OFF': 1, 'NO_WAIT_LOCKING_IN_VALIDATION': 1, 'NO_WAIT_OF_TICTOC': 0, 'WAL': 0, 'BACKOFF_TRIGGER_GATING': 1}, 'canonical': 'silo|BACKOFF_TRIGGER_GATING=1,BACK_OFF=1,NO_WAIT_LOCKING_IN_VALIDATION=1,NO_WAIT_OF_TICTOC=0,WAL=0'}
 verifier_module_sha256: {"__init__.py": "56c7fb4ca9b54425422cdabe41f3c454dc977d3ac02cd177e9d4738f4fe948bd", "__main__.py": "9a06c813eccbc750ca412d717ee14010ffb859d2ae1afaaebf0f38577436b701", "cli.py": "68e690c6370617aabe95a26ecef1d55df0f5bfda74336ae822b2513bca0fba91", "commit_receipt.py": "106e0dcc4e10a9664869b0244c92c25094cd126c1cd5952f973c27e9aba0ba7f", "core.py": "4d70c244848fc7410bd1a724cad7aa0f7f856ddfeb43717d8d8abb45385e42d0", "dsg.py": "e5989092476a6208e5631c63b12cc66d64945cbe307514b074c1a7f0fc6365aa", "model.py": "59136847b040e70002ee73f1b1de52a9ac2545e7beb36f60d95a0a43596067fb", "parse.py": "a588bc3095fefb5f107be16de5976ed726c84bcfbe9a5a1f5d670951515f23af", "report.py": "e68e31a0c8ac5315bd0134be741241e7dd142d69e33e4f986f7674e6d3f27dbd"}
 preservation keys: ['complete', 'destination', 'files', 'wall_s'] files: 48 file0 keys: ['bytes', 'codec', 'compressed_bytes', 'compressed_sha256', 'lines', 'name', 'preserved_path', 'sha256', 'stored_bytes', 'stored_name', 'stored_sha256']
 verifier.json keys: ['certified_serializable', 'indeterminate', 'non_serializable', 'results', 'runs'] verdict: None certified: None
