== dev-wave-t2797-b5-contrast/submit-tree HEAD=11d46a74a725 expected=11d46a74a untracked=1298 tracked_missing=0
   output/campaign-locks/0c2745f78cbba5928209.flock  1
   output/campaign-locks/0c88b569387e496ff206.flock  1
   output/campaign-locks/0d21eae1057d9de30186.flock  1
   output/campaign-locks/1557e6c5eb62582dcfe6.flock  1
   output/campaign-locks/19a70464cc3aa72d10eb.flock  1
   output/campaign-locks/1b37d58e5046286e08bb.flock  1
   output/campaign-locks/219eb99fffc19347f97e.flock  1
   output/campaign-locks/242e3dff0241ad681dc0.flock  1
   output/campaign-locks/2637bee76fd523465dbb.flock  1
   output/campaign-locks/26fba32be29332e506df.flock  1
   output/campaign-locks/2867e40d9dbac3db59b0.flock  1
   output/campaign-locks/290810e36809f0c961ce.flock  1
   output/campaign-locks/2b261290e169f4396928.flock  1
   output/campaign-locks/315b9f361f914f8879d3.flock  1
   output/campaign-locks/37b4fcb7b3ae5fbd8608.flock  1
   output/campaign-locks/3f5d96cfd9ccdca36bfc.flock  1
   output/campaign-locks/4267edebebea8ca5738c.flock  1
   output/campaign-locks/46af3316537f04ee5e6e.flock  1
   output/campaign-locks/4bbbb8e602b7ad128013.flock  1
   output/campaign-locks/4fd7e419c3570334dcd7.flock  1
   output/campaign-locks/508e93d5a7b0f13ca505.flock  1
   output/campaign-locks/5099fae03e8d230863ec.flock  1
   output/campaign-locks/521dcbec6f80c1a47cdf.flock  1
   output/campaign-locks/52f530233e20df16c5db.flock  1
   output/campaign-locks/5e724c775c130a33663f.flock  1
   output/campaign-locks/744b52a9e4a829cd8e81.flock  1
   output/campaign-locks/793c675459cdb39b8a26.flock  1
   output/campaign-locks/7af6c2eb3f82efcff3e3.flock  1
   output/campaign-locks/81e16b867d760ed5042d.flock  1
   output/campaign-locks/8b599ef93305aa3289e5.flock  1
   output/campaign-locks/8e927d4f308f659227a5.flock  1
   output/campaign-locks/8f5163fe2714934e6997.flock  1
   output/campaign-locks/94856ad838e2868d918f.flock  1
   output/campaign-locks/9a16da48febc482697cc.flock  1
   output/campaign-locks/9e0c4d42c9d9f9b9eb8e.flock  1
   output/campaign-locks/a027b927371a3e1113b5.flock  1
   output/campaign-locks/a262fe8f38f53a8fa4c2.flock  1
   output/campaign-locks/a37c762726311955f4d4.flock  1
   output/campaign-locks/b1ed1ed2582cd3ea5255.flock  1
   output/campaign-locks/b49fdaf151ecf92d24db.flock  1
   output/campaign-locks/b78d43db606855c1737d.flock  1
   output/campaign-locks/c3e508230248e49cb4fb.flock  1
   output/campaign-locks/e0451755ac376481f8f2.flock  1
   output/campaign-locks/e40a0d6f652151d746bc.flock  1
   output/campaign-locks/e42279a729ddf6e4fbd9.flock  1
   output/campaign-locks/e47708437a852e3a721f.flock  1
   output/campaign-locks/e6a00c14c6d52102e5db.flock  1
   output/campaign-locks/e9a3e36fa051d91b33a6.flock  1
   output/campaign-locks/ebe679cc23fcfe283968.flock  1
   output/campaign-locks/ec1492808e4090e20a54.flock  1
   output/campaign-locks/f04369a80b48831f0525.flock  1
   output/campaign-locks/f0f7afd458b95653e572.flock  1
   output/campaign-locks/f80c9f038324825bbb66.flock  1
   output/env/pegasus/claims  53
   output/env/pegasus/silo_ladder_rung1  971
   output/exploration/campaigns/p3-s4-loop-s4-autonomous-03876f43  4
   output/exploration/campaigns/p3-s4-loop-s4-autonomous-04a28b02  4
   output/exploration/campaigns/p3-s4-loop-s4-autonomous-04c83810  5
   output/exploration/campaigns/p3-s4-loop-s4-autonomous-06b7d859  4
   output/exploration/campaigns/p3-s4-loop-s4-autonomous-0fc8f75d  5
   output/exploration/campaigns/p3-s4-loop-s4-autonomous-15a30286  4
   output/exploration/campaigns/p3-s4-loop-s4-autonomous-182f07a6  5
   output/exploration/campaigns/p3-s4-loop-s4-autonomous-1ee571c7  4
   output/exploration/campaigns/p3-s4-loop-s4-autonomous-2d9155e2  4
   output/exploration/campaigns/p3-s4-loop-s4-autonomous-36215bf3  4
   output/exploration/campaigns/p3-s4-loop-s4-autonomous-37d2d5b7  3
   output/exploration/campaigns/p3-s4-loop-s4-autonomous-39cfbdd7  5
   output/exploration/campaigns/p3-s4-loop-s4-autonomous-4112b2d3  4
   output/exploration/campaigns/p3-s4-loop-s4-autonomous-434cb13f  3
   output/exploration/campaigns/p3-s4-loop-s4-autonomous-45204547  5
   output/exploration/campaigns/p3-s4-loop-s4-autonomous-47996d04  4
   output/exploration/campaigns/p3-s4-loop-s4-autonomous-4933ae40  4
   output/exploration/campaigns/p3-s4-loop-s4-autonomous-5871428a  4
   output/exploration/campaigns/p3-s4-loop-s4-autonomous-58889980  5
   output/exploration/campaigns/p3-s4-loop-s4-autonomous-60dbd575  4
   output/exploration/campaigns/p3-s4-loop-s4-autonomous-620a01f0  4
   output/exploration/campaigns/p3-s4-loop-s4-autonomous-65485135  3
   output/exploration/campaigns/p3-s4-loop-s4-autonomous-6772f528  4
   output/exploration/campaigns/p3-s4-loop-s4-autonomous-680cb8f9  5
   output/exploration/campaigns/p3-s4-loop-s4-autonomous-6e7944a0  4
   output/exploration/campaigns/p3-s4-loop-s4-autonomous-6fc5d263  4
   output/exploration/campaigns/p3-s4-loop-s4-autonomous-757c5b3c  4
   output/exploration/campaigns/p3-s4-loop-s4-autonomous-7af680f6  5
   output/exploration/campaigns/p3-s4-loop-s4-autonomous-80ba54fb  4
   output/exploration/campaigns/p3-s4-loop-s4-autonomous-8b80a066  3
   output/exploration/campaigns/p3-s4-loop-s4-autonomous-8b894e01  3
   output/exploration/campaigns/p3-s4-loop-s4-autonomous-8d09db97  4
   output/exploration/campaigns/p3-s4-loop-s4-autonomous-8dbd0086  3
   output/exploration/campaigns/p3-s4-loop-s4-autonomous-9319a16e  5
   output/exploration/campaigns/p3-s4-loop-s4-autonomous-98bbb574  4
   output/exploration/campaigns/p3-s4-loop-s4-autonomous-9ba03183  4
   output/exploration/campaigns/p3-s4-loop-s4-autonomous-9d735359  4
   output/exploration/campaigns/p3-s4-loop-s4-autonomous-9d98fc69  3
   output/exploration/campaigns/p3-s4-loop-s4-autonomous-a2da0a5f  5
   output/exploration/campaigns/p3-s4-loop-s4-autonomous-aee0cc05  4
   output/exploration/campaigns/p3-s4-loop-s4-autonomous-b44ed475  5
   output/exploration/campaigns/p3-s4-loop-s4-autonomous-cb693369  4
   output/exploration/campaigns/p3-s4-loop-s4-autonomous-d040764b  5
   output/exploration/campaigns/p3-s4-loop-s4-autonomous-d50f0a66  4
   output/exploration/campaigns/p3-s4-loop-s4-autonomous-d693896c  5
   output/exploration/campaigns/p3-s4-loop-s4-autonomous-da6df1cc  4
   output/exploration/campaigns/p3-s4-loop-s4-autonomous-dfd3f0da  5
   output/exploration/campaigns/p3-s4-loop-s4-autonomous-f2ceac4f  4
   output/exploration/campaigns/p3-s4-loop-s4-autonomous-f3ff9990  4
   output/exploration/campaigns/p3-s4-loop-s4-autonomous-f628f1f6  5
   output/exploration/campaigns/p3-s4-loop-s4-autonomous-fa0f3b58  4
   output/exploration/campaigns/p3-s4-loop-s4-autonomous-fc12d3b0  4
   output/exploration/campaigns/p3-s4-loop-s4-autonomous-ff92cec0  4
   output/exploration/namespace.json  1
== dev-wave-t2795-k2-pair/submit-tree-pair HEAD=6a3e15809034 expected=6a3e15809 untracked=979 tracked_missing=0
   output/campaign-locks/f066d2bde60eb4eea3e2.flock  1
   output/env/pegasus/claims  1
   output/env/pegasus/silo_ladder_rung1  971
   output/exploration/campaigns/p3-s4-loop-s4-autonomous-b24749ae  5
   output/exploration/namespace.json  1
== dev-wave-t2795-k2-pair-resubmit/submit-tree-pair2 HEAD=8fd2a2f5c775 expected=8fd2a2f5c untracked=980 tracked_missing=0
   output/campaign-locks/5275b88e3e55f4c129ba.flock  1
   output/env/pegasus/claims  1
   output/env/pegasus/silo_ladder_rung1  971
   output/exploration/campaigns/p3-s4-loop-s4-autonomous-b24749ae  6
   output/exploration/namespace.json  1
== dev-wave-t2795-k2-pair-resubmit/submit-tree-r4 HEAD=8fd2a2f5c775 expected=8fd2a2f5c untracked=980 tracked_missing=0
   output/campaign-locks/69139e626743be78178d.flock  1
   output/env/pegasus/claims  1
   output/env/pegasus/silo_ladder_rung1  971
   output/exploration/campaigns/p3-s4-loop-s4-autonomous-b24749ae  6
   output/exploration/namespace.json  1
== dev-wave-t2792-a1-sized-attempt2/submit-tree HEAD=fec4a818741e expected=fec4a8187 untracked=975 tracked_missing=0
   output/env/pegasus/silo_ladder_rung1  971
   output/insights/2026-09-13/paper-story-a1-balanced5-sized-attempt-0002  4

[exited with code 0]
