== 657e1e5a7860a0ff77fd02ab37a6cb58b64cc78c
__init__.py 56c7fb4ca9b54425422cdabe41f3c454dc977d3ac02cd177e9d4738f4fe948bd
__main__.py 9a06c813eccbc750ca412d717ee14010ffb859d2ae1afaaebf0f38577436b701
cli.py 68e690c6370617aabe95a26ecef1d55df0f5bfda74336ae822b2513bca0fba91
commit_receipt.py 106e0dcc4e10a9664869b0244c92c25094cd126c1cd5952f973c27e9aba0ba7f
core.py 4d70c244848fc7410bd1a724cad7aa0f7f856ddfeb43717d8d8abb45385e42d0
dsg.py e77eaabd929e1e05f853b230041495a19b004a8156ddc805676bbd81ffbcbb05
model.py 59136847b040e70002ee73f1b1de52a9ac2545e7beb36f60d95a0a43596067fb
parse.py 1aedb77a9091600676e843a0b051045b63dc59e377a0ea038599c6bf4b369246
report.py e68e31a0c8ac5315bd0134be741241e7dd142d69e33e4f986f7674e6d3f27dbd
== 624c8498618e222a1aef7cb0152f403938adf54f
__init__.py 56c7fb4ca9b54425422cdabe41f3c454dc977d3ac02cd177e9d4738f4fe948bd
__main__.py 9a06c813eccbc750ca412d717ee14010ffb859d2ae1afaaebf0f38577436b701
cli.py 68e690c6370617aabe95a26ecef1d55df0f5bfda74336ae822b2513bca0fba91
commit_receipt.py 106e0dcc4e10a9664869b0244c92c25094cd126c1cd5952f973c27e9aba0ba7f
core.py 4d70c244848fc7410bd1a724cad7aa0f7f856ddfeb43717d8d8abb45385e42d0
dsg.py e5989092476a6208e5631c63b12cc66d64945cbe307514b074c1a7f0fc6365aa
model.py 59136847b040e70002ee73f1b1de52a9ac2545e7beb36f60d95a0a43596067fb
parse.py a588bc3095fefb5f107be16de5976ed726c84bcfbe9a5a1f5d670951515f23af
report.py e68e31a0c8ac5315bd0134be741241e7dd142d69e33e4f986f7674e6d3f27dbd
== afa732573 report.py
e604cef0b06dc36dd8e236b8ade92eb452231a5f32b7926405b402f038e9d8a2  -
afa73257330d55b805ae1b2e833dee2ef8453b69 2026-07-29T11:46:05+09:00 feat(verifier/campaign): [T-152] write-intent shadow — I 行の 4 層配線と characterization (実装 + 実証、有効化は pin bump 裁定待ち)
