{'tag': 'T-1892', 'patch': 'no-patch', 'run': '19', 'cycle': [691105, 691107], 'v1': (69, 4359), 'v2': (69, 4358), 'same_epoch': True, 'tid_diff': 1, 'max_key': 11, 'nreasons': [1, 1], 'counters_nonzero': {}, 'clean': True, 'sha12': '2b20b5452127'}
{'tag': 'T-1892', 'patch': 'no-patch', 'run': '24', 'cycle': [319459, 319460], 'v1': (32, 3989), 'v2': (32, 3988), 'same_epoch': True, 'tid_diff': 1, 'max_key': 73, 'nreasons': [1, 1], 'counters_nonzero': {}, 'clean': True, 'sha12': '49495df3d50f'}
{'tag': 'T-1892', 'patch': 'no-patch', 'run': '30', 'cycle': [501707, 501708], 'v1': (49, 592), 'v2': (49, 591), 'same_epoch': True, 'tid_diff': 1, 'max_key': 1, 'nreasons': [1, 1], 'counters_nonzero': {}, 'clean': True, 'sha12': 'f42a139fe60d'}
{'tag': 'T-1892', 'patch': 'no-patch', 'run': '31', 'cycle': [27629, 27630], 'v1': (4, 840), 'v2': (4, 839), 'same_epoch': True, 'tid_diff': 1, 'max_key': 6, 'nreasons': [1, 1], 'counters_nonzero': {}, 'clean': True, 'sha12': '1d664a8c7cf6'}
{'tag': 'T-1892', 'patch': 'no-patch', 'run': '32', 'cycle': [181195, 181196], 'v1': (19, 310), 'v2': (19, 309), 'same_epoch': True, 'tid_diff': 1, 'max_key': 85, 'nreasons': [2, 1], 'counters_nonzero': {}, 'clean': True, 'sha12': '2c060fc0f29f'}
{'tag': 'T-2774', 'patch': 'no-patch', 'run': '010-p058-plain', 'cycle': [340513, 340514], 'v1': (33, 113), 'v2': (33, 112), 'same_epoch': True, 'tid_diff': 1, 'max_key': 1, 'nreasons': [1, 1], 'counters_nonzero': {}, 'clean': False, 'sha12': 'a1649063c99f'}
{'tag': 'T-2774', 'patch': 'no-patch', 'run': '040-e9-plain-nowit', 'cycle': [748934, 748936], 'v1': (69, 38), 'v2': (69, 37), 'same_epoch': True, 'tid_diff': 1, 'max_key': 2, 'nreasons': [1, 1], 'counters_nonzero': {}, 'clean': False, 'sha12': 'ecc180b44030'}
{'tag': 'T-2774', 'patch': 'patch', 'run': '036-e9-instr-nowit', 'cycle': [424162, 424163], 'v1': (46, 68), 'v2': (46, 67), 'same_epoch': True, 'tid_diff': 1, 'max_key': 3, 'nreasons': [1, 1], 'counters_nonzero': {}, 'clean': True, 'sha12': '74070a095ea7'}
{'tag': 'T-2774', 'patch': 'patch', 'run': '032-e9-instr-nowit', 'cycle': [182647, 182648], 'v1': (20, 329), 'v2': (20, 328), 'same_epoch': True, 'tid_diff': 1, 'max_key': 2, 'nreasons': [1, 1], 'counters_nonzero': {}, 'clean': True, 'sha12': 'c66a6a6a8228'}
{'tag': 'T-2774', 'patch': 'no-patch', 'run': '040-e9-plain-nowit', 'cycle': [370499, 370500], 'v1': (36, 531), 'v2': (36, 530), 'same_epoch': True, 'tid_diff': 1, 'max_key': 2, 'nreasons': [1, 1], 'counters_nonzero': {}, 'clean': False, 'sha12': '7107540df87e'}
{'tag': 'T-2774', 'patch': 'no-patch', 'run': '043-p058-plain', 'cycle': [676564, 676565], 'v1': (62, 138), 'v2': (62, 137), 'same_epoch': True, 'tid_diff': 1, 'max_key': 4, 'nreasons': [1, 1], 'counters_nonzero': {}, 'clean': False, 'sha12': '66ea47fe8e9e'}
{'tag': 'T-2774', 'patch': 'no-patch', 'run': '044-e9-plain-nowit', 'cycle': [88887, 88888], 'v1': (9, 1220), 'v2': (9, 1219), 'same_epoch': True, 'tid_diff': 1, 'max_key': 1, 'nreasons': [1, 1], 'counters_nonzero': {}, 'clean': False, 'sha12': '3bc5c20c8b69'}
{'tag': 'T-2779', 'patch': 'patch', 'run': 'B1-082-e9-instr-nowit', 'cycle': [406139, 406140], 'v1': (42, 177), 'v2': (42, 176), 'same_epoch': True, 'tid_diff': 1, 'max_key': 5, 'nreasons': [1, 1], 'counters_nonzero': {}, 'clean': True, 'sha12': '15df9bfd83f6'}
{'tag': 'T-2779', 'patch': 'patch', 'run': 'B2-030-e9-instr-nowit-bo1', 'cycle': [444929, 444930], 'v1': (36, 3230), 'v2': (36, 3229), 'same_epoch': True, 'tid_diff': 1, 'max_key': 3, 'nreasons': [1, 1], 'counters_nonzero': {}, 'clean': True, 'sha12': 'a5897657e7c9'}
{'tag': 'T-2779', 'patch': 'patch', 'run': 'B2-033-e9-instr-nowit', 'cycle': [77262, 77263], 'v1': (8, 4051), 'v2': (8, 4050), 'same_epoch': True, 'tid_diff': 1, 'max_key': 36, 'nreasons': [1, 1], 'counters_nonzero': {}, 'clean': True, 'sha12': '6bff0611ea1b'}
{'tag': 'T-2779', 'patch': 'patch', 'run': 'B2-069-e9-instr-nowit', 'cycle': [664344, 664346], 'v1': (59, 2577), 'v2': (59, 2575), 'same_epoch': True, 'tid_diff': 2, 'max_key': 1, 'nreasons': [1, 1], 'counters_nonzero': {}, 'clean': True, 'sha12': '71cb8ce72c02'}
{'tag': 'T-2779', 'patch': 'patch', 'run': 'B2-077-e9-instr-nowit-bo1', 'cycle': [188924, 188925], 'v1': (16, 857), 'v2': (16, 856), 'same_epoch': True, 'tid_diff': 1, 'max_key': 3, 'nreasons': [1, 1], 'counters_nonzero': {}, 'clean': True, 'sha12': '604cb14d7329'}
{'tag': 'T-2779', 'patch': 'patch', 'run': 'B3-006-e9-instr-nowit', 'cycle': [336032, 336033], 'v1': (36, 236), 'v2': (36, 235), 'same_epoch': True, 'tid_diff': 1, 'max_key': 1, 'nreasons': [1, 1], 'counters_nonzero': {}, 'clean': True, 'sha12': 'bb8c86ed1e11'}
{'tag': 'T-2779', 'patch': 'patch', 'run': 'B4-080-e9-instr-nowit', 'cycle': [268125, 268126], 'v1': (29, 1966), 'v2': (29, 1965), 'same_epoch': True, 'tid_diff': 1, 'max_key': 1, 'nreasons': [1, 1], 'counters_nonzero': {}, 'clean': True, 'sha12': 'c4b936cc23d3'}
{'tag': 'witlight', 'patch': 'patch', 'run': 'W1-018-e9-witlight-nowit', 'cycle': [452883, 452884], 'v1': (38, 67), 'v2': (38, 66), 'same_epoch': True, 'tid_diff': 1, 'max_key': 2, 'nreasons': [1, 1], 'counters_nonzero': {}, 'clean': True, 'sha12': 'b89dbdafff55'}
{'tag': 'witlight', 'patch': 'patch', 'run': 'W3-005-e9-witlight-nowit-bo1', 'cycle': [243580, 243582], 'v1': (20, 2546), 'v2': (20, 2545), 'same_epoch': True, 'tid_diff': 1, 'max_key': 76, 'nreasons': [2, 1], 'counters_nonzero': {}, 'clean': True, 'sha12': '20d07793c5e6'}
N = 21
same_epoch all: True
tid_diff==1: 20  tid_diff==2: 1  other: []
max key over all: 0x55
edges with 2 reasons: [('T-1892', '32'), ('witlight', 'W3-005-e9-witlight-nowit-bo1')]
all 11 integrity counters zero in every run: True  nonzero: []
clean true: 16  clean false: [('T-2774', '010-p058-plain', 'no-patch'), ('T-2774', '040-e9-plain-nowit', 'no-patch'), ('T-2774', '040-e9-plain-nowit', 'no-patch'), ('T-2774', '043-p058-plain', 'no-patch'), ('T-2774', '044-e9-plain-nowit', 'no-patch')]
clean true by patch: {'patch': 11, 'no-patch': 5}
