497	broken-mocc-permutation-erase.patch
635	broken-silo-write-intent-opswap.patch
650	broken-mocc-lockskip-validation.patch
652	broken-silo-write-intent-ptrswap.patch
705	broken-silo-write-intent-erase.patch
854	broken-silo-early-unlock-validation.patch
926	broken-silo-write-intent-forge.patch
969	broken-silo-lockskip-validation.patch
976	broken-silo-permutation-erase.patch
1135	broken-silo-trigger-misattr.patch
1154	broken-silo-norw-validation.patch
1178	broken-silo-permutation-swap.patch
1187	broken-mocc-early-unlock.patch
1677	instr-silo-backoff-trigger-gating-tally.patch
1752	broken-silo-highkey-validation.patch
1931	ledger.json
1954	broken-mocc-hot-update-unlock.patch
2568	silo_ladder_rung1.patch
3100	mocc-temperature-predicate-variant.patch
3484	silo-sort-variant.patch
3496	cicada-adaptive-params.patch
4041	instr-mocc-lock-coverage-pin-candidate.patch
4063	instr-mocc-lock-coverage-temperature.patch
4080	instr-mocc-lock-coverage.patch
4365	broken-silo-sort-nonswo.patch
4629	variant-backoff-static50.patch
4637	variant-backoff-red-1e9.patch
4659	silo-backoff-fixed-v1.patch
4665	variant-noop-else-copy.patch
5508	silo-backoff-fixed.patch
7260	silo-backoff-requested-us.patch
9160	silo-backoff-trigger-gating-variant.patch
17317	cicada-adaptive-counterfactual.patch
19464	cicada-adaptive-dynamic.patch
73046	README.md
86001	ss2pl-lock-protocol-study.patch
# .patch n=34 sum=209398 mean=6158.76
# 2026-09-22 10:05:34 JST (ls -l patches/ in wave worktree at 8fd2a2f5c)
