start 2026-09-30 12:41:10 JST
tip=dbac49b6dc2d2ab9211b1ec0a41e44fa21245f43 line.bundle sha256=6e578792c5e72687394d43554b592b98b4202c04397cf407809b07c025ad1be1 old synth.bundle sha256=b2fbe2138d932d7170ad04f1ad6f483a4ce020ee66b93dc4f5784569733839fd
warning: remote HEAD refers to nonexistent ref, unable to checkout.

P1=d078f0f05b7fc4b668d65f4a5d37f7f5af2e693c parents: d078f0f05b7fc4b668d65f4a5d37f7f5af2e693c 68106660686232781bca3be792a750d3e19d7a8a
P3=7e07ed13cb34d8933b75199ad8af55a150e2a9a3 parents: 7e07ed13cb34d8933b75199ad8af55a150e2a9a3 d078f0f05b7fc4b668d65f4a5d37f7f5af2e693c
P3 tree = tip tree = 8fa00fea9c9465b79868293a68b8341c4f02a766
diff-tree P1..P3 (raw):
:100644 100644 e393efbfd5fad7bbe05117b43669ccc0f44abb6a cc1c72877f3b45de6a66512bf85233f4276f3f7b M	cc/mocc/transaction.cc
:100644 100644 13df50054c1517c450825e8c95fe970316210df7 005aaf3616410c652acda6afb9de53bdc21ad621 M	cc/silo/transaction.cc
:100644 100644 5cd9c7f729d3dafdd59e87a87b70e2c72b5dd6a1 24e7d13288cf7df1e86a87aac0bd44ab9112eb9c M	include/tpcc.hh
:100644 100644 570e35e308e1104d53d43ea5556f54b3fb86922a 1b8e013ca06d9dd5f58b29434c5f809250ae2254 M	include/trace.hh
diff-tree PIN..F (raw, for comparison):
:100644 100644 e393efbfd5fad7bbe05117b43669ccc0f44abb6a cc1c72877f3b45de6a66512bf85233f4276f3f7b M	cc/mocc/transaction.cc
:100644 100644 054a7e5f16bc63937334b42706161bf30175dbb3 8808b55c42821df95c5240fa87a032d080a20454 M	cc/silo/transaction.cc
:100644 100644 5cd9c7f729d3dafdd59e87a87b70e2c72b5dd6a1 24e7d13288cf7df1e86a87aac0bd44ab9112eb9c M	include/tpcc.hh
:100644 100644 570e35e308e1104d53d43ea5556f54b3fb86922a 1b8e013ca06d9dd5f58b29434c5f809250ae2254 M	include/trace.hh
/work/1/SFC/tanab/tmp/silo-intra-txn-fix-line-2026-09-30/wave/synth2.bundle is okay
The bundle contains these 2 refs:
7e07ed13cb34d8933b75199ad8af55a150e2a9a3 refs/heads/synth-p3
dbac49b6dc2d2ab9211b1ec0a41e44fa21245f43 refs/heads/line-tip
The bundle records a complete history.
7e07ed13cb34d8933b75199ad8af55a150e2a9a3 refs/heads/synth-p3
dbac49b6dc2d2ab9211b1ec0a41e44fa21245f43 refs/heads/line-tip
bundle bytes: 3226170 sha256: 8fde6845271e15314458ca99c11bb50b9c77f92e34d9c0f91d8db1d630620a62
end 2026-09-30 12:41:16 JST
