start 2026-09-30 12:07:19 JST
P1=d078f0f05b7fc4b668d65f4a5d37f7f5af2e693c synth.bundle sha256=b2fbe2138d932d7170ad04f1ad6f483a4ce020ee66b93dc4f5784569733839fd
warning: remote HEAD refers to nonexistent ref, unable to checkout.

CAND vs TIP diff:
669c669
< #line 635
---
> #line 638
701c701
< #line 658
---
> #line 661
731c731
< #line 679
---
> #line 682
755c755
< #line 700
---
> #line 703
7347c189f6493ffab7bfe9abe2cbad07f0ae8e49117297a9f47398078d16762a  /work/1/SFC/tanab/tmp/silo-intra-txn-fix-line-2026-09-30/wave/probe/predict/P1.cc
481628c119ffab56da68dde2d1558d7f5ae165b47556e3733eb1db6da77b4ec0  /work/1/SFC/tanab/tmp/silo-intra-txn-fix-line-2026-09-30/wave/probe/predict/TIP.cc
80d76560f9086c6439ce60c774125cf3ffe5373cbae48af0b1687c858900740e  /work/1/SFC/tanab/tmp/silo-intra-txn-fix-line-2026-09-30/wave/probe/predict/CAND.cc
P1 cpp rc=0 ERR lines: IZ_ERR_AT(106) IZ_ERR_AT(693)
TIP cpp rc=0 ERR lines: IZ_ERR_AT(106) IZ_ERR_AT(690)
CAND cpp rc=0 ERR lines: IZ_ERR_AT(106) IZ_ERR_AT(693)
P1 vs TIP (-P) rc=1 lines=4
P1 vs CAND (-P) rc=0 lines=0
P1 vs CAND (line markers kept) rc=1 lines=32
P1 vs TIP (line markers kept) rc=1 lines=44
--- P1-TIP.diff
314c314
<         IZ_ERR_AT(693);
---
>         IZ_ERR_AT(690);
--- P1-CAND.diff
--- P1-CAND.m.diff (head 40)
322,324c322
<
<
<
---
> # 365 "F.cc"
338,340c336
<
<
<
---
> # 381 "F.cc"
496c492,498
< # 644 "F.cc"
---
> # 638 "F.cc"
>
>
>
>
>
>
528,534c530
<
<
<
<
<
<
<
---
> # 703 "F.cc"
end 2026-09-30 12:07:22 JST
