USER         PID    PPID PSR %CPU %MEM STAT                  STARTED     TIME COMMAND
root     1123586       1  43  1.0  0.0 Ss   Sun Jul 19 00:53:43 2026 00:00:00 /lib/systemd/systemd-timedated
root        1159       2  24  0.6  0.0 SN   Mon Jun 29 15:39:26 2026 02:51:27 [kipmi0]
root        2191       1  26  0.4  0.0 Ss   Mon Jun 29 15:39:27 2026 02:04:12 /opt/nec/nqsv/sbin/nqs_shpd -h nqsv -n 30
root           1       0  42  0.0  0.0 Ss   Mon Jun 29 15:38:58 2026 00:02:27 /sbin/init
root           2       0  32  0.0  0.0 S    Mon Jun 29 15:38:58 2026 00:00:01 [kthreadd]
root           3       2   0  0.0  0.0 I<   Mon Jun 29 15:38:58 2026 00:00:00 [rcu_gp]
root           4       2   0  0.0  0.0 I<   Mon Jun 29 15:38:58 2026 00:00:00 [rcu_par_gp]
root           5       2   0  0.0  0.0 I<   Mon Jun 29 15:38:58 2026 00:00:00 [slub_flushwq]
root           6       2   0  0.0  0.0 I<   Mon Jun 29 15:38:58 2026 00:00:00 [netns]
root           8       2   0  0.0  0.0 I<   Mon Jun 29 15:38:58 2026 00:00:00 [kworker/0:0H-events_highpri]
root          10       2   0  0.0  0.0 I<   Mon Jun 29 15:38:58 2026 00:00:00 [mm_percpu_wq]
root          11       2   0  0.0  0.0 S    Mon Jun 29 15:38:58 2026 00:00:00 [rcu_tasks_rude_]
root          12       2   0  0.0  0.0 S    Mon Jun 29 15:38:58 2026 00:00:00 [rcu_tasks_trace]
root          13       2   0  0.0  0.0 S    Mon Jun 29 15:38:58 2026 00:00:20 [ksoftirqd/0]
root          14       2  44  0.0  0.0 I    Mon Jun 29 15:38:58 2026 00:03:12 [rcu_sched]
root          15       2   0  0.0  0.0 S    Mon Jun 29 15:38:58 2026 00:00:00 [migration/0]
root          16       2   0  0.0  0.0 S    Mon Jun 29 15:38:58 2026 00:00:00 [idle_inject/0]
root          18       2   0  0.0  0.0 S    Mon Jun 29 15:38:58 2026 00:00:00 [cpuhp/0]
root          19       2   1  0.0  0.0 S    Mon Jun 29 15:38:58 2026 00:00:00 [cpuhp/1]
root          20       2   1  0.0  0.0 S    Mon Jun 29 15:38:58 2026 00:00:00 [idle_inject/1]
root          21       2   1  0.0  0.0 S    Mon Jun 29 15:38:58 2026 00:00:01 [migration/1]
root          22       2   1  0.0  0.0 S    Mon Jun 29 15:38:58 2026 00:00:13 [ksoftirqd/1]
root          24       2   1  0.0  0.0 I<   Mon Jun 29 15:38:58 2026 00:00:00 [kworker/1:0H-kblockd]
root          25       2   2  0.0  0.0 S    Mon Jun 29 15:38:59 2026 00:00:00 [cpuhp/2]
root          26       2   2  0.0  0.0 S    Mon Jun 29 15:38:59 2026 00:00:00 [idle_inject/2]
root          27       2   2  0.0  0.0 S    Mon Jun 29 15:38:59 2026 00:00:01 [migration/2]
root          28       2   2  0.0  0.0 S    Mon Jun 29 15:38:59 2026 00:00:07 [ksoftirqd/2]
root          30       2   2  0.0  0.0 I<   Mon Jun 29 15:38:59 2026 00:00:00 [kworker/2:0H-events_highpri]
root          31       2   3  0.0  0.0 S    Mon Jun 29 15:38:59 2026 00:00:00 [cpuhp/3]
root          32       2   3  0.0  0.0 S    Mon Jun 29 15:38:59 2026 00:00:00 [idle_inject/3]
root          33       2   3  0.0  0.0 S    Mon Jun 29 15:38:59 2026 00:00:01 [migration/3]
root          34       2   3  0.0  0.0 S    Mon Jun 29 15:38:59 2026 00:00:07 [ksoftirqd/3]
root          36       2   3  0.0  0.0 I<   Mon Jun 29 15:38:59 2026 00:00:00 [kworker/3:0H-kblockd]
root          37       2   4  0.0  0.0 S    Mon Jun 29 15:38:59 2026 00:00:00 [cpuhp/4]
root          38       2   4  0.0  0.0 S    Mon Jun 29 15:38:59 2026 00:00:00 [idle_inject/4]
root          39       2   4  0.0  0.0 S    Mon Jun 29 15:38:59 2026 00:00:01 [migration/4]
root          40       2   4  0.0  0.0 S    Mon Jun 29 15:38:59 2026 00:00:06 [ksoftirqd/4]
root          42       2   4  0.0  0.0 I<   Mon Jun 29 15:38:59 2026 00:00:00 [kworker/4:0H-events_highpri]
root          43       2   5  0.0  0.0 S    Mon Jun 29 15:38:59 2026 00:00:00 [cpuhp/5]
root          44       2   5  0.0  0.0 S    Mon Jun 29 15:38:59 2026 00:00:00 [idle_inject/5]
root          45       2   5  0.0  0.0 S    Mon Jun 29 15:38:59 2026 00:00:01 [migration/5]
root          46       2   5  0.0  0.0 S    Mon Jun 29 15:38:59 2026 00:00:06 [ksoftirqd/5]
root          48       2   5  0.0  0.0 I<   Mon Jun 29 15:38:59 2026 00:00:00 [kworker/5:0H-kblockd]
root          49       2   6  0.0  0.0 S    Mon Jun 29 15:38:59 2026 00:00:00 [cpuhp/6]
root          50       2   6  0.0  0.0 S    Mon Jun 29 15:38:59 2026 00:00:00 [idle_inject/6]
root          51       2   6  0.0  0.0 S    Mon Jun 29 15:38:59 2026 00:00:01 [migration/6]
root          52       2   6  0.0  0.0 S    Mon Jun 29 15:38:59 2026 00:00:07 [ksoftirqd/6]
root          54       2   6  0.0  0.0 I<   Mon Jun 29 15:38:59 2026 00:00:00 [kworker/6:0H-events_highpri]
root          55       2   7  0.0  0.0 S    Mon Jun 29 15:38:59 2026 00:00:00 [cpuhp/7]
root          56       2   7  0.0  0.0 S    Mon Jun 29 15:38:59 2026 00:00:00 [idle_inject/7]
root          57       2   7  0.0  0.0 S    Mon Jun 29 15:38:59 2026 00:00:01 [migration/7]
root          58       2   7  0.0  0.0 S    Mon Jun 29 15:38:59 2026 00:00:10 [ksoftirqd/7]
root          60       2   7  0.0  0.0 I<   Mon Jun 29 15:38:59 2026 00:00:00 [kworker/7:0H-events_highpri]
root          61       2   8  0.0  0.0 S    Mon Jun 29 15:38:59 2026 00:00:00 [cpuhp/8]
root          62       2   8  0.0  0.0 S    Mon Jun 29 15:38:59 2026 00:00:00 [idle_inject/8]
root          63       2   8  0.0  0.0 S    Mon Jun 29 15:38:59 2026 00:00:02 [migration/8]
root          64       2   8  0.0  0.0 S    Mon Jun 29 15:38:59 2026 00:00:06 [ksoftirqd/8]
root          66       2   8  0.0  0.0 I<   Mon Jun 29 15:38:59 2026 00:00:00 [kworker/8:0H-events_highpri]
root          67       2   9  0.0  0.0 S    Mon Jun 29 15:38:59 2026 00:00:00 [cpuhp/9]
root          68       2   9  0.0  0.0 S    Mon Jun 29 15:38:59 2026 00:00:00 [idle_inject/9]
root          69       2   9  0.0  0.0 S    Mon Jun 29 15:38:59 2026 00:00:02 [migration/9]
root          70       2   9  0.0  0.0 S    Mon Jun 29 15:38:59 2026 00:00:11 [ksoftirqd/9]
root          72       2   9  0.0  0.0 I<   Mon Jun 29 15:38:59 2026 00:00:00 [kworker/9:0H-events_highpri]
root          73       2  10  0.0  0.0 S    Mon Jun 29 15:38:59 2026 00:00:00 [cpuhp/10]
root          74       2  10  0.0  0.0 S    Mon Jun 29 15:38:59 2026 00:00:00 [idle_inject/10]
root          75       2  10  0.0  0.0 S    Mon Jun 29 15:38:59 2026 00:00:02 [migration/10]
root          76       2  10  0.0  0.0 S    Mon Jun 29 15:38:59 2026 00:00:04 [ksoftirqd/10]
root          78       2  10  0.0  0.0 I<   Mon Jun 29 15:38:59 2026 00:00:00 [kworker/10:0H-events_highpri]
root          79       2  11  0.0  0.0 S    Mon Jun 29 15:38:59 2026 00:00:00 [cpuhp/11]
root          80       2  11  0.0  0.0 S    Mon Jun 29 15:38:59 2026 00:00:00 [idle_inject/11]
root          81       2  11  0.0  0.0 S    Mon Jun 29 15:38:59 2026 00:00:02 [migration/11]
root          82       2  11  0.0  0.0 S    Mon Jun 29 15:38:59 2026 00:00:13 [ksoftirqd/11]
root          84       2  11  0.0  0.0 I<   Mon Jun 29 15:38:59 2026 00:00:00 [kworker/11:0H-events_highpri]
root          85       2  12  0.0  0.0 S    Mon Jun 29 15:38:59 2026 00:00:00 [cpuhp/12]
root          86       2  12  0.0  0.0 S    Mon Jun 29 15:38:59 2026 00:00:00 [idle_inject/12]
root          87       2  12  0.0  0.0 S    Mon Jun 29 15:38:59 2026 00:00:02 [migration/12]
root          88       2  12  0.0  0.0 S    Mon Jun 29 15:38:59 2026 00:00:05 [ksoftirqd/12]
root          90       2  12  0.0  0.0 I<   Mon Jun 29 15:38:59 2026 00:00:00 [kworker/12:0H-xfs-log/nvme0n1p4]
root          91       2  13  0.0  0.0 S    Mon Jun 29 15:38:59 2026 00:00:00 [cpuhp/13]
root          92       2  13  0.0  0.0 S    Mon Jun 29 15:38:59 2026 00:00:00 [idle_inject/13]
root          93       2  13  0.0  0.0 S    Mon Jun 29 15:38:59 2026 00:00:02 [migration/13]
root          94       2  13  0.0  0.0 S    Mon Jun 29 15:38:59 2026 00:00:12 [ksoftirqd/13]
root          96       2  13  0.0  0.0 I<   Mon Jun 29 15:38:59 2026 00:00:00 [kworker/13:0H-events_highpri]
root          97       2  14  0.0  0.0 S    Mon Jun 29 15:38:59 2026 00:00:00 [cpuhp/14]
root          98       2  14  0.0  0.0 S    Mon Jun 29 15:38:59 2026 00:00:00 [idle_inject/14]
root          99       2  14  0.0  0.0 S    Mon Jun 29 15:38:59 2026 00:00:02 [migration/14]
root         100       2  14  0.0  0.0 S    Mon Jun 29 15:38:59 2026 00:00:08 [ksoftirqd/14]
root         102       2  14  0.0  0.0 I<   Mon Jun 29 15:38:59 2026 00:00:00 [kworker/14:0H-events_highpri]
root         103       2  15  0.0  0.0 S    Mon Jun 29 15:38:59 2026 00:00:00 [cpuhp/15]
root         104       2  15  0.0  0.0 S    Mon Jun 29 15:38:59 2026 00:00:00 [idle_inject/15]
root         105       2  15  0.0  0.0 S    Mon Jun 29 15:38:59 2026 00:00:02 [migration/15]
root         106       2  15  0.0  0.0 S    Mon Jun 29 15:38:59 2026 00:00:08 [ksoftirqd/15]
root         108       2  15  0.0  0.0 I<   Mon Jun 29 15:38:59 2026 00:00:00 [kworker/15:0H-events_highpri]
root         109       2  16  0.0  0.0 S    Mon Jun 29 15:38:59 2026 00:00:00 [cpuhp/16]
root         110       2  16  0.0  0.0 S    Mon Jun 29 15:38:59 2026 00:00:00 [idle_inject/16]
root         111       2  16  0.0  0.0 S    Mon Jun 29 15:38:59 2026 00:00:02 [migration/16]
root         112       2  16  0.0  0.0 S    Mon Jun 29 15:38:59 2026 00:00:05 [ksoftirqd/16]
root         114       2  16  0.0  0.0 I<   Mon Jun 29 15:38:59 2026 00:00:00 [kworker/16:0H-events_highpri]
root         115       2  17  0.0  0.0 S    Mon Jun 29 15:38:59 2026 00:00:00 [cpuhp/17]
root         116       2  17  0.0  0.0 S    Mon Jun 29 15:38:59 2026 00:00:00 [idle_inject/17]
root         117       2  17  0.0  0.0 S    Mon Jun 29 15:38:59 2026 00:00:02 [migration/17]
root         118       2  17  0.0  0.0 S    Mon Jun 29 15:38:59 2026 00:00:06 [ksoftirqd/17]
root         120       2  17  0.0  0.0 I<   Mon Jun 29 15:38:59 2026 00:00:00 [kworker/17:0H-events_highpri]
root         121       2  18  0.0  0.0 S    Mon Jun 29 15:39:00 2026 00:00:00 [cpuhp/18]
root         122       2  18  0.0  0.0 S    Mon Jun 29 15:39:00 2026 00:00:00 [idle_inject/18]
root         123       2  18  0.0  0.0 S    Mon Jun 29 15:39:00 2026 00:00:02 [migration/18]
root         124       2  18  0.0  0.0 S    Mon Jun 29 15:39:00 2026 00:00:06 [ksoftirqd/18]
root         126       2  18  0.0  0.0 I<   Mon Jun 29 15:39:00 2026 00:00:00 [kworker/18:0H-events_highpri]
root         127       2  19  0.0  0.0 S    Mon Jun 29 15:39:00 2026 00:00:00 [cpuhp/19]
root         128       2  19  0.0  0.0 S    Mon Jun 29 15:39:00 2026 00:00:00 [idle_inject/19]
root         129       2  19  0.0  0.0 S    Mon Jun 29 15:39:00 2026 00:00:02 [migration/19]
root         130       2  19  0.0  0.0 S    Mon Jun 29 15:39:00 2026 00:00:10 [ksoftirqd/19]
root         132       2  19  0.0  0.0 I<   Mon Jun 29 15:39:00 2026 00:00:00 [kworker/19:0H-events_highpri]
root         133       2  20  0.0  0.0 S    Mon Jun 29 15:39:00 2026 00:00:00 [cpuhp/20]
root         134       2  20  0.0  0.0 S    Mon Jun 29 15:39:00 2026 00:00:00 [idle_inject/20]
root         135       2  20  0.0  0.0 S    Mon Jun 29 15:39:00 2026 00:00:02 [migration/20]
root         136       2  20  0.0  0.0 S    Mon Jun 29 15:39:00 2026 00:00:09 [ksoftirqd/20]
root         138       2  20  0.0  0.0 I<   Mon Jun 29 15:39:00 2026 00:00:00 [kworker/20:0H-events_highpri]
root         139       2  21  0.0  0.0 S    Mon Jun 29 15:39:00 2026 00:00:00 [cpuhp/21]
root         140       2  21  0.0  0.0 S    Mon Jun 29 15:39:00 2026 00:00:00 [idle_inject/21]
root         141       2  21  0.0  0.0 S    Mon Jun 29 15:39:00 2026 00:00:02 [migration/21]
root         142       2  21  0.0  0.0 S    Mon Jun 29 15:39:00 2026 00:00:13 [ksoftirqd/21]
root         144       2  21  0.0  0.0 I<   Mon Jun 29 15:39:00 2026 00:00:00 [kworker/21:0H-events_highpri]
root         145       2  22  0.0  0.0 S    Mon Jun 29 15:39:00 2026 00:00:00 [cpuhp/22]
root         146       2  22  0.0  0.0 S    Mon Jun 29 15:39:00 2026 00:00:00 [idle_inject/22]
root         147       2  22  0.0  0.0 S    Mon Jun 29 15:39:00 2026 00:00:02 [migration/22]
root         148       2  22  0.0  0.0 S    Mon Jun 29 15:39:00 2026 00:00:07 [ksoftirqd/22]
root         150       2  22  0.0  0.0 I<   Mon Jun 29 15:39:00 2026 00:00:00 [kworker/22:0H-events_highpri]
root         151       2  23  0.0  0.0 S    Mon Jun 29 15:39:00 2026 00:00:00 [cpuhp/23]
root         152       2  23  0.0  0.0 S    Mon Jun 29 15:39:00 2026 00:00:00 [idle_inject/23]
root         153       2  23  0.0  0.0 S    Mon Jun 29 15:39:00 2026 00:00:03 [migration/23]
root         154       2  23  0.0  0.0 S    Mon Jun 29 15:39:00 2026 00:00:06 [ksoftirqd/23]
root         156       2  23  0.0  0.0 I<   Mon Jun 29 15:39:00 2026 00:00:00 [kworker/23:0H-events_highpri]
root         157       2  24  0.0  0.0 S    Mon Jun 29 15:39:00 2026 00:00:00 [cpuhp/24]
root         158       2  24  0.0  0.0 S    Mon Jun 29 15:39:00 2026 00:00:00 [idle_inject/24]
root         159       2  24  0.0  0.0 S    Mon Jun 29 15:39:00 2026 00:00:03 [migration/24]
root         160       2  24  0.0  0.0 S    Mon Jun 29 15:39:00 2026 00:00:05 [ksoftirqd/24]
root         162       2  24  0.0  0.0 I<   Mon Jun 29 15:39:00 2026 00:00:00 [kworker/24:0H-events_highpri]
root         163       2  25  0.0  0.0 S    Mon Jun 29 15:39:00 2026 00:00:00 [cpuhp/25]
root         164       2  25  0.0  0.0 S    Mon Jun 29 15:39:00 2026 00:00:00 [idle_inject/25]
root         165       2  25  0.0  0.0 S    Mon Jun 29 15:39:00 2026 00:00:03 [migration/25]
root         166       2  25  0.0  0.0 S    Mon Jun 29 15:39:00 2026 00:00:08 [ksoftirqd/25]
root         168       2  25  0.0  0.0 I<   Mon Jun 29 15:39:00 2026 00:00:00 [kworker/25:0H-events_highpri]
root         169       2  26  0.0  0.0 S    Mon Jun 29 15:39:00 2026 00:00:00 [cpuhp/26]
root         170       2  26  0.0  0.0 S    Mon Jun 29 15:39:00 2026 00:00:00 [idle_inject/26]
root         171       2  26  0.0  0.0 S    Mon Jun 29 15:39:00 2026 00:00:03 [migration/26]
root         172       2  26  0.0  0.0 S    Mon Jun 29 15:39:00 2026 00:00:05 [ksoftirqd/26]
root         174       2  26  0.0  0.0 I<   Mon Jun 29 15:39:00 2026 00:00:00 [kworker/26:0H-events_highpri]
root         175       2  27  0.0  0.0 S    Mon Jun 29 15:39:00 2026 00:00:00 [cpuhp/27]
root         176       2  27  0.0  0.0 S    Mon Jun 29 15:39:00 2026 00:00:00 [idle_inject/27]
root         177       2  27  0.0  0.0 S    Mon Jun 29 15:39:00 2026 00:00:03 [migration/27]
root         178       2  27  0.0  0.0 S    Mon Jun 29 15:39:00 2026 00:00:03 [ksoftirqd/27]
root         180       2  27  0.0  0.0 I<   Mon Jun 29 15:39:00 2026 00:00:00 [kworker/27:0H-xfs-log/nvme0n1p4]
root         181       2  28  0.0  0.0 S    Mon Jun 29 15:39:00 2026 00:00:00 [cpuhp/28]
root         182       2  28  0.0  0.0 S    Mon Jun 29 15:39:00 2026 00:00:00 [idle_inject/28]
root         183       2  28  0.0  0.0 S    Mon Jun 29 15:39:00 2026 00:00:03 [migration/28]
root         184       2  28  0.0  0.0 S    Mon Jun 29 15:39:00 2026 00:00:06 [ksoftirqd/28]
root         186       2  28  0.0  0.0 I<   Mon Jun 29 15:39:00 2026 00:00:00 [kworker/28:0H-events_highpri]
root         187       2  29  0.0  0.0 S    Mon Jun 29 15:39:00 2026 00:00:00 [cpuhp/29]
root         188       2  29  0.0  0.0 S    Mon Jun 29 15:39:00 2026 00:00:00 [idle_inject/29]
root         189       2  29  0.0  0.0 S    Mon Jun 29 15:39:00 2026 00:00:03 [migration/29]
root         190       2  29  0.0  0.0 S    Mon Jun 29 15:39:00 2026 00:00:05 [ksoftirqd/29]
root         192       2  29  0.0  0.0 I<   Mon Jun 29 15:39:00 2026 00:00:00 [kworker/29:0H-kblockd]
root         193       2  30  0.0  0.0 S    Mon Jun 29 15:39:00 2026 00:00:00 [cpuhp/30]
root         194       2  30  0.0  0.0 S    Mon Jun 29 15:39:00 2026 00:00:00 [idle_inject/30]
root         195       2  30  0.0  0.0 S    Mon Jun 29 15:39:00 2026 00:00:03 [migration/30]
root         196       2  30  0.0  0.0 S    Mon Jun 29 15:39:00 2026 00:00:06 [ksoftirqd/30]
root         198       2  30  0.0  0.0 I<   Mon Jun 29 15:39:00 2026 00:00:00 [kworker/30:0H-events_highpri]
root         199       2  31  0.0  0.0 S    Mon Jun 29 15:39:00 2026 00:00:00 [cpuhp/31]
root         200       2  31  0.0  0.0 S    Mon Jun 29 15:39:00 2026 00:00:00 [idle_inject/31]
root         201       2  31  0.0  0.0 S    Mon Jun 29 15:39:00 2026 00:00:00 [migration/31]
root         202       2  31  0.0  0.0 S    Mon Jun 29 15:39:00 2026 00:00:05 [ksoftirqd/31]
root         204       2  31  0.0  0.0 I<   Mon Jun 29 15:39:00 2026 00:00:00 [kworker/31:0H-events_highpri]
root         206       2  32  0.0  0.0 S    Mon Jun 29 15:39:00 2026 00:00:00 [cpuhp/32]
root         207       2  32  0.0  0.0 S    Mon Jun 29 15:39:00 2026 00:00:00 [idle_inject/32]
root         208       2  32  0.0  0.0 S    Mon Jun 29 15:39:00 2026 00:00:00 [migration/32]
root         209       2  32  0.0  0.0 S    Mon Jun 29 15:39:00 2026 00:00:17 [ksoftirqd/32]
root         211       2  32  0.0  0.0 I<   Mon Jun 29 15:39:00 2026 00:00:00 [kworker/32:0H-events_highpri]
root         212       2  33  0.0  0.0 S    Mon Jun 29 15:39:01 2026 00:00:00 [cpuhp/33]
root         213       2  33  0.0  0.0 S    Mon Jun 29 15:39:01 2026 00:00:00 [idle_inject/33]
root         214       2  33  0.0  0.0 S    Mon Jun 29 15:39:01 2026 00:00:00 [migration/33]
root         215       2  33  0.0  0.0 S    Mon Jun 29 15:39:01 2026 00:00:04 [ksoftirqd/33]
root         217       2  33  0.0  0.0 I<   Mon Jun 29 15:39:01 2026 00:00:00 [kworker/33:0H-events_highpri]
root         218       2  34  0.0  0.0 S    Mon Jun 29 15:39:01 2026 00:00:00 [cpuhp/34]
root         219       2  34  0.0  0.0 S    Mon Jun 29 15:39:01 2026 00:00:00 [idle_inject/34]
root         220       2  34  0.0  0.0 S    Mon Jun 29 15:39:01 2026 00:00:00 [migration/34]
root         221       2  34  0.0  0.0 S    Mon Jun 29 15:39:01 2026 00:00:09 [ksoftirqd/34]
root         223       2  34  0.0  0.0 I<   Mon Jun 29 15:39:01 2026 00:00:00 [kworker/34:0H-events_highpri]
root         224       2  35  0.0  0.0 S    Mon Jun 29 15:39:01 2026 00:00:00 [cpuhp/35]
root         225       2  35  0.0  0.0 S    Mon Jun 29 15:39:01 2026 00:00:00 [idle_inject/35]
root         226       2  35  0.0  0.0 S    Mon Jun 29 15:39:01 2026 00:00:00 [migration/35]
root         227       2  35  0.0  0.0 S    Mon Jun 29 15:39:01 2026 00:00:07 [ksoftirqd/35]
root         229       2  35  0.0  0.0 I<   Mon Jun 29 15:39:01 2026 00:00:00 [kworker/35:0H-kblockd]
root         230       2  36  0.0  0.0 S    Mon Jun 29 15:39:01 2026 00:00:00 [cpuhp/36]
root         231       2  36  0.0  0.0 S    Mon Jun 29 15:39:01 2026 00:00:00 [idle_inject/36]
root         232       2  36  0.0  0.0 S    Mon Jun 29 15:39:01 2026 00:00:00 [migration/36]
root         233       2  36  0.0  0.0 S    Mon Jun 29 15:39:01 2026 00:00:05 [ksoftirqd/36]
root         235       2  36  0.0  0.0 I<   Mon Jun 29 15:39:01 2026 00:00:00 [kworker/36:0H-events_highpri]
root         236       2  37  0.0  0.0 S    Mon Jun 29 15:39:01 2026 00:00:00 [cpuhp/37]
root         237       2  37  0.0  0.0 S    Mon Jun 29 15:39:01 2026 00:00:00 [idle_inject/37]
root         238       2  37  0.0  0.0 S    Mon Jun 29 15:39:01 2026 00:00:00 [migration/37]
root         239       2  37  0.0  0.0 S    Mon Jun 29 15:39:01 2026 00:00:05 [ksoftirqd/37]
root         241       2  37  0.0  0.0 I<   Mon Jun 29 15:39:01 2026 00:00:00 [kworker/37:0H-events_highpri]
root         242       2  38  0.0  0.0 S    Mon Jun 29 15:39:01 2026 00:00:00 [cpuhp/38]
root         243       2  38  0.0  0.0 S    Mon Jun 29 15:39:01 2026 00:00:00 [idle_inject/38]
root         244       2  38  0.0  0.0 S    Mon Jun 29 15:39:01 2026 00:00:01 [migration/38]
root         245       2  38  0.0  0.0 S    Mon Jun 29 15:39:01 2026 00:00:08 [ksoftirqd/38]
root         247       2  38  0.0  0.0 I<   Mon Jun 29 15:39:01 2026 00:00:00 [kworker/38:0H-events_highpri]
root         248       2  39  0.0  0.0 S    Mon Jun 29 15:39:01 2026 00:00:00 [cpuhp/39]
root         249       2  39  0.0  0.0 S    Mon Jun 29 15:39:01 2026 00:00:00 [idle_inject/39]
root         250       2  39  0.0  0.0 S    Mon Jun 29 15:39:01 2026 00:00:01 [migration/39]
root         251       2  39  0.0  0.0 S    Mon Jun 29 15:39:01 2026 00:00:09 [ksoftirqd/39]
root         253       2  39  0.0  0.0 I<   Mon Jun 29 15:39:01 2026 00:00:00 [kworker/39:0H-events_highpri]
root         254       2  40  0.0  0.0 S    Mon Jun 29 15:39:01 2026 00:00:00 [cpuhp/40]
root         255       2  40  0.0  0.0 S    Mon Jun 29 15:39:01 2026 00:00:00 [idle_inject/40]
root         256       2  40  0.0  0.0 S    Mon Jun 29 15:39:01 2026 00:00:01 [migration/40]
root         257       2  40  0.0  0.0 S    Mon Jun 29 15:39:01 2026 00:00:03 [ksoftirqd/40]
root         259       2  40  0.0  0.0 I<   Mon Jun 29 15:39:01 2026 00:00:00 [kworker/40:0H-events_highpri]
root         260       2  41  0.0  0.0 S    Mon Jun 29 15:39:01 2026 00:00:00 [cpuhp/41]
root         261       2  41  0.0  0.0 S    Mon Jun 29 15:39:01 2026 00:00:00 [idle_inject/41]
root         262       2  41  0.0  0.0 S    Mon Jun 29 15:39:01 2026 00:00:01 [migration/41]
root         263       2  41  0.0  0.0 S    Mon Jun 29 15:39:01 2026 00:00:06 [ksoftirqd/41]
root         265       2  41  0.0  0.0 I<   Mon Jun 29 15:39:01 2026 00:00:00 [kworker/41:0H-events_highpri]
root         266       2  42  0.0  0.0 S    Mon Jun 29 15:39:01 2026 00:00:00 [cpuhp/42]
root         267       2  42  0.0  0.0 S    Mon Jun 29 15:39:01 2026 00:00:00 [idle_inject/42]
root         268       2  42  0.0  0.0 S    Mon Jun 29 15:39:01 2026 00:00:01 [migration/42]
root         269       2  42  0.0  0.0 S    Mon Jun 29 15:39:01 2026 00:00:03 [ksoftirqd/42]
root         271       2  42  0.0  0.0 I<   Mon Jun 29 15:39:01 2026 00:00:00 [kworker/42:0H-events_highpri]
root         272       2  43  0.0  0.0 S    Mon Jun 29 15:39:01 2026 00:00:00 [cpuhp/43]
root         273       2  43  0.0  0.0 S    Mon Jun 29 15:39:01 2026 00:00:00 [idle_inject/43]
root         274       2  43  0.0  0.0 S    Mon Jun 29 15:39:01 2026 00:00:01 [migration/43]
root         275       2  43  0.0  0.0 S    Mon Jun 29 15:39:01 2026 00:00:07 [ksoftirqd/43]
root         277       2  43  0.0  0.0 I<   Mon Jun 29 15:39:01 2026 00:00:00 [kworker/43:0H-kblockd]
root         278       2  44  0.0  0.0 S    Mon Jun 29 15:39:01 2026 00:00:00 [cpuhp/44]
root         279       2  44  0.0  0.0 S    Mon Jun 29 15:39:01 2026 00:00:00 [idle_inject/44]
root         280       2  44  0.0  0.0 S    Mon Jun 29 15:39:01 2026 00:00:01 [migration/44]
root         281       2  44  0.0  0.0 S    Mon Jun 29 15:39:01 2026 00:00:09 [ksoftirqd/44]
root         283       2  44  0.0  0.0 I<   Mon Jun 29 15:39:01 2026 00:00:00 [kworker/44:0H-events_highpri]
root         285       2  45  0.0  0.0 S    Mon Jun 29 15:39:01 2026 00:00:00 [cpuhp/45]
root         286       2  45  0.0  0.0 S    Mon Jun 29 15:39:01 2026 00:00:00 [idle_inject/45]
root         287       2  45  0.0  0.0 S    Mon Jun 29 15:39:01 2026 00:00:01 [migration/45]
root         288       2  45  0.0  0.0 S    Mon Jun 29 15:39:01 2026 00:00:07 [ksoftirqd/45]
root         290       2  45  0.0  0.0 I<   Mon Jun 29 15:39:01 2026 00:00:00 [kworker/45:0H-events_highpri]
root         291       2  46  0.0  0.0 S    Mon Jun 29 15:39:01 2026 00:00:00 [cpuhp/46]
root         292       2  46  0.0  0.0 S    Mon Jun 29 15:39:01 2026 00:00:00 [idle_inject/46]
root         293       2  46  0.0  0.0 S    Mon Jun 29 15:39:01 2026 00:00:01 [migration/46]
root         294       2  46  0.0  0.0 S    Mon Jun 29 15:39:01 2026 00:00:14 [ksoftirqd/46]
root         296       2  46  0.0  0.0 I<   Mon Jun 29 15:39:01 2026 00:00:00 [kworker/46:0H-events_highpri]
root         297       2  47  0.0  0.0 S    Mon Jun 29 15:39:01 2026 00:00:00 [cpuhp/47]
root         298       2  47  0.0  0.0 S    Mon Jun 29 15:39:01 2026 00:00:00 [idle_inject/47]
root         299       2  47  0.0  0.0 S    Mon Jun 29 15:39:01 2026 00:00:01 [migration/47]
root         300       2  47  0.0  0.0 S    Mon Jun 29 15:39:01 2026 00:00:06 [ksoftirqd/47]
root         302       2  47  0.0  0.0 I<   Mon Jun 29 15:39:01 2026 00:00:00 [kworker/47:0H-events_highpri]
root         303       2   4  0.0  0.0 S    Mon Jun 29 15:39:01 2026 00:00:00 [kdevtmpfs]
root         304       2   2  0.0  0.0 I<   Mon Jun 29 15:39:01 2026 00:00:00 [inet_frag_wq]
root         305       2  37  0.0  0.0 S    Mon Jun 29 15:39:01 2026 00:00:00 [kauditd]
root         306       2  45  0.0  0.0 S    Mon Jun 29 15:39:01 2026 00:00:02 [khungtaskd]
root         307       2   5  0.0  0.0 S    Mon Jun 29 15:39:01 2026 00:00:00 [oom_reaper]
root         308       2   6  0.0  0.0 I<   Mon Jun 29 15:39:01 2026 00:00:00 [writeback]
root         309       2  42  0.0  0.0 S    Mon Jun 29 15:39:01 2026 00:00:40 [kcompactd0]
root         310       2   8  0.0  0.0 SN   Mon Jun 29 15:39:01 2026 00:00:00 [ksmd]
root         311       2   7  0.0  0.0 SN   Mon Jun 29 15:39:01 2026 00:00:18 [khugepaged]
root         357       2   8  0.0  0.0 I<   Mon Jun 29 15:39:01 2026 00:00:00 [kintegrityd]
root         358       2   9  0.0  0.0 I<   Mon Jun 29 15:39:01 2026 00:00:00 [kblockd]
root         359       2  10  0.0  0.0 I<   Mon Jun 29 15:39:01 2026 00:00:00 [blkcg_punt_bio]
root         407       2   9  0.0  0.0 I<   Mon Jun 29 15:39:03 2026 00:00:00 [tpm_dev_wq]
root         408       2  10  0.0  0.0 I<   Mon Jun 29 15:39:03 2026 00:00:00 [ata_sff]
root         409       2  11  0.0  0.0 I<   Mon Jun 29 15:39:03 2026 00:00:00 [md]
root         410       2  12  0.0  0.0 I<   Mon Jun 29 15:39:03 2026 00:00:00 [edac-poller]
root         411       2  13  0.0  0.0 I<   Mon Jun 29 15:39:03 2026 00:00:00 [devfreq_wq]
root         412       2  14  0.0  0.0 S    Mon Jun 29 15:39:03 2026 00:00:00 [watchdogd]
root         413       2   0  0.0  0.0 I<   Mon Jun 29 15:39:03 2026 00:00:04 [kworker/0:1H-kblockd]
root         415       2  16  0.0  0.0 S    Mon Jun 29 15:39:03 2026 00:00:12 [kswapd0]
root         416       2  16  0.0  0.0 S    Mon Jun 29 15:39:03 2026 00:00:00 [ecryptfs-kthrea]
root         418       2  18  0.0  0.0 I<   Mon Jun 29 15:39:03 2026 00:00:00 [kthrotld]
root         419       2   2  0.0  0.0 S    Mon Jun 29 15:39:03 2026 00:00:00 [irq/34-aerdrv]
root         420       2   3  0.0  0.0 S    Mon Jun 29 15:39:03 2026 00:00:00 [irq/35-aerdrv]
root         421       2   4  0.0  0.0 S    Mon Jun 29 15:39:03 2026 00:00:00 [irq/36-aerdrv]
root         422       2   1  0.0  0.0 S    Mon Jun 29 15:39:03 2026 00:00:00 [irq/37-aerdrv]
root         423       2   5  0.0  0.0 S    Mon Jun 29 15:39:03 2026 00:00:00 [irq/37-pcie-dpc]
root         424       2   6  0.0  0.0 S    Mon Jun 29 15:39:03 2026 00:00:00 [irq/38-aerdrv]
root         425       2   7  0.0  0.0 S    Mon Jun 29 15:39:03 2026 00:00:00 [irq/39-aerdrv]
root         426       2   7  0.0  0.0 S    Mon Jun 29 15:39:03 2026 00:00:00 [irq/39-pciehp]
root         427       2   7  0.0  0.0 S    Mon Jun 29 15:39:03 2026 00:00:00 [irq/39-pcie-dpc]
root         428       2   8  0.0  0.0 S    Mon Jun 29 15:39:03 2026 00:00:00 [irq/40-aerdrv]
root         429       2   8  0.0  0.0 S    Mon Jun 29 15:39:03 2026 00:00:00 [irq/40-pciehp]
root         430       2   8  0.0  0.0 S    Mon Jun 29 15:39:03 2026 00:00:00 [irq/40-pcie-dpc]
root         431       2   9  0.0  0.0 S    Mon Jun 29 15:39:03 2026 00:00:00 [irq/41-aerdrv]
root         432       2   9  0.0  0.0 S    Mon Jun 29 15:39:03 2026 00:00:00 [irq/41-pciehp]
root         433       2   9  0.0  0.0 S    Mon Jun 29 15:39:03 2026 00:00:00 [irq/41-pcie-dpc]
root         434       2  10  0.0  0.0 S    Mon Jun 29 15:39:03 2026 00:00:00 [irq/42-aerdrv]
root         435       2  10  0.0  0.0 S    Mon Jun 29 15:39:03 2026 00:00:00 [irq/42-pciehp]
root         436       2  10  0.0  0.0 S    Mon Jun 29 15:39:03 2026 00:00:00 [irq/42-pcie-dpc]
root         437       2  11  0.0  0.0 S    Mon Jun 29 15:39:03 2026 00:00:00 [irq/43-aerdrv]
root         438       2  12  0.0  0.0 S    Mon Jun 29 15:39:03 2026 00:00:00 [irq/44-aerdrv]
root         439       2  12  0.0  0.0 S    Mon Jun 29 15:39:03 2026 00:00:00 [irq/44-pcie-dpc]
root         440       2  13  0.0  0.0 S    Mon Jun 29 15:39:03 2026 00:00:00 [irq/45-aerdrv]
root         441       2  14  0.0  0.0 S    Mon Jun 29 15:39:03 2026 00:00:00 [irq/46-aerdrv]
root         442       2  15  0.0  0.0 S    Mon Jun 29 15:39:03 2026 00:00:00 [irq/47-aerdrv]
root         443       2  15  0.0  0.0 S    Mon Jun 29 15:39:03 2026 00:00:00 [irq/47-pcie-dpc]
root         444       2  16  0.0  0.0 S    Mon Jun 29 15:39:03 2026 00:00:00 [irq/48-aerdrv]
root         445       2  17  0.0  0.0 S    Mon Jun 29 15:39:03 2026 00:00:00 [irq/49-aerdrv]
root         446       2  18  0.0  0.0 S    Mon Jun 29 15:39:03 2026 00:00:00 [irq/50-aerdrv]
root         447       2  19  0.0  0.0 S    Mon Jun 29 15:39:03 2026 00:00:00 [irq/51-aerdrv]
root         448       2  14  0.0  0.0 I<   Mon Jun 29 15:39:03 2026 00:00:00 [acpi_thermal_pm]
root         450       2  19  0.0  0.0 I<   Mon Jun 29 15:39:03 2026 00:00:00 [vfio-irqfd-clea]
root         451       2  20  0.0  0.0 I<   Mon Jun 29 15:39:03 2026 00:00:00 [mld]
root         452       2  21  0.0  0.0 I<   Mon Jun 29 15:39:03 2026 00:00:00 [ipv6_addrconf]
root         462       2  10  0.0  0.0 I<   Mon Jun 29 15:39:04 2026 00:00:00 [kstrp]
root         465       2  12  0.0  0.0 I<   Mon Jun 29 15:39:04 2026 00:00:00 [zswap-shrink]
root         520       2   0  0.0  0.0 I<   Mon Jun 29 15:39:04 2026 00:00:00 [charger_manager]
root         543       2   8  0.0  0.0 I<   Mon Jun 29 15:39:04 2026 00:00:01 [kworker/8:1H-kblockd]
root         575       2   2  0.0  0.0 I<   Mon Jun 29 15:39:04 2026 00:00:00 [nfit]
root         577       2   7  0.0  0.0 I<   Mon Jun 29 15:39:04 2026 00:00:01 [kworker/7:1H-kblockd]
root         606       2  21  0.0  0.0 I<   Mon Jun 29 15:39:04 2026 00:00:00 [cryptd]
root         622       2  28  0.0  0.0 I<   Mon Jun 29 15:39:04 2026 00:00:00 [nvme-wq]
root         623       2  34  0.0  0.0 I<   Mon Jun 29 15:39:04 2026 00:00:00 [nvme-reset-wq]
root         624       2  40  0.0  0.0 I<   Mon Jun 29 15:39:04 2026 00:00:00 [nvme-delete-wq]
root         635       2  17  0.0  0.0 I<   Mon Jun 29 15:39:04 2026 00:00:01 [kworker/17:1H-kblockd]
root         639       2  15  0.0  0.0 I<   Mon Jun 29 15:39:04 2026 00:00:01 [kworker/15:1H-kblockd]
root         640       2  28  0.0  0.0 I<   Mon Jun 29 15:39:04 2026 00:00:01 [kworker/28:1H-kblockd]
root         642       2  26  0.0  0.0 I<   Mon Jun 29 15:39:04 2026 00:00:00 [kworker/26:1H-kblockd]
root         648       2  11  0.0  0.0 I<   Mon Jun 29 15:39:04 2026 00:00:01 [kworker/11:1H-kblockd]
root         667       2   6  0.0  0.0 I<   Mon Jun 29 15:39:04 2026 00:00:02 [kworker/6:1H-xfs-log/nvme0n1p4]
root         685       2  42  0.0  0.0 S    Mon Jun 29 15:39:04 2026 00:00:00 [scsi_eh_0]
root         686       2  17  0.0  0.0 I<   Mon Jun 29 15:39:04 2026 00:00:00 [scsi_tmf_0]
root         687       2   9  0.0  0.0 S    Mon Jun 29 15:39:04 2026 00:00:00 [scsi_eh_1]
root         688       2   4  0.0  0.0 I<   Mon Jun 29 15:39:04 2026 00:00:00 [scsi_tmf_1]
root         689       2  29  0.0  0.0 S    Mon Jun 29 15:39:04 2026 00:00:00 [scsi_eh_2]
root         690       2   8  0.0  0.0 I<   Mon Jun 29 15:39:04 2026 00:00:00 [scsi_tmf_2]
root         696       2  40  0.0  0.0 S    Mon Jun 29 15:39:05 2026 00:00:26 [ice-ptp-0000:be]
root         697       2  35  0.0  0.0 I<   Mon Jun 29 15:39:05 2026 00:00:03 [kworker/35:1H-xfs-log/nvme0n1p4]
root         699       2  43  0.0  0.0 I<   Mon Jun 29 15:39:05 2026 00:00:01 [kworker/43:1H-kblockd]
root         701       2  35  0.0  0.0 S    Mon Jun 29 15:39:06 2026 00:00:24 [ice-ptp-0000:be]
root         702       2  34  0.0  0.0 I<   Mon Jun 29 15:39:06 2026 00:00:00 [mlx5_cmd_0000:6]
root         703       2  35  0.0  0.0 I<   Mon Jun 29 15:39:06 2026 00:00:00 [mlx5_health0000]
root         704       2  36  0.0  0.0 I<   Mon Jun 29 15:39:06 2026 00:00:00 [mlx5_page_alloc]
root         705       2  31  0.0  0.0 I<   Mon Jun 29 15:39:06 2026 00:00:00 [mlx5_events]
root         706       2  32  0.0  0.0 I<   Mon Jun 29 15:39:06 2026 00:00:00 [mlx5_fw_reset_e]
root         707       2  34  0.0  0.0 I<   Mon Jun 29 15:39:06 2026 00:00:00 [mlx5_vhca_event]
root         708       2  35  0.0  0.0 I<   Mon Jun 29 15:39:06 2026 00:00:00 [mlx5_fc]
root         709       2  36  0.0  0.0 I<   Mon Jun 29 15:39:06 2026 00:00:00 [mlx5_fw_tracer]
root         710       2  37  0.0  0.0 I<   Mon Jun 29 15:39:06 2026 00:00:00 [mlx5_hv_vhca]
root         712       2  40  0.0  0.0 I<   Mon Jun 29 15:39:09 2026 00:00:00 [kworker/40:1H-kblockd]
root         715       2  30  0.0  0.0 I<   Mon Jun 29 15:39:09 2026 00:00:01 [kworker/30:1H-kblockd]
root         717       2  45  0.0  0.0 I<   Mon Jun 29 15:39:09 2026 00:00:01 [kworker/45:1H-kblockd]
root         755       2  34  0.0  0.0 I<   Mon Jun 29 15:39:10 2026 00:00:00 [kworker/34:1H-kblockd]
root         756       2  39  0.0  0.0 I<   Mon Jun 29 15:39:10 2026 00:00:01 [kworker/39:1H-kblockd]
root         757       2  46  0.0  0.0 I<   Mon Jun 29 15:39:10 2026 00:00:01 [kworker/46:1H-kblockd]
root         760       2  32  0.0  0.0 I<   Mon Jun 29 15:39:10 2026 00:00:01 [kworker/32:1H-xfs-log/md0]
root         761       2  23  0.0  0.0 I<   Mon Jun 29 15:39:10 2026 00:00:01 [kworker/23:1H-kblockd]
root         762       2  41  0.0  0.0 I<   Mon Jun 29 15:39:10 2026 00:00:00 [kworker/41:1H-kblockd]
root         765       2  21  0.0  0.0 I<   Mon Jun 29 15:39:10 2026 00:00:01 [kworker/21:1H-kblockd]
root         767       2   9  0.0  0.0 I<   Mon Jun 29 15:39:10 2026 00:00:01 [kworker/9:1H-kblockd]
root         769       2  22  0.0  0.0 I<   Mon Jun 29 15:39:10 2026 00:00:01 [kworker/22:1H-kblockd]
root         771       2  42  0.0  0.0 I<   Mon Jun 29 15:39:11 2026 00:00:00 [kworker/42:1H-kblockd]
root         778       2   2  0.0  0.0 I<   Mon Jun 29 15:39:11 2026 00:00:02 [kworker/2:1H-xfs-log/nvme0n1p5]
root         784       2  29  0.0  0.0 I<   Mon Jun 29 15:39:11 2026 00:00:01 [kworker/29:1H-kblockd]
root         804       2  14  0.0  0.0 I<   Mon Jun 29 15:39:25 2026 00:00:00 [raid5wq]
root         859       2  15  0.0  0.0 I<   Mon Jun 29 15:39:25 2026 00:00:00 [xfsalloc]
root         860       2  16  0.0  0.0 I<   Mon Jun 29 15:39:25 2026 00:00:00 [xfs_mru_cache]
root         861       2  18  0.0  0.0 I<   Mon Jun 29 15:39:25 2026 00:00:00 [xfs-buf/nvme0n1]
root         862       2  23  0.0  0.0 I<   Mon Jun 29 15:39:25 2026 00:00:00 [xfs-conv/nvme0n]
root         863       2  25  0.0  0.0 I<   Mon Jun 29 15:39:25 2026 00:00:00 [xfs-reclaim/nvm]
root         864       2  26  0.0  0.0 I<   Mon Jun 29 15:39:25 2026 00:00:00 [xfs-blockgc/nvm]
root         865       2  28  0.0  0.0 I<   Mon Jun 29 15:39:25 2026 00:00:00 [xfs-inodegc/nvm]
root         866       2  29  0.0  0.0 I<   Mon Jun 29 15:39:25 2026 00:00:00 [xfs-log/nvme0n1]
root         867       2  30  0.0  0.0 I<   Mon Jun 29 15:39:25 2026 00:00:00 [xfs-cil/nvme0n1]
root         868       2  12  0.0  0.0 S    Mon Jun 29 15:39:25 2026 00:02:03 [xfsaild/nvme0n1]
root         869       2  27  0.0  0.0 I<   Mon Jun 29 15:39:25 2026 00:00:00 [kworker/27:1H-kblockd]
root         870       2  12  0.0  0.0 I<   Mon Jun 29 15:39:25 2026 00:00:01 [kworker/12:1H-kblockd]
root         948       1  13  0.0  0.0 S<s  Mon Jun 29 15:39:26 2026 00:01:15 /lib/systemd/systemd-journald
root         979       2  35  0.0  0.0 I<   Mon Jun 29 15:39:26 2026 00:00:00 [kaluad]
root         982       2  37  0.0  0.0 I<   Mon Jun 29 15:39:26 2026 00:00:00 [kmpath_rdacd]
root         983       2  38  0.0  0.0 I<   Mon Jun 29 15:39:26 2026 00:00:00 [kmpathd]
root         984       2  39  0.0  0.0 I<   Mon Jun 29 15:39:26 2026 00:00:00 [kmpath_handlerd]
root         985       1  40  0.0  0.0 SLsl Mon Jun 29 15:39:26 2026 00:00:47 /sbin/multipathd -d -s
root         989       2  13  0.0  0.0 I<   Mon Jun 29 15:39:26 2026 00:00:01 [kworker/13:1H-kblockd]
root         992       2  44  0.0  0.0 S    Mon Jun 29 15:39:26 2026 00:00:00 [nv_queue]
root         993       2  46  0.0  0.0 S    Mon Jun 29 15:39:26 2026 00:00:00 [nv_queue]
root         994       2  18  0.0  0.0 S    Mon Jun 29 15:39:26 2026 00:00:03 [nv_open_q]
root         996       1  32  0.0  0.0 Ss   Mon Jun 29 15:39:26 2026 00:00:05 /lib/systemd/systemd-udevd
root        1003       2  33  0.0  0.0 I<   Mon Jun 29 15:39:26 2026 00:00:01 [kworker/33:1H-kblockd]
root        1005       2  19  0.0  0.0 I<   Mon Jun 29 15:39:26 2026 00:00:01 [kworker/19:1H-kblockd]
root        1007       2  20  0.0  0.0 I<   Mon Jun 29 15:39:26 2026 00:00:01 [kworker/20:1H-kblockd]
root        1011       2  10  0.0  0.0 I<   Mon Jun 29 15:39:26 2026 00:00:01 [kworker/10:1H-kblockd]
root        1060       2  24  0.0  0.0 I<   Mon Jun 29 15:39:26 2026 00:00:01 [kworker/24:1H-kblockd]
root        1068       2  44  0.0  0.0 I<   Mon Jun 29 15:39:26 2026 00:00:01 [kworker/44:1H-kblockd]
root        1071       2  16  0.0  0.0 I<   Mon Jun 29 15:39:26 2026 00:00:01 [kworker/16:1H-kblockd]
root        1072       2  38  0.0  0.0 I<   Mon Jun 29 15:39:26 2026 00:00:00 [kworker/38:1H-kblockd]
root        1073       2  25  0.0  0.0 I<   Mon Jun 29 15:39:26 2026 00:00:01 [kworker/25:1H-xfs-log/nvme0n1p4]
root        1148       2  36  0.0  0.0 I<   Mon Jun 29 15:39:26 2026 00:00:00 [ipmi-msghandler]
root        1158       2   3  0.0  0.0 I<   Mon Jun 29 15:39:26 2026 00:00:02 [kworker/3:1H-kblockd]
root        1176       2   5  0.0  0.0 I<   Mon Jun 29 15:39:26 2026 00:00:01 [kworker/5:1H-kblockd]
root        1177       2   1  0.0  0.0 I<   Mon Jun 29 15:39:26 2026 00:00:03 [kworker/1:1H-kblockd]
root        1180       2  31  0.0  0.0 I<   Mon Jun 29 15:39:26 2026 00:00:01 [kworker/31:1H-xfs-log/nvme0n1p4]
root        1185       2  14  0.0  0.0 I<   Mon Jun 29 15:39:26 2026 00:00:00 [kworker/14:1H-xfs-log/nvme0n1p4]
root        1192       2  47  0.0  0.0 I<   Mon Jun 29 15:39:26 2026 00:00:00 [0000:e7:01.0]
root        1195       2   9  0.0  0.0 I<   Mon Jun 29 15:39:26 2026 00:00:00 [ib-comp-wq]
root        1196       2  31  0.0  0.0 S    Mon Jun 29 15:39:26 2026 00:00:00 [irq/408-idxd-mi]
root        1197       2  32  0.0  0.0 S    Mon Jun 29 15:39:26 2026 00:00:00 [irq/409-idxd-po]
root        1198       2  33  0.0  0.0 S    Mon Jun 29 15:39:26 2026 00:00:00 [irq/410-idxd-po]
root        1199       2  34  0.0  0.0 S    Mon Jun 29 15:39:26 2026 00:00:00 [irq/411-idxd-po]
root        1200       2  35  0.0  0.0 S    Mon Jun 29 15:39:26 2026 00:00:00 [irq/412-idxd-po]
root        1201       2   4  0.0  0.0 I<   Mon Jun 29 15:39:26 2026 00:00:00 [ib-comp-unb-wq]
root        1202       2  36  0.0  0.0 S    Mon Jun 29 15:39:26 2026 00:00:00 [irq/413-idxd-po]
root        1203       2  37  0.0  0.0 S    Mon Jun 29 15:39:26 2026 00:00:00 [irq/414-idxd-po]
root        1204       2  38  0.0  0.0 S    Mon Jun 29 15:39:26 2026 00:00:00 [irq/415-idxd-po]
root        1205       2  39  0.0  0.0 S    Mon Jun 29 15:39:26 2026 00:00:00 [irq/416-idxd-po]
root        1206       2  12  0.0  0.0 I<   Mon Jun 29 15:39:26 2026 00:00:00 [ib_mcast]
root        1207       2   8  0.0  0.0 I<   Mon Jun 29 15:39:26 2026 00:00:00 [ib_nl_sa_wq]
root        1212       2   4  0.0  0.0 I<   Mon Jun 29 15:39:26 2026 00:00:01 [kworker/4:1H-kblockd]
root        1218       2  37  0.0  0.0 I<   Mon Jun 29 15:39:26 2026 00:00:00 [kworker/37:1H-kblockd]
root        1219       2  26  0.0  0.0 I<   Mon Jun 29 15:39:26 2026 00:00:00 [mlx5_ib_sigerr_]
root        1373       2  27  0.0  0.0 I<   Mon Jun 29 15:39:26 2026 00:00:00 [ib_mad1]
root        1374       2  21  0.0  0.0 I<   Mon Jun 29 15:39:26 2026 00:00:00 [to_fifo]
root        1416       2   7  0.0  0.0 I<   Mon Jun 29 15:39:26 2026 00:00:00 [mkey_cache]
root        1460       2  29  0.0  0.0 S    Mon Jun 29 15:39:26 2026 00:00:00 [nvidia-modeset/]
root        1461       2   3  0.0  0.0 S    Mon Jun 29 15:39:26 2026 00:00:00 [nvidia-modeset/]
root        1501       2  36  0.0  0.0 I<   Mon Jun 29 15:39:26 2026 00:00:00 [kworker/36:1H-xfs-log/nvme0n1p4]
root        1536       2  18  0.0  0.0 I<   Mon Jun 29 15:39:26 2026 00:00:01 [kworker/18:1H-kblockd]
root        1978       1  45  0.0  0.0 Ss   Mon Jun 29 15:39:26 2026 00:00:00 /usr/sbin/rdma-ndd --systemd
root        1990       2  21  0.0  0.0 I<   Mon Jun 29 15:39:26 2026 00:00:00 [xfs-buf/nvme0n1]
root        1991       2  34  0.0  0.0 I<   Mon Jun 29 15:39:26 2026 00:00:00 [xfs-conv/nvme0n]
root        1992       2  12  0.0  0.0 I<   Mon Jun 29 15:39:26 2026 00:00:00 [xfs-reclaim/nvm]
root        1993       2  43  0.0  0.0 I<   Mon Jun 29 15:39:26 2026 00:00:00 [xfs-blockgc/nvm]
root        1994       2   1  0.0  0.0 I<   Mon Jun 29 15:39:26 2026 00:00:00 [xfs-inodegc/nvm]
root        1995       2  44  0.0  0.0 I<   Mon Jun 29 15:39:26 2026 00:00:00 [xfs-log/nvme0n1]
root        1996       2   6  0.0  0.0 I<   Mon Jun 29 15:39:26 2026 00:00:00 [xfs-cil/nvme0n1]
root        1997       2   8  0.0  0.0 S    Mon Jun 29 15:39:26 2026 00:00:00 [xfsaild/nvme0n1]
root        1999       2  24  0.0  0.0 I<   Mon Jun 29 15:39:26 2026 00:00:00 [xfs-buf/nvme0n1]
root        2000       2  11  0.0  0.0 I<   Mon Jun 29 15:39:26 2026 00:00:00 [xfs-conv/nvme0n]
root        2001       2  18  0.0  0.0 I<   Mon Jun 29 15:39:26 2026 00:00:00 [xfs-reclaim/nvm]
root        2002       2  16  0.0  0.0 I<   Mon Jun 29 15:39:26 2026 00:00:00 [xfs-blockgc/nvm]
root        2003       2  42  0.0  0.0 I<   Mon Jun 29 15:39:26 2026 00:00:00 [xfs-inodegc/nvm]
root        2004       2  14  0.0  0.0 I<   Mon Jun 29 15:39:26 2026 00:00:00 [xfs-log/nvme0n1]
root        2005       2  32  0.0  0.0 I<   Mon Jun 29 15:39:26 2026 00:00:00 [xfs-cil/nvme0n1]
root        2006       2  47  0.0  0.0 S    Mon Jun 29 15:39:26 2026 00:00:19 [xfsaild/nvme0n1]
systemd+    2029       1  42  0.0  0.0 Ss   Mon Jun 29 15:39:26 2026 00:00:05 /lib/systemd/systemd-networkd
root        2033       2  47  0.0  0.0 I<   Mon Jun 29 15:39:26 2026 00:00:01 [kworker/47:1H-kblockd]
_rpc        2035       1  35  0.0  0.0 Ss   Mon Jun 29 15:39:26 2026 00:00:00 /sbin/rpcbind -f -w
systemd+    2037       1  46  0.0  0.0 Ssl  Mon Jun 29 15:39:26 2026 00:00:01 /lib/systemd/systemd-timesyncd
root        2039       2  22  0.0  0.0 I<   Mon Jun 29 15:39:26 2026 00:00:00 [rpciod]
root        2040       2   9  0.0  0.0 I<   Mon Jun 29 15:39:26 2026 00:00:00 [xprtiod]
systemd+    2043       1  38  0.0  0.0 Ss   Mon Jun 29 15:39:27 2026 00:00:01 /lib/systemd/systemd-resolved
avahi       2046       1   3  0.0  0.0 Ss   Mon Jun 29 15:39:27 2026 00:02:19 avahi-daemon: running [bnode030.local]
message+    2047       1  39  0.0  0.0 Ss   Mon Jun 29 15:39:27 2026 00:00:19 @dbus-daemon --system --address=systemd: --nofork --nopidfile --systemd-activation --syslog-only
root        2048       1  22  0.0  0.0 Ssl  Mon Jun 29 15:39:27 2026 00:00:09 /usr/sbin/NetworkManager --no-daemon
root        2054       1  34  0.0  0.0 Ssl  Mon Jun 29 15:39:27 2026 00:04:48 /usr/sbin/irqbalance --foreground
root        2058       1  21  0.0  0.0 Ss   Mon Jun 29 15:39:27 2026 00:00:00 /usr/bin/ndctl monitor
root        2061       1  38  0.0  0.0 Ss   Mon Jun 29 15:39:27 2026 00:00:00 /usr/bin/python3 /usr/bin/networkd-dispatcher --run-startup-triggers
root        2067       1  44  0.0  0.0 Ss   Mon Jun 29 15:39:27 2026 00:00:00 /usr/sbin/rasdaemon -f -r
root        2069       1  38  0.0  0.0 Ss   Mon Jun 29 15:39:27 2026 00:00:00 /opt/nec/nqsv/sbin/nqs_uagd nqsv
syslog      2071       1  31  0.0  0.0 Ssl  Mon Jun 29 15:39:27 2026 00:00:16 /usr/sbin/rsyslogd -n -iNONE
root        2075       1  28  0.0  0.0 Ss   Mon Jun 29 15:39:27 2026 00:00:01 /usr/sbin/sssd -i --logger=files
root        2078       1  26  0.0  0.0 Ss   Mon Jun 29 15:39:27 2026 00:00:02 /sbin/wpa_supplicant -u -s -O /run/wpa_supplicant
avahi       2080    2046  16  0.0  0.0 S    Mon Jun 29 15:39:27 2026 00:00:00 avahi-daemon: chroot helper
root        2129    2075   6  0.0  0.0 S    Mon Jun 29 15:39:27 2026 00:00:12 /usr/libexec/sssd/sssd_be --domain LDAP --uid 0 --gid 0 --logger=files
root        2190       1  37  0.0  0.0 Ss   Mon Jun 29 15:39:27 2026 00:00:06 /lib/systemd/systemd-logind
root        2280       2   9  0.0  0.0 S    Mon Jun 29 15:39:27 2026 00:00:00 [irq/417-nvidia]
root        2281       2  41  0.0  0.0 S    Mon Jun 29 15:39:27 2026 00:00:00 [irq/418-nvidia]
root        2282       2  17  0.0  0.0 S    Mon Jun 29 15:39:27 2026 00:01:01 [irq/419-nvidia]
root        2283       2  43  0.0  0.0 S    Mon Jun 29 15:39:27 2026 00:00:00 [irq/420-nvidia]
root        2284       2  44  0.0  0.0 S    Mon Jun 29 15:39:27 2026 00:00:00 [irq/421-nvidia]
root        2285       2  45  0.0  0.0 S    Mon Jun 29 15:39:27 2026 00:00:00 [irq/422-nvidia]
root        2286       2  46  0.0  0.0 S    Mon Jun 29 15:39:27 2026 00:00:00 [irq/423-nvidia]
root        2287       2  47  0.0  0.0 S    Mon Jun 29 15:39:27 2026 00:00:00 [irq/424-nvidia]
root        2288       2  17  0.0  0.0 S    Mon Jun 29 15:39:27 2026 00:00:00 [nvidia]
root        2289       2  25  0.0  0.0 S    Mon Jun 29 15:39:27 2026 00:00:00 [nv_queue]
root        2363       2   2  0.0  0.0 I<   Mon Jun 29 15:39:28 2026 00:00:00 [mlx5e]
root        2366       1   5  0.0  0.0 Ss   Mon Jun 29 15:39:28 2026 00:00:00 /opt/nec/nqsv/sbin/nqs_lchd
root        2367       1  17  0.0  0.0 Ss   Mon Jun 29 15:39:28 2026 00:00:23 /usr/libexec/sssd/sssd_nss --logger=files --socket-activated
root        2368       2  35  0.0  0.0 I<   Mon Jun 29 15:39:28 2026 00:00:00 [ipoib_wq]
root        2378       2  14  0.0  0.0 I<   Mon Jun 29 15:39:28 2026 00:00:00 [iw_cm_wq]
root        2379       2  31  0.0  0.0 I<   Mon Jun 29 15:39:28 2026 00:00:00 [rdma_cm]
root        2424       1   9  0.0  0.0 Ss   Mon Jun 29 15:39:29 2026 00:00:09 /usr/sbin/cron -f -P
ganglia     2447       1  46  0.0  0.0 Ssl  Mon Jun 29 15:39:29 2026 00:26:21 /usr/sbin/gmond -c /etc/ganglia/gmond.conf
daemon      2459       1  24  0.0  0.0 Ss   Mon Jun 29 15:39:29 2026 00:00:00 /usr/sbin/atd -f
zabbix      2488       1  27  0.0  0.0 S    Mon Jun 29 15:39:29 2026 00:00:24 /usr/sbin/zabbix_agentd -c /etc/zabbix/zabbix_agentd.conf
root        2518       1   8  0.0  0.0 Ss+  Mon Jun 29 15:39:29 2026 00:00:00 /sbin/agetty -o -p -- \u --noclear tty1 linux
root        2529       2  14  0.0  0.0 S    Mon Jun 29 15:39:29 2026 00:00:01 [UVM global queu]
root        2530       2   8  0.0  0.0 S    Mon Jun 29 15:39:29 2026 00:00:00 [UVM deferred re]
root        2531       2   4  0.0  0.0 S    Mon Jun 29 15:39:29 2026 00:00:01 [UVM Tools Event]
zabbix      2568    2488  39  0.0  0.0 S    Mon Jun 29 15:39:30 2026 00:03:53 /usr/sbin/zabbix_agentd: collector [idle 1 sec]
zabbix      2570    2488  11  0.0  0.0 S    Mon Jun 29 15:39:30 2026 00:02:42 /usr/sbin/zabbix_agentd: listener #1 [waiting for connection]
zabbix      2573    2488   9  0.0  0.0 S    Mon Jun 29 15:39:30 2026 00:02:37 /usr/sbin/zabbix_agentd: listener #2 [waiting for connection]
zabbix      2576    2488  44  0.0  0.0 S    Mon Jun 29 15:39:30 2026 00:02:39 /usr/sbin/zabbix_agentd: listener #3 [waiting for connection]
zabbix      2577    2488   7  0.0  0.0 S    Mon Jun 29 15:39:30 2026 00:00:28 /usr/sbin/zabbix_agentd: active checks #1 [idle 1 sec]
root        2977       2  30  0.0  0.0 S    Mon Jun 29 15:39:34 2026 00:00:00 [acceptor_001]
root        2978       2  39  0.0  0.0 S    Mon Jun 29 15:39:34 2026 00:00:12 [monitor_thread]
root        2979       2  46  0.0  0.0 S    Mon Jun 29 15:39:34 2026 00:00:10 [lnet_discovery]
root        2990       2  42  0.0  0.0 S    Mon Jun 29 15:39:34 2026 00:00:11 [kiblnd_connd]
root        2991       2   0  0.0  0.0 S    Mon Jun 29 15:39:34 2026 00:00:00 [kiblnd_sd_00_00]
root        2992       2   0  0.0  0.0 S    Mon Jun 29 15:39:34 2026 00:00:00 [kiblnd_sd_00_01]
root        2993       2   2  0.0  0.0 S    Mon Jun 29 15:39:34 2026 00:00:00 [kiblnd_sd_01_00]
root        2994       2   3  0.0  0.0 S    Mon Jun 29 15:39:34 2026 00:00:00 [kiblnd_sd_01_01]
root        2995       2   4  0.0  0.0 S    Mon Jun 29 15:39:34 2026 00:00:00 [kiblnd_sd_02_00]
root        2996       2   5  0.0  0.0 S    Mon Jun 29 15:39:34 2026 00:00:00 [kiblnd_sd_02_01]
root        2997       2   6  0.0  0.0 S    Mon Jun 29 15:39:34 2026 00:00:00 [kiblnd_sd_03_00]
root        2998       2   7  0.0  0.0 S    Mon Jun 29 15:39:34 2026 00:00:00 [kiblnd_sd_03_01]
root        2999       2   8  0.0  0.0 S    Mon Jun 29 15:39:34 2026 00:00:00 [kiblnd_sd_04_00]
root        3000       2   9  0.0  0.0 S    Mon Jun 29 15:39:34 2026 00:00:00 [kiblnd_sd_04_01]
root        3001       2  10  0.0  0.0 S    Mon Jun 29 15:39:34 2026 00:00:00 [kiblnd_sd_05_00]
root        3002       2  11  0.0  0.0 S    Mon Jun 29 15:39:34 2026 00:00:00 [kiblnd_sd_05_01]
root        3003       2  12  0.0  0.0 S    Mon Jun 29 15:39:34 2026 00:00:00 [kiblnd_sd_06_00]
root        3004       2  13  0.0  0.0 S    Mon Jun 29 15:39:34 2026 00:00:00 [kiblnd_sd_06_01]
root        3005       2  14  0.0  0.0 S    Mon Jun 29 15:39:34 2026 00:00:00 [kiblnd_sd_07_00]
root        3006       2  15  0.0  0.0 S    Mon Jun 29 15:39:34 2026 00:00:00 [kiblnd_sd_07_01]
root        3007       2  16  0.0  0.0 S    Mon Jun 29 15:39:34 2026 00:01:01 [kiblnd_sd_08_00]
root        3008       2  17  0.0  0.0 S    Mon Jun 29 15:39:34 2026 00:01:02 [kiblnd_sd_08_01]
root        3009       2  18  0.0  0.0 S    Mon Jun 29 15:39:34 2026 00:01:33 [kiblnd_sd_09_00]
root        3010       2  19  0.0  0.0 S    Mon Jun 29 15:39:34 2026 00:01:28 [kiblnd_sd_09_01]
root        3011       2  20  0.0  0.0 S    Mon Jun 29 15:39:34 2026 00:00:29 [kiblnd_sd_10_00]
root        3012       2  21  0.0  0.0 S    Mon Jun 29 15:39:34 2026 00:00:28 [kiblnd_sd_10_01]
root        3013       2  22  0.0  0.0 S    Mon Jun 29 15:39:34 2026 00:00:00 [kiblnd_sd_11_00]
root        3014       2  23  0.0  0.0 S    Mon Jun 29 15:39:34 2026 00:00:00 [kiblnd_sd_11_01]
root        3015       2  24  0.0  0.0 S    Mon Jun 29 15:39:34 2026 00:00:00 [kiblnd_sd_12_00]
root        3016       2  25  0.0  0.0 S    Mon Jun 29 15:39:34 2026 00:00:00 [kiblnd_sd_12_01]
root        3017       2  26  0.0  0.0 S    Mon Jun 29 15:39:34 2026 00:00:00 [kiblnd_sd_13_00]
root        3018       2  27  0.0  0.0 S    Mon Jun 29 15:39:34 2026 00:00:00 [kiblnd_sd_13_01]
root        3019       2  28  0.0  0.0 S    Mon Jun 29 15:39:34 2026 00:00:00 [kiblnd_sd_14_00]
root        3020       2  29  0.0  0.0 S    Mon Jun 29 15:39:34 2026 00:00:00 [kiblnd_sd_14_01]
root        3021       2  30  0.0  0.0 S    Mon Jun 29 15:39:34 2026 00:00:00 [kiblnd_sd_15_00]
root        3022       2  31  0.0  0.0 S    Mon Jun 29 15:39:34 2026 00:00:00 [kiblnd_sd_15_01]
root        3023       2  32  0.0  0.0 S    Mon Jun 29 15:39:34 2026 00:00:00 [kiblnd_sd_16_00]
root        3024       2  33  0.0  0.0 S    Mon Jun 29 15:39:34 2026 00:00:00 [kiblnd_sd_16_01]
root        3025       2  34  0.0  0.0 S    Mon Jun 29 15:39:34 2026 00:00:00 [kiblnd_sd_17_00]
root        3026       2  35  0.0  0.0 S    Mon Jun 29 15:39:34 2026 00:00:00 [kiblnd_sd_17_01]
root        3027       2  36  0.0  0.0 S    Mon Jun 29 15:39:34 2026 00:00:39 [kiblnd_sd_18_00]
root        3028       2  37  0.0  0.0 S    Mon Jun 29 15:39:34 2026 00:00:38 [kiblnd_sd_18_01]
root        3029       2  38  0.0  0.0 S    Mon Jun 29 15:39:34 2026 00:01:05 [kiblnd_sd_19_00]
root        3030       2  39  0.0  0.0 S    Mon Jun 29 15:39:34 2026 00:01:04 [kiblnd_sd_19_01]
root        3031       2  40  0.0  0.0 S    Mon Jun 29 15:39:34 2026 00:01:28 [kiblnd_sd_20_00]
root        3032       2  41  0.0  0.0 S    Mon Jun 29 15:39:34 2026 00:01:33 [kiblnd_sd_20_01]
root        3033       2  43  0.0  0.0 S    Mon Jun 29 15:39:34 2026 00:02:17 [kiblnd_sd_21_00]
root        3034       2  42  0.0  0.0 S    Mon Jun 29 15:39:34 2026 00:02:00 [kiblnd_sd_21_01]
root        3035       2  45  0.0  0.0 S    Mon Jun 29 15:39:34 2026 00:01:08 [kiblnd_sd_22_00]
root        3036       2  44  0.0  0.0 S    Mon Jun 29 15:39:34 2026 00:01:06 [kiblnd_sd_22_01]
root        3037       2  46  0.0  0.0 S    Mon Jun 29 15:39:34 2026 00:00:00 [kiblnd_sd_23_00]
root        3038       2  47  0.0  0.0 S    Mon Jun 29 15:39:34 2026 00:00:00 [kiblnd_sd_23_01]
root        3139       2   1  0.0  0.0 I    Mon Jun 29 15:39:35 2026 00:00:00 [ptlrpc_hr00_000]
root        3140       2   0  0.0  0.0 I    Mon Jun 29 15:39:35 2026 00:00:00 [ptlrpc_hr00_001]
root        3141       2   2  0.0  0.0 I    Mon Jun 29 15:39:35 2026 00:00:00 [ptlrpc_hr01_000]
root        3142       2   3  0.0  0.0 I    Mon Jun 29 15:39:35 2026 00:00:00 [ptlrpc_hr01_001]
root        3143       2   4  0.0  0.0 I    Mon Jun 29 15:39:35 2026 00:00:00 [ptlrpc_hr02_000]
root        3144       2   4  0.0  0.0 I    Mon Jun 29 15:39:35 2026 00:00:00 [ptlrpc_hr02_001]
root        3145       2   6  0.0  0.0 I    Mon Jun 29 15:39:35 2026 00:00:00 [ptlrpc_hr03_000]
root        3146       2   7  0.0  0.0 I    Mon Jun 29 15:39:35 2026 00:00:00 [ptlrpc_hr03_001]
root        3147       2   8  0.0  0.0 I    Mon Jun 29 15:39:35 2026 00:00:00 [ptlrpc_hr04_000]
root        3148       2   9  0.0  0.0 I    Mon Jun 29 15:39:35 2026 00:00:00 [ptlrpc_hr04_001]
root        3149       2  10  0.0  0.0 I    Mon Jun 29 15:39:35 2026 00:00:00 [ptlrpc_hr05_000]
root        3150       2  11  0.0  0.0 I    Mon Jun 29 15:39:35 2026 00:00:00 [ptlrpc_hr05_001]
root        3151       2  12  0.0  0.0 I    Mon Jun 29 15:39:35 2026 00:00:00 [ptlrpc_hr06_000]
root        3152       2  13  0.0  0.0 I    Mon Jun 29 15:39:35 2026 00:00:00 [ptlrpc_hr06_001]
root        3153       2  14  0.0  0.0 I    Mon Jun 29 15:39:35 2026 00:00:00 [ptlrpc_hr07_000]
root        3154       2  15  0.0  0.0 I    Mon Jun 29 15:39:35 2026 00:00:00 [ptlrpc_hr07_001]
root        3155       2  16  0.0  0.0 I    Mon Jun 29 15:39:35 2026 00:00:00 [ptlrpc_hr08_000]
root        3156       2  17  0.0  0.0 I    Mon Jun 29 15:39:35 2026 00:00:00 [ptlrpc_hr08_001]
root        3157       2  18  0.0  0.0 I    Mon Jun 29 15:39:35 2026 00:00:00 [ptlrpc_hr09_000]
root        3158       2  19  0.0  0.0 I    Mon Jun 29 15:39:35 2026 00:00:00 [ptlrpc_hr09_001]
root        3159       2  20  0.0  0.0 I    Mon Jun 29 15:39:35 2026 00:00:00 [ptlrpc_hr10_000]
root        3160       2  21  0.0  0.0 I    Mon Jun 29 15:39:35 2026 00:00:00 [ptlrpc_hr10_001]
root        3161       2  22  0.0  0.0 I    Mon Jun 29 15:39:35 2026 00:00:00 [ptlrpc_hr11_000]
root        3162       2  23  0.0  0.0 I    Mon Jun 29 15:39:35 2026 00:00:00 [ptlrpc_hr11_001]
root        3163       2  24  0.0  0.0 I    Mon Jun 29 15:39:35 2026 00:00:00 [ptlrpc_hr12_000]
root        3164       2  25  0.0  0.0 I    Mon Jun 29 15:39:35 2026 00:00:00 [ptlrpc_hr12_001]
root        3165       2  26  0.0  0.0 I    Mon Jun 29 15:39:35 2026 00:00:00 [ptlrpc_hr13_000]
root        3166       2  27  0.0  0.0 I    Mon Jun 29 15:39:35 2026 00:00:00 [ptlrpc_hr13_001]
root        3167       2  28  0.0  0.0 I    Mon Jun 29 15:39:35 2026 00:00:00 [ptlrpc_hr14_000]
root        3168       2  29  0.0  0.0 I    Mon Jun 29 15:39:35 2026 00:00:00 [ptlrpc_hr14_001]
root        3169       2  30  0.0  0.0 I    Mon Jun 29 15:39:35 2026 00:00:00 [ptlrpc_hr15_000]
root        3170       2  31  0.0  0.0 I    Mon Jun 29 15:39:35 2026 00:00:00 [ptlrpc_hr15_001]
root        3171       2  32  0.0  0.0 I    Mon Jun 29 15:39:35 2026 00:00:00 [ptlrpc_hr16_000]
root        3172       2  32  0.0  0.0 I    Mon Jun 29 15:39:35 2026 00:00:00 [ptlrpc_hr16_001]
root        3173       2  35  0.0  0.0 I    Mon Jun 29 15:39:35 2026 00:00:00 [ptlrpc_hr17_000]
root        3174       2  35  0.0  0.0 I    Mon Jun 29 15:39:35 2026 00:00:00 [ptlrpc_hr17_001]
root        3175       2  36  0.0  0.0 I    Mon Jun 29 15:39:35 2026 00:00:00 [ptlrpc_hr18_000]
root        3176       2  36  0.0  0.0 I    Mon Jun 29 15:39:35 2026 00:00:00 [ptlrpc_hr18_001]
root        3177       2  39  0.0  0.0 I    Mon Jun 29 15:39:35 2026 00:00:00 [ptlrpc_hr19_000]
root        3178       2  38  0.0  0.0 I    Mon Jun 29 15:39:35 2026 00:00:00 [ptlrpc_hr19_001]
root        3179       2  40  0.0  0.0 I    Mon Jun 29 15:39:35 2026 00:00:00 [ptlrpc_hr20_000]
root        3180       2  41  0.0  0.0 I    Mon Jun 29 15:39:35 2026 00:00:00 [ptlrpc_hr20_001]
root        3181       2  43  0.0  0.0 I    Mon Jun 29 15:39:35 2026 00:00:00 [ptlrpc_hr21_000]
root        3182       2  42  0.0  0.0 I    Mon Jun 29 15:39:35 2026 00:00:00 [ptlrpc_hr21_001]
root        3183       2  44  0.0  0.0 I    Mon Jun 29 15:39:35 2026 00:00:00 [ptlrpc_hr22_000]
root        3184       2  45  0.0  0.0 I    Mon Jun 29 15:39:35 2026 00:00:00 [ptlrpc_hr22_001]
root        3185       2  46  0.0  0.0 I    Mon Jun 29 15:39:35 2026 00:00:00 [ptlrpc_hr23_000]
root        3186       2  47  0.0  0.0 I    Mon Jun 29 15:39:35 2026 00:00:00 [ptlrpc_hr23_001]
root        3187       2   4  0.0  0.0 I    Mon Jun 29 15:39:35 2026 00:00:00 [ptlrpcd_rcv]
root        3188       2   1  0.0  0.0 I    Mon Jun 29 15:39:35 2026 00:04:03 [ptlrpcd_00_00]
root        3189       2   1  0.0  0.0 I    Mon Jun 29 15:39:35 2026 00:03:59 [ptlrpcd_00_01]
root        3190       2   3  0.0  0.0 I    Mon Jun 29 15:39:35 2026 00:00:55 [ptlrpcd_01_00]
root        3191       2   2  0.0  0.0 I    Mon Jun 29 15:39:35 2026 00:01:07 [ptlrpcd_01_01]
root        3192       2   4  0.0  0.0 I    Mon Jun 29 15:39:35 2026 00:00:43 [ptlrpcd_02_00]
root        3193       2   5  0.0  0.0 I    Mon Jun 29 15:39:35 2026 00:00:31 [ptlrpcd_02_01]
root        3194       2   6  0.0  0.0 I    Mon Jun 29 15:39:35 2026 00:00:27 [ptlrpcd_03_00]
root        3195       2   6  0.0  0.0 I    Mon Jun 29 15:39:35 2026 00:00:24 [ptlrpcd_03_01]
root        3196       2   8  0.0  0.0 I    Mon Jun 29 15:39:35 2026 00:00:25 [ptlrpcd_04_00]
root        3197       2   8  0.0  0.0 I    Mon Jun 29 15:39:35 2026 00:00:26 [ptlrpcd_04_01]
root        3198       2  10  0.0  0.0 I    Mon Jun 29 15:39:35 2026 00:00:32 [ptlrpcd_05_00]
root        3199       2  11  0.0  0.0 I    Mon Jun 29 15:39:35 2026 00:00:30 [ptlrpcd_05_01]
root        3200       2  12  0.0  0.0 I    Mon Jun 29 15:39:35 2026 00:00:22 [ptlrpcd_06_00]
root        3201       2  13  0.0  0.0 I    Mon Jun 29 15:39:35 2026 00:00:25 [ptlrpcd_06_01]
root        3202       2  15  0.0  0.0 I    Mon Jun 29 15:39:35 2026 00:00:26 [ptlrpcd_07_00]
root        3203       2  15  0.0  0.0 I    Mon Jun 29 15:39:35 2026 00:00:20 [ptlrpcd_07_01]
root        3204       2  16  0.0  0.0 I    Mon Jun 29 15:39:35 2026 00:01:00 [ptlrpcd_08_00]
root        3205       2  16  0.0  0.0 I    Mon Jun 29 15:39:35 2026 00:01:03 [ptlrpcd_08_01]
root        3206       2  18  0.0  0.0 I    Mon Jun 29 15:39:35 2026 00:01:13 [ptlrpcd_09_00]
root        3207       2  19  0.0  0.0 I    Mon Jun 29 15:39:35 2026 00:01:09 [ptlrpcd_09_01]
root        3208       2  21  0.0  0.0 I    Mon Jun 29 15:39:35 2026 00:00:31 [ptlrpcd_10_00]
root        3209       2  21  0.0  0.0 I    Mon Jun 29 15:39:35 2026 00:00:32 [ptlrpcd_10_01]
root        3210       2  23  0.0  0.0 I    Mon Jun 29 15:39:35 2026 00:00:24 [ptlrpcd_11_00]
root        3211       2  22  0.0  0.0 I    Mon Jun 29 15:39:35 2026 00:00:21 [ptlrpcd_11_01]
root        3212       2  25  0.0  0.0 I    Mon Jun 29 15:39:35 2026 00:00:21 [ptlrpcd_12_00]
root        3213       2  25  0.0  0.0 I    Mon Jun 29 15:39:35 2026 00:00:20 [ptlrpcd_12_01]
root        3214       2  26  0.0  0.0 I    Mon Jun 29 15:39:35 2026 00:00:19 [ptlrpcd_13_00]
root        3215       2  26  0.0  0.0 I    Mon Jun 29 15:39:35 2026 00:00:24 [ptlrpcd_13_01]
root        3216       2  28  0.0  0.0 I    Mon Jun 29 15:39:35 2026 00:00:19 [ptlrpcd_14_00]
root        3217       2  28  0.0  0.0 I    Mon Jun 29 15:39:35 2026 00:00:18 [ptlrpcd_14_01]
root        3218       2  30  0.0  0.0 I    Mon Jun 29 15:39:35 2026 00:00:26 [ptlrpcd_15_00]
root        3219       2  31  0.0  0.0 I    Mon Jun 29 15:39:35 2026 00:00:28 [ptlrpcd_15_01]
root        3220       2  33  0.0  0.0 I    Mon Jun 29 15:39:35 2026 00:00:15 [ptlrpcd_16_00]
root        3221       2  33  0.0  0.0 I    Mon Jun 29 15:39:35 2026 00:00:17 [ptlrpcd_16_01]
root        3222       2  35  0.0  0.0 I    Mon Jun 29 15:39:35 2026 00:00:21 [ptlrpcd_17_00]
root        3223       2  35  0.0  0.0 I    Mon Jun 29 15:39:35 2026 00:00:24 [ptlrpcd_17_01]
root        3224       2  37  0.0  0.0 I    Mon Jun 29 15:39:35 2026 00:00:33 [ptlrpcd_18_00]
root        3225       2  37  0.0  0.0 I    Mon Jun 29 15:39:35 2026 00:00:35 [ptlrpcd_18_01]
root        3226       2  38  0.0  0.0 I    Mon Jun 29 15:39:35 2026 00:00:31 [ptlrpcd_19_00]
root        3227       2  39  0.0  0.0 I    Mon Jun 29 15:39:35 2026 00:00:32 [ptlrpcd_19_01]
root        3228       2  41  0.0  0.0 I    Mon Jun 29 15:39:35 2026 00:00:29 [ptlrpcd_20_00]
root        3229       2  41  0.0  0.0 I    Mon Jun 29 15:39:35 2026 00:00:34 [ptlrpcd_20_01]
root        3230       2  43  0.0  0.0 I    Mon Jun 29 15:39:35 2026 00:00:29 [ptlrpcd_21_00]
root        3231       2  42  0.0  0.0 I    Mon Jun 29 15:39:35 2026 00:00:30 [ptlrpcd_21_01]
root        3232       2  45  0.0  0.0 I    Mon Jun 29 15:39:35 2026 00:00:33 [ptlrpcd_22_00]
root        3233       2  45  0.0  0.0 I    Mon Jun 29 15:39:35 2026 00:00:34 [ptlrpcd_22_01]
root        3234       2  47  0.0  0.0 I    Mon Jun 29 15:39:35 2026 00:00:27 [ptlrpcd_23_00]
root        3235       2  47  0.0  0.0 I    Mon Jun 29 15:39:35 2026 00:00:28 [ptlrpcd_23_01]
root        3238       2   0  0.0  0.0 I    Mon Jun 29 15:39:35 2026 00:00:00 [ldlm_cb00_000]
root        3239       2   1  0.0  0.0 I    Mon Jun 29 15:39:35 2026 00:00:00 [ldlm_cb00_001]
root        3240       2   3  0.0  0.0 I    Mon Jun 29 15:39:35 2026 00:00:00 [ldlm_cb01_000]
root        3241       2   3  0.0  0.0 I    Mon Jun 29 15:39:35 2026 00:00:00 [ldlm_cb01_001]
root        3242       2   4  0.0  0.0 I    Mon Jun 29 15:39:35 2026 00:00:00 [ldlm_cb02_000]
root        3243       2   4  0.0  0.0 I    Mon Jun 29 15:39:35 2026 00:00:00 [ldlm_cb02_001]
root        3244       2   7  0.0  0.0 I    Mon Jun 29 15:39:35 2026 00:00:00 [ldlm_cb03_000]
root        3245       2   7  0.0  0.0 I    Mon Jun 29 15:39:35 2026 00:00:00 [ldlm_cb03_001]
root        3246       2   9  0.0  0.0 I    Mon Jun 29 15:39:35 2026 00:00:00 [ldlm_cb04_000]
root        3247       2   9  0.0  0.0 I    Mon Jun 29 15:39:35 2026 00:00:00 [ldlm_cb04_001]
root        3248       2  11  0.0  0.0 I    Mon Jun 29 15:39:35 2026 00:00:00 [ldlm_cb05_000]
root        3249       2  11  0.0  0.0 I    Mon Jun 29 15:39:35 2026 00:00:00 [ldlm_cb05_001]
root        3250       2  12  0.0  0.0 I    Mon Jun 29 15:39:35 2026 00:00:00 [ldlm_cb06_000]
root        3251       2  13  0.0  0.0 I    Mon Jun 29 15:39:35 2026 00:00:00 [ldlm_cb06_001]
root        3252       2  15  0.0  0.0 I    Mon Jun 29 15:39:35 2026 00:00:00 [ldlm_cb07_000]
root        3253       2  14  0.0  0.0 I    Mon Jun 29 15:39:35 2026 00:00:00 [ldlm_cb07_001]
root        3254       2  17  0.0  0.0 I    Mon Jun 29 15:39:35 2026 00:00:00 [ldlm_cb08_000]
root        3255       2  16  0.0  0.0 I    Mon Jun 29 15:39:35 2026 00:00:00 [ldlm_cb08_001]
root        3256       2  18  0.0  0.0 I    Mon Jun 29 15:39:35 2026 00:00:00 [ldlm_cb09_000]
root        3257       2  18  0.0  0.0 I    Mon Jun 29 15:39:35 2026 00:00:00 [ldlm_cb09_001]
root        3258       2  20  0.0  0.0 I    Mon Jun 29 15:39:35 2026 00:00:00 [ldlm_cb10_000]
root        3259       2  21  0.0  0.0 I    Mon Jun 29 15:39:35 2026 00:00:00 [ldlm_cb10_001]
root        3260       2  22  0.0  0.0 I    Mon Jun 29 15:39:35 2026 00:00:00 [ldlm_cb11_000]
root        3261       2  23  0.0  0.0 I    Mon Jun 29 15:39:35 2026 00:00:00 [ldlm_cb11_001]
root        3262       2  24  0.0  0.0 I    Mon Jun 29 15:39:35 2026 00:00:00 [ldlm_cb12_000]
root        3263       2  25  0.0  0.0 I    Mon Jun 29 15:39:35 2026 00:00:00 [ldlm_cb12_001]
root        3264       2  26  0.0  0.0 I    Mon Jun 29 15:39:35 2026 00:00:00 [ldlm_cb13_000]
root        3265       2  27  0.0  0.0 I    Mon Jun 29 15:39:35 2026 00:00:00 [ldlm_cb13_001]
root        3266       2  28  0.0  0.0 I    Mon Jun 29 15:39:35 2026 00:00:00 [ldlm_cb14_000]
root        3267       2  29  0.0  0.0 I    Mon Jun 29 15:39:35 2026 00:00:00 [ldlm_cb14_001]
root        3268       2  30  0.0  0.0 I    Mon Jun 29 15:39:35 2026 00:00:00 [ldlm_cb15_000]
root        3269       2  31  0.0  0.0 I    Mon Jun 29 15:39:35 2026 00:00:00 [ldlm_cb15_001]
root        3270       2  32  0.0  0.0 I    Mon Jun 29 15:39:35 2026 00:00:00 [ldlm_cb16_000]
root        3271       2  33  0.0  0.0 I    Mon Jun 29 15:39:35 2026 00:00:00 [ldlm_cb16_001]
root        3272       2  35  0.0  0.0 I    Mon Jun 29 15:39:35 2026 00:00:00 [ldlm_cb17_000]
root        3273       2  35  0.0  0.0 I    Mon Jun 29 15:39:35 2026 00:00:00 [ldlm_cb17_001]
root        3274       2  37  0.0  0.0 I    Mon Jun 29 15:39:35 2026 00:00:00 [ldlm_cb18_000]
root        3275       2  36  0.0  0.0 I    Mon Jun 29 15:39:35 2026 00:00:00 [ldlm_cb18_001]
root        3276       2  39  0.0  0.0 I    Mon Jun 29 15:39:35 2026 00:00:00 [ldlm_cb19_000]
root        3277       2  38  0.0  0.0 I    Mon Jun 29 15:39:35 2026 00:00:00 [ldlm_cb19_001]
root        3278       2  40  0.0  0.0 I    Mon Jun 29 15:39:35 2026 00:00:00 [ldlm_cb20_000]
root        3279       2  40  0.0  0.0 I    Mon Jun 29 15:39:35 2026 00:00:00 [ldlm_cb20_001]
root        3280       2  42  0.0  0.0 I    Mon Jun 29 15:39:35 2026 00:00:00 [ldlm_cb21_000]
root        3281       2  43  0.0  0.0 I    Mon Jun 29 15:39:35 2026 00:00:00 [ldlm_cb21_001]
root        3282       2  45  0.0  0.0 I    Mon Jun 29 15:39:35 2026 00:00:00 [ldlm_cb22_000]
root        3283       2  45  0.0  0.0 I    Mon Jun 29 15:39:35 2026 00:00:00 [ldlm_cb22_001]
root        3284       2  46  0.0  0.0 I    Mon Jun 29 15:39:35 2026 00:00:00 [ldlm_cb23_000]
root        3285       2  47  0.0  0.0 I    Mon Jun 29 15:39:35 2026 00:00:00 [ldlm_cb23_001]
root        3286       2  29  0.0  0.0 I    Mon Jun 29 15:39:35 2026 00:00:02 [ldlm_bl_01]
root        3287       2  46  0.0  0.0 I    Mon Jun 29 15:39:35 2026 00:00:02 [ldlm_bl_02]
root        3288       2  29  0.0  0.0 I    Mon Jun 29 15:39:35 2026 00:00:00 [ll_cfg_requeue]
root        3626       2  25  0.0  0.0 S    Mon Jun 29 15:39:39 2026 00:00:24 [SEPDRV_ABNORMAL]
root        3886       1  41  0.0  0.0 Ssl  Mon Jun 29 15:39:43 2026 00:00:05 /opt/beegfs/sbin/beegfs-helperd cfgFile=/etc/beegfs/beegfs-helperd.conf runDaemonized=false
root        3998       1  26  0.0  0.0 Ss   Mon Jun 29 15:39:44 2026 00:00:00 sshd: /usr/sbin/sshd -D [listener] 0 of 10-100 startups
root        4015       2  21  0.0  0.0 I<   Mon Jun 29 15:39:44 2026 00:00:00 [beegfs/flush]
root        4016       2  10  0.0  0.0 I<   Mon Jun 29 15:39:44 2026 00:00:00 [beegfs-rwPgWQ]
root        4125       1  16  0.0  0.0 Ss   Mon Jun 29 15:39:44 2026 00:00:02 /usr/lib/postfix/sbin/master -w
postfix     4127    4125  34  0.0  0.0 S    Mon Jun 29 15:39:44 2026 00:00:00 qmgr -l -t unix -u
rtkit       5933       1  19  0.0  0.0 SNsl Mon Jun 29 15:43:49 2026 00:00:07 /usr/libexec/rtkit-daemon
root        5936       1   1  0.0  0.0 Ssl  Mon Jun 29 15:43:49 2026 00:00:03 /usr/libexec/polkitd --no-debug
root       42426       2  30  0.0  0.0 I    Mon Jun 29 17:51:53 2026 00:00:02 [ldlm_bl_03]
root       42427       2  30  0.0  0.0 I    Mon Jun 29 17:51:53 2026 00:00:01 [ldlm_bl_04]
root       42428       2  30  0.0  0.0 I    Mon Jun 29 17:51:53 2026 00:00:02 [ldlm_bl_05]
root      105244       2  30  0.0  0.0 I    Tue Jun 30 01:14:22 2026 00:00:01 [ldlm_bl_06]
root      383658       2  46  0.0  0.0 I    Wed Jul  1 15:46:41 2026 00:00:01 [ldlm_bl_07]
root      383659       2  30  0.0  0.0 I    Wed Jul  1 15:46:41 2026 00:00:01 [ldlm_bl_08]
root      383660       2  14  0.0  0.0 I    Wed Jul  1 15:46:41 2026 00:00:01 [ldlm_bl_09]
root      383661       2  20  0.0  0.0 I    Wed Jul  1 15:46:41 2026 00:00:01 [ldlm_bl_10]
root      383662       2  30  0.0  0.0 I    Wed Jul  1 15:46:41 2026 00:00:01 [ldlm_bl_11]
root      383663       2  30  0.0  0.0 I    Wed Jul  1 15:46:41 2026 00:00:01 [ldlm_bl_12]
root      383664       2  30  0.0  0.0 I    Wed Jul  1 15:46:41 2026 00:00:05 [ldlm_bl_13]
root      383665       2  17  0.0  0.0 I    Wed Jul  1 15:46:41 2026 00:00:01 [ldlm_bl_14]
root      383666       2  46  0.0  0.0 I    Wed Jul  1 15:46:41 2026 00:00:01 [ldlm_bl_15]
root      383667       2  30  0.0  0.0 I    Wed Jul  1 15:46:41 2026 00:00:02 [ldlm_bl_16]
root      383668       2  30  0.0  0.0 I    Wed Jul  1 15:46:41 2026 00:00:01 [ldlm_bl_17]
root      383669       2  30  0.0  0.0 I    Wed Jul  1 15:46:41 2026 00:00:01 [ldlm_bl_18]
root      383670       2  30  0.0  0.0 I    Wed Jul  1 15:46:41 2026 00:00:01 [ldlm_bl_19]
root      383671       2  44  0.0  0.0 I    Wed Jul  1 15:46:41 2026 00:00:03 [ldlm_bl_20]
root      383672       2  30  0.0  0.0 I    Wed Jul  1 15:46:41 2026 00:00:01 [ldlm_bl_21]
root      383673       2  30  0.0  0.0 I    Wed Jul  1 15:46:41 2026 00:00:01 [ldlm_bl_22]
root      383674       2  19  0.0  0.0 I    Wed Jul  1 15:46:41 2026 00:00:01 [ldlm_bl_23]
root      383675       2  39  0.0  0.0 I    Wed Jul  1 15:46:41 2026 00:00:01 [ldlm_bl_24]
root      383676       2  19  0.0  0.0 I    Wed Jul  1 15:46:41 2026 00:00:01 [ldlm_bl_25]
root      383677       2  42  0.0  0.0 I    Wed Jul  1 15:46:41 2026 00:00:01 [ldlm_bl_26]
root      383678       2  17  0.0  0.0 I    Wed Jul  1 15:46:41 2026 00:00:01 [ldlm_bl_27]
root      383679       2  24  0.0  0.0 I    Wed Jul  1 15:46:41 2026 00:00:01 [ldlm_bl_28]
root      383680       2  40  0.0  0.0 I    Wed Jul  1 15:46:41 2026 00:00:01 [ldlm_bl_29]
root      383681       2  30  0.0  0.0 I    Wed Jul  1 15:46:41 2026 00:00:01 [ldlm_bl_30]
root      383682       2  20  0.0  0.0 I    Wed Jul  1 15:46:41 2026 00:00:01 [ldlm_bl_31]
root      383683       2  19  0.0  0.0 I    Wed Jul  1 15:46:41 2026 00:00:01 [ldlm_bl_32]
root      383684       2  42  0.0  0.0 I    Wed Jul  1 15:46:41 2026 00:00:01 [ldlm_bl_33]
root      383685       2  30  0.0  0.0 I    Wed Jul  1 15:46:41 2026 00:00:01 [ldlm_bl_34]
root      383686       2  30  0.0  0.0 I    Wed Jul  1 15:46:41 2026 00:00:01 [ldlm_bl_35]
root      383687       2  19  0.0  0.0 I    Wed Jul  1 15:46:41 2026 00:00:01 [ldlm_bl_36]
root      383688       2  19  0.0  0.0 I    Wed Jul  1 15:46:41 2026 00:00:01 [ldlm_bl_37]
root      383689       2  39  0.0  0.0 I    Wed Jul  1 15:46:41 2026 00:00:01 [ldlm_bl_38]
root      383690       2  19  0.0  0.0 I    Wed Jul  1 15:46:41 2026 00:00:01 [ldlm_bl_39]
root      383691       2  20  0.0  0.0 I    Wed Jul  1 15:46:41 2026 00:00:01 [ldlm_bl_40]
root      383692       2  20  0.0  0.0 I    Wed Jul  1 15:46:41 2026 00:00:01 [ldlm_bl_41]
root      383693       2  42  0.0  0.0 I    Wed Jul  1 15:46:41 2026 00:00:01 [ldlm_bl_42]
root      383694       2  30  0.0  0.0 I    Wed Jul  1 15:46:41 2026 00:00:01 [ldlm_bl_43]
root      383695       2  30  0.0  0.0 I    Wed Jul  1 15:46:41 2026 00:00:01 [ldlm_bl_44]
root      383696       2  17  0.0  0.0 I    Wed Jul  1 15:46:41 2026 00:00:01 [ldlm_bl_45]
root      383697       2  14  0.0  0.0 I    Wed Jul  1 15:46:41 2026 00:00:01 [ldlm_bl_46]
root      383698       2  30  0.0  0.0 I    Wed Jul  1 15:46:41 2026 00:00:01 [ldlm_bl_47]
root      383699       2   1  0.0  0.0 I    Wed Jul  1 15:46:41 2026 00:00:00 [ldlm_cb00_002]
root      405458       2   3  0.0  0.0 I    Wed Jul  1 18:38:32 2026 00:00:00 [ldlm_cb01_002]
root      416069       1  21  0.0  0.0 Ssl  Thu Jul  2 22:39:58 2026 00:01:16 /snap/snapd/current/usr/lib/snapd/snapd
root      417810       2   4  0.0  0.0 I    Tue Jul 14 16:12:09 2026 00:00:00 [ldlm_cb02_002]
root      506502       2  42  0.0  0.0 I    Thu Jul  2 18:42:09 2026 00:00:00 [ldlm_cb21_002]
root      506503       2  44  0.0  0.0 I    Thu Jul  2 18:42:09 2026 00:00:00 [ldlm_cb22_002]
root      506506       2  36  0.0  0.0 I    Thu Jul  2 18:42:13 2026 00:00:00 [ldlm_cb18_002]
root      506507       2  39  0.0  0.0 I    Thu Jul  2 18:42:13 2026 00:00:00 [ldlm_cb19_002]
root      507985       2  41  0.0  0.0 I    Thu Jul  2 18:51:10 2026 00:00:00 [ldlm_cb20_002]
root      696330       2  10  0.0  0.0 I    Thu Jul 16 15:16:09 2026 00:00:00 [kworker/10:1-rcu_par_gp]
root      756061       2  32  0.0  0.0 I    Fri Jul 17 02:33:30 2026 00:00:00 [ldlm_bl_48]
root      756062       2  30  0.0  0.0 I    Fri Jul 17 02:33:30 2026 00:00:00 [ldlm_bl_49]
root      756063       2  19  0.0  0.0 I    Fri Jul 17 02:33:30 2026 00:00:00 [ldlm_bl_50]
root      756064       2  30  0.0  0.0 I    Fri Jul 17 02:33:30 2026 00:00:00 [ldlm_bl_51]
root      756065       2  19  0.0  0.0 I    Fri Jul 17 02:33:30 2026 00:00:00 [ldlm_bl_52]
root      760660       2  26  0.0  0.0 I    Fri Jul 17 03:22:08 2026 00:00:00 [kworker/26:0-events]
root      762222       2  21  0.0  0.0 I    Fri Jul 17 03:25:49 2026 00:00:00 [kworker/21:1-events]
root      817277       2  36  0.0  0.0 I    Fri Jul 17 15:08:51 2026 00:00:00 [kworker/36:1-rcu_gp]
root      820523       2  31  0.0  0.0 I    Fri Jul 17 15:40:12 2026 00:00:00 [kworker/31:2-rcu_gp]
root      846922       2  27  0.0  0.0 I    Fri Jul 17 15:56:02 2026 00:00:00 [kworker/27:0-mm_percpu_wq]
root      847037       2  28  0.0  0.0 I    Fri Jul 17 15:56:14 2026 00:00:00 [kworker/28:1-rcu_gp]
root      893282       2  25  0.0  0.0 I    Fri Jul 17 16:33:44 2026 00:00:00 [kworker/25:1-xfs-reclaim/nvme0n1p5]
root      893879       2  21  0.0  0.0 I    Fri Jul 17 16:34:46 2026 00:00:00 [kworker/21:0-md]
root      902937       2  39  0.0  0.0 I    Fri Jul 17 18:02:38 2026 00:00:00 [kworker/39:1-events]
root      902964       2  28  0.0  0.0 I    Fri Jul 17 18:02:52 2026 00:00:00 [kworker/28:2-mm_percpu_wq]
root      970375       2  15  0.0  0.0 I    Fri Jul 17 20:49:37 2026 00:00:00 [kworker/15:0-rcu_par_gp]
root      971788       2  30  0.0  0.0 I    Fri Jul 17 20:56:26 2026 00:00:00 [kworker/30:1-mm_percpu_wq]
root      972583       2  20  0.0  0.0 I    Fri Jul 17 21:01:32 2026 00:00:00 [kworker/20:1-events]
root      972713       2  22  0.0  0.0 I    Fri Jul 17 21:01:34 2026 00:00:00 [kworker/22:2-rcu_par_gp]
root      973444       2  37  0.0  0.0 I    Fri Jul 17 21:02:33 2026 00:00:00 [kworker/37:2-events]
root      973475       2  32  0.0  0.0 I    Fri Jul 17 21:02:36 2026 00:00:00 [kworker/32:1-mm_percpu_wq]
root      978362       2  22  0.0  0.0 I    Fri Jul 17 22:07:02 2026 00:00:00 [kworker/22:0-mm_percpu_wq]
root      978885       2  17  0.0  0.0 I    Fri Jul 17 22:11:46 2026 00:00:00 [kworker/17:1-mm_percpu_wq]
root      981075       2  29  0.0  0.0 I    Fri Jul 17 22:11:53 2026 00:00:00 [kworker/29:2-mm_percpu_wq]
root      981392       2  47  0.0  0.0 I    Fri Jul 17 22:12:09 2026 00:00:00 [kworker/47:0-rcu_par_gp]
root      981657       2  23  0.0  0.0 I    Fri Jul 17 22:12:33 2026 00:00:00 [kworker/23:1-mm_percpu_wq]
root      989090       2  19  0.0  0.0 I    Fri Jul 17 23:53:00 2026 00:00:00 [kworker/19:0-rcu_gp]
root     1005429       2  19  0.0  0.0 I    Sat Jul 18 03:33:38 2026 00:00:00 [kworker/19:2-events]
root     1005891       2  16  0.0  0.0 I    Sat Jul 18 03:39:59 2026 00:00:00 [kworker/16:1]
root     1005893       2  18  0.0  0.0 I    Sat Jul 18 03:39:59 2026 00:00:00 [kworker/18:3-events]
root     1018340       2  18  0.0  0.0 I    Sat Jul 18 06:29:59 2026 00:00:00 [kworker/18:1-cgroup_free]
root     1030782       2  24  0.0  0.0 I    Sat Jul 18 09:18:51 2026 00:00:00 [kworker/24:2-events]
root     1039778       2  12  0.0  0.0 I    Sat Jul 18 11:19:59 2026 00:00:00 [kworker/12:1-rcu_gp]
root     1039843       2   0  0.0  0.0 I    Sat Jul 18 11:20:39 2026 00:00:00 [kworker/0:0-events]
root     1040974       2  11  0.0  0.0 I    Sat Jul 18 11:36:01 2026 00:00:00 [kworker/11:1-events]
root     1049977       2  46  0.0  0.0 I    Sat Jul 18 13:30:34 2026 00:00:00 [kworker/46:1-events]
root     1051594       2  15  0.0  0.0 I    Sat Jul 18 13:30:40 2026 00:00:00 [kworker/15:2-mm_percpu_wq]
root     1051628       2  20  0.0  0.0 I    Sat Jul 18 13:30:40 2026 00:00:00 [ldlm_cb10_002]
root     1051708       2  14  0.0  0.0 I    Sat Jul 18 13:30:46 2026 00:00:00 [kworker/14:3-rcu_gp]
root     1055310       2  16  0.0  0.0 I    Sat Jul 18 14:18:56 2026 00:00:00 [kworker/16:0-events]
root     1055348       2   6  0.0  0.0 I    Sat Jul 18 14:19:06 2026 00:00:00 [kworker/6:0-rcu_par_gp]
root     1055467       2   8  0.0  0.0 I    Sat Jul 18 14:19:24 2026 00:00:00 [kworker/8:1-rcu_par_gp]
root     1055631       2  13  0.0  0.0 I    Sat Jul 18 14:19:54 2026 00:00:00 [kworker/13:2-mm_percpu_wq]
root     1067561       2  10  0.0  0.0 I    Sat Jul 18 17:03:00 2026 00:00:00 [kworker/10:0-mm_percpu_wq]
root     1088196       2  31  0.0  0.0 I    Sat Jul 18 21:42:13 2026 00:00:00 [kworker/31:1-events]
root     1100062       2  26  0.0  0.0 I    Sat Jul 18 22:19:07 2026 00:00:00 [kworker/26:1-mm_percpu_wq]
root     1100271       2  27  0.0  0.0 I    Sat Jul 18 22:19:07 2026 00:00:00 [kworker/27:2-events]
root     1100423       2  30  0.0  0.0 I    Sat Jul 18 22:19:08 2026 00:00:00 [kworker/30:2-events]
root     1101278       2  37  0.0  0.0 I    Sat Jul 18 22:19:13 2026 00:00:00 [kworker/37:0]
root     1101280       2  17  0.0  0.0 I    Sat Jul 18 22:19:13 2026 00:00:00 [kworker/17:2-rcu_par_gp]
root     1101378       2  46  0.0  0.0 I    Sat Jul 18 22:19:13 2026 00:00:00 [kworker/46:2-events]
root     1101446       2   8  0.0  0.0 I    Sat Jul 18 22:19:14 2026 00:00:00 [kworker/8:2-mm_percpu_wq]
root     1101450       2   9  0.0  0.0 I    Sat Jul 18 22:19:14 2026 00:00:00 [kworker/9:0-mm_percpu_wq]
root     1102201       2  11  0.0  0.0 I    Sat Jul 18 22:19:28 2026 00:00:00 [kworker/11:0-cgroup_free]
root     1102215       2  24  0.0  0.0 I    Sat Jul 18 22:19:28 2026 00:00:00 [kworker/24:1-events]
root     1102218       2  12  0.0  0.0 I    Sat Jul 18 22:19:30 2026 00:00:00 [kworker/12:2-rcu_par_gp]
root     1102442       2  20  0.0  0.0 I    Sat Jul 18 22:19:39 2026 00:00:00 [kworker/20:2-mm_percpu_wq]
root     1102613       2  13  0.0  0.0 I    Sat Jul 18 22:19:56 2026 00:00:00 [kworker/13:0-cgroup_free]
root     1102615       2  14  0.0  0.0 I    Sat Jul 18 22:19:57 2026 00:00:00 [kworker/14:0-mm_percpu_wq]
root     1104383       2  25  0.0  0.0 I    Sat Jul 18 22:21:14 2026 00:00:00 [kworker/25:0]
root     1105721       2   9  0.0  0.0 I    Sat Jul 18 22:24:39 2026 00:00:00 [kworker/9:2-md]
root     1106769       2  23  0.0  0.0 I    Sat Jul 18 22:27:26 2026 00:00:00 [kworker/23:2-events]
root     1106914       2  33  0.0  0.0 I    Sat Jul 18 22:27:26 2026 00:00:00 [kworker/33:1-events]
root     1106917       2  32  0.0  0.0 I    Sat Jul 18 22:27:28 2026 00:00:00 [kworker/32:2-events]
root     1107089       2  30  0.0  0.0 I<   Sat Jul 18 22:27:34 2026 00:00:00 [kworker/u97:0-ib-comp-unb-wq]
root     1107880       2   4  0.0  0.0 I    Sat Jul 18 22:34:41 2026 00:00:00 [kworker/4:0-rcu_par_gp]
root     1107891       2   5  0.0  0.0 I    Sat Jul 18 22:34:41 2026 00:00:00 [kworker/5:2-rcu_gp]
root     1108524       2  47  0.0  0.0 I    Sat Jul 18 22:35:23 2026 00:00:00 [kworker/47:1-events]
root     1108693       2  33  0.0  0.0 I    Sat Jul 18 22:35:53 2026 00:00:00 [kworker/33:3-events]
root     1109143       2  29  0.0  0.0 I    Sat Jul 18 22:39:21 2026 00:00:00 [kworker/29:1-events]
root     1109915       2  39  0.0  0.0 I    Sat Jul 18 22:40:05 2026 00:00:00 [kworker/39:2-events]
root     1109979       2   3  0.0  0.0 I    Sat Jul 18 22:40:19 2026 00:00:00 [kworker/3:1-rcu_gp]
root     1110007       2  34  0.0  0.0 I    Sat Jul 18 22:40:30 2026 00:00:00 [kworker/34:2-rcu_gp]
root     1110338       2   6  0.0  0.0 I    Sat Jul 18 22:44:01 2026 00:00:00 [kworker/6:2-events]
root     1110349       2   0  0.0  0.0 I    Sat Jul 18 22:44:01 2026 00:00:03 [kworker/0:1-events]
root     1110511       2  38  0.0  0.0 I    Sat Jul 18 22:44:06 2026 00:00:00 [kworker/38:2-rcu_gp]
root     1112262       2   7  0.0  0.0 I    Sat Jul 18 22:50:41 2026 00:00:00 [kworker/7:2-rcu_gp]
root     1112380       2  38  0.0  0.0 I    Sat Jul 18 22:50:53 2026 00:00:00 [kworker/38:0-events]
root     1112494       2  34  0.0  0.0 I    Sat Jul 18 22:50:55 2026 00:00:00 [kworker/34:1-rcu_par_gp]
root     1112517       2  44  0.0  0.0 I    Sat Jul 18 22:50:56 2026 00:00:00 [kworker/44:1-events]
root     1112518       2  41  0.0  0.0 I    Sat Jul 18 22:50:57 2026 00:00:00 [kworker/41:2-cgroup_free]
root     1112625       2  42  0.0  0.0 I    Sat Jul 18 22:51:03 2026 00:00:00 [kworker/42:0-rcu_gp]
root     1112673       2   2  0.0  0.0 I    Sat Jul 18 22:51:18 2026 00:00:00 [kworker/2:1-cgroup_free]
root     1113199       2  40  0.0  0.0 I    Sat Jul 18 22:58:25 2026 00:00:00 [kworker/40:3-rcu_gp]
root     1113431       2   7  0.0  0.0 I    Sat Jul 18 23:00:41 2026 00:00:00 [kworker/7:0-events]
root     1113585       2   3  0.0  0.0 I    Sat Jul 18 23:00:45 2026 00:00:00 [kworker/3:0-events]
root     1113709       2  45  0.0  0.0 I    Sat Jul 18 23:00:49 2026 00:00:00 [kworker/45:1-cgroup_release]
root     1113710       2  41  0.0  0.0 I    Sat Jul 18 23:00:49 2026 00:00:00 [kworker/41:0-events]
root     1114191       2  35  0.0  0.0 I    Sat Jul 18 23:04:37 2026 00:00:00 [kworker/35:1-rcu_gp]
postfix  1115584    4125  17  0.0  0.0 S    Sat Jul 18 23:23:38 2026 00:00:00 pickup -l -t unix -u -c
root     1118238       2  44  0.0  0.0 I    Sat Jul 18 23:59:59 2026 00:00:00 [kworker/44:2]
root     1119012       2   1  0.0  0.0 I    Sun Jul 19 00:09:59 2026 00:00:00 [kworker/1:0]
root     1119273       2  45  0.0  0.0 I    Sun Jul 19 00:13:26 2026 00:00:00 [kworker/45:2-events]
root     1119424       2   5  0.0  0.0 I    Sun Jul 19 00:13:54 2026 00:00:00 [kworker/5:1-mm_percpu_wq]
root     1120007       2  43  0.0  0.0 I    Sun Jul 19 00:19:59 2026 00:00:00 [kworker/43:1-events]
root     1120033       2   1  0.0  0.0 I    Sun Jul 19 00:20:04 2026 00:00:00 [kworker/u96:2-flush-259:1]
root     1120408       2  10  0.0  0.0 I    Sun Jul 19 00:25:11 2026 00:00:00 [kworker/u96:4-flush-259:1]
root     1120736       2   1  0.0  0.0 I    Sun Jul 19 00:29:59 2026 00:00:00 [kworker/1:2-events]
root     1120738       2  43  0.0  0.0 I    Sun Jul 19 00:29:59 2026 00:00:00 [kworker/43:3-rcu_par_gp]
root     1120908       2  34  0.0  0.0 I    Sun Jul 19 00:32:05 2026 00:00:00 [kworker/u96:1-flush-259:1]
root     1121131       2  35  0.0  0.0 I    Sun Jul 19 00:34:31 2026 00:00:00 [kworker/35:2-events]
root     1121262       2  40  0.0  0.0 I    Sun Jul 19 00:34:34 2026 00:00:00 [kworker/40:0-events]
root     1121391       2   4  0.0  0.0 I    Sun Jul 19 00:34:38 2026 00:00:00 [kworker/4:2-events]
root     1121392       2  42  0.0  0.0 I    Sun Jul 19 00:34:38 2026 00:00:00 [kworker/42:1-events]
root     1121929       2   2  0.0  0.0 I    Sun Jul 19 00:35:14 2026 00:00:00 [kworker/2:0-mm_percpu_wq]
root     1121996       2  36  0.0  0.0 I    Sun Jul 19 00:36:04 2026 00:00:00 [kworker/36:2-rcu_par_gp]
root     1122213       2  23  0.0  0.0 I    Sun Jul 19 00:39:05 2026 00:00:00 [kworker/u96:0-flush-259:1]
root     1122940       2   0  0.0  0.0 I    Sun Jul 19 00:49:05 2026 00:00:00 [kworker/u96:3-writeback]
root     1122990       2  43  0.0  0.0 I    Sun Jul 19 00:49:59 2026 00:00:00 [kworker/43:0-cgroup_free]
root     1122991       2  43  0.0  0.0 I    Sun Jul 19 00:49:59 2026 00:00:00 [kworker/43:2]
root     1123089       2  12  0.0  0.0 I    Sun Jul 19 00:51:06 2026 00:00:00 [kworker/u96:5-events_power_efficient]
root     1123317       2  34  0.0  0.0 I    Sun Jul 19 00:53:37 2026 00:00:00 [kworker/34:0-events]
root     1123319       2  36  0.0  0.0 I<   Sun Jul 19 00:53:37 2026 00:00:00 [xfs-buf/md0]
root     1123320       2  37  0.0  0.0 I<   Sun Jul 19 00:53:37 2026 00:00:00 [xfs-conv/md0]
root     1123321       2  38  0.0  0.0 I<   Sun Jul 19 00:53:37 2026 00:00:00 [xfs-reclaim/md0]
root     1123322       2  40  0.0  0.0 I<   Sun Jul 19 00:53:37 2026 00:00:00 [xfs-blockgc/md0]
root     1123323       2  41  0.0  0.0 I<   Sun Jul 19 00:53:37 2026 00:00:00 [xfs-inodegc/md0]
root     1123324       2  42  0.0  0.0 I<   Sun Jul 19 00:53:37 2026 00:00:00 [xfs-log/md0]
root     1123325       2  44  0.0  0.0 I<   Sun Jul 19 00:53:37 2026 00:00:00 [xfs-cil/md0]
root     1123326       2  45  0.0  0.0 S    Sun Jul 19 00:53:37 2026 00:00:00 [xfsaild/md0]
root     1123462       2  36  0.0  0.0 I    Sun Jul 19 00:53:40 2026 00:00:00 [kworker/36:0-events]
root     1123464       2  41  0.0  0.0 S    Sun Jul 19 00:53:40 2026 00:00:00 [jbd2/pmem0-8]
root     1123465       2  42  0.0  0.0 I<   Sun Jul 19 00:53:40 2026 00:00:00 [ext4-rsv-conver]
root     1123471    2191  25  0.0  0.0 S    Sun Jul 19 00:53:40 2026 00:00:00 /opt/nec/nqsv/sbin/nqs_shpd -h nqsv -n 30
root     1123493       2   2  0.0  0.0 I    Sun Jul 19 00:53:40 2026 00:00:00 [kworker/2:2-events]
root     1123587       2  12  0.0  0.0 I    Sun Jul 19 00:53:43 2026 00:00:00 [kworker/12:0-events]
tanab    1123680 1123471  26  0.0  0.0 Ss   Sun Jul 19 00:53:44 2026 00:00:00 /opt/nec/nqsv/sbin/nqs_shpd -h nqsv -n 30
tanab    1123681 1123680  28  0.0  0.0 S    Sun Jul 19 00:53:44 2026 00:00:00 -bash
tanab    1123700 1123681  28  0.0  0.0 S    Sun Jul 19 00:53:44 2026 00:00:00 /bin/bash /var/opt/nec/nqsv/jsv/jobfile/0.867862.10/user_script
tanab    1123841 1123700  31  0.0  0.0 S    Sun Jul 19 00:53:47 2026 00:00:00 timeout 60 ps -eo user,pid,ppid,psr,pcpu,pmem,stat,lstart,time,args --sort=-pcpu
tanab    1123842 1123841   2  0.0  0.0 R    Sun Jul 19 00:53:47 2026 00:00:00 ps -eo user,pid,ppid,psr,pcpu,pmem,stat,lstart,time,args --sort=-pcpu
root     3618961       2  19  0.0  0.0 I    Thu Jul  9 00:39:32 2026 00:00:00 [ldlm_cb09_002]
root     4161170       2   9  0.0  0.0 I<   Sat Jul 11 22:20:43 2026 00:00:00 [kworker/u97:2-ib-comp-unb-wq]
