USER         PID    PPID PSR %CPU %MEM STAT                  STARTED     TIME COMMAND
root         415       2  38  2.1  0.0 S    Mon Jun 29 15:38:58 2026 09:58:53 [kswapd0]
root        2370       1  43  1.3  0.0 Ss   Mon Jun 29 15:39:23 2026 06:24:54 /opt/nec/nqsv/sbin/nqs_shpd -h nqsv -n 3
root     1109880       1   1  1.3  0.0 Ss   Sun Jul 19 00:53:44 2026 00:00:00 /lib/systemd/systemd-timedated
root           1       0  42  0.8  0.0 Ss   Mon Jun 29 15:38:54 2026 03:51:33 /sbin/init
ganglia     2415       1  11  0.8  0.0 Ssl  Mon Jun 29 15:39:23 2026 03:55:49 /usr/sbin/gmond -c /etc/ganglia/gmond.conf
root        2050       1  19  0.7  0.0 Ssl  Mon Jun 29 15:39:22 2026 03:18:31 /usr/sbin/NetworkManager --no-daemon
root        2062       1  33  0.7  0.0 Ssl  Mon Jun 29 15:39:23 2026 03:30:06 /usr/sbin/irqbalance --foreground
root        2380       1  37  0.7  0.0 Ss   Mon Jun 29 15:39:23 2026 03:22:37 /usr/sbin/cron -f -P
avahi       2047       1  34  0.6  0.0 Ss   Mon Jun 29 15:39:22 2026 03:05:21 avahi-daemon: running [bnode003.local]
zabbix      2528    2523  45  0.6  0.0 S    Mon Jun 29 15:39:23 2026 03:05:57 /usr/sbin/zabbix_agentd: collector [idle 1 sec]
postfix     4003    4001  43  0.6  0.0 S    Mon Jun 29 15:39:38 2026 03:09:57 qmgr -l -t unix -u
root        1148       2  13  0.5  0.0 SN   Mon Jun 29 15:39:22 2026 02:42:39 [kipmi0]
root        2247    2098  14  0.5  0.0 S    Mon Jun 29 15:39:23 2026 02:34:49 /usr/libexec/sssd/sssd_be --domain LDAP --uid 0 --gid 0 --logger=files
zabbix      2534    2523  28  0.5  0.0 S    Mon Jun 29 15:39:23 2026 02:34:08 /usr/sbin/zabbix_agentd: listener #3 [waiting for connection]
root      219479       1  44  0.5  0.0 S<s  Wed Jul  1 01:40:02 2026 02:18:04 /lib/systemd/systemd-journald
root           2       0  26  0.4  0.0 S    Mon Jun 29 15:38:54 2026 02:07:30 [kthreadd]
syslog      2094       1  22  0.4  0.0 Ssl  Mon Jun 29 15:39:23 2026 01:55:27 /usr/sbin/rsyslogd -n -iNONE
zabbix      2535    2523  32  0.4  0.0 S    Mon Jun 29 15:39:23 2026 02:02:33 /usr/sbin/zabbix_agentd: active checks #1 [idle 1 sec]
root        4001       1  38  0.4  0.0 Ss   Mon Jun 29 15:39:38 2026 01:52:31 /usr/lib/postfix/sbin/master -w
systemd+    2038       1  15  0.3  0.0 Ssl  Mon Jun 29 15:39:22 2026 01:50:39 /lib/systemd/systemd-timesyncd
root        3097       2   0  0.3  0.0 I    Mon Jun 29 15:39:30 2026 01:40:42 [ptlrpcd_00_00]
root        3098       2   1  0.3  0.0 I    Mon Jun 29 15:39:30 2026 01:40:53 [ptlrpcd_00_01]
root        3099       2   3  0.3  0.0 I    Mon Jun 29 15:39:30 2026 01:29:10 [ptlrpcd_01_00]
root        3123       2  27  0.3  0.0 I    Mon Jun 29 15:39:30 2026 01:47:35 [ptlrpcd_13_00]
systemd+    2023       1  18  0.2  0.0 Ss   Mon Jun 29 15:39:22 2026 00:57:38 /lib/systemd/systemd-networkd
zabbix      2532    2523  14  0.2  0.0 S    Mon Jun 29 15:39:23 2026 01:21:21 /usr/sbin/zabbix_agentd: listener #1 [waiting for connection]
zabbix      2533    2523  38  0.2  0.0 S    Mon Jun 29 15:39:23 2026 01:20:26 /usr/sbin/zabbix_agentd: listener #2 [waiting for connection]
root        3102       2   5  0.2  0.0 I    Mon Jun 29 15:39:30 2026 01:01:22 [ptlrpcd_02_01]
root        3105       2   9  0.1  0.0 I    Mon Jun 29 15:39:30 2026 00:46:57 [ptlrpcd_04_00]
root        3107       2  11  0.1  0.0 I    Mon Jun 29 15:39:30 2026 00:47:22 [ptlrpcd_05_00]
root        3108       2  11  0.1  0.0 I    Mon Jun 29 15:39:30 2026 00:47:55 [ptlrpcd_05_01]
root        3110       2  13  0.1  0.0 I    Mon Jun 29 15:39:30 2026 00:41:56 [ptlrpcd_06_01]
root        3111       2  14  0.1  0.0 I    Mon Jun 29 15:39:30 2026 00:45:56 [ptlrpcd_07_00]
root        3112       2  15  0.1  0.0 I    Mon Jun 29 15:39:30 2026 00:44:58 [ptlrpcd_07_01]
root        3127       2  31  0.1  0.0 I    Mon Jun 29 15:39:30 2026 00:51:14 [ptlrpcd_15_00]
root        3129       2  32  0.1  0.0 I    Mon Jun 29 15:39:30 2026 00:48:19 [ptlrpcd_16_00]
root        3130       2  33  0.1  0.0 I    Mon Jun 29 15:39:30 2026 00:47:53 [ptlrpcd_16_01]
root           3       2   0  0.0  0.0 I<   Mon Jun 29 15:38:54 2026 00:00:00 [rcu_gp]
root           4       2  16  0.0  0.0 I<   Mon Jun 29 15:38:54 2026 00:00:00 [rcu_par_gp]
root           5       2   0  0.0  0.0 I<   Mon Jun 29 15:38:54 2026 00:00:00 [slub_flushwq]
root           6       2   0  0.0  0.0 I<   Mon Jun 29 15:38:54 2026 00:00:00 [netns]
root           8       2   0  0.0  0.0 I<   Mon Jun 29 15:38:54 2026 00:00:00 [kworker/0:0H-events_highpri]
root          10       2  33  0.0  0.0 I<   Mon Jun 29 15:38:54 2026 00:00:00 [mm_percpu_wq]
root          11       2   0  0.0  0.0 S    Mon Jun 29 15:38:54 2026 00:00:00 [rcu_tasks_rude_]
root          12       2   0  0.0  0.0 S    Mon Jun 29 15:38:54 2026 00:00:00 [rcu_tasks_trace]
root          13       2   0  0.0  0.0 S    Mon Jun 29 15:38:54 2026 00:00:10 [ksoftirqd/0]
root          14       2  14  0.0  0.0 I    Mon Jun 29 15:38:54 2026 00:03:53 [rcu_sched]
root          15       2   0  0.0  0.0 S    Mon Jun 29 15:38:54 2026 00:00:00 [migration/0]
root          16       2   0  0.0  0.0 S    Mon Jun 29 15:38:54 2026 00:00:00 [idle_inject/0]
root          18       2   0  0.0  0.0 S    Mon Jun 29 15:38:54 2026 00:00:00 [cpuhp/0]
root          19       2   1  0.0  0.0 S    Mon Jun 29 15:38:54 2026 00:00:00 [cpuhp/1]
root          20       2   1  0.0  0.0 S    Mon Jun 29 15:38:54 2026 00:00:00 [idle_inject/1]
root          21       2   1  0.0  0.0 S    Mon Jun 29 15:38:54 2026 00:00:01 [migration/1]
root          22       2   1  0.0  0.0 S    Mon Jun 29 15:38:54 2026 00:00:08 [ksoftirqd/1]
root          24       2   1  0.0  0.0 I<   Mon Jun 29 15:38:54 2026 00:00:00 [kworker/1:0H-events_highpri]
root          25       2   2  0.0  0.0 S    Mon Jun 29 15:38:54 2026 00:00:00 [cpuhp/2]
root          26       2   2  0.0  0.0 S    Mon Jun 29 15:38:54 2026 00:00:00 [idle_inject/2]
root          27       2   2  0.0  0.0 S    Mon Jun 29 15:38:54 2026 00:00:01 [migration/2]
root          28       2   2  0.0  0.0 S    Mon Jun 29 15:38:54 2026 00:00:07 [ksoftirqd/2]
root          30       2   2  0.0  0.0 I<   Mon Jun 29 15:38:54 2026 00:00:00 [kworker/2:0H-events_highpri]
root          31       2   3  0.0  0.0 S    Mon Jun 29 15:38:54 2026 00:00:00 [cpuhp/3]
root          32       2   3  0.0  0.0 S    Mon Jun 29 15:38:54 2026 00:00:00 [idle_inject/3]
root          33       2   3  0.0  0.0 S    Mon Jun 29 15:38:54 2026 00:00:01 [migration/3]
root          34       2   3  0.0  0.0 S    Mon Jun 29 15:38:54 2026 00:00:09 [ksoftirqd/3]
root          36       2   3  0.0  0.0 I<   Mon Jun 29 15:38:54 2026 00:00:00 [kworker/3:0H-events_highpri]
root          37       2   4  0.0  0.0 S    Mon Jun 29 15:38:54 2026 00:00:00 [cpuhp/4]
root          38       2   4  0.0  0.0 S    Mon Jun 29 15:38:54 2026 00:00:00 [idle_inject/4]
root          39       2   4  0.0  0.0 S    Mon Jun 29 15:38:54 2026 00:00:01 [migration/4]
root          40       2   4  0.0  0.0 S    Mon Jun 29 15:38:54 2026 00:00:09 [ksoftirqd/4]
root          42       2   4  0.0  0.0 I<   Mon Jun 29 15:38:54 2026 00:00:00 [kworker/4:0H-events_highpri]
root          43       2   5  0.0  0.0 S    Mon Jun 29 15:38:54 2026 00:00:00 [cpuhp/5]
root          44       2   5  0.0  0.0 S    Mon Jun 29 15:38:54 2026 00:00:00 [idle_inject/5]
root          45       2   5  0.0  0.0 S    Mon Jun 29 15:38:54 2026 00:00:01 [migration/5]
root          46       2   5  0.0  0.0 S    Mon Jun 29 15:38:54 2026 00:00:10 [ksoftirqd/5]
root          48       2   5  0.0  0.0 I<   Mon Jun 29 15:38:54 2026 00:00:00 [kworker/5:0H-events_highpri]
root          49       2   6  0.0  0.0 S    Mon Jun 29 15:38:54 2026 00:00:00 [cpuhp/6]
root          50       2   6  0.0  0.0 S    Mon Jun 29 15:38:54 2026 00:00:00 [idle_inject/6]
root          51       2   6  0.0  0.0 S    Mon Jun 29 15:38:54 2026 00:00:01 [migration/6]
root          52       2   6  0.0  0.0 S    Mon Jun 29 15:38:54 2026 00:00:08 [ksoftirqd/6]
root          54       2   6  0.0  0.0 I<   Mon Jun 29 15:38:54 2026 00:00:00 [kworker/6:0H-events_highpri]
root          55       2   7  0.0  0.0 S    Mon Jun 29 15:38:55 2026 00:00:00 [cpuhp/7]
root          56       2   7  0.0  0.0 S    Mon Jun 29 15:38:55 2026 00:00:00 [idle_inject/7]
root          57       2   7  0.0  0.0 S    Mon Jun 29 15:38:55 2026 00:00:01 [migration/7]
root          58       2   7  0.0  0.0 S    Mon Jun 29 15:38:55 2026 00:00:16 [ksoftirqd/7]
root          60       2   7  0.0  0.0 I<   Mon Jun 29 15:38:55 2026 00:00:00 [kworker/7:0H-events_highpri]
root          61       2   8  0.0  0.0 S    Mon Jun 29 15:38:55 2026 00:00:00 [cpuhp/8]
root          62       2   8  0.0  0.0 S    Mon Jun 29 15:38:55 2026 00:00:00 [idle_inject/8]
root          63       2   8  0.0  0.0 S    Mon Jun 29 15:38:55 2026 00:00:01 [migration/8]
root          64       2   8  0.0  0.0 S    Mon Jun 29 15:38:55 2026 00:00:27 [ksoftirqd/8]
root          66       2   8  0.0  0.0 I<   Mon Jun 29 15:38:55 2026 00:00:00 [kworker/8:0H-events_highpri]
root          67       2   9  0.0  0.0 S    Mon Jun 29 15:38:55 2026 00:00:00 [cpuhp/9]
root          68       2   9  0.0  0.0 S    Mon Jun 29 15:38:55 2026 00:00:00 [idle_inject/9]
root          69       2   9  0.0  0.0 S    Mon Jun 29 15:38:55 2026 00:00:01 [migration/9]
root          70       2   9  0.0  0.0 S    Mon Jun 29 15:38:55 2026 00:00:20 [ksoftirqd/9]
root          72       2   9  0.0  0.0 I<   Mon Jun 29 15:38:55 2026 00:00:00 [kworker/9:0H-xfs-log/nvme0n1p4]
root          73       2  10  0.0  0.0 S    Mon Jun 29 15:38:55 2026 00:00:00 [cpuhp/10]
root          74       2  10  0.0  0.0 S    Mon Jun 29 15:38:55 2026 00:00:00 [idle_inject/10]
root          75       2  10  0.0  0.0 S    Mon Jun 29 15:38:55 2026 00:00:01 [migration/10]
root          76       2  10  0.0  0.0 S    Mon Jun 29 15:38:55 2026 00:00:09 [ksoftirqd/10]
root          78       2  10  0.0  0.0 I<   Mon Jun 29 15:38:55 2026 00:00:00 [kworker/10:0H-xfs-log/nvme0n1p4]
root          79       2  11  0.0  0.0 S    Mon Jun 29 15:38:55 2026 00:00:00 [cpuhp/11]
root          80       2  11  0.0  0.0 S    Mon Jun 29 15:38:55 2026 00:00:00 [idle_inject/11]
root          81       2  11  0.0  0.0 S    Mon Jun 29 15:38:55 2026 00:00:01 [migration/11]
root          82       2  11  0.0  0.0 S    Mon Jun 29 15:38:55 2026 00:00:21 [ksoftirqd/11]
root          84       2  11  0.0  0.0 I<   Mon Jun 29 15:38:55 2026 00:00:00 [kworker/11:0H-events_highpri]
root          85       2  12  0.0  0.0 S    Mon Jun 29 15:38:55 2026 00:00:00 [cpuhp/12]
root          86       2  12  0.0  0.0 S    Mon Jun 29 15:38:55 2026 00:00:00 [idle_inject/12]
root          87       2  12  0.0  0.0 S    Mon Jun 29 15:38:55 2026 00:00:01 [migration/12]
root          88       2  12  0.0  0.0 S    Mon Jun 29 15:38:55 2026 00:00:10 [ksoftirqd/12]
root          90       2  12  0.0  0.0 I<   Mon Jun 29 15:38:55 2026 00:00:00 [kworker/12:0H-xfs-log/nvme0n1p4]
root          91       2  13  0.0  0.0 S    Mon Jun 29 15:38:55 2026 00:00:00 [cpuhp/13]
root          92       2  13  0.0  0.0 S    Mon Jun 29 15:38:55 2026 00:00:00 [idle_inject/13]
root          93       2  13  0.0  0.0 S    Mon Jun 29 15:38:55 2026 00:00:02 [migration/13]
root          94       2  13  0.0  0.0 S    Mon Jun 29 15:38:55 2026 00:00:09 [ksoftirqd/13]
root          96       2  13  0.0  0.0 I<   Mon Jun 29 15:38:55 2026 00:00:00 [kworker/13:0H-events_highpri]
root          97       2  14  0.0  0.0 S    Mon Jun 29 15:38:55 2026 00:00:00 [cpuhp/14]
root          98       2  14  0.0  0.0 S    Mon Jun 29 15:38:55 2026 00:00:00 [idle_inject/14]
root          99       2  14  0.0  0.0 S    Mon Jun 29 15:38:55 2026 00:00:02 [migration/14]
root         100       2  14  0.0  0.0 S    Mon Jun 29 15:38:55 2026 00:00:08 [ksoftirqd/14]
root         102       2  14  0.0  0.0 I<   Mon Jun 29 15:38:55 2026 00:00:00 [kworker/14:0H-events_highpri]
root         103       2  15  0.0  0.0 S    Mon Jun 29 15:38:55 2026 00:00:00 [cpuhp/15]
root         104       2  15  0.0  0.0 S    Mon Jun 29 15:38:55 2026 00:00:00 [idle_inject/15]
root         105       2  15  0.0  0.0 S    Mon Jun 29 15:38:55 2026 00:00:02 [migration/15]
root         106       2  15  0.0  0.0 S    Mon Jun 29 15:38:55 2026 00:00:06 [ksoftirqd/15]
root         108       2  15  0.0  0.0 I<   Mon Jun 29 15:38:55 2026 00:00:00 [kworker/15:0H-events_highpri]
root         109       2  16  0.0  0.0 S    Mon Jun 29 15:38:55 2026 00:00:00 [cpuhp/16]
root         110       2  16  0.0  0.0 S    Mon Jun 29 15:38:55 2026 00:00:00 [idle_inject/16]
root         111       2  16  0.0  0.0 S    Mon Jun 29 15:38:55 2026 00:00:02 [migration/16]
root         112       2  16  0.0  0.0 S    Mon Jun 29 15:38:55 2026 00:00:09 [ksoftirqd/16]
root         114       2  16  0.0  0.0 I<   Mon Jun 29 15:38:55 2026 00:00:00 [kworker/16:0H-events_highpri]
root         115       2  17  0.0  0.0 S    Mon Jun 29 15:38:55 2026 00:00:00 [cpuhp/17]
root         116       2  17  0.0  0.0 S    Mon Jun 29 15:38:55 2026 00:00:00 [idle_inject/17]
root         117       2  17  0.0  0.0 S    Mon Jun 29 15:38:55 2026 00:00:02 [migration/17]
root         118       2  17  0.0  0.0 S    Mon Jun 29 15:38:55 2026 00:00:12 [ksoftirqd/17]
root         120       2  17  0.0  0.0 I<   Mon Jun 29 15:38:55 2026 00:00:00 [kworker/17:0H-events_highpri]
root         121       2  18  0.0  0.0 S    Mon Jun 29 15:38:55 2026 00:00:00 [cpuhp/18]
root         122       2  18  0.0  0.0 S    Mon Jun 29 15:38:55 2026 00:00:00 [idle_inject/18]
root         123       2  18  0.0  0.0 S    Mon Jun 29 15:38:55 2026 00:00:02 [migration/18]
root         124       2  18  0.0  0.0 S    Mon Jun 29 15:38:55 2026 00:00:11 [ksoftirqd/18]
root         126       2  18  0.0  0.0 I<   Mon Jun 29 15:38:55 2026 00:00:00 [kworker/18:0H-events_highpri]
root         127       2  19  0.0  0.0 S    Mon Jun 29 15:38:55 2026 00:00:00 [cpuhp/19]
root         128       2  19  0.0  0.0 S    Mon Jun 29 15:38:55 2026 00:00:00 [idle_inject/19]
root         129       2  19  0.0  0.0 S    Mon Jun 29 15:38:55 2026 00:00:02 [migration/19]
root         130       2  19  0.0  0.0 S    Mon Jun 29 15:38:55 2026 00:00:10 [ksoftirqd/19]
root         132       2  19  0.0  0.0 I<   Mon Jun 29 15:38:55 2026 00:00:00 [kworker/19:0H-events_highpri]
root         133       2  20  0.0  0.0 S    Mon Jun 29 15:38:55 2026 00:00:00 [cpuhp/20]
root         134       2  20  0.0  0.0 S    Mon Jun 29 15:38:55 2026 00:00:00 [idle_inject/20]
root         135       2  20  0.0  0.0 S    Mon Jun 29 15:38:55 2026 00:00:02 [migration/20]
root         136       2  20  0.0  0.0 S    Mon Jun 29 15:38:55 2026 00:00:08 [ksoftirqd/20]
root         138       2  20  0.0  0.0 I<   Mon Jun 29 15:38:55 2026 00:00:00 [kworker/20:0H-events_highpri]
root         139       2  21  0.0  0.0 S    Mon Jun 29 15:38:55 2026 00:00:00 [cpuhp/21]
root         140       2  21  0.0  0.0 S    Mon Jun 29 15:38:55 2026 00:00:00 [idle_inject/21]
root         141       2  21  0.0  0.0 S    Mon Jun 29 15:38:55 2026 00:00:02 [migration/21]
root         142       2  21  0.0  0.0 S    Mon Jun 29 15:38:55 2026 00:00:19 [ksoftirqd/21]
root         144       2  21  0.0  0.0 I<   Mon Jun 29 15:38:55 2026 00:00:00 [kworker/21:0H-events_highpri]
root         145       2  22  0.0  0.0 S    Mon Jun 29 15:38:55 2026 00:00:00 [cpuhp/22]
root         146       2  22  0.0  0.0 S    Mon Jun 29 15:38:55 2026 00:00:00 [idle_inject/22]
root         147       2  22  0.0  0.0 S    Mon Jun 29 15:38:55 2026 00:00:02 [migration/22]
root         148       2  22  0.0  0.0 S    Mon Jun 29 15:38:55 2026 00:00:05 [ksoftirqd/22]
root         150       2  22  0.0  0.0 I<   Mon Jun 29 15:38:55 2026 00:00:00 [kworker/22:0H-events_highpri]
root         151       2  23  0.0  0.0 S    Mon Jun 29 15:38:56 2026 00:00:00 [cpuhp/23]
root         152       2  23  0.0  0.0 S    Mon Jun 29 15:38:56 2026 00:00:00 [idle_inject/23]
root         153       2  23  0.0  0.0 S    Mon Jun 29 15:38:56 2026 00:00:02 [migration/23]
root         154       2  23  0.0  0.0 S    Mon Jun 29 15:38:56 2026 00:00:03 [ksoftirqd/23]
root         156       2  23  0.0  0.0 I<   Mon Jun 29 15:38:56 2026 00:00:00 [kworker/23:0H-events_highpri]
root         157       2  24  0.0  0.0 S    Mon Jun 29 15:38:56 2026 00:00:00 [cpuhp/24]
root         158       2  24  0.0  0.0 S    Mon Jun 29 15:38:56 2026 00:00:00 [idle_inject/24]
root         159       2  24  0.0  0.0 S    Mon Jun 29 15:38:56 2026 00:00:02 [migration/24]
root         160       2  24  0.0  0.0 S    Mon Jun 29 15:38:56 2026 00:00:13 [ksoftirqd/24]
root         162       2  24  0.0  0.0 I<   Mon Jun 29 15:38:56 2026 00:00:00 [kworker/24:0H-kblockd]
root         163       2  25  0.0  0.0 S    Mon Jun 29 15:38:56 2026 00:00:00 [cpuhp/25]
root         164       2  25  0.0  0.0 S    Mon Jun 29 15:38:56 2026 00:00:00 [idle_inject/25]
root         165       2  25  0.0  0.0 S    Mon Jun 29 15:38:56 2026 00:00:02 [migration/25]
root         166       2  25  0.0  0.0 S    Mon Jun 29 15:38:56 2026 00:00:07 [ksoftirqd/25]
root         168       2  25  0.0  0.0 I<   Mon Jun 29 15:38:56 2026 00:00:00 [kworker/25:0H-kblockd]
root         169       2  26  0.0  0.0 S    Mon Jun 29 15:38:56 2026 00:00:00 [cpuhp/26]
root         170       2  26  0.0  0.0 S    Mon Jun 29 15:38:56 2026 00:00:00 [idle_inject/26]
root         171       2  26  0.0  0.0 S    Mon Jun 29 15:38:56 2026 00:00:02 [migration/26]
root         172       2  26  0.0  0.0 S    Mon Jun 29 15:38:56 2026 00:00:14 [ksoftirqd/26]
root         174       2  26  0.0  0.0 I<   Mon Jun 29 15:38:56 2026 00:00:00 [kworker/26:0H-events_highpri]
root         175       2  27  0.0  0.0 S    Mon Jun 29 15:38:56 2026 00:00:00 [cpuhp/27]
root         176       2  27  0.0  0.0 S    Mon Jun 29 15:38:56 2026 00:00:00 [idle_inject/27]
root         177       2  27  0.0  0.0 S    Mon Jun 29 15:38:56 2026 00:00:02 [migration/27]
root         178       2  27  0.0  0.0 S    Mon Jun 29 15:38:56 2026 00:00:10 [ksoftirqd/27]
root         180       2  27  0.0  0.0 I<   Mon Jun 29 15:38:56 2026 00:00:00 [kworker/27:0H-events_highpri]
root         181       2  28  0.0  0.0 S    Mon Jun 29 15:38:56 2026 00:00:00 [cpuhp/28]
root         182       2  28  0.0  0.0 S    Mon Jun 29 15:38:56 2026 00:00:00 [idle_inject/28]
root         183       2  28  0.0  0.0 S    Mon Jun 29 15:38:56 2026 00:00:02 [migration/28]
root         184       2  28  0.0  0.0 S    Mon Jun 29 15:38:56 2026 00:00:10 [ksoftirqd/28]
root         186       2  28  0.0  0.0 I<   Mon Jun 29 15:38:56 2026 00:00:00 [kworker/28:0H-events_highpri]
root         187       2  29  0.0  0.0 S    Mon Jun 29 15:38:56 2026 00:00:00 [cpuhp/29]
root         188       2  29  0.0  0.0 S    Mon Jun 29 15:38:56 2026 00:00:00 [idle_inject/29]
root         189       2  29  0.0  0.0 S    Mon Jun 29 15:38:56 2026 00:00:03 [migration/29]
root         190       2  29  0.0  0.0 S    Mon Jun 29 15:38:56 2026 00:00:09 [ksoftirqd/29]
root         192       2  29  0.0  0.0 I<   Mon Jun 29 15:38:56 2026 00:00:00 [kworker/29:0H-events_highpri]
root         193       2  30  0.0  0.0 S    Mon Jun 29 15:38:56 2026 00:00:00 [cpuhp/30]
root         194       2  30  0.0  0.0 S    Mon Jun 29 15:38:56 2026 00:00:00 [idle_inject/30]
root         195       2  30  0.0  0.0 S    Mon Jun 29 15:38:56 2026 00:00:03 [migration/30]
root         196       2  30  0.0  0.0 S    Mon Jun 29 15:38:56 2026 00:00:13 [ksoftirqd/30]
root         198       2  30  0.0  0.0 I<   Mon Jun 29 15:38:56 2026 00:00:00 [kworker/30:0H-events_highpri]
root         199       2  31  0.0  0.0 S    Mon Jun 29 15:38:56 2026 00:00:00 [cpuhp/31]
root         200       2  31  0.0  0.0 S    Mon Jun 29 15:38:56 2026 00:00:00 [idle_inject/31]
root         201       2  31  0.0  0.0 S    Mon Jun 29 15:38:56 2026 00:00:03 [migration/31]
root         202       2  31  0.0  0.0 S    Mon Jun 29 15:38:56 2026 00:00:09 [ksoftirqd/31]
root         204       2  31  0.0  0.0 I<   Mon Jun 29 15:38:56 2026 00:00:00 [kworker/31:0H-events_highpri]
root         205       2  32  0.0  0.0 S    Mon Jun 29 15:38:56 2026 00:00:00 [cpuhp/32]
root         206       2  32  0.0  0.0 S    Mon Jun 29 15:38:56 2026 00:00:00 [idle_inject/32]
root         207       2  32  0.0  0.0 S    Mon Jun 29 15:38:56 2026 00:00:00 [migration/32]
root         208       2  32  0.0  0.0 S    Mon Jun 29 15:38:56 2026 00:00:11 [ksoftirqd/32]
root         210       2  32  0.0  0.0 I<   Mon Jun 29 15:38:56 2026 00:00:00 [kworker/32:0H-events_highpri]
root         212       2  33  0.0  0.0 S    Mon Jun 29 15:38:56 2026 00:00:00 [cpuhp/33]
root         213       2  33  0.0  0.0 S    Mon Jun 29 15:38:56 2026 00:00:00 [idle_inject/33]
root         214       2  33  0.0  0.0 S    Mon Jun 29 15:38:56 2026 00:00:00 [migration/33]
root         215       2  33  0.0  0.0 S    Mon Jun 29 15:38:56 2026 00:00:15 [ksoftirqd/33]
root         217       2  33  0.0  0.0 I<   Mon Jun 29 15:38:56 2026 00:00:00 [kworker/33:0H-events_highpri]
root         218       2  34  0.0  0.0 S    Mon Jun 29 15:38:56 2026 00:00:00 [cpuhp/34]
root         219       2  34  0.0  0.0 S    Mon Jun 29 15:38:56 2026 00:00:00 [idle_inject/34]
root         220       2  34  0.0  0.0 S    Mon Jun 29 15:38:56 2026 00:00:00 [migration/34]
root         221       2  34  0.0  0.0 S    Mon Jun 29 15:38:56 2026 00:00:14 [ksoftirqd/34]
root         223       2  34  0.0  0.0 I<   Mon Jun 29 15:38:56 2026 00:00:00 [kworker/34:0H-events_highpri]
root         224       2  35  0.0  0.0 S    Mon Jun 29 15:38:56 2026 00:00:00 [cpuhp/35]
root         225       2  35  0.0  0.0 S    Mon Jun 29 15:38:56 2026 00:00:00 [idle_inject/35]
root         226       2  35  0.0  0.0 S    Mon Jun 29 15:38:56 2026 00:00:00 [migration/35]
root         227       2  35  0.0  0.0 S    Mon Jun 29 15:38:56 2026 00:00:12 [ksoftirqd/35]
root         229       2  35  0.0  0.0 I<   Mon Jun 29 15:38:56 2026 00:00:00 [kworker/35:0H-events_highpri]
root         230       2  36  0.0  0.0 S    Mon Jun 29 15:38:56 2026 00:00:00 [cpuhp/36]
root         231       2  36  0.0  0.0 S    Mon Jun 29 15:38:56 2026 00:00:00 [idle_inject/36]
root         232       2  36  0.0  0.0 S    Mon Jun 29 15:38:56 2026 00:00:00 [migration/36]
root         233       2  36  0.0  0.0 S    Mon Jun 29 15:38:56 2026 00:00:10 [ksoftirqd/36]
root         235       2  36  0.0  0.0 I<   Mon Jun 29 15:38:56 2026 00:00:00 [kworker/36:0H-kblockd]
root         236       2  37  0.0  0.0 S    Mon Jun 29 15:38:56 2026 00:00:00 [cpuhp/37]
root         237       2  37  0.0  0.0 S    Mon Jun 29 15:38:56 2026 00:00:00 [idle_inject/37]
root         238       2  37  0.0  0.0 S    Mon Jun 29 15:38:56 2026 00:00:00 [migration/37]
root         239       2  37  0.0  0.0 S    Mon Jun 29 15:38:56 2026 00:00:09 [ksoftirqd/37]
root         241       2  37  0.0  0.0 I<   Mon Jun 29 15:38:56 2026 00:00:00 [kworker/37:0H-events_highpri]
root         242       2  38  0.0  0.0 S    Mon Jun 29 15:38:57 2026 00:00:00 [cpuhp/38]
root         243       2  38  0.0  0.0 S    Mon Jun 29 15:38:57 2026 00:00:00 [idle_inject/38]
root         244       2  38  0.0  0.0 S    Mon Jun 29 15:38:57 2026 00:00:01 [migration/38]
root         245       2  38  0.0  0.0 S    Mon Jun 29 15:38:57 2026 00:00:14 [ksoftirqd/38]
root         247       2  38  0.0  0.0 I<   Mon Jun 29 15:38:57 2026 00:00:00 [kworker/38:0H-events_highpri]
root         248       2  39  0.0  0.0 S    Mon Jun 29 15:38:57 2026 00:00:00 [cpuhp/39]
root         249       2  39  0.0  0.0 S    Mon Jun 29 15:38:57 2026 00:00:00 [idle_inject/39]
root         250       2  39  0.0  0.0 S    Mon Jun 29 15:38:57 2026 00:00:01 [migration/39]
root         251       2  39  0.0  0.0 S    Mon Jun 29 15:38:57 2026 00:00:05 [ksoftirqd/39]
root         253       2  39  0.0  0.0 I<   Mon Jun 29 15:38:57 2026 00:00:00 [kworker/39:0H-kblockd]
root         254       2  40  0.0  0.0 S    Mon Jun 29 15:38:57 2026 00:00:00 [cpuhp/40]
root         255       2  40  0.0  0.0 S    Mon Jun 29 15:38:57 2026 00:00:00 [idle_inject/40]
root         256       2  40  0.0  0.0 S    Mon Jun 29 15:38:57 2026 00:00:01 [migration/40]
root         257       2  40  0.0  0.0 S    Mon Jun 29 15:38:57 2026 00:00:09 [ksoftirqd/40]
root         259       2  40  0.0  0.0 I<   Mon Jun 29 15:38:57 2026 00:00:00 [kworker/40:0H-events_highpri]
root         260       2  41  0.0  0.0 S    Mon Jun 29 15:38:57 2026 00:00:00 [cpuhp/41]
root         261       2  41  0.0  0.0 S    Mon Jun 29 15:38:57 2026 00:00:00 [idle_inject/41]
root         262       2  41  0.0  0.0 S    Mon Jun 29 15:38:57 2026 00:00:01 [migration/41]
root         263       2  41  0.0  0.0 S    Mon Jun 29 15:38:57 2026 00:00:09 [ksoftirqd/41]
root         265       2  41  0.0  0.0 I<   Mon Jun 29 15:38:57 2026 00:00:00 [kworker/41:0H-events_highpri]
root         266       2  42  0.0  0.0 S    Mon Jun 29 15:38:57 2026 00:00:00 [cpuhp/42]
root         267       2  42  0.0  0.0 S    Mon Jun 29 15:38:57 2026 00:00:00 [idle_inject/42]
root         268       2  42  0.0  0.0 S    Mon Jun 29 15:38:57 2026 00:00:01 [migration/42]
root         269       2  42  0.0  0.0 S    Mon Jun 29 15:38:57 2026 00:00:08 [ksoftirqd/42]
root         271       2  42  0.0  0.0 I<   Mon Jun 29 15:38:57 2026 00:00:00 [kworker/42:0H-events_highpri]
root         272       2  43  0.0  0.0 S    Mon Jun 29 15:38:57 2026 00:00:00 [cpuhp/43]
root         273       2  43  0.0  0.0 S    Mon Jun 29 15:38:57 2026 00:00:00 [idle_inject/43]
root         274       2  43  0.0  0.0 S    Mon Jun 29 15:38:57 2026 00:00:01 [migration/43]
root         275       2  43  0.0  0.0 S    Mon Jun 29 15:38:57 2026 00:00:07 [ksoftirqd/43]
root         277       2  43  0.0  0.0 I<   Mon Jun 29 15:38:57 2026 00:00:00 [kworker/43:0H-events_highpri]
root         278       2  44  0.0  0.0 S    Mon Jun 29 15:38:57 2026 00:00:00 [cpuhp/44]
root         279       2  44  0.0  0.0 S    Mon Jun 29 15:38:57 2026 00:00:00 [idle_inject/44]
root         280       2  44  0.0  0.0 S    Mon Jun 29 15:38:57 2026 00:00:01 [migration/44]
root         281       2  44  0.0  0.0 S    Mon Jun 29 15:38:57 2026 00:00:11 [ksoftirqd/44]
root         283       2  44  0.0  0.0 I<   Mon Jun 29 15:38:57 2026 00:00:00 [kworker/44:0H-events_highpri]
root         285       2  45  0.0  0.0 S    Mon Jun 29 15:38:57 2026 00:00:00 [cpuhp/45]
root         286       2  45  0.0  0.0 S    Mon Jun 29 15:38:57 2026 00:00:00 [idle_inject/45]
root         287       2  45  0.0  0.0 S    Mon Jun 29 15:38:57 2026 00:00:01 [migration/45]
root         288       2  45  0.0  0.0 S    Mon Jun 29 15:38:57 2026 00:00:07 [ksoftirqd/45]
root         290       2  45  0.0  0.0 I<   Mon Jun 29 15:38:57 2026 00:00:00 [kworker/45:0H-events_highpri]
root         291       2  46  0.0  0.0 S    Mon Jun 29 15:38:57 2026 00:00:00 [cpuhp/46]
root         292       2  46  0.0  0.0 S    Mon Jun 29 15:38:57 2026 00:00:00 [idle_inject/46]
root         293       2  46  0.0  0.0 S    Mon Jun 29 15:38:57 2026 00:00:01 [migration/46]
root         294       2  46  0.0  0.0 S    Mon Jun 29 15:38:57 2026 00:00:11 [ksoftirqd/46]
root         296       2  46  0.0  0.0 I<   Mon Jun 29 15:38:57 2026 00:00:00 [kworker/46:0H-events_highpri]
root         297       2  47  0.0  0.0 S    Mon Jun 29 15:38:57 2026 00:00:00 [cpuhp/47]
root         298       2  47  0.0  0.0 S    Mon Jun 29 15:38:57 2026 00:00:00 [idle_inject/47]
root         299       2  47  0.0  0.0 S    Mon Jun 29 15:38:57 2026 00:00:01 [migration/47]
root         300       2  47  0.0  0.0 S    Mon Jun 29 15:38:57 2026 00:00:07 [ksoftirqd/47]
root         302       2  47  0.0  0.0 I<   Mon Jun 29 15:38:57 2026 00:00:00 [kworker/47:0H-events_highpri]
root         303       2   0  0.0  0.0 S    Mon Jun 29 15:38:57 2026 00:00:00 [kdevtmpfs]
root         304       2   2  0.0  0.0 I<   Mon Jun 29 15:38:57 2026 00:00:00 [inet_frag_wq]
root         305       2  46  0.0  0.0 S    Mon Jun 29 15:38:57 2026 00:00:00 [kauditd]
root         306       2  12  0.0  0.0 S    Mon Jun 29 15:38:57 2026 00:00:03 [khungtaskd]
root         307       2   5  0.0  0.0 S    Mon Jun 29 15:38:57 2026 00:00:00 [oom_reaper]
root         308       2   6  0.0  0.0 I<   Mon Jun 29 15:38:57 2026 00:00:00 [writeback]
root         309       2  36  0.0  0.0 S    Mon Jun 29 15:38:57 2026 00:02:29 [kcompactd0]
root         310       2   8  0.0  0.0 SN   Mon Jun 29 15:38:57 2026 00:00:00 [ksmd]
root         311       2  44  0.0  0.0 SN   Mon Jun 29 15:38:57 2026 00:00:04 [khugepaged]
root         357       2   8  0.0  0.0 I<   Mon Jun 29 15:38:57 2026 00:00:00 [kintegrityd]
root         358       2   9  0.0  0.0 I<   Mon Jun 29 15:38:57 2026 00:00:00 [kblockd]
root         359       2  10  0.0  0.0 I<   Mon Jun 29 15:38:57 2026 00:00:00 [blkcg_punt_bio]
root         407       2   8  0.0  0.0 I<   Mon Jun 29 15:38:58 2026 00:00:00 [tpm_dev_wq]
root         408       2   9  0.0  0.0 I<   Mon Jun 29 15:38:58 2026 00:00:00 [ata_sff]
root         409       2  10  0.0  0.0 I<   Mon Jun 29 15:38:58 2026 00:00:00 [md]
root         410       2  11  0.0  0.0 I<   Mon Jun 29 15:38:58 2026 00:00:00 [edac-poller]
root         411       2  12  0.0  0.0 I<   Mon Jun 29 15:38:58 2026 00:00:00 [devfreq_wq]
root         412       2  13  0.0  0.0 S    Mon Jun 29 15:38:58 2026 00:00:00 [watchdogd]
root         413       2   0  0.0  0.0 I<   Mon Jun 29 15:38:58 2026 00:00:06 [kworker/0:1H-kblockd]
root         416       2  15  0.0  0.0 S    Mon Jun 29 15:38:59 2026 00:00:00 [ecryptfs-kthrea]
root         418       2  17  0.0  0.0 I<   Mon Jun 29 15:38:59 2026 00:00:00 [kthrotld]
root         419       2   2  0.0  0.0 S    Mon Jun 29 15:38:59 2026 00:00:00 [irq/34-aerdrv]
root         420       2   3  0.0  0.0 S    Mon Jun 29 15:38:59 2026 00:00:00 [irq/35-aerdrv]
root         421       2   4  0.0  0.0 S    Mon Jun 29 15:38:59 2026 00:00:00 [irq/36-aerdrv]
root         422       2   1  0.0  0.0 S    Mon Jun 29 15:38:59 2026 00:00:00 [irq/37-aerdrv]
root         423       2   5  0.0  0.0 S    Mon Jun 29 15:38:59 2026 00:00:00 [irq/37-pcie-dpc]
root         424       2   6  0.0  0.0 S    Mon Jun 29 15:38:59 2026 00:00:00 [irq/38-aerdrv]
root         425       2   7  0.0  0.0 S    Mon Jun 29 15:38:59 2026 00:00:00 [irq/39-aerdrv]
root         426       2   7  0.0  0.0 S    Mon Jun 29 15:38:59 2026 00:00:00 [irq/39-pciehp]
root         427       2   7  0.0  0.0 S    Mon Jun 29 15:38:59 2026 00:00:00 [irq/39-pcie-dpc]
root         428       2   8  0.0  0.0 S    Mon Jun 29 15:38:59 2026 00:00:00 [irq/40-aerdrv]
root         429       2   8  0.0  0.0 S    Mon Jun 29 15:38:59 2026 00:00:00 [irq/40-pciehp]
root         430       2   8  0.0  0.0 S    Mon Jun 29 15:38:59 2026 00:00:00 [irq/40-pcie-dpc]
root         431       2   9  0.0  0.0 S    Mon Jun 29 15:38:59 2026 00:00:00 [irq/41-aerdrv]
root         432       2   9  0.0  0.0 S    Mon Jun 29 15:38:59 2026 00:00:00 [irq/41-pciehp]
root         433       2   9  0.0  0.0 S    Mon Jun 29 15:38:59 2026 00:00:00 [irq/41-pcie-dpc]
root         434       2  10  0.0  0.0 S    Mon Jun 29 15:38:59 2026 00:00:00 [irq/42-aerdrv]
root         435       2  10  0.0  0.0 S    Mon Jun 29 15:38:59 2026 00:00:00 [irq/42-pciehp]
root         436       2  10  0.0  0.0 S    Mon Jun 29 15:38:59 2026 00:00:00 [irq/42-pcie-dpc]
root         437       2  11  0.0  0.0 S    Mon Jun 29 15:38:59 2026 00:00:00 [irq/43-aerdrv]
root         438       2  12  0.0  0.0 S    Mon Jun 29 15:38:59 2026 00:00:00 [irq/44-aerdrv]
root         439       2  12  0.0  0.0 S    Mon Jun 29 15:38:59 2026 00:00:00 [irq/44-pcie-dpc]
root         440       2  13  0.0  0.0 S    Mon Jun 29 15:38:59 2026 00:00:00 [irq/45-aerdrv]
root         441       2  14  0.0  0.0 S    Mon Jun 29 15:38:59 2026 00:00:00 [irq/46-aerdrv]
root         442       2  15  0.0  0.0 S    Mon Jun 29 15:38:59 2026 00:00:00 [irq/47-aerdrv]
root         443       2  15  0.0  0.0 S    Mon Jun 29 15:38:59 2026 00:00:00 [irq/47-pcie-dpc]
root         444       2  16  0.0  0.0 S    Mon Jun 29 15:38:59 2026 00:00:00 [irq/48-aerdrv]
root         445       2  17  0.0  0.0 S    Mon Jun 29 15:38:59 2026 00:00:00 [irq/49-aerdrv]
root         446       2  18  0.0  0.0 S    Mon Jun 29 15:38:59 2026 00:00:00 [irq/50-aerdrv]
root         447       2  19  0.0  0.0 S    Mon Jun 29 15:38:59 2026 00:00:00 [irq/51-aerdrv]
root         448       2  13  0.0  0.0 I<   Mon Jun 29 15:38:59 2026 00:00:00 [acpi_thermal_pm]
root         450       2  18  0.0  0.0 I<   Mon Jun 29 15:38:59 2026 00:00:00 [vfio-irqfd-clea]
root         451       2  20  0.0  0.0 I<   Mon Jun 29 15:38:59 2026 00:00:00 [mld]
root         452       2  21  0.0  0.0 I<   Mon Jun 29 15:38:59 2026 00:00:00 [ipv6_addrconf]
root         462       2  10  0.0  0.0 I<   Mon Jun 29 15:38:59 2026 00:00:00 [kstrp]
root         465       2   8  0.0  0.0 I<   Mon Jun 29 15:38:59 2026 00:00:00 [zswap-shrink]
root         520       2   4  0.0  0.0 I<   Mon Jun 29 15:38:59 2026 00:00:00 [charger_manager]
root         543       2   2  0.0  0.0 I<   Mon Jun 29 15:38:59 2026 00:00:03 [kworker/2:1H-kblockd]
root         576       2  36  0.0  0.0 I<   Mon Jun 29 15:39:00 2026 00:00:00 [nfit]
root         578       2  37  0.0  0.0 I<   Mon Jun 29 15:39:00 2026 00:00:01 [kworker/37:1H-kblockd]
root         627       2  28  0.0  0.0 I<   Mon Jun 29 15:39:00 2026 00:00:00 [cryptd]
root         639       2  46  0.0  0.0 I<   Mon Jun 29 15:39:00 2026 00:00:01 [kworker/46:1H-kblockd]
root         643       2  19  0.0  0.0 I<   Mon Jun 29 15:39:00 2026 00:00:01 [kworker/19:1H-kblockd]
root         645       2  41  0.0  0.0 I<   Mon Jun 29 15:39:00 2026 00:00:01 [kworker/41:1H-kblockd]
root         646       2  42  0.0  0.0 I<   Mon Jun 29 15:39:00 2026 00:00:01 [kworker/42:1H-xfs-log/nvme0n1p4]
root         648       2  31  0.0  0.0 I<   Mon Jun 29 15:39:00 2026 00:00:01 [kworker/31:1H-kblockd]
root         652       2  47  0.0  0.0 I<   Mon Jun 29 15:39:00 2026 00:00:01 [kworker/47:1H-kblockd]
root         654       2  43  0.0  0.0 I<   Mon Jun 29 15:39:00 2026 00:00:01 [kworker/43:1H-kblockd]
root         655       2  34  0.0  0.0 I<   Mon Jun 29 15:39:00 2026 00:00:01 [kworker/34:1H-kblockd]
root         658       2  13  0.0  0.0 I<   Mon Jun 29 15:39:00 2026 00:00:02 [kworker/13:1H-kblockd]
root         660       2  19  0.0  0.0 I<   Mon Jun 29 15:39:00 2026 00:00:00 [nvme-wq]
root         661       2  15  0.0  0.0 I<   Mon Jun 29 15:39:00 2026 00:00:00 [nvme-reset-wq]
root         662       2  43  0.0  0.0 I<   Mon Jun 29 15:39:00 2026 00:00:00 [nvme-delete-wq]
root         694       2   7  0.0  0.0 S    Mon Jun 29 15:39:00 2026 00:00:00 [scsi_eh_0]
root         695       2   1  0.0  0.0 I<   Mon Jun 29 15:39:00 2026 00:00:00 [scsi_tmf_0]
root         696       2  13  0.0  0.0 S    Mon Jun 29 15:39:00 2026 00:00:00 [scsi_eh_1]
root         697       2   7  0.0  0.0 I<   Mon Jun 29 15:39:00 2026 00:00:00 [scsi_tmf_1]
root         698       2  38  0.0  0.0 S    Mon Jun 29 15:39:00 2026 00:00:00 [scsi_eh_2]
root         699       2  27  0.0  0.0 I<   Mon Jun 29 15:39:00 2026 00:00:00 [scsi_tmf_2]
root         706       2   9  0.0  0.0 I<   Mon Jun 29 15:39:01 2026 00:00:00 [mlx5_cmd_0000:6]
root         707       2  18  0.0  0.0 I<   Mon Jun 29 15:39:01 2026 00:00:00 [mlx5_health0000]
root         708       2  20  0.0  0.0 I<   Mon Jun 29 15:39:01 2026 00:00:00 [mlx5_page_alloc]
root         709       2  19  0.0  0.0 S    Mon Jun 29 15:39:01 2026 00:00:27 [ice-ptp-0000:be]
root         711       2  25  0.0  0.0 I<   Mon Jun 29 15:39:01 2026 00:00:01 [kworker/25:1H-kblockd]
root         713       2  24  0.0  0.0 I<   Mon Jun 29 15:39:01 2026 00:00:02 [kworker/24:1H-kblockd]
root         716       2  17  0.0  0.0 I<   Mon Jun 29 15:39:01 2026 00:00:00 [mlx5_events]
root         717       2  18  0.0  0.0 I<   Mon Jun 29 15:39:01 2026 00:00:00 [mlx5_fw_reset_e]
root         718       2  20  0.0  0.0 I<   Mon Jun 29 15:39:01 2026 00:00:00 [mlx5_vhca_event]
root         719       2  22  0.0  0.0 I<   Mon Jun 29 15:39:01 2026 00:00:00 [mlx5_fc]
root         720       2  28  0.0  0.0 I<   Mon Jun 29 15:39:01 2026 00:00:00 [mlx5_fw_tracer]
root         721       2  29  0.0  0.0 I<   Mon Jun 29 15:39:01 2026 00:00:00 [mlx5_hv_vhca]
root         722       2   8  0.0  0.0 S    Mon Jun 29 15:39:01 2026 00:00:26 [ice-ptp-0000:be]
root         725       2  38  0.0  0.0 I<   Mon Jun 29 15:39:05 2026 00:00:01 [kworker/38:1H-kblockd]
root         727       2  26  0.0  0.0 I<   Mon Jun 29 15:39:05 2026 00:00:01 [kworker/26:1H-xfs-log/nvme0n1p4]
root         729       2  32  0.0  0.0 I<   Mon Jun 29 15:39:05 2026 00:00:01 [kworker/32:1H-kblockd]
root         759       2  17  0.0  0.0 I<   Mon Jun 29 15:39:06 2026 00:00:02 [kworker/17:1H-kblockd]
root         760       2   6  0.0  0.0 I<   Mon Jun 29 15:39:06 2026 00:00:01 [kworker/6:1H-kblockd]
root         765       2  23  0.0  0.0 I<   Mon Jun 29 15:39:06 2026 00:00:01 [kworker/23:1H-kblockd]
root         766       2  20  0.0  0.0 I<   Mon Jun 29 15:39:06 2026 00:00:01 [kworker/20:1H-kblockd]
root         769       2  33  0.0  0.0 I<   Mon Jun 29 15:39:06 2026 00:00:01 [kworker/33:1H-kblockd]
root         771       2   3  0.0  0.0 I<   Mon Jun 29 15:39:06 2026 00:00:02 [kworker/3:1H-kblockd]
root         773       2  29  0.0  0.0 I<   Mon Jun 29 15:39:07 2026 00:00:01 [kworker/29:1H-kblockd]
root         804       2  20  0.0  0.0 I<   Mon Jun 29 15:39:21 2026 00:00:00 [raid5wq]
root         859       2  21  0.0  0.0 I<   Mon Jun 29 15:39:21 2026 00:00:00 [xfsalloc]
root         860       2  22  0.0  0.0 I<   Mon Jun 29 15:39:21 2026 00:00:00 [xfs_mru_cache]
root         861       2  33  0.0  0.0 I<   Mon Jun 29 15:39:21 2026 00:00:00 [xfs-buf/nvme0n1]
root         862       2  24  0.0  0.0 I<   Mon Jun 29 15:39:21 2026 00:00:00 [xfs-conv/nvme0n]
root         863       2  26  0.0  0.0 I<   Mon Jun 29 15:39:21 2026 00:00:00 [xfs-reclaim/nvm]
root         864       2  27  0.0  0.0 I<   Mon Jun 29 15:39:21 2026 00:00:00 [xfs-blockgc/nvm]
root         865       2  28  0.0  0.0 I<   Mon Jun 29 15:39:21 2026 00:00:00 [xfs-inodegc/nvm]
root         866       2  29  0.0  0.0 I<   Mon Jun 29 15:39:21 2026 00:00:00 [xfs-log/nvme0n1]
root         867       2  30  0.0  0.0 I<   Mon Jun 29 15:39:21 2026 00:00:00 [xfs-cil/nvme0n1]
root         868       2  22  0.0  0.0 S    Mon Jun 29 15:39:21 2026 00:02:29 [xfsaild/nvme0n1]
root         869       2  12  0.0  0.0 I<   Mon Jun 29 15:39:21 2026 00:00:01 [kworker/12:1H-kblockd]
root         870       2  10  0.0  0.0 I<   Mon Jun 29 15:39:21 2026 00:00:02 [kworker/10:1H-kblockd]
root         889       2  11  0.0  0.0 I<   Mon Jun 29 15:39:21 2026 00:00:02 [kworker/11:1H-xfs-log/nvme0n1p4]
root         935       2   8  0.0  0.0 I<   Mon Jun 29 15:39:21 2026 00:00:02 [kworker/8:1H-kblockd]
root         946       2   1  0.0  0.0 I<   Mon Jun 29 15:39:21 2026 00:00:05 [kworker/1:1H-kblockd]
root         982       2  30  0.0  0.0 I<   Mon Jun 29 15:39:22 2026 00:00:00 [kaluad]
root         985       2   9  0.0  0.0 I<   Mon Jun 29 15:39:22 2026 00:00:01 [kworker/9:1H-kblockd]
root         986       2  33  0.0  0.0 I<   Mon Jun 29 15:39:22 2026 00:00:00 [kmpath_rdacd]
root         987       2  35  0.0  0.0 I<   Mon Jun 29 15:39:22 2026 00:00:00 [kmpathd]
root         988       2  36  0.0  0.0 I<   Mon Jun 29 15:39:22 2026 00:00:00 [kmpath_handlerd]
root         989       1  37  0.0  0.0 SLsl Mon Jun 29 15:39:22 2026 00:00:52 /sbin/multipathd -d -s
root         995       2  42  0.0  0.0 S    Mon Jun 29 15:39:22 2026 00:00:00 [nv_queue]
root         996       2  43  0.0  0.0 S    Mon Jun 29 15:39:22 2026 00:00:00 [nv_queue]
root         997       2  33  0.0  0.0 S    Mon Jun 29 15:39:22 2026 00:00:02 [nv_open_q]
root        1003       1  18  0.0  0.0 Ss   Mon Jun 29 15:39:22 2026 00:00:03 /lib/systemd/systemd-udevd
root        1008       2  14  0.0  0.0 I<   Mon Jun 29 15:39:22 2026 00:00:01 [kworker/14:1H-xfs-log/md0]
root        1058       2  28  0.0  0.0 I<   Mon Jun 29 15:39:22 2026 00:00:03 [kworker/28:1H-xfs-log/nvme0n1p4]
root        1062       2  35  0.0  0.0 I<   Mon Jun 29 15:39:22 2026 00:00:01 [kworker/35:1H-kblockd]
root        1144       2  39  0.0  0.0 I<   Mon Jun 29 15:39:22 2026 00:00:01 [kworker/39:1H-kblockd]
root        1145       2  21  0.0  0.0 I<   Mon Jun 29 15:39:22 2026 00:00:00 [ipmi-msghandler]
root        1149       2  15  0.0  0.0 I<   Mon Jun 29 15:39:22 2026 00:00:01 [kworker/15:1H-xfs-log/nvme0n1p4]
root        1154       2  45  0.0  0.0 I<   Mon Jun 29 15:39:22 2026 00:00:01 [kworker/45:1H-xfs-log/nvme0n1p4]
root        1155       2  17  0.0  0.0 I<   Mon Jun 29 15:39:22 2026 00:00:00 [0000:e7:01.0]
root        1156       2   5  0.0  0.0 I<   Mon Jun 29 15:39:22 2026 00:00:02 [kworker/5:1H-kblockd]
root        1159       2  31  0.0  0.0 S    Mon Jun 29 15:39:22 2026 00:00:00 [irq/408-idxd-mi]
root        1160       2  32  0.0  0.0 S    Mon Jun 29 15:39:22 2026 00:00:00 [irq/409-idxd-po]
root        1161       2  33  0.0  0.0 S    Mon Jun 29 15:39:22 2026 00:00:00 [irq/410-idxd-po]
root        1163       2  34  0.0  0.0 S    Mon Jun 29 15:39:22 2026 00:00:00 [irq/411-idxd-po]
root        1164       2  35  0.0  0.0 S    Mon Jun 29 15:39:22 2026 00:00:00 [irq/412-idxd-po]
root        1165       2  36  0.0  0.0 S    Mon Jun 29 15:39:22 2026 00:00:00 [irq/413-idxd-po]
root        1166       2  37  0.0  0.0 S    Mon Jun 29 15:39:22 2026 00:00:00 [irq/414-idxd-po]
root        1167       2  38  0.0  0.0 S    Mon Jun 29 15:39:22 2026 00:00:00 [irq/415-idxd-po]
root        1168       2  39  0.0  0.0 S    Mon Jun 29 15:39:22 2026 00:00:00 [irq/416-idxd-po]
root        1170       2  44  0.0  0.0 I<   Mon Jun 29 15:39:22 2026 00:00:01 [kworker/44:1H-xfs-log/nvme0n1p4]
root        1221       2  16  0.0  0.0 I<   Mon Jun 29 15:39:22 2026 00:00:00 [ib-comp-wq]
root        1222       2  43  0.0  0.0 I<   Mon Jun 29 15:39:22 2026 00:00:00 [ib-comp-unb-wq]
root        1274       2  15  0.0  0.0 I<   Mon Jun 29 15:39:22 2026 00:00:00 [ib_mcast]
root        1278       2  15  0.0  0.0 I<   Mon Jun 29 15:39:22 2026 00:00:00 [ib_nl_sa_wq]
root        1327       2  22  0.0  0.0 I<   Mon Jun 29 15:39:22 2026 00:00:02 [kworker/22:1H-kblockd]
root        1347       2  16  0.0  0.0 I<   Mon Jun 29 15:39:22 2026 00:00:01 [kworker/16:1H-kblockd]
root        1370       2  41  0.0  0.0 I<   Mon Jun 29 15:39:22 2026 00:00:00 [mlx5_ib_sigerr_]
root        1434       2  19  0.0  0.0 I<   Mon Jun 29 15:39:22 2026 00:00:00 [ib_mad1]
root        1438       2  12  0.0  0.0 I<   Mon Jun 29 15:39:22 2026 00:00:00 [to_fifo]
root        1465       2   4  0.0  0.0 I<   Mon Jun 29 15:39:22 2026 00:00:02 [kworker/4:1H-kblockd]
root        1475       2  21  0.0  0.0 I<   Mon Jun 29 15:39:22 2026 00:00:01 [kworker/21:1H-kblockd]
root        1479       2  42  0.0  0.0 I<   Mon Jun 29 15:39:22 2026 00:00:00 [mkey_cache]
root        1489       2  46  0.0  0.0 S    Mon Jun 29 15:39:22 2026 00:00:00 [nvidia-modeset/]
root        1491       2  34  0.0  0.0 S    Mon Jun 29 15:39:22 2026 00:00:00 [nvidia-modeset/]
root        1515       2  27  0.0  0.0 I<   Mon Jun 29 15:39:22 2026 00:00:02 [kworker/27:1H-kblockd]
root        1559       2  30  0.0  0.0 I<   Mon Jun 29 15:39:22 2026 00:00:01 [kworker/30:1H-kblockd]
root        1563       2  18  0.0  0.0 I<   Mon Jun 29 15:39:22 2026 00:00:01 [kworker/18:1H-kblockd]
root        1688       2  36  0.0  0.0 I<   Mon Jun 29 15:39:22 2026 00:00:01 [kworker/36:1H-kblockd]
root        1979       1  23  0.0  0.0 Ss   Mon Jun 29 15:39:22 2026 00:00:00 /usr/sbin/rdma-ndd --systemd
root        1991       2  30  0.0  0.0 I<   Mon Jun 29 15:39:22 2026 00:00:00 [xfs-buf/nvme0n1]
root        1992       2  27  0.0  0.0 I<   Mon Jun 29 15:39:22 2026 00:00:00 [xfs-conv/nvme0n]
root        1993       2   5  0.0  0.0 I<   Mon Jun 29 15:39:22 2026 00:00:00 [xfs-reclaim/nvm]
root        1994       2  47  0.0  0.0 I<   Mon Jun 29 15:39:22 2026 00:00:00 [xfs-blockgc/nvm]
root        1995       2  29  0.0  0.0 I<   Mon Jun 29 15:39:22 2026 00:00:00 [xfs-inodegc/nvm]
root        1996       2  26  0.0  0.0 I<   Mon Jun 29 15:39:22 2026 00:00:00 [xfs-log/nvme0n1]
root        1997       2   2  0.0  0.0 I<   Mon Jun 29 15:39:22 2026 00:00:00 [xfs-cil/nvme0n1]
root        1998       2  22  0.0  0.0 S    Mon Jun 29 15:39:22 2026 00:00:00 [xfsaild/nvme0n1]
root        2000       2  44  0.0  0.0 I<   Mon Jun 29 15:39:22 2026 00:00:00 [xfs-buf/nvme0n1]
root        2001       2  13  0.0  0.0 I<   Mon Jun 29 15:39:22 2026 00:00:00 [xfs-conv/nvme0n]
root        2002       2  45  0.0  0.0 I<   Mon Jun 29 15:39:22 2026 00:00:00 [xfs-reclaim/nvm]
root        2003       2  11  0.0  0.0 I<   Mon Jun 29 15:39:22 2026 00:00:00 [xfs-blockgc/nvm]
root        2004       2   8  0.0  0.0 I<   Mon Jun 29 15:39:22 2026 00:00:00 [xfs-inodegc/nvm]
root        2006       2  17  0.0  0.0 I<   Mon Jun 29 15:39:22 2026 00:00:00 [xfs-log/nvme0n1]
root        2007       2  25  0.0  0.0 I<   Mon Jun 29 15:39:22 2026 00:00:00 [xfs-cil/nvme0n1]
root        2008       2  25  0.0  0.0 S    Mon Jun 29 15:39:22 2026 00:00:05 [xfsaild/nvme0n1]
_rpc        2037       1  16  0.0  0.0 Ss   Mon Jun 29 15:39:22 2026 00:00:01 /sbin/rpcbind -f -w
root        2040       2  20  0.0  0.0 I<   Mon Jun 29 15:39:22 2026 00:00:00 [rpciod]
root        2041       2  22  0.0  0.0 I<   Mon Jun 29 15:39:22 2026 00:00:00 [xprtiod]
systemd+    2045       1  19  0.0  0.0 Ss   Mon Jun 29 15:39:22 2026 00:00:01 /lib/systemd/systemd-resolved
message+    2048       1   0  0.0  0.0 Ss   Mon Jun 29 15:39:22 2026 00:00:15 @dbus-daemon --system --address=systemd: --nofork --nopidfile --systemd-activation --syslog-only
root        2049       2  40  0.0  0.0 I<   Mon Jun 29 15:39:22 2026 00:00:01 [kworker/40:1H-kblockd]
root        2075       1   0  0.0  0.0 Ss   Mon Jun 29 15:39:23 2026 00:00:00 /usr/bin/ndctl monitor
root        2078       1   0  0.0  0.0 Ss   Mon Jun 29 15:39:23 2026 00:00:00 /usr/bin/python3 /usr/bin/networkd-dispatcher --run-startup-triggers
root        2089       1  23  0.0  0.0 Ss   Mon Jun 29 15:39:23 2026 00:00:00 /usr/sbin/rasdaemon -f -r
root        2097       1  28  0.0  0.0 Ss   Mon Jun 29 15:39:23 2026 00:00:00 /opt/nec/nqsv/sbin/nqs_uagd nqsv
root        2098       1  35  0.0  0.0 Ss   Mon Jun 29 15:39:23 2026 00:00:01 /usr/sbin/sssd -i --logger=files
root        2101       1  35  0.0  0.0 Ss   Mon Jun 29 15:39:23 2026 00:00:03 /sbin/wpa_supplicant -u -s -O /run/wpa_supplicant
avahi       2103    2047  20  0.0  0.0 S    Mon Jun 29 15:39:23 2026 00:00:00 avahi-daemon: chroot helper
root        2287       2   5  0.0  0.0 I<   Mon Jun 29 15:39:23 2026 00:00:00 [mlx5e]
root        2293       2   6  0.0  0.0 I<   Mon Jun 29 15:39:23 2026 00:00:00 [ipoib_wq]
root        2302       2  10  0.0  0.0 I<   Mon Jun 29 15:39:23 2026 00:00:00 [iw_cm_wq]
root        2305       2  16  0.0  0.0 I<   Mon Jun 29 15:39:23 2026 00:00:00 [rdma_cm]
root        2306       2   7  0.0  0.0 I<   Mon Jun 29 15:39:23 2026 00:00:02 [kworker/7:1H-xfs-log/md0]
root        2343       1   0  0.0  0.0 Ss   Mon Jun 29 15:39:23 2026 00:00:05 /lib/systemd/systemd-logind
root        2398       1  14  0.0  0.0 Ss   Mon Jun 29 15:39:23 2026 00:00:00 /opt/nec/nqsv/sbin/nqs_lchd
daemon      2406       1  36  0.0  0.0 Ss   Mon Jun 29 15:39:23 2026 00:00:00 /usr/sbin/atd -f
root        2475       1  19  0.0  0.0 Ss+  Mon Jun 29 15:39:23 2026 00:00:00 /sbin/agetty -o -p -- \u --noclear tty1 linux
root        2486       2   9  0.0  0.0 S    Mon Jun 29 15:39:23 2026 00:00:00 [irq/417-nvidia]
root        2487       2  41  0.0  0.0 S    Mon Jun 29 15:39:23 2026 00:00:00 [irq/418-nvidia]
root        2488       2  38  0.0  0.0 S    Mon Jun 29 15:39:23 2026 00:01:06 [irq/419-nvidia]
root        2490       2  43  0.0  0.0 S    Mon Jun 29 15:39:23 2026 00:00:00 [irq/420-nvidia]
root        2491       2  44  0.0  0.0 S    Mon Jun 29 15:39:23 2026 00:00:00 [irq/421-nvidia]
root        2492       2  45  0.0  0.0 S    Mon Jun 29 15:39:23 2026 00:00:00 [irq/422-nvidia]
root        2493       2  46  0.0  0.0 S    Mon Jun 29 15:39:23 2026 00:00:00 [irq/423-nvidia]
root        2494       2  47  0.0  0.0 S    Mon Jun 29 15:39:23 2026 00:00:00 [irq/424-nvidia]
root        2495       2  44  0.0  0.0 S    Mon Jun 29 15:39:23 2026 00:00:00 [nvidia]
root        2496       2  19  0.0  0.0 S    Mon Jun 29 15:39:23 2026 00:00:00 [nv_queue]
zabbix      2523       1  37  0.0  0.0 S    Mon Jun 29 15:39:23 2026 00:00:29 /usr/sbin/zabbix_agentd -c /etc/zabbix/zabbix_agentd.conf
root        2623       2  32  0.0  0.0 S    Mon Jun 29 15:39:26 2026 00:00:02 [UVM global queu]
root        2624       2   0  0.0  0.0 S    Mon Jun 29 15:39:26 2026 00:00:00 [UVM deferred re]
root        2625       2  15  0.0  0.0 S    Mon Jun 29 15:39:26 2026 00:00:02 [UVM Tools Event]
root        2886       2   1  0.0  0.0 S    Mon Jun 29 15:39:28 2026 00:00:00 [acceptor_001]
root        2887       2   6  0.0  0.0 S    Mon Jun 29 15:39:28 2026 00:00:13 [monitor_thread]
root        2888       2  30  0.0  0.0 S    Mon Jun 29 15:39:28 2026 00:00:11 [lnet_discovery]
root        2900       2  11  0.0  0.0 S    Mon Jun 29 15:39:28 2026 00:00:13 [kiblnd_connd]
root        2901       2   1  0.0  0.0 S    Mon Jun 29 15:39:28 2026 00:00:00 [kiblnd_sd_00_00]
root        2902       2   1  0.0  0.0 S    Mon Jun 29 15:39:28 2026 00:00:00 [kiblnd_sd_00_01]
root        2903       2   2  0.0  0.0 S    Mon Jun 29 15:39:28 2026 00:00:00 [kiblnd_sd_01_00]
root        2904       2   3  0.0  0.0 S    Mon Jun 29 15:39:28 2026 00:00:00 [kiblnd_sd_01_01]
root        2905       2   4  0.0  0.0 S    Mon Jun 29 15:39:28 2026 00:00:00 [kiblnd_sd_02_00]
root        2906       2   5  0.0  0.0 S    Mon Jun 29 15:39:28 2026 00:00:00 [kiblnd_sd_02_01]
root        2907       2   6  0.0  0.0 S    Mon Jun 29 15:39:28 2026 00:00:00 [kiblnd_sd_03_00]
root        2908       2   6  0.0  0.0 S    Mon Jun 29 15:39:28 2026 00:00:00 [kiblnd_sd_03_01]
root        2909       2   8  0.0  0.0 S    Mon Jun 29 15:39:28 2026 00:00:00 [kiblnd_sd_04_00]
root        2910       2   8  0.0  0.0 S    Mon Jun 29 15:39:28 2026 00:00:00 [kiblnd_sd_04_01]
root        2911       2  10  0.0  0.0 S    Mon Jun 29 15:39:28 2026 00:00:00 [kiblnd_sd_05_00]
root        2912       2  11  0.0  0.0 S    Mon Jun 29 15:39:28 2026 00:00:00 [kiblnd_sd_05_01]
root        2913       2  12  0.0  0.0 S    Mon Jun 29 15:39:28 2026 00:00:00 [kiblnd_sd_06_00]
root        2914       2  12  0.0  0.0 S    Mon Jun 29 15:39:28 2026 00:00:00 [kiblnd_sd_06_01]
root        2915       2  14  0.0  0.0 S    Mon Jun 29 15:39:28 2026 00:00:00 [kiblnd_sd_07_00]
root        2916       2  15  0.0  0.0 S    Mon Jun 29 15:39:28 2026 00:00:00 [kiblnd_sd_07_01]
root        2917       2  17  0.0  0.0 S    Mon Jun 29 15:39:28 2026 00:05:26 [kiblnd_sd_08_00]
root        2918       2  16  0.0  0.0 S    Mon Jun 29 15:39:28 2026 00:05:20 [kiblnd_sd_08_01]
root        2919       2  18  0.0  0.0 S    Mon Jun 29 15:39:28 2026 00:05:53 [kiblnd_sd_09_00]
root        2920       2  19  0.0  0.0 S    Mon Jun 29 15:39:28 2026 00:05:49 [kiblnd_sd_09_01]
root        2921       2  21  0.0  0.0 S    Mon Jun 29 15:39:28 2026 00:00:31 [kiblnd_sd_10_00]
root        2922       2  20  0.0  0.0 S    Mon Jun 29 15:39:28 2026 00:00:31 [kiblnd_sd_10_01]
root        2923       2  22  0.0  0.0 S    Mon Jun 29 15:39:28 2026 00:00:00 [kiblnd_sd_11_00]
root        2924       2  22  0.0  0.0 S    Mon Jun 29 15:39:28 2026 00:00:00 [kiblnd_sd_11_01]
root        2925       2  24  0.0  0.0 S    Mon Jun 29 15:39:28 2026 00:00:00 [kiblnd_sd_12_00]
root        2926       2  24  0.0  0.0 S    Mon Jun 29 15:39:28 2026 00:00:00 [kiblnd_sd_12_01]
root        2927       2  26  0.0  0.0 S    Mon Jun 29 15:39:28 2026 00:00:00 [kiblnd_sd_13_00]
root        2928       2  26  0.0  0.0 S    Mon Jun 29 15:39:28 2026 00:00:00 [kiblnd_sd_13_01]
root        2929       2  29  0.0  0.0 S    Mon Jun 29 15:39:28 2026 00:00:00 [kiblnd_sd_14_00]
root        2930       2  28  0.0  0.0 S    Mon Jun 29 15:39:28 2026 00:00:00 [kiblnd_sd_14_01]
root        2931       2  31  0.0  0.0 S    Mon Jun 29 15:39:28 2026 00:00:00 [kiblnd_sd_15_00]
root        2932       2  30  0.0  0.0 S    Mon Jun 29 15:39:28 2026 00:00:00 [kiblnd_sd_15_01]
root        2933       2  32  0.0  0.0 S    Mon Jun 29 15:39:28 2026 00:00:00 [kiblnd_sd_16_00]
root        2934       2  32  0.0  0.0 S    Mon Jun 29 15:39:28 2026 00:00:00 [kiblnd_sd_16_01]
root        2935       2  34  0.0  0.0 S    Mon Jun 29 15:39:28 2026 00:00:00 [kiblnd_sd_17_00]
root        2936       2  34  0.0  0.0 S    Mon Jun 29 15:39:28 2026 00:00:00 [kiblnd_sd_17_01]
root        2937       2  36  0.0  0.0 S    Mon Jun 29 15:39:28 2026 00:02:38 [kiblnd_sd_18_00]
root        2938       2  37  0.0  0.0 S    Mon Jun 29 15:39:28 2026 00:02:41 [kiblnd_sd_18_01]
root        2939       2  39  0.0  0.0 S    Mon Jun 29 15:39:28 2026 00:04:47 [kiblnd_sd_19_00]
root        2940       2  38  0.0  0.0 S    Mon Jun 29 15:39:28 2026 00:04:44 [kiblnd_sd_19_01]
root        2941       2  40  0.0  0.0 S    Mon Jun 29 15:39:28 2026 00:04:38 [kiblnd_sd_20_00]
root        2942       2  41  0.0  0.0 S    Mon Jun 29 15:39:28 2026 00:04:47 [kiblnd_sd_20_01]
root        2943       2  42  0.0  0.0 S    Mon Jun 29 15:39:28 2026 00:05:01 [kiblnd_sd_21_00]
root        2944       2  43  0.0  0.0 S    Mon Jun 29 15:39:28 2026 00:04:59 [kiblnd_sd_21_01]
root        2945       2  45  0.0  0.0 S    Mon Jun 29 15:39:28 2026 00:02:19 [kiblnd_sd_22_00]
root        2946       2  44  0.0  0.0 S    Mon Jun 29 15:39:28 2026 00:02:20 [kiblnd_sd_22_01]
root        2947       2  47  0.0  0.0 S    Mon Jun 29 15:39:28 2026 00:00:00 [kiblnd_sd_23_00]
root        2948       2  46  0.0  0.0 S    Mon Jun 29 15:39:28 2026 00:00:00 [kiblnd_sd_23_01]
root        3048       2   1  0.0  0.0 I    Mon Jun 29 15:39:30 2026 00:00:00 [ptlrpc_hr00_000]
root        3049       2   1  0.0  0.0 I    Mon Jun 29 15:39:30 2026 00:00:00 [ptlrpc_hr00_001]
root        3050       2   3  0.0  0.0 I    Mon Jun 29 15:39:30 2026 00:00:00 [ptlrpc_hr01_000]
root        3051       2   2  0.0  0.0 I    Mon Jun 29 15:39:30 2026 00:00:00 [ptlrpc_hr01_001]
root        3052       2   4  0.0  0.0 I    Mon Jun 29 15:39:30 2026 00:00:00 [ptlrpc_hr02_000]
root        3053       2   4  0.0  0.0 I    Mon Jun 29 15:39:30 2026 00:00:00 [ptlrpc_hr02_001]
root        3054       2   7  0.0  0.0 I    Mon Jun 29 15:39:30 2026 00:00:00 [ptlrpc_hr03_000]
root        3055       2   6  0.0  0.0 I    Mon Jun 29 15:39:30 2026 00:00:00 [ptlrpc_hr03_001]
root        3056       2   9  0.0  0.0 I    Mon Jun 29 15:39:30 2026 00:00:00 [ptlrpc_hr04_000]
root        3057       2   8  0.0  0.0 I    Mon Jun 29 15:39:30 2026 00:00:00 [ptlrpc_hr04_001]
root        3058       2  10  0.0  0.0 I    Mon Jun 29 15:39:30 2026 00:00:00 [ptlrpc_hr05_000]
root        3059       2  11  0.0  0.0 I    Mon Jun 29 15:39:30 2026 00:00:00 [ptlrpc_hr05_001]
root        3060       2  12  0.0  0.0 I    Mon Jun 29 15:39:30 2026 00:00:00 [ptlrpc_hr06_000]
root        3061       2  12  0.0  0.0 I    Mon Jun 29 15:39:30 2026 00:00:00 [ptlrpc_hr06_001]
root        3062       2  15  0.0  0.0 I    Mon Jun 29 15:39:30 2026 00:00:00 [ptlrpc_hr07_000]
root        3063       2  14  0.0  0.0 I    Mon Jun 29 15:39:30 2026 00:00:00 [ptlrpc_hr07_001]
root        3064       2  16  0.0  0.0 I    Mon Jun 29 15:39:30 2026 00:00:00 [ptlrpc_hr08_000]
root        3065       2  17  0.0  0.0 I    Mon Jun 29 15:39:30 2026 00:00:00 [ptlrpc_hr08_001]
root        3066       2  18  0.0  0.0 I    Mon Jun 29 15:39:30 2026 00:00:00 [ptlrpc_hr09_000]
root        3067       2  18  0.0  0.0 I    Mon Jun 29 15:39:30 2026 00:00:00 [ptlrpc_hr09_001]
root        3068       2  20  0.0  0.0 I    Mon Jun 29 15:39:30 2026 00:00:00 [ptlrpc_hr10_000]
root        3069       2  21  0.0  0.0 I    Mon Jun 29 15:39:30 2026 00:00:00 [ptlrpc_hr10_001]
root        3070       2  22  0.0  0.0 I    Mon Jun 29 15:39:30 2026 00:00:00 [ptlrpc_hr11_000]
root        3071       2  22  0.0  0.0 I    Mon Jun 29 15:39:30 2026 00:00:00 [ptlrpc_hr11_001]
root        3072       2  24  0.0  0.0 I    Mon Jun 29 15:39:30 2026 00:00:00 [ptlrpc_hr12_000]
root        3073       2  24  0.0  0.0 I    Mon Jun 29 15:39:30 2026 00:00:00 [ptlrpc_hr12_001]
root        3074       2  27  0.0  0.0 I    Mon Jun 29 15:39:30 2026 00:00:00 [ptlrpc_hr13_000]
root        3075       2  26  0.0  0.0 I    Mon Jun 29 15:39:30 2026 00:00:00 [ptlrpc_hr13_001]
root        3076       2  28  0.0  0.0 I    Mon Jun 29 15:39:30 2026 00:00:00 [ptlrpc_hr14_000]
root        3077       2  28  0.0  0.0 I    Mon Jun 29 15:39:30 2026 00:00:00 [ptlrpc_hr14_001]
root        3078       2  30  0.0  0.0 I    Mon Jun 29 15:39:30 2026 00:00:00 [ptlrpc_hr15_000]
root        3079       2  30  0.0  0.0 I    Mon Jun 29 15:39:30 2026 00:00:00 [ptlrpc_hr15_001]
root        3080       2  32  0.0  0.0 I    Mon Jun 29 15:39:30 2026 00:00:00 [ptlrpc_hr16_000]
root        3081       2  33  0.0  0.0 I    Mon Jun 29 15:39:30 2026 00:00:00 [ptlrpc_hr16_001]
root        3082       2  34  0.0  0.0 I    Mon Jun 29 15:39:30 2026 00:00:00 [ptlrpc_hr17_000]
root        3083       2  35  0.0  0.0 I    Mon Jun 29 15:39:30 2026 00:00:00 [ptlrpc_hr17_001]
root        3084       2  37  0.0  0.0 I    Mon Jun 29 15:39:30 2026 00:00:00 [ptlrpc_hr18_000]
root        3085       2  36  0.0  0.0 I    Mon Jun 29 15:39:30 2026 00:00:00 [ptlrpc_hr18_001]
root        3086       2  38  0.0  0.0 I    Mon Jun 29 15:39:30 2026 00:00:00 [ptlrpc_hr19_000]
root        3087       2  39  0.0  0.0 I    Mon Jun 29 15:39:30 2026 00:00:00 [ptlrpc_hr19_001]
root        3088       2  40  0.0  0.0 I    Mon Jun 29 15:39:30 2026 00:00:00 [ptlrpc_hr20_000]
root        3089       2  41  0.0  0.0 I    Mon Jun 29 15:39:30 2026 00:00:00 [ptlrpc_hr20_001]
root        3090       2  42  0.0  0.0 I    Mon Jun 29 15:39:30 2026 00:00:00 [ptlrpc_hr21_000]
root        3091       2  43  0.0  0.0 I    Mon Jun 29 15:39:30 2026 00:00:00 [ptlrpc_hr21_001]
root        3092       2  44  0.0  0.0 I    Mon Jun 29 15:39:30 2026 00:00:00 [ptlrpc_hr22_000]
root        3093       2  44  0.0  0.0 I    Mon Jun 29 15:39:30 2026 00:00:00 [ptlrpc_hr22_001]
root        3094       2  46  0.0  0.0 I    Mon Jun 29 15:39:30 2026 00:00:00 [ptlrpc_hr23_000]
root        3095       2  47  0.0  0.0 I    Mon Jun 29 15:39:30 2026 00:00:00 [ptlrpc_hr23_001]
root        3096       2  46  0.0  0.0 I    Mon Jun 29 15:39:30 2026 00:00:00 [ptlrpcd_rcv]
root        3100       2   3  0.0  0.0 I    Mon Jun 29 15:39:30 2026 00:02:38 [ptlrpcd_01_01]
root        3101       2   5  0.0  0.0 I    Mon Jun 29 15:39:30 2026 00:19:43 [ptlrpcd_02_00]
root        3103       2   7  0.0  0.0 I    Mon Jun 29 15:39:30 2026 00:01:56 [ptlrpcd_03_00]
root        3104       2   7  0.0  0.0 I    Mon Jun 29 15:39:30 2026 00:02:00 [ptlrpcd_03_01]
root        3106       2   8  0.0  0.0 I    Mon Jun 29 15:39:30 2026 00:01:48 [ptlrpcd_04_01]
root        3109       2  13  0.0  0.0 I    Mon Jun 29 15:39:30 2026 00:01:57 [ptlrpcd_06_00]
root        3113       2  16  0.0  0.0 I    Mon Jun 29 15:39:30 2026 00:01:52 [ptlrpcd_08_00]
root        3114       2  16  0.0  0.0 I    Mon Jun 29 15:39:30 2026 00:01:56 [ptlrpcd_08_01]
root        3115       2  19  0.0  0.0 I    Mon Jun 29 15:39:30 2026 00:02:12 [ptlrpcd_09_00]
root        3116       2  18  0.0  0.0 I    Mon Jun 29 15:39:30 2026 00:02:14 [ptlrpcd_09_01]
root        3117       2  21  0.0  0.0 I    Mon Jun 29 15:39:30 2026 00:01:47 [ptlrpcd_10_00]
root        3118       2  20  0.0  0.0 I    Mon Jun 29 15:39:30 2026 00:01:47 [ptlrpcd_10_01]
root        3119       2  22  0.0  0.0 I    Mon Jun 29 15:39:30 2026 00:03:37 [ptlrpcd_11_00]
root        3120       2  22  0.0  0.0 I    Mon Jun 29 15:39:30 2026 00:07:48 [ptlrpcd_11_01]
root        3121       2  25  0.0  0.0 I    Mon Jun 29 15:39:30 2026 00:01:58 [ptlrpcd_12_00]
root        3122       2  24  0.0  0.0 I    Mon Jun 29 15:39:30 2026 00:02:00 [ptlrpcd_12_01]
root        3124       2  27  0.0  0.0 I    Mon Jun 29 15:39:30 2026 00:01:53 [ptlrpcd_13_01]
root        3125       2  29  0.0  0.0 I    Mon Jun 29 15:39:30 2026 00:01:37 [ptlrpcd_14_00]
root        3126       2  29  0.0  0.0 I    Mon Jun 29 15:39:30 2026 00:01:40 [ptlrpcd_14_01]
root        3128       2  30  0.0  0.0 I    Mon Jun 29 15:39:30 2026 00:01:37 [ptlrpcd_15_01]
root        3131       2  35  0.0  0.0 I    Mon Jun 29 15:39:30 2026 00:01:25 [ptlrpcd_17_00]
root        3132       2  35  0.0  0.0 I    Mon Jun 29 15:39:30 2026 00:01:26 [ptlrpcd_17_01]
root        3133       2  37  0.0  0.0 I    Mon Jun 29 15:39:30 2026 00:01:01 [ptlrpcd_18_00]
root        3134       2  36  0.0  0.0 I    Mon Jun 29 15:39:30 2026 00:00:58 [ptlrpcd_18_01]
root        3135       2  38  0.0  0.0 I    Mon Jun 29 15:39:30 2026 00:00:49 [ptlrpcd_19_00]
root        3136       2  38  0.0  0.0 I    Mon Jun 29 15:39:30 2026 00:00:52 [ptlrpcd_19_01]
root        3137       2  40  0.0  0.0 I    Mon Jun 29 15:39:30 2026 00:00:46 [ptlrpcd_20_00]
root        3138       2  41  0.0  0.0 I    Mon Jun 29 15:39:30 2026 00:00:49 [ptlrpcd_20_01]
root        3139       2  43  0.0  0.0 I    Mon Jun 29 15:39:30 2026 00:00:50 [ptlrpcd_21_00]
root        3140       2  42  0.0  0.0 I    Mon Jun 29 15:39:30 2026 00:00:46 [ptlrpcd_21_01]
root        3141       2  44  0.0  0.0 I    Mon Jun 29 15:39:30 2026 00:00:52 [ptlrpcd_22_00]
root        3142       2  45  0.0  0.0 I    Mon Jun 29 15:39:30 2026 00:00:50 [ptlrpcd_22_01]
root        3143       2  46  0.0  0.0 I    Mon Jun 29 15:39:30 2026 00:02:02 [ptlrpcd_23_00]
root        3144       2  47  0.0  0.0 I    Mon Jun 29 15:39:30 2026 00:02:04 [ptlrpcd_23_01]
root        3153       2   1  0.0  0.0 I    Mon Jun 29 15:39:30 2026 00:00:00 [ldlm_cb00_000]
root        3154       2   0  0.0  0.0 I    Mon Jun 29 15:39:30 2026 00:00:00 [ldlm_cb00_001]
root        3155       2   2  0.0  0.0 I    Mon Jun 29 15:39:30 2026 00:00:00 [ldlm_cb01_000]
root        3156       2   2  0.0  0.0 I    Mon Jun 29 15:39:30 2026 00:00:00 [ldlm_cb01_001]
root        3157       2   4  0.0  0.0 I    Mon Jun 29 15:39:30 2026 00:00:00 [ldlm_cb02_000]
root        3158       2   4  0.0  0.0 I    Mon Jun 29 15:39:30 2026 00:00:00 [ldlm_cb02_001]
root        3159       2   6  0.0  0.0 I    Mon Jun 29 15:39:30 2026 00:00:00 [ldlm_cb03_000]
root        3160       2   7  0.0  0.0 I    Mon Jun 29 15:39:30 2026 00:00:00 [ldlm_cb03_001]
root        3161       2   8  0.0  0.0 I    Mon Jun 29 15:39:30 2026 00:00:00 [ldlm_cb04_000]
root        3162       2   9  0.0  0.0 I    Mon Jun 29 15:39:30 2026 00:00:00 [ldlm_cb04_001]
root        3163       2  10  0.0  0.0 I    Mon Jun 29 15:39:30 2026 00:00:00 [ldlm_cb05_000]
root        3164       2  11  0.0  0.0 I    Mon Jun 29 15:39:30 2026 00:00:00 [ldlm_cb05_001]
root        3165       2  12  0.0  0.0 I    Mon Jun 29 15:39:30 2026 00:00:00 [ldlm_cb06_000]
root        3166       2  13  0.0  0.0 I    Mon Jun 29 15:39:30 2026 00:00:00 [ldlm_cb06_001]
root        3167       2  14  0.0  0.0 I    Mon Jun 29 15:39:30 2026 00:00:00 [ldlm_cb07_000]
root        3168       2  15  0.0  0.0 I    Mon Jun 29 15:39:30 2026 00:00:00 [ldlm_cb07_001]
root        3169       2  17  0.0  0.0 I    Mon Jun 29 15:39:30 2026 00:00:00 [ldlm_cb08_000]
root        3170       2  16  0.0  0.0 I    Mon Jun 29 15:39:30 2026 00:00:00 [ldlm_cb08_001]
root        3171       2  18  0.0  0.0 I    Mon Jun 29 15:39:30 2026 00:00:00 [ldlm_cb09_000]
root        3172       2  19  0.0  0.0 I    Mon Jun 29 15:39:30 2026 00:00:00 [ldlm_cb09_001]
root        3173       2  21  0.0  0.0 I    Mon Jun 29 15:39:30 2026 00:00:00 [ldlm_cb10_000]
root        3174       2  20  0.0  0.0 I    Mon Jun 29 15:39:30 2026 00:00:00 [ldlm_cb10_001]
root        3175       2  22  0.0  0.0 I    Mon Jun 29 15:39:30 2026 00:00:00 [ldlm_cb11_000]
root        3176       2  23  0.0  0.0 I    Mon Jun 29 15:39:30 2026 00:00:00 [ldlm_cb11_001]
root        3177       2  24  0.0  0.0 I    Mon Jun 29 15:39:30 2026 00:00:00 [ldlm_cb12_000]
root        3178       2  25  0.0  0.0 I    Mon Jun 29 15:39:30 2026 00:00:00 [ldlm_cb12_001]
root        3179       2  26  0.0  0.0 I    Mon Jun 29 15:39:30 2026 00:00:00 [ldlm_cb13_000]
root        3180       2  27  0.0  0.0 I    Mon Jun 29 15:39:30 2026 00:00:00 [ldlm_cb13_001]
root        3181       2  29  0.0  0.0 I    Mon Jun 29 15:39:30 2026 00:00:00 [ldlm_cb14_000]
root        3182       2  28  0.0  0.0 I    Mon Jun 29 15:39:30 2026 00:00:00 [ldlm_cb14_001]
root        3183       2  30  0.0  0.0 I    Mon Jun 29 15:39:30 2026 00:00:00 [ldlm_cb15_000]
root        3184       2  31  0.0  0.0 I    Mon Jun 29 15:39:30 2026 00:00:00 [ldlm_cb15_001]
root        3185       2  32  0.0  0.0 I    Mon Jun 29 15:39:30 2026 00:00:00 [ldlm_cb16_000]
root        3186       2  33  0.0  0.0 I    Mon Jun 29 15:39:30 2026 00:00:00 [ldlm_cb16_001]
root        3187       2  34  0.0  0.0 I    Mon Jun 29 15:39:30 2026 00:00:00 [ldlm_cb17_000]
root        3188       2  35  0.0  0.0 I    Mon Jun 29 15:39:30 2026 00:00:00 [ldlm_cb17_001]
root        3189       2  36  0.0  0.0 I    Mon Jun 29 15:39:30 2026 00:00:00 [ldlm_cb18_000]
root        3190       2  36  0.0  0.0 I    Mon Jun 29 15:39:30 2026 00:00:00 [ldlm_cb18_001]
root        3191       2  38  0.0  0.0 I    Mon Jun 29 15:39:30 2026 00:00:00 [ldlm_cb19_000]
root        3192       2  39  0.0  0.0 I    Mon Jun 29 15:39:30 2026 00:00:00 [ldlm_cb19_001]
root        3193       2  40  0.0  0.0 I    Mon Jun 29 15:39:30 2026 00:00:00 [ldlm_cb20_000]
root        3194       2  41  0.0  0.0 I    Mon Jun 29 15:39:30 2026 00:00:00 [ldlm_cb20_001]
root        3195       2  42  0.0  0.0 I    Mon Jun 29 15:39:30 2026 00:00:00 [ldlm_cb21_000]
root        3196       2  43  0.0  0.0 I    Mon Jun 29 15:39:30 2026 00:00:00 [ldlm_cb21_001]
root        3197       2  44  0.0  0.0 I    Mon Jun 29 15:39:30 2026 00:00:00 [ldlm_cb22_000]
root        3198       2  44  0.0  0.0 I    Mon Jun 29 15:39:30 2026 00:00:00 [ldlm_cb22_001]
root        3199       2  47  0.0  0.0 I    Mon Jun 29 15:39:30 2026 00:00:00 [ldlm_cb23_000]
root        3200       2  46  0.0  0.0 I    Mon Jun 29 15:39:30 2026 00:00:00 [ldlm_cb23_001]
root        3201       2  37  0.0  0.0 I    Mon Jun 29 15:39:30 2026 00:00:06 [ldlm_bl_01]
root        3202       2  18  0.0  0.0 I    Mon Jun 29 15:39:30 2026 00:00:06 [ldlm_bl_02]
root        3203       2   3  0.0  0.0 I    Mon Jun 29 15:39:30 2026 00:00:00 [ll_cfg_requeue]
root        3632       2   5  0.0  0.0 S    Mon Jun 29 15:39:33 2026 00:00:25 [SEPDRV_ABNORMAL]
root        3759       1  40  0.0  0.0 Ssl  Mon Jun 29 15:39:37 2026 00:00:06 /opt/beegfs/sbin/beegfs-helperd cfgFile=/etc/beegfs/beegfs-helperd.conf runDaemonized=false
root        3878       1  45  0.0  0.0 Ss   Mon Jun 29 15:39:37 2026 00:00:00 sshd: /usr/sbin/sshd -D [listener] 0 of 10-100 startups
root        3894       2  11  0.0  0.0 I<   Mon Jun 29 15:39:37 2026 00:00:00 [beegfs/flush]
root        3895       2  16  0.0  0.0 I<   Mon Jun 29 15:39:37 2026 00:00:00 [beegfs-rwPgWQ]
rtkit       5793       1  27  0.0  0.0 SNsl Mon Jun 29 15:43:47 2026 00:00:08 /usr/libexec/rtkit-daemon
root        5796       1   7  0.0  0.0 Ssl  Mon Jun 29 15:43:47 2026 00:00:02 /usr/libexec/polkitd --no-debug
root       14362       2  22  0.0  0.0 I    Mon Jun 29 16:59:37 2026 00:00:06 [ldlm_bl_03]
root       16206       2  45  0.0  0.0 I    Mon Jun 29 17:16:44 2026 00:00:06 [ldlm_bl_04]
root       16207       2   4  0.0  0.0 I    Mon Jun 29 17:16:44 2026 00:00:07 [ldlm_bl_05]
root       47161       2  12  0.0  0.0 I<   Sat Jul 11 03:30:49 2026 00:00:00 [kworker/u97:0-ib-comp-unb-wq]
root       88335       2   6  0.0  0.0 I    Tue Jun 30 02:30:03 2026 00:00:07 [ldlm_bl_06]
root       88336       2  24  0.0  0.0 I    Tue Jun 30 02:30:03 2026 00:00:03 [ldlm_bl_07]
root       88337       2  33  0.0  0.0 I    Tue Jun 30 02:30:03 2026 00:00:02 [ldlm_bl_08]
root       88338       2  18  0.0  0.0 I    Tue Jun 30 02:30:03 2026 00:00:02 [ldlm_bl_09]
root       88339       2   6  0.0  0.0 I    Tue Jun 30 02:30:03 2026 00:00:03 [ldlm_bl_10]
root       88340       2  18  0.0  0.0 I    Tue Jun 30 02:30:03 2026 00:00:02 [ldlm_bl_11]
root       88341       2  42  0.0  0.0 I    Tue Jun 30 02:30:03 2026 00:00:02 [ldlm_bl_12]
root       88342       2  18  0.0  0.0 I    Tue Jun 30 02:30:03 2026 00:00:02 [ldlm_bl_13]
root       88343       2  42  0.0  0.0 I    Tue Jun 30 02:30:03 2026 00:00:02 [ldlm_bl_14]
root       88344       2   6  0.0  0.0 I    Tue Jun 30 02:30:03 2026 00:00:02 [ldlm_bl_15]
root       88345       2  32  0.0  0.0 I    Tue Jun 30 02:30:03 2026 00:00:02 [ldlm_bl_16]
root       88346       2  42  0.0  0.0 I    Tue Jun 30 02:30:03 2026 00:00:02 [ldlm_bl_17]
root       88347       2  17  0.0  0.0 I    Tue Jun 30 02:30:03 2026 00:00:02 [ldlm_bl_18]
root       88348       2  26  0.0  0.0 I    Tue Jun 30 02:30:03 2026 00:00:02 [ldlm_bl_19]
root       88349       2  42  0.0  0.0 I    Tue Jun 30 02:30:03 2026 00:00:02 [ldlm_bl_20]
root       88350       2  20  0.0  0.0 I    Tue Jun 30 02:30:03 2026 00:00:03 [ldlm_bl_21]
root       88351       2  32  0.0  0.0 I    Tue Jun 30 02:30:03 2026 00:00:02 [ldlm_bl_22]
root       88352       2  40  0.0  0.0 I    Tue Jun 30 02:30:03 2026 00:00:04 [ldlm_bl_23]
root       88353       2  22  0.0  0.0 I    Tue Jun 30 02:30:03 2026 00:00:02 [ldlm_bl_24]
root       88354       2  10  0.0  0.0 I    Tue Jun 30 02:30:03 2026 00:00:03 [ldlm_bl_25]
root       88355       2  18  0.0  0.0 I    Tue Jun 30 02:30:03 2026 00:00:02 [ldlm_bl_26]
root       88356       2   2  0.0  0.0 I    Tue Jun 30 02:30:03 2026 00:00:02 [ldlm_bl_27]
root       88357       2  10  0.0  0.0 I    Tue Jun 30 02:30:03 2026 00:00:02 [ldlm_bl_28]
root       88358       2  39  0.0  0.0 I    Tue Jun 30 02:30:03 2026 00:00:02 [ldlm_bl_29]
root       88359       2  41  0.0  0.0 I    Tue Jun 30 02:30:03 2026 00:00:03 [ldlm_bl_30]
root       88360       2  18  0.0  0.0 I    Tue Jun 30 02:30:03 2026 00:00:03 [ldlm_bl_31]
root       88361       2  20  0.0  0.0 I    Tue Jun 30 02:30:03 2026 00:00:02 [ldlm_bl_32]
root       88362       2  36  0.0  0.0 I    Tue Jun 30 02:30:03 2026 00:00:02 [ldlm_bl_33]
root       88363       2  41  0.0  0.0 I    Tue Jun 30 02:30:03 2026 00:00:02 [ldlm_bl_34]
root       88364       2  10  0.0  0.0 I    Tue Jun 30 02:30:03 2026 00:00:02 [ldlm_bl_35]
root      230467       1   9  0.0  0.0 Ss   Wed Jul  1 05:28:43 2026 00:00:24 /usr/libexec/sssd/sssd_nss --logger=files --socket-activated
root      282427       2  38  0.0  0.0 I    Wed Jul  1 11:45:57 2026 00:00:00 [ldlm_cb19_002]
root      285693       2  37  0.0  0.0 I    Wed Jul  1 12:32:43 2026 00:00:00 [ldlm_cb18_002]
root      285704       2  45  0.0  0.0 I    Wed Jul  1 12:32:57 2026 00:00:00 [ldlm_cb22_002]
root      286368       2  43  0.0  0.0 I    Wed Jul  1 12:42:17 2026 00:00:00 [ldlm_cb21_002]
root      375959       1  27  0.0  0.0 Ssl  Thu Jul  2 06:11:20 2026 00:01:22 /snap/snapd/current/usr/lib/snapd/snapd
root      430565       2  41  0.0  0.0 I    Thu Jul  2 18:32:02 2026 00:00:00 [ldlm_cb20_002]
root      532611       2   0  0.0  0.0 I    Fri Jul  3 18:27:51 2026 00:00:00 [ldlm_cb00_002]
root      579582       2  15  0.0  0.0 I    Tue Jul 14 18:34:51 2026 00:00:01 [kworker/15:2-events]
root      683328       2  41  0.0  0.0 I    Wed Jul 15 18:10:03 2026 00:00:01 [kworker/41:1-rcu_gp]
root      692184       1  36  0.0  0.0 Ssl  Wed Jul 15 19:47:52 2026 00:00:04 /usr/libexec/packagekitd
root      695088       2  12  0.0  0.0 I    Wed Jul 15 20:14:38 2026 00:00:01 [kworker/12:0-mm_percpu_wq]
root      696426       2  31  0.0  0.0 I    Wed Jul 15 20:14:39 2026 00:00:01 [kworker/31:0-events]
root      697061       2  11  0.0  0.0 I    Wed Jul 15 20:14:39 2026 00:00:01 [kworker/11:2-events]
root      753618       2   3  0.0  0.0 I    Sun Jul  5 18:12:00 2026 00:00:00 [ldlm_cb01_002]
root      777162       2  34  0.0  0.0 I    Thu Jul 16 14:20:03 2026 00:00:00 [kworker/34:2-cgroup_free]
root      802372       2   7  0.0  0.0 I    Thu Jul 16 20:05:03 2026 00:00:00 [kworker/7:0-md]
root      802421       2  12  0.0  0.0 I    Thu Jul 16 20:05:03 2026 00:00:00 [kworker/12:1-events]
root      802424       2   9  0.0  0.0 I    Thu Jul 16 20:05:03 2026 00:00:00 [kworker/9:0-events]
root      804931       2  29  0.0  0.0 I    Thu Jul 16 20:30:01 2026 00:00:00 [kworker/29:2-rcu_par_gp]
root      806701       2  30  0.0  0.0 I    Thu Jul 16 20:44:55 2026 00:00:01 [kworker/30:0-events]
root      814207       2  11  0.0  0.0 I    Thu Jul 16 21:15:14 2026 00:00:00 [kworker/11:0-events]
root      816322       2  10  0.0  0.0 I    Thu Jul 16 21:20:31 2026 00:00:00 [kworker/10:0-xfs-inodegc/md0]
root      816620       2  31  0.0  0.0 I    Thu Jul 16 21:21:00 2026 00:00:00 [kworker/31:2-events]
root      818039       2  30  0.0  0.0 I    Thu Jul 16 21:40:01 2026 00:00:00 [kworker/30:1-cgroup_free]
root      818258       2  23  0.0  0.0 I    Thu Jul 16 21:40:25 2026 00:00:00 [kworker/23:0-events]
root      818385       2   9  0.0  0.0 I    Thu Jul 16 21:40:29 2026 00:00:00 [kworker/9:1-events]
root      869905       2   2  0.0  0.0 I    Fri Jul 17 00:00:01 2026 00:00:00 [kworker/2:0-events]
root      873592       2   3  0.0  0.0 I    Fri Jul 17 00:50:01 2026 00:00:00 [kworker/3:2-events]
root      881552       2  25  0.0  0.0 I    Fri Jul 17 02:33:31 2026 00:00:00 [ldlm_bl_36]
root      881553       2  46  0.0  0.0 I    Fri Jul 17 02:33:31 2026 00:00:00 [ldlm_bl_37]
root      881554       2  44  0.0  0.0 I    Fri Jul 17 02:33:31 2026 00:00:00 [ldlm_bl_38]
root      881555       2  22  0.0  0.0 I    Fri Jul 17 02:33:31 2026 00:00:00 [ldlm_bl_39]
root      881556       2  34  0.0  0.0 I    Fri Jul 17 02:33:31 2026 00:00:00 [ldlm_bl_40]
root      881557       2  18  0.0  0.0 I    Fri Jul 17 02:33:31 2026 00:00:00 [ldlm_bl_41]
root      881558       2  18  0.0  0.0 I    Fri Jul 17 02:33:31 2026 00:00:00 [ldlm_bl_42]
root      881559       2  42  0.0  0.0 I    Fri Jul 17 02:33:31 2026 00:00:00 [ldlm_bl_43]
root      881560       2  26  0.0  0.0 I    Fri Jul 17 02:33:31 2026 00:00:00 [ldlm_bl_44]
root      881561       2  45  0.0  0.0 I    Fri Jul 17 02:33:31 2026 00:00:00 [ldlm_bl_45]
root      881562       2  10  0.0  0.0 I    Fri Jul 17 02:33:31 2026 00:00:00 [ldlm_bl_46]
root      881563       2   1  0.0  0.0 I    Fri Jul 17 02:33:31 2026 00:00:00 [ldlm_bl_47]
root      881564       2  11  0.0  0.0 I    Fri Jul 17 02:33:31 2026 00:00:00 [ldlm_bl_48]
root      881565       2  26  0.0  0.0 I    Fri Jul 17 02:33:31 2026 00:00:00 [ldlm_bl_49]
root      881566       2  10  0.0  0.0 I    Fri Jul 17 02:33:31 2026 00:00:00 [ldlm_bl_50]
root      881720       2  13  0.0  0.0 I    Fri Jul 17 02:34:06 2026 00:00:00 [kworker/13:0-rcu_par_gp]
root      882987       2  29  0.0  0.0 I    Fri Jul 17 02:39:59 2026 00:00:00 [kworker/29:0-events]
root      883606       2  36  0.0  0.0 I    Fri Jul 17 02:45:23 2026 00:00:00 [kworker/36:1-events]
root      883862       2  27  0.0  0.0 I    Fri Jul 17 02:45:29 2026 00:00:00 [kworker/27:0-rcu_par_gp]
root      891674       2  26  0.0  0.0 I    Fri Jul 17 04:10:01 2026 00:00:00 [kworker/26:1-events]
root      903713       2  35  0.0  0.0 I    Fri Jul 17 06:22:06 2026 00:00:00 [kworker/35:0-mm_percpu_wq]
root      908201       2  36  0.0  0.0 I    Fri Jul 17 07:11:41 2026 00:00:00 [kworker/36:2]
root      918864       2  26  0.0  0.0 I    Fri Jul 17 09:20:01 2026 00:00:00 [kworker/26:0]
root      937516       2  32  0.0  0.0 I    Fri Jul 17 13:20:00 2026 00:00:00 [kworker/32:2-events]
root      960362       2  33  0.0  0.0 I    Fri Jul 17 18:20:01 2026 00:00:00 [kworker/33:0-events]
root      988571       2  44  0.0  0.0 I    Sat Jul 18 00:26:48 2026 00:00:00 [kworker/44:2-events]
root      988572       2  43  0.0  0.0 I    Sat Jul 18 00:26:48 2026 00:00:00 [kworker/43:0-events]
root     1001201       2  16  0.0  0.0 I    Sat Jul 18 03:11:57 2026 00:00:00 [kworker/16:2-events]
root     1016585       2   5  0.0  0.0 I    Sat Jul 18 06:40:00 2026 00:00:00 [kworker/5:2-events]
root     1018304       2  22  0.0  0.0 I    Sat Jul 18 07:02:32 2026 00:00:00 [kworker/22:2-rcu_gp]
root     1048412       2  17  0.0  0.0 I    Sat Jul 18 13:50:00 2026 00:00:00 [kworker/17:0-rcu_par_gp]
root     1059448       2   8  0.0  0.0 I    Sat Jul 18 16:21:00 2026 00:00:00 [kworker/8:2-rcu_gp]
root     1068286       2  14  0.0  0.0 I    Sat Jul 18 18:22:00 2026 00:00:00 [kworker/14:0-md]
root     1086185       2  21  0.0  0.0 I    Sat Jul 18 22:25:30 2026 00:00:00 [kworker/21:2-events]
root     1086186       2  18  0.0  0.0 I    Sat Jul 18 22:25:30 2026 00:00:00 [kworker/18:2-events]
root     1086906       2  19  0.0  0.0 I    Sat Jul 18 22:29:19 2026 00:00:00 [kworker/19:1-usb_hub_wq]
root     1087638       2  45  0.0  0.0 I    Sat Jul 18 22:31:32 2026 00:00:00 [kworker/45:0-mm_percpu_wq]
root     1087806       2  17  0.0  0.0 I    Sat Jul 18 22:31:37 2026 00:00:00 [kworker/17:1-rcu_gp]
root     1087892       2  27  0.0  0.0 I    Sat Jul 18 22:31:39 2026 00:00:00 [kworker/27:2-events]
root     1088696       2   3  0.0  0.0 I    Sat Jul 18 22:34:41 2026 00:00:00 [kworker/3:0]
root     1088981       2  25  0.0  0.0 I    Sat Jul 18 22:34:52 2026 00:00:00 [kworker/25:0-mm_percpu_wq]
root     1089519       2  19  0.0  0.0 I    Sat Jul 18 22:35:33 2026 00:00:00 [kworker/19:0-events]
root     1089846       2  20  0.0  0.0 I    Sat Jul 18 22:35:48 2026 00:00:00 [kworker/20:2-rcu_gp]
root     1090193       2  33  0.0  0.0 I    Sat Jul 18 22:36:18 2026 00:00:00 [kworker/33:2-rcu_par_gp]
root     1090516       2  34  0.0  0.0 I    Sat Jul 18 22:39:10 2026 00:00:00 [kworker/34:0-events]
root     1090845       2  35  0.0  0.0 I    Sat Jul 18 22:39:21 2026 00:00:00 [kworker/35:2]
root     1091028       2  46  0.0  0.0 I    Sat Jul 18 22:39:21 2026 00:00:00 [kworker/46:2-rcu_par_gp]
root     1091162       2  24  0.0  0.0 I    Sat Jul 18 22:39:21 2026 00:00:00 [kworker/24:3-events]
root     1092358       2  45  0.0  0.0 I    Sat Jul 18 22:39:28 2026 00:00:00 [kworker/45:1-cgroup_free]
root     1092382       2  42  0.0  0.0 I    Sat Jul 18 22:39:28 2026 00:00:00 [kworker/42:2-rcu_gp]
root     1092547       2   4  0.0  0.0 I    Sat Jul 18 22:39:28 2026 00:00:00 [kworker/4:1-rcu_par_gp]
root     1092553       2   8  0.0  0.0 I    Sat Jul 18 22:39:28 2026 00:00:00 [kworker/8:0-events]
root     1093347       2  15  0.0  0.0 I    Sat Jul 18 22:40:01 2026 00:00:00 [kworker/15:1-mm_percpu_wq]
root     1093359       2   6  0.0  0.0 I    Sat Jul 18 22:40:02 2026 00:00:00 [kworker/6:0-rcu_gp]
root     1093605       2  16  0.0  0.0 I    Sat Jul 18 22:40:14 2026 00:00:00 [kworker/16:0]
root     1093814       2   2  0.0  0.0 I    Sat Jul 18 22:41:20 2026 00:00:00 [kworker/2:2-cgroup_free]
root     1094116       2  28  0.0  0.0 I    Sat Jul 18 22:44:04 2026 00:00:00 [kworker/28:0-mm_percpu_wq]
root     1094995       2  32  0.0  0.0 I    Sat Jul 18 22:44:08 2026 00:00:00 [kworker/32:1]
root     1095885       2  44  0.0  0.0 I    Sat Jul 18 22:44:13 2026 00:00:00 [kworker/44:1-cgroup_free]
root     1095890       2  18  0.0  0.0 I    Sat Jul 18 22:44:13 2026 00:00:00 [kworker/18:0]
root     1096196       2  22  0.0  0.0 I<   Sat Jul 18 22:44:35 2026 00:00:00 [kworker/u97:1-ib-comp-unb-wq]
root     1097294       2   1  0.0  0.0 I    Sat Jul 18 22:48:10 2026 00:00:00 [kworker/1:1-rcu_par_gp]
root     1098093       2  47  0.0  0.0 I    Sat Jul 18 22:50:35 2026 00:00:00 [kworker/47:2-mm_percpu_wq]
root     1098504       2  21  0.0  0.0 I    Sat Jul 18 22:50:56 2026 00:00:00 [kworker/21:0-ib_cm]
root     1098528       2  24  0.0  0.0 I    Sat Jul 18 22:50:57 2026 00:00:00 [kworker/24:1]
root     1098791       2  40  0.0  0.0 I    Sat Jul 18 22:51:09 2026 00:00:00 [kworker/40:2-rcu_par_gp]
root     1098852       2   4  0.0  0.0 I    Sat Jul 18 22:51:09 2026 00:00:00 [kworker/4:0-rcu_gp]
root     1099009       2  42  0.0  0.0 I    Sat Jul 18 22:52:13 2026 00:00:00 [kworker/42:0-rcu_par_gp]
root     1099458       2  13  0.0  0.0 I    Sat Jul 18 22:58:25 2026 00:00:00 [kworker/13:1-mm_percpu_wq]
root     1099675       2  20  0.0  0.0 I    Sat Jul 18 23:00:42 2026 00:00:00 [kworker/20:1-events]
root     1099686       2  10  0.0  0.0 I    Sat Jul 18 23:00:42 2026 00:00:00 [kworker/10:1-mm_percpu_wq]
root     1099834       2   5  0.0  0.0 I    Sat Jul 18 23:00:45 2026 00:00:00 [kworker/5:1]
root     1099959       2  14  0.0  0.0 I    Sat Jul 18 23:00:54 2026 00:00:00 [kworker/14:2-mm_percpu_wq]
root     1103924       2   0  0.0  0.0 I    Sat Jul 18 23:51:59 2026 00:00:00 [kworker/u96:1-events_power_efficient]
root     1105099       2  47  0.0  0.0 I    Sun Jul 19 00:07:01 2026 00:00:00 [kworker/47:1]
root     1105320       2   0  0.0  0.0 I    Sun Jul 19 00:10:02 2026 00:00:00 [kworker/0:1-events]
root     1105689       2  39  0.0  0.0 I    Sun Jul 19 00:13:35 2026 00:00:00 [kworker/39:0-mm_percpu_wq]
root     1105690       2  38  0.0  0.0 I    Sun Jul 19 00:13:35 2026 00:00:00 [kworker/38:2-cgroup_free]
postfix  1105910    4001  39  0.0  0.0 S    Sun Jul 19 00:14:43 2026 00:00:00 pickup -l -t unix -u -c
root     1106571       2   0  0.0  0.0 I    Sun Jul 19 00:23:52 2026 00:00:00 [kworker/u96:2-ipoib_wq]
root     1106864       2  39  0.0  0.0 I    Sun Jul 19 00:27:27 2026 00:00:00 [kworker/39:1-events]
root     1106865       2  38  0.0  0.0 I    Sun Jul 19 00:27:27 2026 00:00:00 [kworker/38:1-events]
root     1106867       2  40  0.0  0.0 I    Sun Jul 19 00:27:27 2026 00:00:00 [kworker/40:0-events]
root     1106870       2  41  0.0  0.0 I    Sun Jul 19 00:27:27 2026 00:00:00 [kworker/41:2-events]
root     1106956       2  19  0.0  0.0 I    Sun Jul 19 00:28:57 2026 00:00:00 [kworker/u96:0-flush-259:0]
root     1107057       2  25  0.0  0.0 I    Sun Jul 19 00:30:01 2026 00:00:00 [kworker/25:1]
root     1107440       2   6  0.0  0.0 I    Sun Jul 19 00:34:31 2026 00:00:00 [kworker/6:2-events]
root     1107569       2  43  0.0  0.0 I    Sun Jul 19 00:34:34 2026 00:00:00 [kworker/43:2-rcu_par_gp]
root     1107572       2  23  0.0  0.0 I    Sun Jul 19 00:34:34 2026 00:00:00 [kworker/23:1]
root     1107607       2  22  0.0  0.0 I    Sun Jul 19 00:34:35 2026 00:00:00 [kworker/22:0-mm_percpu_wq]
root     1107610       2   0  0.0  0.0 I    Sun Jul 19 00:34:35 2026 00:00:00 [kworker/0:2-events]
root     1107611       2   1  0.0  0.0 I    Sun Jul 19 00:34:35 2026 00:00:00 [kworker/1:0-rcu_par_gp]
root     1107702       2  46  0.0  0.0 I    Sun Jul 19 00:34:38 2026 00:00:00 [kworker/46:0-events]
root     1107703       2  37  0.0  0.0 I    Sun Jul 19 00:34:38 2026 00:00:00 [kworker/37:2-cgroup_free]
root     1108224       2   7  0.0  0.0 I    Sun Jul 19 00:35:02 2026 00:00:00 [kworker/7:2-mm_percpu_wq]
root     1108242       2  37  0.0  0.0 I    Sun Jul 19 00:35:17 2026 00:00:00 [kworker/37:3-events]
root     1108605       2  28  0.0  0.0 I    Sun Jul 19 00:40:17 2026 00:00:00 [kworker/28:1-mm_percpu_wq]
root     1108990       2   0  0.0  0.0 I    Sun Jul 19 00:45:36 2026 00:00:00 [kworker/u96:3-writeback]
root     1109318       2  37  0.0  0.0 I    Sun Jul 19 00:50:01 2026 00:00:00 [kworker/37:0]
root     1109319       2  37  0.0  0.0 I    Sun Jul 19 00:50:01 2026 00:00:00 [kworker/37:1-events]
root     1109539       2  28  0.0  0.0 I    Sun Jul 19 00:53:05 2026 00:00:00 [kworker/28:2-events]
root     1109628       2  17  0.0  0.0 I    Sun Jul 19 00:53:37 2026 00:00:00 [kworker/17:2-events]
root     1109630       2  27  0.0  0.0 I<   Sun Jul 19 00:53:37 2026 00:00:00 [xfs-buf/md0]
root     1109631       2  28  0.0  0.0 I<   Sun Jul 19 00:53:37 2026 00:00:00 [xfs-conv/md0]
root     1109632       2  29  0.0  0.0 I<   Sun Jul 19 00:53:37 2026 00:00:00 [xfs-reclaim/md0]
root     1109633       2  30  0.0  0.0 I<   Sun Jul 19 00:53:37 2026 00:00:00 [xfs-blockgc/md0]
root     1109634       2  31  0.0  0.0 I<   Sun Jul 19 00:53:37 2026 00:00:00 [xfs-inodegc/md0]
root     1109635       2  32  0.0  0.0 I<   Sun Jul 19 00:53:37 2026 00:00:00 [xfs-log/md0]
root     1109636       2  33  0.0  0.0 I<   Sun Jul 19 00:53:37 2026 00:00:00 [xfs-cil/md0]
root     1109637       2  34  0.0  0.0 S    Sun Jul 19 00:53:37 2026 00:00:00 [xfsaild/md0]
root     1109756       2   4  0.0  0.0 I    Sun Jul 19 00:53:40 2026 00:00:00 [kworker/4:2-mm_percpu_wq]
root     1109758       2  27  0.0  0.0 S    Sun Jul 19 00:53:40 2026 00:00:00 [jbd2/pmem0-8]
root     1109759       2  28  0.0  0.0 I<   Sun Jul 19 00:53:40 2026 00:00:00 [ext4-rsv-conver]
root     1109765    2370  13  0.0  0.0 S    Sun Jul 19 00:53:40 2026 00:00:00 /opt/nec/nqsv/sbin/nqs_shpd -h nqsv -n 3
root     1109795       2  27  0.0  0.0 I    Sun Jul 19 00:53:42 2026 00:00:00 [kworker/u96:4]
root     1109881       2   1  0.0  0.0 I    Sun Jul 19 00:53:44 2026 00:00:00 [kworker/1:2-mm_percpu_wq]
root     1109882       2  42  0.0  0.0 I    Sun Jul 19 00:53:44 2026 00:00:00 [kworker/42:1-events]
tanab    1109975 1109765  15  0.0  0.0 Ss   Sun Jul 19 00:53:44 2026 00:00:00 /opt/nec/nqsv/sbin/nqs_shpd -h nqsv -n 3
tanab    1109976 1109975  12  0.0  0.0 S    Sun Jul 19 00:53:44 2026 00:00:00 -bash
tanab    1109995 1109976  12  0.0  0.0 S    Sun Jul 19 00:53:44 2026 00:00:00 /bin/bash /var/opt/nec/nqsv/jsv/jobfile/0.867860.10/user_script
tanab    1110136 1109995  31  0.0  0.0 S    Sun Jul 19 00:53:47 2026 00:00:00 timeout 60 ps -eo user,pid,ppid,psr,pcpu,pmem,stat,lstart,time,args --sort=-pcpu
tanab    1110137 1110136  35  0.0  0.0 R    Sun Jul 19 00:53:47 2026 00:00:00 ps -eo user,pid,ppid,psr,pcpu,pmem,stat,lstart,time,args --sort=-pcpu
