Name:	cat
Umask:	0022
State:	R (running)
Tgid:	1121592
Ngid:	0
Pid:	1121592
PPid:	1121591
TracerPid:	0
Uid:	31609	31609	31609	31609
Gid:	30410	30410	30410	30410
FDSize:	64
Groups:	3001 30410 
NStgid:	1121592
NSpid:	1121592
NSpgid:	1121591
NSsid:	1121487
VmPeak:	    6900 kB
VmSize:	    6900 kB
VmLck:	       0 kB
VmPin:	       0 kB
VmHWM:	    1020 kB
VmRSS:	    1020 kB
RssAnon:	      92 kB
RssFile:	     928 kB
RssShmem:	       0 kB
VmData:	    4328 kB
VmStk:	     132 kB
VmExe:	      16 kB
VmLib:	    1796 kB
VmPTE:	      52 kB
VmSwap:	       0 kB
HugetlbPages:	       0 kB
CoreDumping:	0
THP_enabled:	1
Threads:	1
SigQ:	1/509439
SigPnd:	0000000000000000
ShdPnd:	0000000000000000
SigBlk:	0000000000000000
SigIgn:	0000000000000000
SigCgt:	0000000000000000
CapInh:	0000000000000000
CapPrm:	0000000000000000
CapEff:	0000000000000000
CapBnd:	000001ffffffffff
CapAmb:	0000000000000000
NoNewPrivs:	0
Seccomp:	0
Seccomp_filters:	0
Speculation_Store_Bypass:	thread vulnerable
SpeculationIndirectBranch:	conditional enabled
Cpus_allowed:	ffff,ffffffff
Cpus_allowed_list:	0-47
Mems_allowed:	00000000,00000000,00000000,00000000,00000000,00000000,00000000,00000000,00000000,00000000,00000000,00000000,00000000,00000000,00000000,00000000,00000000,00000000,00000000,00000000,00000000,00000000,00000000,00000000,00000000,00000000,00000000,00000000,00000000,00000000,00000000,00000001
Mems_allowed_list:	0
voluntary_ctxt_switches:	1
nonvoluntary_ctxt_switches:	0
