-- The CXX compiler identification is GNU 11.4.0
-- Detecting CXX compiler ABI info
-- Detecting CXX compiler ABI info - done
-- Check for working CXX compiler: /bin/g++ - skipped
-- Detecting CXX compile features
-- Detecting CXX compile features - done
-- Performing Test CMAKE_HAVE_LIBC_PTHREAD
-- Performing Test CMAKE_HAVE_LIBC_PTHREAD - Success
-- Found Threads: TRUE  
-- Found gflags: /scr/t139pc.NwueXE/gflags-install/lib/libgflags.a  
-- Found glog: /scr/t139pc.NwueXE/glog-install/lib/libglog.a  
-- Found Boost: /lib/x86_64-linux-gnu/cmake/Boost-1.74.0/BoostConfig.cmake (found version "1.74.0") found components: filesystem 
-- The C compiler identification is GNU 11.4.0
-- Detecting C compiler ABI info
-- Detecting C compiler ABI info - done
-- Check for working C compiler: /bin/gcc - skipped
-- Detecting C compile features
-- Detecting C compile features - done
-- 
-- Architecture: x64
-- Performing Test mi_has_libpthread
-- Performing Test mi_has_libpthread - Success
-- Performing Test mi_has_librt
-- Performing Test mi_has_librt - Success
-- Performing Test mi_has_libatomic
-- Performing Test mi_has_libatomic - Success
-- 
-- Library name     : mimalloc
-- Version          : 2.3.2
-- Build type       : release
-- C Compiler       : /bin/gcc
-- Compiler flags   : -Wall;-Wextra;-Wno-unknown-pragmas;-fvisibility=hidden;-Wstrict-prototypes;-ftls-model=initial-exec
-- Compiler defines : MI_CMAKE_BUILD_TYPE=release;MI_BUILD_RELEASE
-- Link libraries   : pthread;rt;atomic
-- Build targets    : static
-- 
-- Found Python3: /bin/python3.10 (found version "3.10.12") found components: Interpreter 
-- Wrote protocol×workload matrix to /scr/t139pc.NwueXE/build-stock-live/PROTOCOL_MATRIX.md
-- Configuring done
-- Generating done
CMake Warning:
  Manually-specified variables were not used by the project:

    CCBENCH_BACKOFF_FIXED
    IZANAGI_GFLAGS_SRC_HEAD
    IZANAGI_GLOG_SRC_HEAD
    RULE_LAUNCH_COMPILE


-- Build files have been written to: /scr/t139pc.NwueXE/build-stock-live
