-- The CXX compiler identification is GNU 11.4.0
-- Detecting CXX compiler ABI info
-- Detecting CXX compiler ABI info - done
-- Check for working CXX compiler: /usr/bin/c++ - skipped
-- Detecting CXX compile features
-- Detecting CXX compile features - done
-- Looking for C++ include unistd.h
-- Looking for C++ include unistd.h - found
-- Looking for C++ include stdint.h
-- Looking for C++ include stdint.h - found
-- Looking for C++ include inttypes.h
-- Looking for C++ include inttypes.h - found
-- Looking for C++ include sys/types.h
-- Looking for C++ include sys/types.h - found
-- Looking for C++ include sys/stat.h
-- Looking for C++ include sys/stat.h - found
-- Looking for C++ include fnmatch.h
-- Looking for C++ include fnmatch.h - found
-- Looking for C++ include stddef.h
-- Looking for C++ include stddef.h - found
-- Check size of uint32_t
-- Check size of uint32_t - done
-- Looking for strtoll
-- Looking for strtoll - found
-- Looking for C++ include pthread.h
-- Looking for C++ include pthread.h - found
-- Performing Test CMAKE_HAVE_LIBC_PTHREAD
-- Performing Test CMAKE_HAVE_LIBC_PTHREAD - Success
-- Found Threads: TRUE  
-- Check size of pthread_rwlock_t
-- Check size of pthread_rwlock_t - done
-- Configuring done
-- Generating done
-- Build files have been written to: /scr/0_979579.nqsv-a5-second-boot-balanced/gflags-build
[ 12%] Building CXX object CMakeFiles/gflags_static.dir/src/gflags.cc.o
[ 25%] Building CXX object CMakeFiles/gflags_static.dir/src/gflags_reporting.cc.o
[ 37%] Building CXX object CMakeFiles/gflags_static.dir/src/gflags_completions.cc.o
[ 50%] Building CXX object CMakeFiles/gflags_nothreads_static.dir/src/gflags.cc.o
[ 62%] Building CXX object CMakeFiles/gflags_nothreads_static.dir/src/gflags_reporting.cc.o
[ 75%] Building CXX object CMakeFiles/gflags_nothreads_static.dir/src/gflags_completions.cc.o
[ 87%] Linking CXX static library lib/libgflags_nothreads.a
[100%] Linking CXX static library lib/libgflags.a
[100%] Built target gflags_nothreads_static
[100%] Built target gflags_static
-- Install configuration: "Release"
-- Installing: /scr/0_979579.nqsv-a5-second-boot-balanced/gflags-install/lib/libgflags.a
-- Installing: /scr/0_979579.nqsv-a5-second-boot-balanced/gflags-install/lib/libgflags_nothreads.a
-- Installing: /scr/0_979579.nqsv-a5-second-boot-balanced/gflags-install/include/gflags/gflags.h
-- Installing: /scr/0_979579.nqsv-a5-second-boot-balanced/gflags-install/include/gflags/gflags_declare.h
-- Installing: /scr/0_979579.nqsv-a5-second-boot-balanced/gflags-install/include/gflags/gflags_completions.h
-- Installing: /scr/0_979579.nqsv-a5-second-boot-balanced/gflags-install/include/gflags/gflags_gflags.h
-- Installing: /scr/0_979579.nqsv-a5-second-boot-balanced/gflags-install/lib/cmake/gflags/gflags-config.cmake
-- Installing: /scr/0_979579.nqsv-a5-second-boot-balanced/gflags-install/lib/cmake/gflags/gflags-config-version.cmake
-- Installing: /scr/0_979579.nqsv-a5-second-boot-balanced/gflags-install/lib/cmake/gflags/gflags-targets.cmake
-- Installing: /scr/0_979579.nqsv-a5-second-boot-balanced/gflags-install/lib/cmake/gflags/gflags-targets-release.cmake
-- Installing: /scr/0_979579.nqsv-a5-second-boot-balanced/gflags-install/lib/cmake/gflags/gflags-nonamespace-targets.cmake
-- Installing: /scr/0_979579.nqsv-a5-second-boot-balanced/gflags-install/lib/cmake/gflags/gflags-nonamespace-targets-release.cmake
-- Installing: /scr/0_979579.nqsv-a5-second-boot-balanced/gflags-install/bin/gflags_completions.sh
-- Installing: /scr/0_979579.nqsv-a5-second-boot-balanced/gflags-install/lib/pkgconfig/gflags.pc
-- The CXX compiler identification is GNU 11.4.0
-- Detecting CXX compiler ABI info
-- Detecting CXX compiler ABI info - done
-- Check for working CXX compiler: /usr/bin/c++ - skipped
-- Detecting CXX compile features
-- Detecting CXX compile features - done
-- Looking for gflags namespace
-- Looking for gflags namespace - gflags
-- Looking for C++ include pthread.h
-- Looking for C++ include pthread.h - found
-- Performing Test CMAKE_HAVE_LIBC_PTHREAD
-- Performing Test CMAKE_HAVE_LIBC_PTHREAD - Success
-- Found Threads: TRUE  
-- Looking for C++ include dlfcn.h
-- Looking for C++ include dlfcn.h - found
-- Looking for C++ include execinfo.h
-- Looking for C++ include execinfo.h - found
-- Looking for C++ include glob.h
-- Looking for C++ include glob.h - found
-- Looking for C++ include inttypes.h
-- Looking for C++ include inttypes.h - found
-- Looking for C++ include memory.h
-- Looking for C++ include memory.h - found
-- Looking for C++ include pwd.h
-- Looking for C++ include pwd.h - found
-- Looking for C++ include stdint.h
-- Looking for C++ include stdint.h - found
-- Looking for C++ include strings.h
-- Looking for C++ include strings.h - found
-- Looking for C++ include sys/stat.h
-- Looking for C++ include sys/stat.h - found
-- Looking for C++ include sys/syscall.h
-- Looking for C++ include sys/syscall.h - found
-- Looking for C++ include sys/time.h
-- Looking for C++ include sys/time.h - found
-- Looking for C++ include sys/types.h
-- Looking for C++ include sys/types.h - found
-- Looking for C++ include sys/utsname.h
-- Looking for C++ include sys/utsname.h - found
-- Looking for C++ include sys/wait.h
-- Looking for C++ include sys/wait.h - found
-- Looking for C++ include syscall.h
-- Looking for C++ include syscall.h - found
-- Looking for C++ include syslog.h
-- Looking for C++ include syslog.h - found
-- Looking for C++ include ucontext.h
-- Looking for C++ include ucontext.h - found
-- Looking for C++ include unistd.h
-- Looking for C++ include unistd.h - found
-- Looking for C++ include ext/hash_map
-- Looking for C++ include ext/hash_map - found
-- Looking for C++ include ext/hash_set
-- Looking for C++ include ext/hash_set - found
-- Looking for C++ include ext/slist
-- Looking for C++ include ext/slist - found
-- Looking for C++ include tr1/unordered_map
-- Looking for C++ include tr1/unordered_map - found
-- Looking for C++ include tr1/unordered_set
-- Looking for C++ include tr1/unordered_set - found
-- Looking for C++ include unordered_map
-- Looking for C++ include unordered_map - found
-- Looking for C++ include unordered_set
-- Looking for C++ include unordered_set - found
-- Looking for C++ include stddef.h
-- Looking for C++ include stddef.h - found
-- Check size of unsigned __int16
-- Check size of unsigned __int16 - failed
-- Check size of u_int16_t
-- Check size of u_int16_t - done
-- Check size of uint16_t
-- Check size of uint16_t - done
-- Looking for dladdr
-- Looking for dladdr - found
-- Looking for fcntl
-- Looking for fcntl - found
-- Looking for pread
-- Looking for pread - found
-- Looking for pwrite
-- Looking for pwrite - found
-- Looking for sigaction
-- Looking for sigaction - found
-- Looking for sigaltstack
-- Looking for sigaltstack - found
-- Performing Test HAVE_NO_DEPRECATED
-- Performing Test HAVE_NO_DEPRECATED - Success
-- Performing Test HAVE_NO_UNNAMED_TYPE_TEMPLATE_ARGS
-- Performing Test HAVE_NO_UNNAMED_TYPE_TEMPLATE_ARGS - Failed
-- Looking for snprintf
-- Looking for snprintf - found
-- Looking for UnDecorateSymbolName in dbghelp
-- Looking for UnDecorateSymbolName in dbghelp - not found
-- Performing Test HAVE___ATTRIBUTE__
-- Performing Test HAVE___ATTRIBUTE__ - Success
-- Performing Test HAVE___ATTRIBUTE__VISIBILITY_DEFAULT
-- Performing Test HAVE___ATTRIBUTE__VISIBILITY_DEFAULT - Success
-- Performing Test HAVE___ATTRIBUTE__VISIBILITY_HIDDEN
-- Performing Test HAVE___ATTRIBUTE__VISIBILITY_HIDDEN - Success
-- Performing Test HAVE___BUILTIN_EXPECT
-- Performing Test HAVE___BUILTIN_EXPECT - Success
-- Performing Test HAVE___SYNC_VAL_COMPARE_AND_SWAP
-- Performing Test HAVE___SYNC_VAL_COMPARE_AND_SWAP - Success
-- Performing Test HAVE_RWLOCK
-- Performing Test HAVE_RWLOCK - Success
-- Performing Test HAVE___DECLSPEC
-- Performing Test HAVE___DECLSPEC - Failed
-- Performing Test STL_NO_NAMESPACE
-- Performing Test STL_NO_NAMESPACE - Failed
-- Performing Test STL_STD_NAMESPACE
-- Performing Test STL_STD_NAMESPACE - Success
-- Performing Test HAVE_USING_OPERATOR
-- Performing Test HAVE_USING_OPERATOR - Success
-- Performing Test HAVE_NAMESPACES
-- Performing Test HAVE_NAMESPACES - Success
-- Performing Test HAVE_GCC_TLS
-- Performing Test HAVE_GCC_TLS - Success
-- Performing Test HAVE_MSVC_TLS
-- Performing Test HAVE_MSVC_TLS - Failed
-- Performing Test HAVE_CXX11_TLS
-- Performing Test HAVE_CXX11_TLS - Success
-- Performing Test HAVE_ALIGNED_STORAGE
-- Performing Test HAVE_ALIGNED_STORAGE - Success
-- Performing Test HAVE_CXX11_ATOMIC
-- Performing Test HAVE_CXX11_ATOMIC - Success
-- Performing Test HAVE_CXX11_NULLPTR_T
-- Performing Test HAVE_CXX11_NULLPTR_T - Success
-- Performing Test HAVE_LOCALTIME_R
-- Performing Test HAVE_LOCALTIME_R - Success
-- Performing Test COMPILER_HAS_HIDDEN_VISIBILITY
-- Performing Test COMPILER_HAS_HIDDEN_VISIBILITY - Success
-- Performing Test COMPILER_HAS_HIDDEN_INLINE_VISIBILITY
-- Performing Test COMPILER_HAS_HIDDEN_INLINE_VISIBILITY - Success
-- Performing Test COMPILER_HAS_DEPRECATED_ATTR
-- Performing Test COMPILER_HAS_DEPRECATED_ATTR - Success
-- Configuring done
-- Generating done
-- Build files have been written to: /scr/0_979579.nqsv-a5-second-boot-balanced/glog-build
[ 12%] Building CXX object CMakeFiles/glog.dir/src/demangle.cc.o
[ 37%] Building CXX object CMakeFiles/glog.dir/src/logging.cc.o
[ 37%] Building CXX object CMakeFiles/glog.dir/src/raw_logging.cc.o
[ 50%] Building CXX object CMakeFiles/glog.dir/src/symbolize.cc.o
[ 62%] Building CXX object CMakeFiles/glog.dir/src/utilities.cc.o
[ 75%] Building CXX object CMakeFiles/glog.dir/src/vlog_is_on.cc.o
[ 87%] Building CXX object CMakeFiles/glog.dir/src/signalhandler.cc.o
[100%] Linking CXX static library libglog.a
[100%] Built target glog
-- Install configuration: "Release"
-- Installing: /scr/0_979579.nqsv-a5-second-boot-balanced/glog-install/lib/libglog.a
-- Installing: /scr/0_979579.nqsv-a5-second-boot-balanced/glog-install/include/glog/export.h
-- Installing: /scr/0_979579.nqsv-a5-second-boot-balanced/glog-install/include/glog/logging.h
-- Installing: /scr/0_979579.nqsv-a5-second-boot-balanced/glog-install/include/glog/raw_logging.h
-- Installing: /scr/0_979579.nqsv-a5-second-boot-balanced/glog-install/include/glog/stl_logging.h
-- Installing: /scr/0_979579.nqsv-a5-second-boot-balanced/glog-install/include/glog/vlog_is_on.h
-- Installing: /scr/0_979579.nqsv-a5-second-boot-balanced/glog-install/include/glog/log_severity.h
-- Installing: /scr/0_979579.nqsv-a5-second-boot-balanced/glog-install/lib/pkgconfig/libglog.pc
-- Installing: /scr/0_979579.nqsv-a5-second-boot-balanced/glog-install/lib/cmake/glog/glog-modules.cmake
-- Installing: /scr/0_979579.nqsv-a5-second-boot-balanced/glog-install/lib/cmake/glog/glog-config.cmake
-- Installing: /scr/0_979579.nqsv-a5-second-boot-balanced/glog-install/lib/cmake/glog/glog-config-version.cmake
-- Installing: /scr/0_979579.nqsv-a5-second-boot-balanced/glog-install/lib/cmake/glog/glog-targets.cmake
-- Installing: /scr/0_979579.nqsv-a5-second-boot-balanced/glog-install/lib/cmake/glog/glog-targets-release.cmake

=== backoff sweep  workload=balanced  ({'ycsb_zipf_skew': '0.9', 'ycsb_rratio': '50', 'ycsb_rmw': '0'})  8 genome ===
[campaign] backoff-sweep-silo-balanced-sweep-0dd37c05  (/work/1/SFC/tanab/a5-second-boot-runs/a5-second-boot-backoff-sweep-20260906T171922Z-31812-balanced/campaigns/backoff-sweep-silo-balanced-sweep-0dd37c05)
[campaign] evaluate silo|BACKOFF_FIXED=-1,BACK_OFF=0,NO_WAIT_LOCKING_IN_VALIDATION=1,NO_WAIT_OF_TICTOC=0,WAL=0
  [eval 84319b1127a6] built trace=65e2d2bf55aa1b08 perf=597c49482e64be37
  [eval 84319b1127a6] verify[legacy]: serializable (629959 commits, 246873 aborts, 0 anomalies)
  [eval 84319b1127a6] bench: median 3,803,883 tps (CV 3.30%)
[campaign] evaluate silo|BACKOFF_FIXED=-1,BACK_OFF=1,NO_WAIT_LOCKING_IN_VALIDATION=1,NO_WAIT_OF_TICTOC=0,WAL=0
  [eval 602b4ce9c788] built trace=71642a9da5972b62 perf=e0b8c7b908b146c8
  [eval 602b4ce9c788] verify[legacy]: serializable (277308 commits, 8150 aborts, 0 anomalies)
  [eval 602b4ce9c788] bench: median 1,255,276 tps (CV 1.80%)
[campaign] evaluate silo|BACKOFF_FIXED=2,BACK_OFF=1,NO_WAIT_LOCKING_IN_VALIDATION=1,NO_WAIT_OF_TICTOC=0,WAL=0
  [eval 292d58f1dad8] built trace=543d1e24f517e971 perf=b6714798859557f1
  [eval 292d58f1dad8] verify[legacy]: serializable (623808 commits, 223453 aborts, 0 anomalies)
  [eval 292d58f1dad8] bench: median 4,394,479 tps (CV 1.42%)
[campaign] evaluate silo|BACKOFF_FIXED=5,BACK_OFF=1,NO_WAIT_LOCKING_IN_VALIDATION=1,NO_WAIT_OF_TICTOC=0,WAL=0
  [eval 3a9bac0258b4] built trace=af19fcc415d5bd44 perf=facef581dcaf3d59
  [eval 3a9bac0258b4] verify[legacy]: serializable (579244 commits, 163080 aborts, 0 anomalies)
  [eval 3a9bac0258b4] bench: median 4,294,095 tps (CV 1.19%)
[campaign] evaluate silo|BACKOFF_FIXED=10,BACK_OFF=1,NO_WAIT_LOCKING_IN_VALIDATION=1,NO_WAIT_OF_TICTOC=0,WAL=0
  [eval 5f50c97546e4] built trace=a703de7c1beaa89f perf=946450814353e5c8
  [eval 5f50c97546e4] verify[legacy]: serializable (521676 commits, 121470 aborts, 0 anomalies)
  [eval 5f50c97546e4] bench: median 3,893,392 tps (CV 0.35%)
[campaign] evaluate silo|BACKOFF_FIXED=25,BACK_OFF=1,NO_WAIT_LOCKING_IN_VALIDATION=1,NO_WAIT_OF_TICTOC=0,WAL=0
  [eval b4cc20b3b0d7] built trace=c53deb3210706dbb perf=2697e61f56a8549c
  [eval b4cc20b3b0d7] verify[legacy]: serializable (444898 commits, 71339 aborts, 0 anomalies)
  [eval b4cc20b3b0d7] bench: median 3,082,384 tps (CV 0.27%)
[campaign] evaluate silo|BACKOFF_FIXED=50,BACK_OFF=1,NO_WAIT_LOCKING_IN_VALIDATION=1,NO_WAIT_OF_TICTOC=0,WAL=0
  [eval 5a69148b9c7c] built trace=39797b5c949af7e2 perf=1c1676fbacf15bf5
  [eval 5a69148b9c7c] verify[legacy]: serializable (388108 commits, 43567 aborts, 0 anomalies)
  [eval 5a69148b9c7c] bench: median 2,424,693 tps (CV 0.44%)
[campaign] evaluate silo|BACKOFF_FIXED=100,BACK_OFF=1,NO_WAIT_LOCKING_IN_VALIDATION=1,NO_WAIT_OF_TICTOC=0,WAL=0
  [eval 491aa405960f] built trace=0a494bb3d436ef62 perf=f58d509c220e072f
  [eval 491aa405960f] verify[legacy]: serializable (337622 commits, 24956 aborts, 0 anomalies)
  [eval 491aa405960f] bench: median 1,862,067 tps (CV 0.34%)
[campaign] done: 8 committed / 0 aborted / 0 skipped (of 8)
