

fixed stop, cap, or invalid series

2026-09-29T06:32:46+0900 launch 01-A slot 1
2026-09-29T06:44:46+0900 01-A rc=0
2026-09-29T06:44:47+0900 launch 02-B slot 1
2026-09-29T07:24:50+0900 02-B rc=0
2026-09-29T07:38:40+0900 series start
2026-09-29T07:38:42+0900 launch 03-B slot 2

2026-09-29T08:02:08+0900 03-B rc=0
2026-09-29T08:02:11+0900 launch 04-A slot 2

2026-09-29T08:12:08+0900 04-A rc=1
2026-09-29T08:12:08+0900 series stopped rc=1; parent classification required
2026-09-29T08:13:45+0900 series start
2026-09-29T08:13:49+0900 launch 05-B slot 2

2026-09-29T08:38:41+0900 05-B rc=0
2026-09-29T08:38:46+0900 launch 06-A slot 2

2026-09-29T08:47:12+0900 06-A rc=0
2026-09-29T08:47:19+0900 launch 07-A slot 3

2026-09-29T09:00:36+0900 07-A rc=0
2026-09-29T09:00:43+0900 launch 08-B slot 3

2026-09-29T09:10:00+0900 08-B rc=0
2026-09-29T09:10:00+0900 series end
