start 2026-09-29 22:34:18 JST host=pegasus02 tip=7e5fa528037805dfc0459c742e4a21d6114c9799 F=25898d00b9a6bbf09329ff8e8318c77d4f08b46e
script sha256: 1f9b26821a6aaee9a192b22a4302d8ec91c67e03809a1537f00bfede22d9d911 sif sha256: 64132a2f3006ce8981c3181d6cc1e393a69067faee5b550ed4d7203484ff167e
warning: remote HEAD refers to nonexistent ref, unable to checkout.

== tip checkout HEAD=7e5fa528037805dfc0459c742e4a21d6114c9799 clean
-- login clang-format
Ubuntu clang-format version 14.0.0-1ubuntu1.1
format files=213
format rc=0
rc_login_tip=0
-- image :latest clang-format
Ubuntu clang-format version 14.0.6
format files=213
format rc=0
rc_image_tip=0
== F checkout HEAD=25898d00b9a6bbf09329ff8e8318c77d4f08b46e clean
-- login clang-format
Ubuntu clang-format version 14.0.0-1ubuntu1.1
format files=213
format rc=0
rc_login_F=0
-- image :latest clang-format
Ubuntu clang-format version 14.0.6
format files=213
format rc=0
rc_image_F=0
end 2026-09-29 22:35:09 JST fail=0
