start 2026-09-29 22:33:59 JST
tip=7e5fa528037805dfc0459c742e4a21d6114c9799 fix.bundle sha256=72f82e710617d444aee080f753721ebbb7682020068dfa4709e8aaf3174b4da3 patch sha256=2fca96512edab25ed5d097fb201b2d975782a7c8ef607e0adc50fba4f8618c3b
warning: remote HEAD refers to nonexistent ref, unable to checkout.

P1=d078f0f05b7fc4b668d65f4a5d37f7f5af2e693c parents: d078f0f05b7fc4b668d65f4a5d37f7f5af2e693c 68106660686232781bca3be792a750d3e19d7a8a
P2=261693337d3c7f96c1eab78f803a1d8881dc5fbf parents: 261693337d3c7f96c1eab78f803a1d8881dc5fbf d078f0f05b7fc4b668d65f4a5d37f7f5af2e693c
P2 tree = tip tree = 67ee0a27c69e815587ca00f6e2cff83caf78cede
diff-tree P1..P2 (raw):
:100644 100644 e393efbfd5fad7bbe05117b43669ccc0f44abb6a cc1c72877f3b45de6a66512bf85233f4276f3f7b M	cc/mocc/transaction.cc
:100644 100644 13df50054c1517c450825e8c95fe970316210df7 eb06e88a335534c435986ab20482d4c09967e0c7 M	cc/silo/transaction.cc
:100644 100644 5cd9c7f729d3dafdd59e87a87b70e2c72b5dd6a1 24e7d13288cf7df1e86a87aac0bd44ab9112eb9c M	include/tpcc.hh
:100644 100644 570e35e308e1104d53d43ea5556f54b3fb86922a 1b8e013ca06d9dd5f58b29434c5f809250ae2254 M	include/trace.hh
diff-tree PIN..F (raw, for comparison):
:100644 100644 e393efbfd5fad7bbe05117b43669ccc0f44abb6a cc1c72877f3b45de6a66512bf85233f4276f3f7b M	cc/mocc/transaction.cc
:100644 100644 054a7e5f16bc63937334b42706161bf30175dbb3 8808b55c42821df95c5240fa87a032d080a20454 M	cc/silo/transaction.cc
:100644 100644 5cd9c7f729d3dafdd59e87a87b70e2c72b5dd6a1 24e7d13288cf7df1e86a87aac0bd44ab9112eb9c M	include/tpcc.hh
:100644 100644 570e35e308e1104d53d43ea5556f54b3fb86922a 1b8e013ca06d9dd5f58b29434c5f809250ae2254 M	include/trace.hh
/work/1/SFC/tanab/tmp/silo-intra-txn-fix-2026-09-29/wave/synth.bundle is okay
The bundle contains this ref:
261693337d3c7f96c1eab78f803a1d8881dc5fbf refs/heads/synth-p2
The bundle records a complete history.
bundle bytes: 3201244 sha256: b2fbe2138d932d7170ad04f1ad6f483a4ce020ee66b93dc4f5784569733839fd
end 2026-09-29 22:34:11 JST
