15:50:01 gate: load=22.58/12.18/17.45 leaders=2 workers=10 (cond leaders<=1 l1<=60)
15:52:43 gate: load=7.87/9.91/15.80 leaders=2 workers=10 (cond leaders<=1 l1<=60)
15:55:18 gate: load=39.09/17.67/17.42 leaders=1 workers=5 (cond leaders<=1 l1<=60)
15:57:42 gate: load=27.54/20.33/18.40 leaders=3 workers=13 (cond leaders<=1 l1<=60)
16:00:18 gate: load=8.88/15.68/16.98 leaders=3 workers=14 (cond leaders<=1 l1<=60)
16:02:50 gate: load=5.06/11.34/15.11 leaders=3 workers=17 (cond leaders<=1 l1<=60)
16:05:08 gate: load=22.57/14.62/15.74 leaders=3 workers=15 (cond leaders<=1 l1<=60)
16:07:23 gate: load=5.90/11.60/14.52 leaders=3 workers=19 (cond leaders<=1 l1<=60)
16:09:38 gate: load=3.21/8.36/12.88 leaders=2 workers=14 (cond leaders<=1 l1<=60)
16:12:17 gate: load=3.29/6.44/11.53 leaders=2 workers=14 (cond leaders<=1 l1<=60)
16:15:02 gate: load=3.68/5.36/10.35 leaders=1 workers=10 (cond leaders<=1 l1<=60)
16:17:33 gate: load=3.57/4.56/9.32 leaders=2 workers=8 (cond leaders<=1 l1<=60)
16:19:51 gate: load=4.85/5.21/8.88 leaders=1 workers=14 (cond leaders<=1 l1<=60)
16:22:53 gate: load=3.30/4.29/7.92 leaders=2 workers=11 (cond leaders<=1 l1<=60)
16:25:20 gate: load=3.39/3.96/7.24 leaders=2 workers=14 (cond leaders<=1 l1<=60)
16:27:43 gate: load=3.97/3.96/6.71 leaders=1 workers=8 (cond leaders<=1 l1<=60)
16:29:48 gate: load=4.66/4.40/6.51 leaders=2 workers=14 (cond leaders<=1 l1<=60)
16:32:17 gate: load=5.27/4.62/6.27 leaders=2 workers=14 (cond leaders<=1 l1<=60)
16:34:48 gate: load=4.37/4.47/6.01 leaders=2 workers=12 (cond leaders<=1 l1<=60)
16:37:23 gate: load=5.10/4.72/5.83 leaders=1 workers=8 (cond leaders<=1 l1<=60)
16:40:12 gate: load=9.25/5.93/6.06 leaders=2 workers=9 (cond leaders<=1 l1<=60)
16:42:33 gate: load=3.41/4.80/5.62 leaders=2 workers=14 (cond leaders<=1 l1<=60)
16:44:35 gate: load=3.43/4.23/5.28 leaders=2 workers=12 (cond leaders<=1 l1<=60)
16:46:39 gate: load=3.61/4.09/5.11 leaders=2 workers=12 (cond leaders<=1 l1<=60)
16:49:29 gate: load=3.44/3.74/4.81 leaders=2 workers=10 (cond leaders<=1 l1<=60)
16:51:53 gate: load=3.10/3.54/4.57 leaders=1 workers=6 (cond leaders<=1 l1<=60)
16:54:58 gate: load=11.00/6.14/5.34 leaders=3 workers=13 (cond leaders<=1 l1<=60)
16:57:25 gate: load=4.13/5.03/5.05 leaders=3 workers=16 (cond leaders<=1 l1<=60)
16:59:50 gate: load=2.41/3.92/4.62 leaders=2 workers=8 (cond leaders<=1 l1<=60)
17:02:25 gate: load=2.92/3.59/4.39 leaders=0 workers=0 (cond leaders<=1 l1<=60)
17:04:51 gate: load=3.94/3.65/4.28 leaders=2 workers=7 (cond leaders<=1 l1<=60)
17:07:32 gate: load=3.18/3.50/4.13 leaders=2 workers=12 (cond leaders<=1 l1<=60)
17:10:13 gate: load=2.58/3.13/3.89 leaders=2 workers=10 (cond leaders<=1 l1<=60)
17:12:25 gate: load=3.92/3.34/3.84 leaders=1 workers=5 (cond leaders<=1 l1<=60)
17:14:58 gate: load=3.46/3.38/3.78 leaders=1 workers=4 (cond leaders<=1 l1<=60)
17:14:58 attempt 1: main=e43f6d8da9a615bbeea6f273778028c4c9b0152c behind=7
Automatic merge went well; stopped before committing as requested
check_ai_provenance: 1 件、違反なし
17:15:02 merged: tip=2b1015486096566210386b138333a89b7f94a526
17:32:03 attempt 1: rc=70
17:32:03 reds: total=2 f945_setup_timeout=2 session_root=/work/1/SFC/tanab/.izanagi-acceptance-shards/0b736634807c6307cd75e46693aafbbd
17:32:03 all reds are F945 setup timeouts -> back to gate
17:32:10 gate: load=2.65/3.40/3.95 leaders=1 workers=6 (cond leaders<=1 l1<=60)
17:34:20 gate: load=3.29/3.47/3.92 leaders=1 workers=6 (cond leaders<=1 l1<=60)
17:34:20 attempt 2: main=e43f6d8da9a615bbeea6f273778028c4c9b0152c behind=0
17:47:00 attempt 2: rc=70
17:47:00 reds: total=1 f945_setup_timeout=0 session_root=/work/1/SFC/tanab/.izanagi-acceptance-shards/16a29cf9bb93d5c2406582173049dae5
17:47:00 reds not all F945 -> stop for adjudication
