[  0%] masstree: bootstrap + configure + make + ar
[  7%] Building CXX object CMakeFiles/ccbench_common.dir/common/result.cc.o
[ 14%] Building CXX object CMakeFiles/ccbench_common.dir/common/util.cc.o
[ 21%] Building C object /scr/0_995805.nqsv/fetchcontent-base/mimalloc-build/CMakeFiles/mimalloc-static.dir/src/alloc.c.o
[ 28%] Building C object /scr/0_995805.nqsv/fetchcontent-base/mimalloc-build/CMakeFiles/mimalloc-static.dir/src/alloc-aligned.c.o
[ 28%] Building C object /scr/0_995805.nqsv/fetchcontent-base/mimalloc-build/CMakeFiles/mimalloc-static.dir/src/alloc-posix.c.o
[ 35%] Building C object /scr/0_995805.nqsv/fetchcontent-base/mimalloc-build/CMakeFiles/mimalloc-static.dir/src/arena.c.o
[ 35%] Building C object /scr/0_995805.nqsv/fetchcontent-base/mimalloc-build/CMakeFiles/mimalloc-static.dir/src/bitmap.c.o
[ 42%] Building C object /scr/0_995805.nqsv/fetchcontent-base/mimalloc-build/CMakeFiles/mimalloc-static.dir/src/init.c.o
[ 42%] Building C object /scr/0_995805.nqsv/fetchcontent-base/mimalloc-build/CMakeFiles/mimalloc-static.dir/src/heap.c.o
[ 57%] Building C object /scr/0_995805.nqsv/fetchcontent-base/mimalloc-build/CMakeFiles/mimalloc-static.dir/src/libc.c.o
[ 57%] Building C object /scr/0_995805.nqsv/fetchcontent-base/mimalloc-build/CMakeFiles/mimalloc-static.dir/src/options.c.o
[ 57%] Building C object /scr/0_995805.nqsv/fetchcontent-base/mimalloc-build/CMakeFiles/mimalloc-static.dir/src/os.c.o
[ 64%] Building C object /scr/0_995805.nqsv/fetchcontent-base/mimalloc-build/CMakeFiles/mimalloc-static.dir/src/page.c.o
[ 64%] Building C object /scr/0_995805.nqsv/fetchcontent-base/mimalloc-build/CMakeFiles/mimalloc-static.dir/src/random.c.o
[ 71%] Building C object /scr/0_995805.nqsv/fetchcontent-base/mimalloc-build/CMakeFiles/mimalloc-static.dir/src/segment.c.o
Building masstree (libkohler_masstree_json.a)
[ 71%] Building C object /scr/0_995805.nqsv/fetchcontent-base/mimalloc-build/CMakeFiles/mimalloc-static.dir/src/segment-map.c.o
[ 78%] Building C object /scr/0_995805.nqsv/fetchcontent-base/mimalloc-build/CMakeFiles/mimalloc-static.dir/src/stats.c.o
[ 85%] Building C object /scr/0_995805.nqsv/fetchcontent-base/mimalloc-build/CMakeFiles/mimalloc-static.dir/src/prim/prim.c.o
[ 85%] Linking C static library libmimalloc.a
[ 85%] Built target mimalloc-static
[ 85%] Linking CXX static library libccbench_common.a
[ 85%] Built target ccbench_common
Now, run ./configure.
checking for gcc... gcc
checking whether the C compiler works... yes
checking for C compiler default output file name... a.out
checking for suffix of executables... 
checking whether we are cross compiling... no
checking for suffix of object files... o
checking whether the compiler supports GNU C... yes
checking whether gcc accepts -g... yes
checking for gcc option to enable C11 features... none needed
checking for g++... g++
checking whether the compiler supports GNU C++... yes
checking whether g++ accepts -g... yes
checking for g++ option to enable C++11 features... none needed
checking for stdio.h... yes
checking for stdlib.h... yes
checking for string.h... yes
checking for inttypes.h... yes
checking for stdint.h... yes
checking for strings.h... yes
checking for sys/stat.h... yes
checking for sys/types.h... yes
checking for unistd.h... yes
checking whether byte ordering is bigendian... no
checking for sys/epoll.h... yes
checking for numa.h... yes
checking for library containing numa_available... -lnuma
checking for __builtin_clz builtin... yes
checking for __builtin_clzl builtin... yes
checking for __builtin_clzll builtin... yes
checking for __builtin_ctz builtin... yes
checking for __builtin_ctzl builtin... yes
checking for __builtin_ctzll builtin... yes
checking for __sync_synchronize builtin... yes
checking for __sync_fetch_and_add builtin... yes
checking for __sync_add_and_fetch builtin... yes
checking for __sync_fetch_and_add_8 builtin... yes
checking for __sync_add_and_fetch_8 builtin... yes
checking for __sync_fetch_and_or builtin... yes
checking for __sync_or_and_fetch builtin... yes
checking for __sync_fetch_and_or_8 builtin... yes
checking for __sync_or_and_fetch_8 builtin... yes
checking for __sync_bool_compare_and_swap builtin... yes
checking for __sync_bool_compare_and_swap_8 builtin... yes
checking for __sync_val_compare_and_swap builtin... yes
checking for __sync_val_compare_and_swap_8 builtin... yes
checking for __sync_lock_test_and_set builtin... yes
checking for __sync_lock_test_and_set_val builtin... yes
checking for __sync_lock_release_set builtin... yes
checking whether the C++ compiler understands 'auto'... yes
checking whether the C++ compiler understands constexpr... yes
checking whether the C++ compiler understands static_assert... yes
checking whether the C++ compiler understands rvalue references... yes
checking whether the C++ compiler understands template alias... yes
checking for type_traits... yes
checking for std::hash... yes
checking for __has_trivial_copy... yes
checking for __has_trivial_destructor... yes
checking for std::move... yes
checking for std::is_trivially_copyable... yes
checking for std::is_trivially_destructible... yes
checking for std::is_rvalue_reference... yes
checking for malloc in -lflow... no
checking for mallctl in -ljemalloc... no
checking for tc_malloc in -ltcmalloc_minimal... no
checking for _Z16getMainHoardHeapv in -lhoard... no
checking for malloc library... malloc
checking for malloc library... default
checking whether off_t and long are the same type... yes
checking whether off_t and long long are the same type... no
checking whether int64_t and long are the same type... yes
checking whether int64_t and long long are the same type... no
checking whether size_t and unsigned are the same type... no
checking whether size_t and unsigned long are the same type... yes
checking whether size_t and unsigned long long are the same type... no
checking for long long... yes
checking size of short... 2
checking size of int... 4
checking size of long... 8
checking size of long long... 8
checking size of void *... 8
checking for g++ options needed to detect all undeclared functions... none needed
checking whether getline is declared... yes
checking for time.h... yes
checking for execinfo.h... yes
checking whether clock_gettime is declared... yes
checking for library containing clock_gettime... none required
checking for clock_gettime... yes
checking for library containing backtrace... none required
checking whether MADV_HUGEPAGE is supported... checking how to run the C++ preprocessor... g++ -E
yes
checking whether MAP_HUGETLB is supported... yes
configure: creating ./config.status
config.status: creating GNUmakefile
config.status: creating config.h
config.status: creating config.h
config.status: config.h is unchanged
[ 85%] Built target masstree_build
[ 85%] Building CXX object cc/silo/CMakeFiles/ycsb_silo.exe.dir/ycsb_silo.cc.o
[ 92%] Building CXX object cc/silo/CMakeFiles/ycsb_silo.exe.dir/transaction.cc.o
[100%] Building CXX object cc/silo/CMakeFiles/ycsb_silo.exe.dir/util.cc.o
[100%] Linking CXX executable ycsb_silo.exe
[100%] Built target ycsb_silo.exe
