[EXECUTION QUEUE] Batch Server Host: nqsv
=========================================
QueueName       SCH JSVs ENA STS  PRI  TOT ARR WAI QUE PRR RUN POR EXT HLD HOL SUS MIG STG
--------------- --- ---- ------- ---- ----------------------------------------------------
gen_L             1  149 ENA ACT   30    0   0   0   0   0   0   0   0   0   0   0   0   0 
gen_M             1  149 ENA ACT   30    0   0   0   0   0   0   0   0   0   0   0   0   0 
gen_S             1  149 ENA ACT   30   24   0   0   1   0  11   0   0  12   0   0   0   0 
--------------- --- ---- ------- ---- ----------------------------------------------------
 <TOTAL>                                24   0   0   1   0  11   0   0  12   0   0   0   0
--------------- --- ---- ------- ---- ----------------------------------------------------

[INTERACTIVE QUEUE] Batch Server Host: nqsv
===========================================
QueueName       SCH JSVs ENA STS  PRI  TOT ARR WAI QUE PRR RUN POR EXT HLD SUS
--------------- --- ---- ------- ---- ----------------------------------------
debug             1  149 ENA ACT   60    1   0   0   0   0   1   0   0   0   0 
interactive       1  149 ENA ACT   20    0   0   0   0   0   0   0   0   0   0 
--------------- --- ---- ------- ---- ----------------------------------------
 <TOTAL>                                 1   0   0   0   0   1   0   0   0   0
--------------- --- ---- ------- ---- ----------------------------------------

Routing Queue does not exist on nqsv.

[NETWORK QUEUE] Batch Server Host: nqsv
=======================================
QueueName       StagingMachine       ENA STS PRI RLM  TOT WAI QUE RUN
--------------- -------------------- --------------- ----------------
DefaultNetQue    (any)               ENA ACT   0   4    0   0   0   0 
--------------- -------------------- --------------- ----------------
 <TOTAL>                                        1000    0   0   0   0
--------------- -------------------- --------------- ----------------

