/system/apps/ubuntu/env/compiler:
cuda/11.8.0
cuda/12.6.3
cuda/12.9.1
cuda/13.0.2
intel/2022.3.1
intel/2023.0.0
intel/2024.0.1
intel/2025.3.1
nvhpc-nompi/25.1
nvhpc-nompi/25.11
nvhpc-nompi/26.1

/system/apps/ubuntu/env/openmpi:
openmpi/5.0.10/gcc11.4.0-cuda12.6.3
openmpi/5.0.10/gcc11.4.0-cuda13.0.2
openmpi/5.0.10/intel2023.0.0-cuda12.9.1
openmpi/5.0.10/llvm-intel2024.0.1-cuda13.0.2
openmpi/5.0.10/llvm-intel2025.3.1-cuda13.0.2
openmpi/nvhpc-hpcx-cuda12/25.1
openmpi/nvhpc-hpcx-cuda12/25.11
openmpi/nvhpc-hpcx-cuda12/26.1
openmpi/nvhpc-hpcx-cuda13/25.11

/system/apps/ubuntu/env/intmpi:
intmpi/2022.3.1
intmpi/2023.0.0
intmpi/2024.0.1
intmpi/2025.3.1

/system/apps/ubuntu/env/lib:
cudnn/8.9.7/cuda11
cudnn/8.9.7/cuda12
cudnn/9.0.0/cuda11
cudnn/9.0.0/cuda12
cudnn/9.8.0/cuda11
cudnn/9.8.0/cuda12
cudnn/9.20.0/cuda12
cudnn/9.20.0/cuda13
hdf5/1.14.6/openmpi-5.0.10-gcc11.4.0-cuda13.0.2
hdf5/1.14.6/openmpi-5.0.10-gcc11.4.0-cuda13.0.2-parallel
hdf5/1.14.6/openmpi-5.0.10-llvm-intel2025.3.1-cuda13.0.2
hdf5/1.14.6/openmpi-5.0.10-llvm-intel2025.3.1-cuda13.0.2-parallel
mkl/2022.3.1
mkl/2023.0.0
onemkl/2024.0.1
onemkl/2025.3.1
ucx/1.19.1/cuda12.6.3
ucx/1.19.1/cuda12.9.1
ucx/1.19.1/cuda13.0.2

/system/apps/ubuntu/env/misc:
genesis/2.1.6.1/double
genesis/2.1.6.1/mixed
genesis/2.1.6.1/single
intelpython/2022.3.1 <L>
oneapi-modules/2024.0.1
oneapi-modules/2025.3.1
use.own
