CMake Warning:
  Manually-specified variables were not used by the project:

    CMAKE_C_COMPILER


CMake Warning:
  Manually-specified variables were not used by the project:

    CMAKE_C_COMPILER



============================================================
Request ID:             988516.nqsv
Request Name:           izs4loop
Queue:                  gen_S@nqsv
Number of Jobs:         1
User Name:              tanab
Group Name:             SFC
Created Request Time:   Wed Sep  9 22:51:21 2026
Started Request Time:   Wed Sep  9 22:59:16 2026
Ended Request Time:     Wed Sep  9 23:00:07 2026
Resources Information:
  Elapse:               55S
  Remaining Elapse:     10745S
============================================================
