USER         PID    PPID PSR %CPU %MEM STAT                  STARTED     TIME COMMAND
root     3245882       1   4  0.7  0.0 Ss   Sun Jul 19 00:34:38 2026 00:00:00 /lib/systemd/systemd-timedated
root        1346       2   8  0.6  0.0 SN   Mon Jun 29 15:39:23 2026 02:49:53 [kipmi0]
root        2462       1   4  0.6  0.0 Ss   Mon Jun 29 15:39:24 2026 03:03:12 /opt/nec/nqsv/sbin/nqs_shpd -h nqsv -n 4
ganglia     2376       1  45  0.1  0.0 Ssl  Mon Jun 29 15:39:24 2026 00:29:47 /usr/sbin/gmond -c /etc/ganglia/gmond.conf
root           1       0  14  0.0  0.0 Ss   Mon Jun 29 15:38:55 2026 00:01:44 /sbin/init
root           2       0  44  0.0  0.0 S    Mon Jun 29 15:38:55 2026 00:00:00 [kthreadd]
root           3       2   0  0.0  0.0 I<   Mon Jun 29 15:38:55 2026 00:00:00 [rcu_gp]
root           4       2  40  0.0  0.0 I<   Mon Jun 29 15:38:55 2026 00:00:00 [rcu_par_gp]
root           5       2   0  0.0  0.0 I<   Mon Jun 29 15:38:55 2026 00:00:00 [slub_flushwq]
root           6       2   0  0.0  0.0 I<   Mon Jun 29 15:38:55 2026 00:00:00 [netns]
root           8       2   0  0.0  0.0 I<   Mon Jun 29 15:38:55 2026 00:00:00 [kworker/0:0H-events_highpri]
root          10       2   0  0.0  0.0 I<   Mon Jun 29 15:38:55 2026 00:00:00 [mm_percpu_wq]
root          11       2   0  0.0  0.0 S    Mon Jun 29 15:38:55 2026 00:00:00 [rcu_tasks_rude_]
root          12       2   0  0.0  0.0 S    Mon Jun 29 15:38:55 2026 00:00:00 [rcu_tasks_trace]
root          13       2   0  0.0  0.0 S    Mon Jun 29 15:38:55 2026 00:00:11 [ksoftirqd/0]
root          14       2  27  0.0  0.0 I    Mon Jun 29 15:38:55 2026 00:04:00 [rcu_sched]
root          15       2   0  0.0  0.0 S    Mon Jun 29 15:38:55 2026 00:00:00 [migration/0]
root          16       2   0  0.0  0.0 S    Mon Jun 29 15:38:55 2026 00:00:00 [idle_inject/0]
root          18       2   0  0.0  0.0 S    Mon Jun 29 15:38:55 2026 00:00:00 [cpuhp/0]
root          19       2   1  0.0  0.0 S    Mon Jun 29 15:38:55 2026 00:00:00 [cpuhp/1]
root          20       2   1  0.0  0.0 S    Mon Jun 29 15:38:55 2026 00:00:00 [idle_inject/1]
root          21       2   1  0.0  0.0 S    Mon Jun 29 15:38:55 2026 00:00:01 [migration/1]
root          22       2   1  0.0  0.0 S    Mon Jun 29 15:38:55 2026 00:00:13 [ksoftirqd/1]
root          24       2   1  0.0  0.0 I<   Mon Jun 29 15:38:55 2026 00:00:00 [kworker/1:0H-events_highpri]
root          25       2   2  0.0  0.0 S    Mon Jun 29 15:38:55 2026 00:00:00 [cpuhp/2]
root          26       2   2  0.0  0.0 S    Mon Jun 29 15:38:55 2026 00:00:00 [idle_inject/2]
root          27       2   2  0.0  0.0 S    Mon Jun 29 15:38:55 2026 00:00:01 [migration/2]
root          28       2   2  0.0  0.0 S    Mon Jun 29 15:38:55 2026 00:00:14 [ksoftirqd/2]
root          30       2   2  0.0  0.0 I<   Mon Jun 29 15:38:55 2026 00:00:00 [kworker/2:0H-events_highpri]
root          31       2   3  0.0  0.0 S    Mon Jun 29 15:38:55 2026 00:00:00 [cpuhp/3]
root          32       2   3  0.0  0.0 S    Mon Jun 29 15:38:55 2026 00:00:00 [idle_inject/3]
root          33       2   3  0.0  0.0 S    Mon Jun 29 15:38:55 2026 00:00:01 [migration/3]
root          34       2   3  0.0  0.0 S    Mon Jun 29 15:38:55 2026 00:00:08 [ksoftirqd/3]
root          36       2   3  0.0  0.0 I<   Mon Jun 29 15:38:55 2026 00:00:00 [kworker/3:0H-events_highpri]
root          37       2   4  0.0  0.0 S    Mon Jun 29 15:38:55 2026 00:00:00 [cpuhp/4]
root          38       2   4  0.0  0.0 S    Mon Jun 29 15:38:55 2026 00:00:00 [idle_inject/4]
root          39       2   4  0.0  0.0 S    Mon Jun 29 15:38:55 2026 00:00:01 [migration/4]
root          40       2   4  0.0  0.0 S    Mon Jun 29 15:38:55 2026 00:00:09 [ksoftirqd/4]
root          42       2   4  0.0  0.0 I<   Mon Jun 29 15:38:55 2026 00:00:00 [kworker/4:0H-events_highpri]
root          43       2   5  0.0  0.0 S    Mon Jun 29 15:38:55 2026 00:00:00 [cpuhp/5]
root          44       2   5  0.0  0.0 S    Mon Jun 29 15:38:55 2026 00:00:00 [idle_inject/5]
root          45       2   5  0.0  0.0 S    Mon Jun 29 15:38:55 2026 00:00:01 [migration/5]
root          46       2   5  0.0  0.0 S    Mon Jun 29 15:38:55 2026 00:00:07 [ksoftirqd/5]
root          48       2   5  0.0  0.0 I<   Mon Jun 29 15:38:55 2026 00:00:00 [kworker/5:0H-events_highpri]
root          49       2   6  0.0  0.0 S    Mon Jun 29 15:38:55 2026 00:00:00 [cpuhp/6]
root          50       2   6  0.0  0.0 S    Mon Jun 29 15:38:55 2026 00:00:00 [idle_inject/6]
root          51       2   6  0.0  0.0 S    Mon Jun 29 15:38:55 2026 00:00:01 [migration/6]
root          52       2   6  0.0  0.0 S    Mon Jun 29 15:38:55 2026 00:00:03 [ksoftirqd/6]
root          54       2   6  0.0  0.0 I<   Mon Jun 29 15:38:55 2026 00:00:00 [kworker/6:0H-events_highpri]
root          55       2   7  0.0  0.0 S    Mon Jun 29 15:38:56 2026 00:00:00 [cpuhp/7]
root          56       2   7  0.0  0.0 S    Mon Jun 29 15:38:56 2026 00:00:00 [idle_inject/7]
root          57       2   7  0.0  0.0 S    Mon Jun 29 15:38:56 2026 00:00:01 [migration/7]
root          58       2   7  0.0  0.0 S    Mon Jun 29 15:38:56 2026 00:00:13 [ksoftirqd/7]
root          60       2   7  0.0  0.0 I<   Mon Jun 29 15:38:56 2026 00:00:00 [kworker/7:0H-events_highpri]
root          61       2   8  0.0  0.0 S    Mon Jun 29 15:38:56 2026 00:00:00 [cpuhp/8]
root          62       2   8  0.0  0.0 S    Mon Jun 29 15:38:56 2026 00:00:00 [idle_inject/8]
root          63       2   8  0.0  0.0 S    Mon Jun 29 15:38:56 2026 00:00:01 [migration/8]
root          64       2   8  0.0  0.0 S    Mon Jun 29 15:38:56 2026 00:00:09 [ksoftirqd/8]
root          66       2   8  0.0  0.0 I<   Mon Jun 29 15:38:56 2026 00:00:00 [kworker/8:0H-events_highpri]
root          67       2   9  0.0  0.0 S    Mon Jun 29 15:38:56 2026 00:00:00 [cpuhp/9]
root          68       2   9  0.0  0.0 S    Mon Jun 29 15:38:56 2026 00:00:00 [idle_inject/9]
root          69       2   9  0.0  0.0 S    Mon Jun 29 15:38:56 2026 00:00:01 [migration/9]
root          70       2   9  0.0  0.0 S    Mon Jun 29 15:38:56 2026 00:00:16 [ksoftirqd/9]
root          72       2   9  0.0  0.0 I<   Mon Jun 29 15:38:56 2026 00:00:00 [kworker/9:0H-kblockd]
root          73       2  10  0.0  0.0 S    Mon Jun 29 15:38:56 2026 00:00:00 [cpuhp/10]
root          74       2  10  0.0  0.0 S    Mon Jun 29 15:38:56 2026 00:00:00 [idle_inject/10]
root          75       2  10  0.0  0.0 S    Mon Jun 29 15:38:56 2026 00:00:01 [migration/10]
root          76       2  10  0.0  0.0 S    Mon Jun 29 15:38:56 2026 00:00:12 [ksoftirqd/10]
root          78       2  10  0.0  0.0 I<   Mon Jun 29 15:38:56 2026 00:00:00 [kworker/10:0H-events_highpri]
root          79       2  11  0.0  0.0 S    Mon Jun 29 15:38:56 2026 00:00:00 [cpuhp/11]
root          80       2  11  0.0  0.0 S    Mon Jun 29 15:38:56 2026 00:00:00 [idle_inject/11]
root          81       2  11  0.0  0.0 S    Mon Jun 29 15:38:56 2026 00:00:01 [migration/11]
root          82       2  11  0.0  0.0 S    Mon Jun 29 15:38:56 2026 00:00:15 [ksoftirqd/11]
root          84       2  11  0.0  0.0 I<   Mon Jun 29 15:38:56 2026 00:00:00 [kworker/11:0H-events_highpri]
root          85       2  12  0.0  0.0 S    Mon Jun 29 15:38:56 2026 00:00:00 [cpuhp/12]
root          86       2  12  0.0  0.0 S    Mon Jun 29 15:38:56 2026 00:00:00 [idle_inject/12]
root          87       2  12  0.0  0.0 S    Mon Jun 29 15:38:56 2026 00:00:01 [migration/12]
root          88       2  12  0.0  0.0 S    Mon Jun 29 15:38:56 2026 00:00:17 [ksoftirqd/12]
root          90       2  12  0.0  0.0 I<   Mon Jun 29 15:38:56 2026 00:00:00 [kworker/12:0H-events_highpri]
root          91       2  13  0.0  0.0 S    Mon Jun 29 15:38:56 2026 00:00:00 [cpuhp/13]
root          92       2  13  0.0  0.0 S    Mon Jun 29 15:38:56 2026 00:00:00 [idle_inject/13]
root          93       2  13  0.0  0.0 S    Mon Jun 29 15:38:56 2026 00:00:01 [migration/13]
root          94       2  13  0.0  0.0 S    Mon Jun 29 15:38:56 2026 00:00:08 [ksoftirqd/13]
root          96       2  13  0.0  0.0 I<   Mon Jun 29 15:38:56 2026 00:00:00 [kworker/13:0H-events_highpri]
root          97       2  14  0.0  0.0 S    Mon Jun 29 15:38:56 2026 00:00:00 [cpuhp/14]
root          98       2  14  0.0  0.0 S    Mon Jun 29 15:38:56 2026 00:00:00 [idle_inject/14]
root          99       2  14  0.0  0.0 S    Mon Jun 29 15:38:56 2026 00:00:01 [migration/14]
root         100       2  14  0.0  0.0 S    Mon Jun 29 15:38:56 2026 00:00:08 [ksoftirqd/14]
root         102       2  14  0.0  0.0 I<   Mon Jun 29 15:38:56 2026 00:00:00 [kworker/14:0H-events_highpri]
root         103       2  15  0.0  0.0 S    Mon Jun 29 15:38:56 2026 00:00:00 [cpuhp/15]
root         104       2  15  0.0  0.0 S    Mon Jun 29 15:38:56 2026 00:00:00 [idle_inject/15]
root         105       2  15  0.0  0.0 S    Mon Jun 29 15:38:56 2026 00:00:02 [migration/15]
root         106       2  15  0.0  0.0 S    Mon Jun 29 15:38:56 2026 00:00:06 [ksoftirqd/15]
root         108       2  15  0.0  0.0 I<   Mon Jun 29 15:38:56 2026 00:00:00 [kworker/15:0H-events_highpri]
root         109       2  16  0.0  0.0 S    Mon Jun 29 15:38:56 2026 00:00:00 [cpuhp/16]
root         110       2  16  0.0  0.0 S    Mon Jun 29 15:38:56 2026 00:00:00 [idle_inject/16]
root         111       2  16  0.0  0.0 S    Mon Jun 29 15:38:56 2026 00:00:02 [migration/16]
root         112       2  16  0.0  0.0 S    Mon Jun 29 15:38:56 2026 00:00:10 [ksoftirqd/16]
root         114       2  16  0.0  0.0 I<   Mon Jun 29 15:38:56 2026 00:00:00 [kworker/16:0H-xfs-log/nvme0n1p4]
root         115       2  17  0.0  0.0 S    Mon Jun 29 15:38:56 2026 00:00:00 [cpuhp/17]
root         116       2  17  0.0  0.0 S    Mon Jun 29 15:38:56 2026 00:00:00 [idle_inject/17]
root         117       2  17  0.0  0.0 S    Mon Jun 29 15:38:56 2026 00:00:02 [migration/17]
root         118       2  17  0.0  0.0 S    Mon Jun 29 15:38:56 2026 00:00:04 [ksoftirqd/17]
root         120       2  17  0.0  0.0 I<   Mon Jun 29 15:38:56 2026 00:00:00 [kworker/17:0H-events_highpri]
root         121       2  18  0.0  0.0 S    Mon Jun 29 15:38:56 2026 00:00:00 [cpuhp/18]
root         122       2  18  0.0  0.0 S    Mon Jun 29 15:38:56 2026 00:00:00 [idle_inject/18]
root         123       2  18  0.0  0.0 S    Mon Jun 29 15:38:56 2026 00:00:02 [migration/18]
root         124       2  18  0.0  0.0 S    Mon Jun 29 15:38:56 2026 00:00:10 [ksoftirqd/18]
root         126       2  18  0.0  0.0 I<   Mon Jun 29 15:38:56 2026 00:00:00 [kworker/18:0H-events_highpri]
root         127       2  19  0.0  0.0 S    Mon Jun 29 15:38:56 2026 00:00:00 [cpuhp/19]
root         128       2  19  0.0  0.0 S    Mon Jun 29 15:38:56 2026 00:00:00 [idle_inject/19]
root         129       2  19  0.0  0.0 S    Mon Jun 29 15:38:56 2026 00:00:02 [migration/19]
root         130       2  19  0.0  0.0 S    Mon Jun 29 15:38:56 2026 00:00:05 [ksoftirqd/19]
root         132       2  19  0.0  0.0 I<   Mon Jun 29 15:38:56 2026 00:00:00 [kworker/19:0H-events_highpri]
root         133       2  20  0.0  0.0 S    Mon Jun 29 15:38:56 2026 00:00:00 [cpuhp/20]
root         134       2  20  0.0  0.0 S    Mon Jun 29 15:38:56 2026 00:00:00 [idle_inject/20]
root         135       2  20  0.0  0.0 S    Mon Jun 29 15:38:56 2026 00:00:02 [migration/20]
root         136       2  20  0.0  0.0 S    Mon Jun 29 15:38:56 2026 00:00:08 [ksoftirqd/20]
root         138       2  20  0.0  0.0 I<   Mon Jun 29 15:38:56 2026 00:00:00 [kworker/20:0H-events_highpri]
root         139       2  21  0.0  0.0 S    Mon Jun 29 15:38:56 2026 00:00:00 [cpuhp/21]
root         140       2  21  0.0  0.0 S    Mon Jun 29 15:38:56 2026 00:00:00 [idle_inject/21]
root         141       2  21  0.0  0.0 S    Mon Jun 29 15:38:56 2026 00:00:02 [migration/21]
root         142       2  21  0.0  0.0 S    Mon Jun 29 15:38:56 2026 00:00:16 [ksoftirqd/21]
root         144       2  21  0.0  0.0 I<   Mon Jun 29 15:38:56 2026 00:00:00 [kworker/21:0H-kblockd]
root         145       2  22  0.0  0.0 S    Mon Jun 29 15:38:56 2026 00:00:00 [cpuhp/22]
root         146       2  22  0.0  0.0 S    Mon Jun 29 15:38:56 2026 00:00:00 [idle_inject/22]
root         147       2  22  0.0  0.0 S    Mon Jun 29 15:38:56 2026 00:00:02 [migration/22]
root         148       2  22  0.0  0.0 S    Mon Jun 29 15:38:56 2026 00:00:10 [ksoftirqd/22]
root         150       2  22  0.0  0.0 I<   Mon Jun 29 15:38:56 2026 00:00:00 [kworker/22:0H-events_highpri]
root         151       2  23  0.0  0.0 S    Mon Jun 29 15:38:57 2026 00:00:00 [cpuhp/23]
root         152       2  23  0.0  0.0 S    Mon Jun 29 15:38:57 2026 00:00:00 [idle_inject/23]
root         153       2  23  0.0  0.0 S    Mon Jun 29 15:38:57 2026 00:00:02 [migration/23]
root         154       2  23  0.0  0.0 S    Mon Jun 29 15:38:57 2026 00:00:09 [ksoftirqd/23]
root         156       2  23  0.0  0.0 I<   Mon Jun 29 15:38:57 2026 00:00:00 [kworker/23:0H-events_highpri]
root         157       2  24  0.0  0.0 S    Mon Jun 29 15:38:57 2026 00:00:00 [cpuhp/24]
root         158       2  24  0.0  0.0 S    Mon Jun 29 15:38:57 2026 00:00:00 [idle_inject/24]
root         159       2  24  0.0  0.0 S    Mon Jun 29 15:38:57 2026 00:00:02 [migration/24]
root         160       2  24  0.0  0.0 S    Mon Jun 29 15:38:57 2026 00:00:08 [ksoftirqd/24]
root         162       2  24  0.0  0.0 I<   Mon Jun 29 15:38:57 2026 00:00:00 [kworker/24:0H-events_highpri]
root         163       2  25  0.0  0.0 S    Mon Jun 29 15:38:57 2026 00:00:00 [cpuhp/25]
root         164       2  25  0.0  0.0 S    Mon Jun 29 15:38:57 2026 00:00:00 [idle_inject/25]
root         165       2  25  0.0  0.0 S    Mon Jun 29 15:38:57 2026 00:00:02 [migration/25]
root         166       2  25  0.0  0.0 S    Mon Jun 29 15:38:57 2026 00:00:05 [ksoftirqd/25]
root         168       2  25  0.0  0.0 I<   Mon Jun 29 15:38:57 2026 00:00:00 [kworker/25:0H-kblockd]
root         169       2  26  0.0  0.0 S    Mon Jun 29 15:38:57 2026 00:00:00 [cpuhp/26]
root         170       2  26  0.0  0.0 S    Mon Jun 29 15:38:57 2026 00:00:00 [idle_inject/26]
root         171       2  26  0.0  0.0 S    Mon Jun 29 15:38:57 2026 00:00:02 [migration/26]
root         172       2  26  0.0  0.0 S    Mon Jun 29 15:38:57 2026 00:00:13 [ksoftirqd/26]
root         174       2  26  0.0  0.0 I<   Mon Jun 29 15:38:57 2026 00:00:00 [kworker/26:0H-events_highpri]
root         175       2  27  0.0  0.0 S    Mon Jun 29 15:38:57 2026 00:00:00 [cpuhp/27]
root         176       2  27  0.0  0.0 S    Mon Jun 29 15:38:57 2026 00:00:00 [idle_inject/27]
root         177       2  27  0.0  0.0 S    Mon Jun 29 15:38:57 2026 00:00:02 [migration/27]
root         178       2  27  0.0  0.0 S    Mon Jun 29 15:38:57 2026 00:00:08 [ksoftirqd/27]
root         180       2  27  0.0  0.0 I<   Mon Jun 29 15:38:57 2026 00:00:00 [kworker/27:0H-events_highpri]
root         181       2  28  0.0  0.0 S    Mon Jun 29 15:38:57 2026 00:00:00 [cpuhp/28]
root         182       2  28  0.0  0.0 S    Mon Jun 29 15:38:57 2026 00:00:00 [idle_inject/28]
root         183       2  28  0.0  0.0 S    Mon Jun 29 15:38:57 2026 00:00:02 [migration/28]
root         184       2  28  0.0  0.0 S    Mon Jun 29 15:38:57 2026 00:00:10 [ksoftirqd/28]
root         186       2  28  0.0  0.0 I<   Mon Jun 29 15:38:57 2026 00:00:00 [kworker/28:0H-events_highpri]
root         187       2  29  0.0  0.0 S    Mon Jun 29 15:38:57 2026 00:00:00 [cpuhp/29]
root         188       2  29  0.0  0.0 S    Mon Jun 29 15:38:57 2026 00:00:00 [idle_inject/29]
root         189       2  29  0.0  0.0 S    Mon Jun 29 15:38:57 2026 00:00:02 [migration/29]
root         190       2  29  0.0  0.0 S    Mon Jun 29 15:38:57 2026 00:00:06 [ksoftirqd/29]
root         192       2  29  0.0  0.0 I<   Mon Jun 29 15:38:57 2026 00:00:00 [kworker/29:0H-events_highpri]
root         193       2  30  0.0  0.0 S    Mon Jun 29 15:38:57 2026 00:00:00 [cpuhp/30]
root         194       2  30  0.0  0.0 S    Mon Jun 29 15:38:57 2026 00:00:00 [idle_inject/30]
root         195       2  30  0.0  0.0 S    Mon Jun 29 15:38:57 2026 00:00:03 [migration/30]
root         196       2  30  0.0  0.0 S    Mon Jun 29 15:38:57 2026 00:00:07 [ksoftirqd/30]
root         198       2  30  0.0  0.0 I<   Mon Jun 29 15:38:57 2026 00:00:00 [kworker/30:0H-events_highpri]
root         199       2  31  0.0  0.0 S    Mon Jun 29 15:38:57 2026 00:00:00 [cpuhp/31]
root         200       2  31  0.0  0.0 S    Mon Jun 29 15:38:57 2026 00:00:00 [idle_inject/31]
root         201       2  31  0.0  0.0 S    Mon Jun 29 15:38:57 2026 00:00:03 [migration/31]
root         202       2  31  0.0  0.0 S    Mon Jun 29 15:38:57 2026 00:00:11 [ksoftirqd/31]
root         204       2  31  0.0  0.0 I<   Mon Jun 29 15:38:57 2026 00:00:00 [kworker/31:0H-events_highpri]
root         205       2  32  0.0  0.0 S    Mon Jun 29 15:38:57 2026 00:00:00 [cpuhp/32]
root         206       2  32  0.0  0.0 S    Mon Jun 29 15:38:57 2026 00:00:00 [idle_inject/32]
root         207       2  32  0.0  0.0 S    Mon Jun 29 15:38:57 2026 00:00:00 [migration/32]
root         208       2  32  0.0  0.0 S    Mon Jun 29 15:38:57 2026 00:00:08 [ksoftirqd/32]
root         210       2  32  0.0  0.0 I<   Mon Jun 29 15:38:57 2026 00:00:00 [kworker/32:0H-events_highpri]
root         212       2  33  0.0  0.0 S    Mon Jun 29 15:38:57 2026 00:00:00 [cpuhp/33]
root         213       2  33  0.0  0.0 S    Mon Jun 29 15:38:57 2026 00:00:00 [idle_inject/33]
root         214       2  33  0.0  0.0 S    Mon Jun 29 15:38:57 2026 00:00:00 [migration/33]
root         215       2  33  0.0  0.0 S    Mon Jun 29 15:38:57 2026 00:00:06 [ksoftirqd/33]
root         217       2  33  0.0  0.0 I<   Mon Jun 29 15:38:57 2026 00:00:00 [kworker/33:0H-kblockd]
root         218       2  34  0.0  0.0 S    Mon Jun 29 15:38:57 2026 00:00:00 [cpuhp/34]
root         219       2  34  0.0  0.0 S    Mon Jun 29 15:38:57 2026 00:00:00 [idle_inject/34]
root         220       2  34  0.0  0.0 S    Mon Jun 29 15:38:57 2026 00:00:00 [migration/34]
root         221       2  34  0.0  0.0 S    Mon Jun 29 15:38:57 2026 00:00:07 [ksoftirqd/34]
root         223       2  34  0.0  0.0 I<   Mon Jun 29 15:38:57 2026 00:00:00 [kworker/34:0H-events_highpri]
root         224       2  35  0.0  0.0 S    Mon Jun 29 15:38:57 2026 00:00:00 [cpuhp/35]
root         225       2  35  0.0  0.0 S    Mon Jun 29 15:38:57 2026 00:00:00 [idle_inject/35]
root         226       2  35  0.0  0.0 S    Mon Jun 29 15:38:57 2026 00:00:00 [migration/35]
root         227       2  35  0.0  0.0 S    Mon Jun 29 15:38:57 2026 00:00:09 [ksoftirqd/35]
root         229       2  35  0.0  0.0 I<   Mon Jun 29 15:38:57 2026 00:00:00 [kworker/35:0H-events_highpri]
root         230       2  36  0.0  0.0 S    Mon Jun 29 15:38:57 2026 00:00:00 [cpuhp/36]
root         231       2  36  0.0  0.0 S    Mon Jun 29 15:38:57 2026 00:00:00 [idle_inject/36]
root         232       2  36  0.0  0.0 S    Mon Jun 29 15:38:57 2026 00:00:00 [migration/36]
root         233       2  36  0.0  0.0 S    Mon Jun 29 15:38:57 2026 00:00:11 [ksoftirqd/36]
root         235       2  36  0.0  0.0 I<   Mon Jun 29 15:38:57 2026 00:00:00 [kworker/36:0H-events_highpri]
root         236       2  37  0.0  0.0 S    Mon Jun 29 15:38:57 2026 00:00:00 [cpuhp/37]
root         237       2  37  0.0  0.0 S    Mon Jun 29 15:38:57 2026 00:00:00 [idle_inject/37]
root         238       2  37  0.0  0.0 S    Mon Jun 29 15:38:57 2026 00:00:00 [migration/37]
root         239       2  37  0.0  0.0 S    Mon Jun 29 15:38:57 2026 00:00:09 [ksoftirqd/37]
root         241       2  37  0.0  0.0 I<   Mon Jun 29 15:38:57 2026 00:00:00 [kworker/37:0H-events_highpri]
root         242       2  38  0.0  0.0 S    Mon Jun 29 15:38:58 2026 00:00:00 [cpuhp/38]
root         243       2  38  0.0  0.0 S    Mon Jun 29 15:38:58 2026 00:00:00 [idle_inject/38]
root         244       2  38  0.0  0.0 S    Mon Jun 29 15:38:58 2026 00:00:00 [migration/38]
root         245       2  38  0.0  0.0 S    Mon Jun 29 15:38:58 2026 00:00:11 [ksoftirqd/38]
root         247       2  38  0.0  0.0 I<   Mon Jun 29 15:38:58 2026 00:00:00 [kworker/38:0H-events_highpri]
root         248       2  39  0.0  0.0 S    Mon Jun 29 15:38:58 2026 00:00:00 [cpuhp/39]
root         249       2  39  0.0  0.0 S    Mon Jun 29 15:38:58 2026 00:00:00 [idle_inject/39]
root         250       2  39  0.0  0.0 S    Mon Jun 29 15:38:58 2026 00:00:00 [migration/39]
root         251       2  39  0.0  0.0 S    Mon Jun 29 15:38:58 2026 00:00:07 [ksoftirqd/39]
root         253       2  39  0.0  0.0 I<   Mon Jun 29 15:38:58 2026 00:00:00 [kworker/39:0H-events_highpri]
root         254       2  40  0.0  0.0 S    Mon Jun 29 15:38:58 2026 00:00:00 [cpuhp/40]
root         255       2  40  0.0  0.0 S    Mon Jun 29 15:38:58 2026 00:00:00 [idle_inject/40]
root         256       2  40  0.0  0.0 S    Mon Jun 29 15:38:58 2026 00:00:01 [migration/40]
root         257       2  40  0.0  0.0 S    Mon Jun 29 15:38:58 2026 00:00:06 [ksoftirqd/40]
root         259       2  40  0.0  0.0 I<   Mon Jun 29 15:38:58 2026 00:00:00 [kworker/40:0H-events_highpri]
root         260       2  41  0.0  0.0 S    Mon Jun 29 15:38:58 2026 00:00:00 [cpuhp/41]
root         261       2  41  0.0  0.0 S    Mon Jun 29 15:38:58 2026 00:00:00 [idle_inject/41]
root         262       2  41  0.0  0.0 S    Mon Jun 29 15:38:58 2026 00:00:01 [migration/41]
root         263       2  41  0.0  0.0 S    Mon Jun 29 15:38:58 2026 00:00:06 [ksoftirqd/41]
root         265       2  41  0.0  0.0 I<   Mon Jun 29 15:38:58 2026 00:00:00 [kworker/41:0H-events_highpri]
root         266       2  42  0.0  0.0 S    Mon Jun 29 15:38:58 2026 00:00:00 [cpuhp/42]
root         267       2  42  0.0  0.0 S    Mon Jun 29 15:38:58 2026 00:00:00 [idle_inject/42]
root         268       2  42  0.0  0.0 S    Mon Jun 29 15:38:58 2026 00:00:01 [migration/42]
root         269       2  42  0.0  0.0 S    Mon Jun 29 15:38:58 2026 00:00:07 [ksoftirqd/42]
root         271       2  42  0.0  0.0 I<   Mon Jun 29 15:38:58 2026 00:00:00 [kworker/42:0H-events_highpri]
root         272       2  43  0.0  0.0 S    Mon Jun 29 15:38:58 2026 00:00:00 [cpuhp/43]
root         273       2  43  0.0  0.0 S    Mon Jun 29 15:38:58 2026 00:00:00 [idle_inject/43]
root         274       2  43  0.0  0.0 S    Mon Jun 29 15:38:58 2026 00:00:01 [migration/43]
root         275       2  43  0.0  0.0 S    Mon Jun 29 15:38:58 2026 00:00:03 [ksoftirqd/43]
root         277       2  43  0.0  0.0 I<   Mon Jun 29 15:38:58 2026 00:00:00 [kworker/43:0H-events_highpri]
root         278       2  44  0.0  0.0 S    Mon Jun 29 15:38:58 2026 00:00:00 [cpuhp/44]
root         279       2  44  0.0  0.0 S    Mon Jun 29 15:38:58 2026 00:00:00 [idle_inject/44]
root         280       2  44  0.0  0.0 S    Mon Jun 29 15:38:58 2026 00:00:01 [migration/44]
root         281       2  44  0.0  0.0 S    Mon Jun 29 15:38:58 2026 00:00:08 [ksoftirqd/44]
root         283       2  44  0.0  0.0 I<   Mon Jun 29 15:38:58 2026 00:00:00 [kworker/44:0H-kblockd]
root         285       2  45  0.0  0.0 S    Mon Jun 29 15:38:58 2026 00:00:00 [cpuhp/45]
root         286       2  45  0.0  0.0 S    Mon Jun 29 15:38:58 2026 00:00:00 [idle_inject/45]
root         287       2  45  0.0  0.0 S    Mon Jun 29 15:38:58 2026 00:00:01 [migration/45]
root         288       2  45  0.0  0.0 S    Mon Jun 29 15:38:58 2026 00:00:07 [ksoftirqd/45]
root         290       2  45  0.0  0.0 I<   Mon Jun 29 15:38:58 2026 00:00:00 [kworker/45:0H-events_highpri]
root         291       2  46  0.0  0.0 S    Mon Jun 29 15:38:58 2026 00:00:00 [cpuhp/46]
root         292       2  46  0.0  0.0 S    Mon Jun 29 15:38:58 2026 00:00:00 [idle_inject/46]
root         293       2  46  0.0  0.0 S    Mon Jun 29 15:38:58 2026 00:00:01 [migration/46]
root         294       2  46  0.0  0.0 S    Mon Jun 29 15:38:58 2026 00:00:12 [ksoftirqd/46]
root         296       2  46  0.0  0.0 I<   Mon Jun 29 15:38:58 2026 00:00:00 [kworker/46:0H-events_highpri]
root         297       2  47  0.0  0.0 S    Mon Jun 29 15:38:58 2026 00:00:00 [cpuhp/47]
root         298       2  47  0.0  0.0 S    Mon Jun 29 15:38:58 2026 00:00:00 [idle_inject/47]
root         299       2  47  0.0  0.0 S    Mon Jun 29 15:38:58 2026 00:00:01 [migration/47]
root         300       2  47  0.0  0.0 S    Mon Jun 29 15:38:58 2026 00:00:12 [ksoftirqd/47]
root         302       2  47  0.0  0.0 I<   Mon Jun 29 15:38:58 2026 00:00:00 [kworker/47:0H-kblockd]
root         303       2   3  0.0  0.0 S    Mon Jun 29 15:38:58 2026 00:00:00 [kdevtmpfs]
root         304       2   2  0.0  0.0 I<   Mon Jun 29 15:38:58 2026 00:00:00 [inet_frag_wq]
root         305       2  27  0.0  0.0 S    Mon Jun 29 15:38:58 2026 00:00:00 [kauditd]
root         306       2   3  0.0  0.0 S    Mon Jun 29 15:38:58 2026 00:00:03 [khungtaskd]
root         307       2  36  0.0  0.0 S    Mon Jun 29 15:38:58 2026 00:00:00 [oom_reaper]
root         308       2   6  0.0  0.0 I<   Mon Jun 29 15:38:58 2026 00:00:00 [writeback]
root         309       2  16  0.0  0.0 S    Mon Jun 29 15:38:58 2026 00:03:14 [kcompactd0]
root         310       2   8  0.0  0.0 SN   Mon Jun 29 15:38:58 2026 00:00:00 [ksmd]
root         311       2  40  0.0  0.0 SN   Mon Jun 29 15:38:58 2026 00:00:23 [khugepaged]
root         357       2   8  0.0  0.0 I<   Mon Jun 29 15:38:58 2026 00:00:00 [kintegrityd]
root         358       2   9  0.0  0.0 I<   Mon Jun 29 15:38:58 2026 00:00:00 [kblockd]
root         359       2  10  0.0  0.0 I<   Mon Jun 29 15:38:58 2026 00:00:00 [blkcg_punt_bio]
root         407       2  10  0.0  0.0 I<   Mon Jun 29 15:38:59 2026 00:00:00 [tpm_dev_wq]
root         408       2  11  0.0  0.0 I<   Mon Jun 29 15:38:59 2026 00:00:00 [ata_sff]
root         409       2  12  0.0  0.0 I<   Mon Jun 29 15:38:59 2026 00:00:00 [md]
root         410       2  13  0.0  0.0 I<   Mon Jun 29 15:38:59 2026 00:00:00 [edac-poller]
root         411       2  14  0.0  0.0 I<   Mon Jun 29 15:38:59 2026 00:00:00 [devfreq_wq]
root         412       2  15  0.0  0.0 S    Mon Jun 29 15:38:59 2026 00:00:00 [watchdogd]
root         413       2   0  0.0  0.0 I<   Mon Jun 29 15:38:59 2026 00:00:00 [kworker/0:1H-kblockd]
root         415       2  41  0.0  0.0 S    Mon Jun 29 15:39:00 2026 00:01:57 [kswapd0]
root         416       2  17  0.0  0.0 S    Mon Jun 29 15:39:00 2026 00:00:00 [ecryptfs-kthrea]
root         418       2  19  0.0  0.0 I<   Mon Jun 29 15:39:00 2026 00:00:00 [kthrotld]
root         419       2   2  0.0  0.0 S    Mon Jun 29 15:39:00 2026 00:00:00 [irq/34-aerdrv]
root         420       2   3  0.0  0.0 S    Mon Jun 29 15:39:00 2026 00:00:00 [irq/35-aerdrv]
root         421       2   4  0.0  0.0 S    Mon Jun 29 15:39:00 2026 00:00:00 [irq/36-aerdrv]
root         422       2   1  0.0  0.0 S    Mon Jun 29 15:39:00 2026 00:00:00 [irq/37-aerdrv]
root         423       2   5  0.0  0.0 S    Mon Jun 29 15:39:00 2026 00:00:00 [irq/37-pcie-dpc]
root         424       2   6  0.0  0.0 S    Mon Jun 29 15:39:00 2026 00:00:00 [irq/38-aerdrv]
root         425       2   7  0.0  0.0 S    Mon Jun 29 15:39:00 2026 00:00:00 [irq/39-aerdrv]
root         426       2   7  0.0  0.0 S    Mon Jun 29 15:39:00 2026 00:00:00 [irq/39-pciehp]
root         427       2   7  0.0  0.0 S    Mon Jun 29 15:39:00 2026 00:00:00 [irq/39-pcie-dpc]
root         428       2   8  0.0  0.0 S    Mon Jun 29 15:39:00 2026 00:00:00 [irq/40-aerdrv]
root         429       2   8  0.0  0.0 S    Mon Jun 29 15:39:00 2026 00:00:00 [irq/40-pciehp]
root         430       2   8  0.0  0.0 S    Mon Jun 29 15:39:00 2026 00:00:00 [irq/40-pcie-dpc]
root         431       2   9  0.0  0.0 S    Mon Jun 29 15:39:00 2026 00:00:00 [irq/41-aerdrv]
root         432       2   9  0.0  0.0 S    Mon Jun 29 15:39:00 2026 00:00:00 [irq/41-pciehp]
root         433       2   9  0.0  0.0 S    Mon Jun 29 15:39:00 2026 00:00:00 [irq/41-pcie-dpc]
root         434       2  10  0.0  0.0 S    Mon Jun 29 15:39:00 2026 00:00:00 [irq/42-aerdrv]
root         435       2  10  0.0  0.0 S    Mon Jun 29 15:39:00 2026 00:00:00 [irq/42-pciehp]
root         436       2  10  0.0  0.0 S    Mon Jun 29 15:39:00 2026 00:00:00 [irq/42-pcie-dpc]
root         437       2  11  0.0  0.0 S    Mon Jun 29 15:39:00 2026 00:00:00 [irq/43-aerdrv]
root         438       2  12  0.0  0.0 S    Mon Jun 29 15:39:00 2026 00:00:00 [irq/44-aerdrv]
root         439       2  12  0.0  0.0 S    Mon Jun 29 15:39:00 2026 00:00:00 [irq/44-pcie-dpc]
root         440       2  13  0.0  0.0 S    Mon Jun 29 15:39:00 2026 00:00:00 [irq/45-aerdrv]
root         441       2  14  0.0  0.0 S    Mon Jun 29 15:39:00 2026 00:00:00 [irq/46-aerdrv]
root         442       2  15  0.0  0.0 S    Mon Jun 29 15:39:00 2026 00:00:00 [irq/47-aerdrv]
root         443       2  15  0.0  0.0 S    Mon Jun 29 15:39:00 2026 00:00:00 [irq/47-pcie-dpc]
root         444       2  16  0.0  0.0 S    Mon Jun 29 15:39:00 2026 00:00:00 [irq/48-aerdrv]
root         445       2  17  0.0  0.0 S    Mon Jun 29 15:39:00 2026 00:00:00 [irq/49-aerdrv]
root         446       2  18  0.0  0.0 S    Mon Jun 29 15:39:00 2026 00:00:00 [irq/50-aerdrv]
root         447       2  19  0.0  0.0 S    Mon Jun 29 15:39:00 2026 00:00:00 [irq/51-aerdrv]
root         448       2  15  0.0  0.0 I<   Mon Jun 29 15:39:00 2026 00:00:00 [acpi_thermal_pm]
root         450       2  20  0.0  0.0 I<   Mon Jun 29 15:39:00 2026 00:00:00 [vfio-irqfd-clea]
root         451       2  21  0.0  0.0 I<   Mon Jun 29 15:39:00 2026 00:00:00 [mld]
root         452       2  22  0.0  0.0 I<   Mon Jun 29 15:39:00 2026 00:00:00 [ipv6_addrconf]
root         462       2  11  0.0  0.0 I<   Mon Jun 29 15:39:00 2026 00:00:00 [kstrp]
root         465       2  10  0.0  0.0 I<   Mon Jun 29 15:39:00 2026 00:00:00 [zswap-shrink]
root         520       2  19  0.0  0.0 I<   Mon Jun 29 15:39:00 2026 00:00:00 [charger_manager]
root         543       2   8  0.0  0.0 I<   Mon Jun 29 15:39:00 2026 00:00:00 [kworker/8:1H-kblockd]
root         575       2  38  0.0  0.0 I<   Mon Jun 29 15:39:01 2026 00:00:00 [nfit]
root         577       2   7  0.0  0.0 I<   Mon Jun 29 15:39:01 2026 00:00:00 [kworker/7:1H-kblockd]
root         600       2  14  0.0  0.0 I<   Mon Jun 29 15:39:01 2026 00:00:00 [cryptd]
root         638       2  36  0.0  0.0 I<   Mon Jun 29 15:39:01 2026 00:00:00 [kworker/36:1H-kblockd]
root         639       2  13  0.0  0.0 I<   Mon Jun 29 15:39:01 2026 00:00:00 [kworker/13:1H-xfs-log/nvme0n1p4]
root         640       2  45  0.0  0.0 I<   Mon Jun 29 15:39:01 2026 00:00:00 [kworker/45:1H-xfs-log/nvme0n1p4]
root         643       2  10  0.0  0.0 I<   Mon Jun 29 15:39:01 2026 00:00:00 [kworker/10:1H-kblockd]
root         644       2  11  0.0  0.0 I<   Mon Jun 29 15:39:01 2026 00:00:00 [kworker/11:1H-kblockd]
root         645       2   2  0.0  0.0 I<   Mon Jun 29 15:39:01 2026 00:00:00 [kworker/2:1H-kblockd]
root         647       2   3  0.0  0.0 I<   Mon Jun 29 15:39:01 2026 00:00:00 [kworker/3:1H-kblockd]
root         655       2  32  0.0  0.0 I<   Mon Jun 29 15:39:01 2026 00:00:00 [nvme-wq]
root         656       2  26  0.0  0.0 I<   Mon Jun 29 15:39:01 2026 00:00:00 [nvme-reset-wq]
root         657       2  47  0.0  0.0 I<   Mon Jun 29 15:39:01 2026 00:00:00 [nvme-delete-wq]
root         691       2  23  0.0  0.0 S    Mon Jun 29 15:39:01 2026 00:00:00 [scsi_eh_0]
root         692       2  20  0.0  0.0 I<   Mon Jun 29 15:39:01 2026 00:00:00 [scsi_tmf_0]
root         693       2  33  0.0  0.0 S    Mon Jun 29 15:39:01 2026 00:00:00 [scsi_eh_1]
root         694       2  28  0.0  0.0 I<   Mon Jun 29 15:39:01 2026 00:00:00 [scsi_tmf_1]
root         695       2   6  0.0  0.0 S    Mon Jun 29 15:39:01 2026 00:00:00 [scsi_eh_2]
root         696       2  25  0.0  0.0 I<   Mon Jun 29 15:39:01 2026 00:00:00 [scsi_tmf_2]
root         702       2  23  0.0  0.0 S    Mon Jun 29 15:39:02 2026 00:00:27 [ice-ptp-0000:be]
root         703       2  21  0.0  0.0 I<   Mon Jun 29 15:39:02 2026 00:00:00 [kworker/21:1H-kblockd]
root         705       2  44  0.0  0.0 I<   Mon Jun 29 15:39:02 2026 00:00:00 [kworker/44:1H-kblockd]
root         708       2  46  0.0  0.0 S    Mon Jun 29 15:39:02 2026 00:00:26 [ice-ptp-0000:be]
root         709       2  25  0.0  0.0 I<   Mon Jun 29 15:39:02 2026 00:00:00 [mlx5_cmd_0000:6]
root         710       2  26  0.0  0.0 I<   Mon Jun 29 15:39:02 2026 00:00:00 [mlx5_health0000]
root         711       2  27  0.0  0.0 I<   Mon Jun 29 15:39:02 2026 00:00:00 [mlx5_page_alloc]
root         712       2  23  0.0  0.0 I<   Mon Jun 29 15:39:03 2026 00:00:00 [mlx5_events]
root         713       2  24  0.0  0.0 I<   Mon Jun 29 15:39:03 2026 00:00:00 [mlx5_fw_reset_e]
root         714       2  25  0.0  0.0 I<   Mon Jun 29 15:39:03 2026 00:00:00 [mlx5_vhca_event]
root         715       2  26  0.0  0.0 I<   Mon Jun 29 15:39:03 2026 00:00:00 [mlx5_fc]
root         716       2  27  0.0  0.0 I<   Mon Jun 29 15:39:03 2026 00:00:00 [mlx5_fw_tracer]
root         717       2  28  0.0  0.0 I<   Mon Jun 29 15:39:03 2026 00:00:00 [mlx5_hv_vhca]
root         719       2  35  0.0  0.0 I<   Mon Jun 29 15:39:06 2026 00:00:00 [kworker/35:1H-kblockd]
root         751       2  31  0.0  0.0 I<   Mon Jun 29 15:39:07 2026 00:00:00 [kworker/31:1H-kblockd]
root         753       2   4  0.0  0.0 I<   Mon Jun 29 15:39:07 2026 00:00:00 [kworker/4:1H-kblockd]
root         759       2  39  0.0  0.0 I<   Mon Jun 29 15:39:07 2026 00:00:00 [kworker/39:1H-kblockd]
root         761       2  26  0.0  0.0 I<   Mon Jun 29 15:39:07 2026 00:00:00 [kworker/26:1H-kblockd]
root         762       2  12  0.0  0.0 I<   Mon Jun 29 15:39:07 2026 00:00:00 [kworker/12:1H-xfs-log/md0]
root         763       2  42  0.0  0.0 I<   Mon Jun 29 15:39:07 2026 00:00:00 [kworker/42:1H-kblockd]
root         765       2  34  0.0  0.0 I<   Mon Jun 29 15:39:07 2026 00:00:00 [kworker/34:1H-kblockd]
root         767       2  22  0.0  0.0 I<   Mon Jun 29 15:39:07 2026 00:00:00 [kworker/22:1H-kblockd]
root         769       2   1  0.0  0.0 I<   Mon Jun 29 15:39:08 2026 00:00:00 [kworker/1:1H-kblockd]
root         800       2  23  0.0  0.0 I<   Mon Jun 29 15:39:21 2026 00:00:00 [raid5wq]
root         855       2  25  0.0  0.0 I<   Mon Jun 29 15:39:21 2026 00:00:00 [xfsalloc]
root         856       2  26  0.0  0.0 I<   Mon Jun 29 15:39:21 2026 00:00:00 [xfs_mru_cache]
root         857       2  24  0.0  0.0 I<   Mon Jun 29 15:39:21 2026 00:00:00 [xfs-buf/nvme0n1]
root         858       2  27  0.0  0.0 I<   Mon Jun 29 15:39:21 2026 00:00:00 [xfs-conv/nvme0n]
root         859       2  28  0.0  0.0 I<   Mon Jun 29 15:39:21 2026 00:00:00 [xfs-reclaim/nvm]
root         860       2  29  0.0  0.0 I<   Mon Jun 29 15:39:21 2026 00:00:00 [xfs-blockgc/nvm]
root         861       2  30  0.0  0.0 I<   Mon Jun 29 15:39:21 2026 00:00:00 [xfs-inodegc/nvm]
root         862       2  31  0.0  0.0 I<   Mon Jun 29 15:39:21 2026 00:00:00 [xfs-log/nvme0n1]
root         863       2  32  0.0  0.0 I<   Mon Jun 29 15:39:21 2026 00:00:00 [xfs-cil/nvme0n1]
root         864       2  11  0.0  0.0 S    Mon Jun 29 15:39:21 2026 00:02:26 [xfsaild/nvme0n1]
root         865       2  16  0.0  0.0 I<   Mon Jun 29 15:39:21 2026 00:00:00 [kworker/16:1H-kblockd]
root         884       2  28  0.0  0.0 I<   Mon Jun 29 15:39:21 2026 00:00:00 [kworker/28:1H-xfs-log/nvme0n1p4]
root         892       2  19  0.0  0.0 I<   Mon Jun 29 15:39:21 2026 00:00:00 [kworker/19:1H-kblockd]
root         937       2  24  0.0  0.0 I<   Mon Jun 29 15:39:22 2026 00:00:00 [kworker/24:1H-xfs-log/nvme0n1p5]
root         946       1  47  0.0  0.1 S<s  Mon Jun 29 15:39:22 2026 00:01:19 /lib/systemd/systemd-journald
root         978       2  27  0.0  0.0 I<   Mon Jun 29 15:39:22 2026 00:00:00 [kworker/27:1H-kblockd]
root         979       2   4  0.0  0.0 I<   Mon Jun 29 15:39:22 2026 00:00:00 [kaluad]
root         980       2  30  0.0  0.0 I<   Mon Jun 29 15:39:22 2026 00:00:00 [kmpath_rdacd]
root         981       2  32  0.0  0.0 I<   Mon Jun 29 15:39:22 2026 00:00:00 [kworker/32:1H-kblockd]
root         984       2  31  0.0  0.0 I<   Mon Jun 29 15:39:22 2026 00:00:00 [kmpathd]
root         985       2  33  0.0  0.0 I<   Mon Jun 29 15:39:22 2026 00:00:00 [kmpath_handlerd]
root         986       1  29  0.0  0.0 SLsl Mon Jun 29 15:39:22 2026 00:00:50 /sbin/multipathd -d -s
root         987       2  46  0.0  0.0 I<   Mon Jun 29 15:39:22 2026 00:00:00 [kworker/46:1H-kblockd]
root         988       2  25  0.0  0.0 I<   Mon Jun 29 15:39:22 2026 00:00:00 [kworker/25:1H-kblockd]
root         994       2  36  0.0  0.0 S    Mon Jun 29 15:39:22 2026 00:00:00 [nv_queue]
root         995       2  37  0.0  0.0 S    Mon Jun 29 15:39:22 2026 00:00:00 [nv_queue]
root         996       2  32  0.0  0.0 S    Mon Jun 29 15:39:22 2026 00:00:02 [nv_open_q]
root         998       1  33  0.0  0.0 Ss   Mon Jun 29 15:39:22 2026 00:00:04 /lib/systemd/systemd-udevd
root        1099       2  18  0.0  0.0 I<   Mon Jun 29 15:39:22 2026 00:00:00 [kworker/18:1H-kblockd]
root        1112       2   6  0.0  0.0 I<   Mon Jun 29 15:39:22 2026 00:00:02 [kworker/6:1H-xfs-log/nvme0n1p4]
root        1142       2  38  0.0  0.0 I<   Mon Jun 29 15:39:22 2026 00:00:00 [kworker/38:1H-kblockd]
root        1143       2  43  0.0  0.0 I<   Mon Jun 29 15:39:22 2026 00:00:00 [kworker/43:1H-kblockd]
root        1144       2   8  0.0  0.0 I<   Mon Jun 29 15:39:22 2026 00:00:00 [ipmi-msghandler]
root        1161       2   5  0.0  0.0 I<   Mon Jun 29 15:39:22 2026 00:00:00 [kworker/5:1H-kblockd]
root        1163       2  20  0.0  0.0 I<   Mon Jun 29 15:39:22 2026 00:00:00 [kworker/20:1H-kblockd]
root        1167       2   4  0.0  0.0 I<   Mon Jun 29 15:39:22 2026 00:00:00 [0000:e7:01.0]
root        1170       2  31  0.0  0.0 S    Mon Jun 29 15:39:22 2026 00:00:00 [irq/408-idxd-mi]
root        1171       2  32  0.0  0.0 S    Mon Jun 29 15:39:22 2026 00:00:00 [irq/409-idxd-po]
root        1172       2  33  0.0  0.0 S    Mon Jun 29 15:39:22 2026 00:00:00 [irq/410-idxd-po]
root        1173       2  34  0.0  0.0 S    Mon Jun 29 15:39:22 2026 00:00:00 [irq/411-idxd-po]
root        1174       2  35  0.0  0.0 S    Mon Jun 29 15:39:22 2026 00:00:00 [irq/412-idxd-po]
root        1175       2  36  0.0  0.0 S    Mon Jun 29 15:39:22 2026 00:00:00 [irq/413-idxd-po]
root        1176       2  37  0.0  0.0 S    Mon Jun 29 15:39:22 2026 00:00:00 [irq/414-idxd-po]
root        1177       2  38  0.0  0.0 S    Mon Jun 29 15:39:22 2026 00:00:00 [irq/415-idxd-po]
root        1178       2  39  0.0  0.0 S    Mon Jun 29 15:39:22 2026 00:00:00 [irq/416-idxd-po]
root        1323       2  36  0.0  0.0 I<   Mon Jun 29 15:39:23 2026 00:00:00 [ib-comp-wq]
root        1326       2  39  0.0  0.0 I<   Mon Jun 29 15:39:23 2026 00:00:00 [ib-comp-unb-wq]
root        1328       2  14  0.0  0.0 I<   Mon Jun 29 15:39:23 2026 00:00:00 [kworker/14:1H-xfs-log/nvme0n1p4]
root        1329       2  23  0.0  0.0 I<   Mon Jun 29 15:39:23 2026 00:00:00 [ib_mcast]
root        1330       2  15  0.0  0.0 I<   Mon Jun 29 15:39:23 2026 00:00:00 [ib_nl_sa_wq]
root        1335       2  33  0.0  0.0 I<   Mon Jun 29 15:39:23 2026 00:00:00 [kworker/33:1H-xfs-log/nvme0n1p4]
root        1353       2  23  0.0  0.0 I<   Mon Jun 29 15:39:23 2026 00:00:00 [kworker/23:1H-xfs-log/nvme0n1p5]
root        1358       2  30  0.0  0.0 I<   Mon Jun 29 15:39:23 2026 00:00:00 [kworker/30:1H-kblockd]
root        1360       2   9  0.0  0.0 I<   Mon Jun 29 15:39:23 2026 00:00:00 [kworker/9:1H-kblockd]
root        1366       2  47  0.0  0.0 I<   Mon Jun 29 15:39:23 2026 00:00:00 [kworker/47:1H-xfs-log/nvme0n1p4]
root        1368       2  15  0.0  0.0 I<   Mon Jun 29 15:39:23 2026 00:00:00 [kworker/15:1H-xfs-log/nvme0n1p4]
root        1376       2  43  0.0  0.0 I<   Mon Jun 29 15:39:23 2026 00:00:00 [mlx5_ib_sigerr_]
root        1399       2  41  0.0  0.0 I<   Mon Jun 29 15:39:23 2026 00:00:00 [kworker/41:1H-kblockd]
root        1406       2  26  0.0  0.0 I<   Mon Jun 29 15:39:23 2026 00:00:00 [ib_mad1]
root        1408       2  18  0.0  0.0 I<   Mon Jun 29 15:39:23 2026 00:00:00 [to_fifo]
root        1420       2   2  0.0  0.0 S    Mon Jun 29 15:39:23 2026 00:00:00 [nvidia-modeset/]
root        1421       2   0  0.0  0.0 S    Mon Jun 29 15:39:23 2026 00:00:00 [nvidia-modeset/]
root        1435       2  46  0.0  0.0 I<   Mon Jun 29 15:39:23 2026 00:00:00 [mkey_cache]
root        1469       2  37  0.0  0.0 I<   Mon Jun 29 15:39:23 2026 00:00:00 [kworker/37:1H-xfs-log/nvme0n1p4]
root        1551       2  40  0.0  0.0 I<   Mon Jun 29 15:39:23 2026 00:00:00 [kworker/40:1H-kblockd]
root        1568       2  29  0.0  0.0 I<   Mon Jun 29 15:39:23 2026 00:00:00 [kworker/29:1H-kblockd]
root        1930       2  17  0.0  0.0 I<   Mon Jun 29 15:39:23 2026 00:00:00 [kworker/17:1H-xfs-log/nvme0n1p4]
root        1979       1  23  0.0  0.0 Ss   Mon Jun 29 15:39:23 2026 00:00:00 /usr/sbin/rdma-ndd --systemd
root        1991       2  37  0.0  0.0 I<   Mon Jun 29 15:39:23 2026 00:00:00 [xfs-buf/nvme0n1]
root        1992       2   3  0.0  0.0 I<   Mon Jun 29 15:39:23 2026 00:00:00 [xfs-conv/nvme0n]
root        1993       2  22  0.0  0.0 I<   Mon Jun 29 15:39:23 2026 00:00:00 [xfs-reclaim/nvm]
root        1994       2  31  0.0  0.0 I<   Mon Jun 29 15:39:23 2026 00:00:00 [xfs-blockgc/nvm]
root        1995       2  39  0.0  0.0 I<   Mon Jun 29 15:39:23 2026 00:00:00 [xfs-inodegc/nvm]
root        1996       2  11  0.0  0.0 I<   Mon Jun 29 15:39:23 2026 00:00:00 [xfs-log/nvme0n1]
root        1997       2  18  0.0  0.0 I<   Mon Jun 29 15:39:23 2026 00:00:00 [xfs-cil/nvme0n1]
root        1998       2  44  0.0  0.0 S    Mon Jun 29 15:39:23 2026 00:00:00 [xfsaild/nvme0n1]
root        2000       2   4  0.0  0.0 I<   Mon Jun 29 15:39:23 2026 00:00:00 [xfs-buf/nvme0n1]
root        2001       2  21  0.0  0.0 I<   Mon Jun 29 15:39:23 2026 00:00:00 [xfs-conv/nvme0n]
root        2002       2  25  0.0  0.0 I<   Mon Jun 29 15:39:23 2026 00:00:00 [xfs-reclaim/nvm]
root        2003       2  20  0.0  0.0 I<   Mon Jun 29 15:39:23 2026 00:00:00 [xfs-blockgc/nvm]
root        2004       2  10  0.0  0.0 I<   Mon Jun 29 15:39:23 2026 00:00:00 [xfs-inodegc/nvm]
root        2006       2   5  0.0  0.0 I<   Mon Jun 29 15:39:23 2026 00:00:00 [xfs-log/nvme0n1]
root        2007       2  30  0.0  0.0 I<   Mon Jun 29 15:39:23 2026 00:00:00 [xfs-cil/nvme0n1]
root        2008       2  16  0.0  0.0 S    Mon Jun 29 15:39:23 2026 00:00:33 [xfsaild/nvme0n1]
systemd+    2023       1  18  0.0  0.0 Ss   Mon Jun 29 15:39:23 2026 00:00:05 /lib/systemd/systemd-networkd
_rpc        2032       1  34  0.0  0.0 Ss   Mon Jun 29 15:39:23 2026 00:00:01 /sbin/rpcbind -f -w
systemd+    2035       1  34  0.0  0.0 Ssl  Mon Jun 29 15:39:23 2026 00:00:01 /lib/systemd/systemd-timesyncd
root        2040       2  43  0.0  0.0 I<   Mon Jun 29 15:39:23 2026 00:00:00 [rpciod]
root        2041       2   1  0.0  0.0 I<   Mon Jun 29 15:39:23 2026 00:00:00 [xprtiod]
systemd+    2043       1  13  0.0  0.0 Ss   Mon Jun 29 15:39:23 2026 00:00:01 /lib/systemd/systemd-resolved
avahi       2047       1  36  0.0  0.0 Ss   Mon Jun 29 15:39:23 2026 00:02:43 avahi-daemon: running [bnode004.local]
message+    2048       1  40  0.0  0.0 Ss   Mon Jun 29 15:39:23 2026 00:00:11 @dbus-daemon --system --address=systemd: --nofork --nopidfile --systemd-activation --syslog-only
root        2049       1  34  0.0  0.0 Ssl  Mon Jun 29 15:39:23 2026 00:00:10 /usr/sbin/NetworkManager --no-daemon
root        2054       1  39  0.0  0.0 Ssl  Mon Jun 29 15:39:23 2026 00:04:56 /usr/sbin/irqbalance --foreground
root        2061       1  35  0.0  0.0 Ss   Mon Jun 29 15:39:23 2026 00:00:00 /usr/bin/ndctl monitor
root        2062       1  26  0.0  0.0 Ss   Mon Jun 29 15:39:23 2026 00:00:00 /usr/bin/python3 /usr/bin/networkd-dispatcher --run-startup-triggers
root        2069       1  41  0.0  0.0 Ss   Mon Jun 29 15:39:23 2026 00:00:00 /opt/nec/nqsv/sbin/nqs_uagd nqsv
root        2070       1  20  0.0  0.0 Ss   Mon Jun 29 15:39:23 2026 00:00:00 /usr/sbin/rasdaemon -f -r
syslog      2072       1  41  0.0  0.0 Ssl  Mon Jun 29 15:39:23 2026 00:00:16 /usr/sbin/rsyslogd -n -iNONE
root        2087       1  25  0.0  0.0 Ss   Mon Jun 29 15:39:23 2026 00:00:01 /usr/sbin/sssd -i --logger=files
root        2090       1  34  0.0  0.0 Ss   Mon Jun 29 15:39:23 2026 00:00:03 /sbin/wpa_supplicant -u -s -O /run/wpa_supplicant
avahi       2092    2047   8  0.0  0.0 S    Mon Jun 29 15:39:23 2026 00:00:00 avahi-daemon: chroot helper
root        2244    2087  35  0.0  0.0 S    Mon Jun 29 15:39:23 2026 00:00:11 /usr/libexec/sssd/sssd_be --domain LDAP --uid 0 --gid 0 --logger=files
root        2289       2  16  0.0  0.0 I<   Mon Jun 29 15:39:24 2026 00:00:00 [mlx5e]
root        2290       2  20  0.0  0.0 I<   Mon Jun 29 15:39:24 2026 00:00:00 [ipoib_wq]
root        2300       2  22  0.0  0.0 I<   Mon Jun 29 15:39:24 2026 00:00:00 [iw_cm_wq]
root        2303       2  19  0.0  0.0 I<   Mon Jun 29 15:39:24 2026 00:00:00 [rdma_cm]
zabbix      2406       1   3  0.0  0.0 S    Mon Jun 29 15:39:24 2026 00:00:28 /usr/sbin/zabbix_agentd -c /etc/zabbix/zabbix_agentd.conf
root        2445       1  40  0.0  0.0 Ss   Mon Jun 29 15:39:24 2026 00:00:10 /usr/sbin/cron -f -P
root        2460       1  41  0.0  0.0 Ss   Mon Jun 29 15:39:24 2026 00:00:04 /lib/systemd/systemd-logind
daemon      2477       1  25  0.0  0.0 Ss   Mon Jun 29 15:39:24 2026 00:00:00 /usr/sbin/atd -f
root        2487       2  28  0.0  0.0 S    Mon Jun 29 15:39:24 2026 00:00:00 [irq/417-nvidia]
root        2488       2  16  0.0  0.0 S    Mon Jun 29 15:39:24 2026 00:00:00 [irq/418-nvidia]
root        2489       2  47  0.0  0.0 S    Mon Jun 29 15:39:24 2026 00:01:03 [irq/419-nvidia]
root        2490       2  43  0.0  0.0 S    Mon Jun 29 15:39:24 2026 00:00:00 [irq/420-nvidia]
root        2491       2  44  0.0  0.0 S    Mon Jun 29 15:39:24 2026 00:00:00 [irq/421-nvidia]
root        2492       2  45  0.0  0.0 S    Mon Jun 29 15:39:24 2026 00:00:00 [irq/422-nvidia]
root        2493       2  46  0.0  0.0 S    Mon Jun 29 15:39:24 2026 00:00:00 [irq/423-nvidia]
root        2494       2  47  0.0  0.0 S    Mon Jun 29 15:39:24 2026 00:00:00 [irq/424-nvidia]
root        2495       2  38  0.0  0.0 S    Mon Jun 29 15:39:24 2026 00:00:00 [nvidia]
root        2496       2  47  0.0  0.0 S    Mon Jun 29 15:39:24 2026 00:00:00 [nv_queue]
root        2518       1  31  0.0  0.0 Ss+  Mon Jun 29 15:39:24 2026 00:00:00 /sbin/agetty -o -p -- \u --noclear tty1 linux
zabbix      2520    2406  37  0.0  0.0 S    Mon Jun 29 15:39:24 2026 00:04:14 /usr/sbin/zabbix_agentd: collector [idle 1 sec]
zabbix      2523    2406  35  0.0  0.0 S    Mon Jun 29 15:39:24 2026 00:03:15 /usr/sbin/zabbix_agentd: listener #1 [waiting for connection]
zabbix      2526    2406  42  0.0  0.0 S    Mon Jun 29 15:39:24 2026 00:03:08 /usr/sbin/zabbix_agentd: listener #2 [waiting for connection]
zabbix      2527    2406  26  0.0  0.0 S    Mon Jun 29 15:39:24 2026 00:03:12 /usr/sbin/zabbix_agentd: listener #3 [waiting for connection]
zabbix      2528    2406  38  0.0  0.0 S    Mon Jun 29 15:39:24 2026 00:00:33 /usr/sbin/zabbix_agentd: active checks #1 [idle 1 sec]
root        2529       1   0  0.0  0.0 Ss   Mon Jun 29 15:39:24 2026 00:00:24 /usr/libexec/sssd/sssd_nss --logger=files --socket-activated
root        2547       2  10  0.0  0.0 I<   Mon Jun 29 15:39:24 2026 00:00:00 [kworker/u97:2-ib-comp-unb-wq]
root        2592       1  25  0.0  0.0 Ss   Mon Jun 29 15:39:25 2026 00:00:00 /opt/nec/nqsv/sbin/nqs_lchd
root        2626       2  38  0.0  0.0 S    Mon Jun 29 15:39:27 2026 00:00:02 [UVM global queu]
root        2627       2  41  0.0  0.0 S    Mon Jun 29 15:39:27 2026 00:00:00 [UVM deferred re]
root        2628       2  35  0.0  0.0 S    Mon Jun 29 15:39:27 2026 00:00:01 [UVM Tools Event]
root        2900       2  40  0.0  0.0 S    Mon Jun 29 15:39:29 2026 00:00:00 [acceptor_001]
root        2901       2  32  0.0  0.0 S    Mon Jun 29 15:39:29 2026 00:00:13 [monitor_thread]
root        2902       2  15  0.0  0.0 S    Mon Jun 29 15:39:29 2026 00:00:10 [lnet_discovery]
root        2913       2  20  0.0  0.0 S    Mon Jun 29 15:39:29 2026 00:00:12 [kiblnd_connd]
root        2914       2   0  0.0  0.0 S    Mon Jun 29 15:39:29 2026 00:00:00 [kiblnd_sd_00_00]
root        2915       2   1  0.0  0.0 S    Mon Jun 29 15:39:29 2026 00:00:00 [kiblnd_sd_00_01]
root        2916       2   2  0.0  0.0 S    Mon Jun 29 15:39:29 2026 00:00:00 [kiblnd_sd_01_00]
root        2917       2   3  0.0  0.0 S    Mon Jun 29 15:39:29 2026 00:00:00 [kiblnd_sd_01_01]
root        2918       2   4  0.0  0.0 S    Mon Jun 29 15:39:29 2026 00:00:00 [kiblnd_sd_02_00]
root        2919       2   5  0.0  0.0 S    Mon Jun 29 15:39:29 2026 00:00:00 [kiblnd_sd_02_01]
root        2920       2   7  0.0  0.0 S    Mon Jun 29 15:39:29 2026 00:00:00 [kiblnd_sd_03_00]
root        2921       2   7  0.0  0.0 S    Mon Jun 29 15:39:29 2026 00:00:00 [kiblnd_sd_03_01]
root        2922       2   8  0.0  0.0 S    Mon Jun 29 15:39:29 2026 00:00:00 [kiblnd_sd_04_00]
root        2923       2   9  0.0  0.0 S    Mon Jun 29 15:39:29 2026 00:00:00 [kiblnd_sd_04_01]
root        2924       2  10  0.0  0.0 S    Mon Jun 29 15:39:29 2026 00:00:00 [kiblnd_sd_05_00]
root        2925       2  11  0.0  0.0 S    Mon Jun 29 15:39:29 2026 00:00:00 [kiblnd_sd_05_01]
root        2926       2  12  0.0  0.0 S    Mon Jun 29 15:39:29 2026 00:00:00 [kiblnd_sd_06_00]
root        2927       2  13  0.0  0.0 S    Mon Jun 29 15:39:29 2026 00:00:00 [kiblnd_sd_06_01]
root        2928       2  14  0.0  0.0 S    Mon Jun 29 15:39:29 2026 00:00:00 [kiblnd_sd_07_00]
root        2929       2  15  0.0  0.0 S    Mon Jun 29 15:39:29 2026 00:00:00 [kiblnd_sd_07_01]
root        2930       2  17  0.0  0.0 S    Mon Jun 29 15:39:29 2026 00:05:11 [kiblnd_sd_08_00]
root        2931       2  16  0.0  0.0 S    Mon Jun 29 15:39:29 2026 00:05:07 [kiblnd_sd_08_01]
root        2932       2  19  0.0  0.0 S    Mon Jun 29 15:39:29 2026 00:05:42 [kiblnd_sd_09_00]
root        2933       2  18  0.0  0.0 S    Mon Jun 29 15:39:29 2026 00:05:55 [kiblnd_sd_09_01]
root        2934       2  20  0.0  0.0 S    Mon Jun 29 15:39:29 2026 00:00:52 [kiblnd_sd_10_00]
root        2935       2  21  0.0  0.0 S    Mon Jun 29 15:39:29 2026 00:00:53 [kiblnd_sd_10_01]
root        2936       2  22  0.0  0.0 S    Mon Jun 29 15:39:29 2026 00:00:00 [kiblnd_sd_11_00]
root        2937       2  23  0.0  0.0 S    Mon Jun 29 15:39:29 2026 00:00:00 [kiblnd_sd_11_01]
root        2938       2  24  0.0  0.0 S    Mon Jun 29 15:39:29 2026 00:00:00 [kiblnd_sd_12_00]
root        2939       2  25  0.0  0.0 S    Mon Jun 29 15:39:29 2026 00:00:00 [kiblnd_sd_12_01]
root        2940       2  26  0.0  0.0 S    Mon Jun 29 15:39:29 2026 00:00:00 [kiblnd_sd_13_00]
root        2941       2  27  0.0  0.0 S    Mon Jun 29 15:39:29 2026 00:00:00 [kiblnd_sd_13_01]
root        2942       2  28  0.0  0.0 S    Mon Jun 29 15:39:29 2026 00:00:00 [kiblnd_sd_14_00]
root        2943       2  29  0.0  0.0 S    Mon Jun 29 15:39:29 2026 00:00:00 [kiblnd_sd_14_01]
root        2944       2  30  0.0  0.0 S    Mon Jun 29 15:39:29 2026 00:00:00 [kiblnd_sd_15_00]
root        2945       2  31  0.0  0.0 S    Mon Jun 29 15:39:29 2026 00:00:00 [kiblnd_sd_15_01]
root        2946       2  32  0.0  0.0 S    Mon Jun 29 15:39:29 2026 00:00:00 [kiblnd_sd_16_00]
root        2947       2  33  0.0  0.0 S    Mon Jun 29 15:39:29 2026 00:00:00 [kiblnd_sd_16_01]
root        2948       2  34  0.0  0.0 S    Mon Jun 29 15:39:29 2026 00:00:00 [kiblnd_sd_17_00]
root        2949       2  35  0.0  0.0 S    Mon Jun 29 15:39:29 2026 00:00:00 [kiblnd_sd_17_01]
root        2950       2  36  0.0  0.0 S    Mon Jun 29 15:39:29 2026 00:02:03 [kiblnd_sd_18_00]
root        2951       2  37  0.0  0.0 S    Mon Jun 29 15:39:29 2026 00:02:02 [kiblnd_sd_18_01]
root        2952       2  39  0.0  0.0 S    Mon Jun 29 15:39:29 2026 00:03:43 [kiblnd_sd_19_00]
root        2953       2  38  0.0  0.0 S    Mon Jun 29 15:39:29 2026 00:03:48 [kiblnd_sd_19_01]
root        2954       2  40  0.0  0.0 S    Mon Jun 29 15:39:29 2026 00:03:33 [kiblnd_sd_20_00]
root        2955       2  41  0.0  0.0 S    Mon Jun 29 15:39:29 2026 00:03:32 [kiblnd_sd_20_01]
root        2956       2  43  0.0  0.0 S    Mon Jun 29 15:39:29 2026 00:03:43 [kiblnd_sd_21_00]
root        2957       2  42  0.0  0.0 S    Mon Jun 29 15:39:29 2026 00:03:33 [kiblnd_sd_21_01]
root        2958       2  44  0.0  0.0 S    Mon Jun 29 15:39:29 2026 00:01:48 [kiblnd_sd_22_00]
root        2959       2  45  0.0  0.0 S    Mon Jun 29 15:39:29 2026 00:01:48 [kiblnd_sd_22_01]
root        2960       2  47  0.0  0.0 S    Mon Jun 29 15:39:29 2026 00:00:00 [kiblnd_sd_23_00]
root        2961       2  46  0.0  0.0 S    Mon Jun 29 15:39:29 2026 00:00:00 [kiblnd_sd_23_01]
root        3047       2   0  0.0  0.0 I    Mon Jun 29 15:39:30 2026 00:00:00 [ptlrpc_hr00_000]
root        3048       2   0  0.0  0.0 I    Mon Jun 29 15:39:30 2026 00:00:00 [ptlrpc_hr00_001]
root        3049       2   2  0.0  0.0 I    Mon Jun 29 15:39:30 2026 00:00:00 [ptlrpc_hr01_000]
root        3050       2   3  0.0  0.0 I    Mon Jun 29 15:39:30 2026 00:00:00 [ptlrpc_hr01_001]
root        3051       2   4  0.0  0.0 I    Mon Jun 29 15:39:30 2026 00:00:00 [ptlrpc_hr02_000]
root        3052       2   5  0.0  0.0 I    Mon Jun 29 15:39:30 2026 00:00:00 [ptlrpc_hr02_001]
root        3053       2   7  0.0  0.0 I    Mon Jun 29 15:39:30 2026 00:00:00 [ptlrpc_hr03_000]
root        3054       2   7  0.0  0.0 I    Mon Jun 29 15:39:30 2026 00:00:00 [ptlrpc_hr03_001]
root        3055       2   8  0.0  0.0 I    Mon Jun 29 15:39:30 2026 00:00:00 [ptlrpc_hr04_000]
root        3056       2   9  0.0  0.0 I    Mon Jun 29 15:39:30 2026 00:00:00 [ptlrpc_hr04_001]
root        3057       2  10  0.0  0.0 I    Mon Jun 29 15:39:30 2026 00:00:00 [ptlrpc_hr05_000]
root        3058       2  11  0.0  0.0 I    Mon Jun 29 15:39:30 2026 00:00:00 [ptlrpc_hr05_001]
root        3059       2  12  0.0  0.0 I    Mon Jun 29 15:39:30 2026 00:00:00 [ptlrpc_hr06_000]
root        3060       2  13  0.0  0.0 I    Mon Jun 29 15:39:30 2026 00:00:00 [ptlrpc_hr06_001]
root        3061       2  14  0.0  0.0 I    Mon Jun 29 15:39:30 2026 00:00:00 [ptlrpc_hr07_000]
root        3062       2  15  0.0  0.0 I    Mon Jun 29 15:39:30 2026 00:00:00 [ptlrpc_hr07_001]
root        3063       2  16  0.0  0.0 I    Mon Jun 29 15:39:30 2026 00:00:00 [ptlrpc_hr08_000]
root        3064       2  17  0.0  0.0 I    Mon Jun 29 15:39:30 2026 00:00:00 [ptlrpc_hr08_001]
root        3065       2  18  0.0  0.0 I    Mon Jun 29 15:39:30 2026 00:00:00 [ptlrpc_hr09_000]
root        3066       2  19  0.0  0.0 I    Mon Jun 29 15:39:30 2026 00:00:00 [ptlrpc_hr09_001]
root        3067       2  20  0.0  0.0 I    Mon Jun 29 15:39:30 2026 00:00:00 [ptlrpc_hr10_000]
root        3068       2  21  0.0  0.0 I    Mon Jun 29 15:39:30 2026 00:00:00 [ptlrpc_hr10_001]
root        3069       2  22  0.0  0.0 I    Mon Jun 29 15:39:30 2026 00:00:00 [ptlrpc_hr11_000]
root        3070       2  23  0.0  0.0 I    Mon Jun 29 15:39:30 2026 00:00:00 [ptlrpc_hr11_001]
root        3071       2  24  0.0  0.0 I    Mon Jun 29 15:39:30 2026 00:00:00 [ptlrpc_hr12_000]
root        3072       2  25  0.0  0.0 I    Mon Jun 29 15:39:30 2026 00:00:00 [ptlrpc_hr12_001]
root        3073       2  26  0.0  0.0 I    Mon Jun 29 15:39:30 2026 00:00:00 [ptlrpc_hr13_000]
root        3074       2  27  0.0  0.0 I    Mon Jun 29 15:39:30 2026 00:00:00 [ptlrpc_hr13_001]
root        3075       2  28  0.0  0.0 I    Mon Jun 29 15:39:30 2026 00:00:00 [ptlrpc_hr14_000]
root        3076       2  29  0.0  0.0 I    Mon Jun 29 15:39:30 2026 00:00:00 [ptlrpc_hr14_001]
root        3077       2  30  0.0  0.0 I    Mon Jun 29 15:39:30 2026 00:00:00 [ptlrpc_hr15_000]
root        3078       2  31  0.0  0.0 I    Mon Jun 29 15:39:30 2026 00:00:00 [ptlrpc_hr15_001]
root        3079       2  32  0.0  0.0 I    Mon Jun 29 15:39:30 2026 00:00:00 [ptlrpc_hr16_000]
root        3080       2  33  0.0  0.0 I    Mon Jun 29 15:39:30 2026 00:00:00 [ptlrpc_hr16_001]
root        3081       2  34  0.0  0.0 I    Mon Jun 29 15:39:30 2026 00:00:00 [ptlrpc_hr17_000]
root        3082       2  35  0.0  0.0 I    Mon Jun 29 15:39:30 2026 00:00:00 [ptlrpc_hr17_001]
root        3083       2  36  0.0  0.0 I    Mon Jun 29 15:39:30 2026 00:00:00 [ptlrpc_hr18_000]
root        3084       2  37  0.0  0.0 I    Mon Jun 29 15:39:30 2026 00:00:00 [ptlrpc_hr18_001]
root        3085       2  38  0.0  0.0 I    Mon Jun 29 15:39:30 2026 00:00:00 [ptlrpc_hr19_000]
root        3086       2  39  0.0  0.0 I    Mon Jun 29 15:39:30 2026 00:00:00 [ptlrpc_hr19_001]
root        3087       2  40  0.0  0.0 I    Mon Jun 29 15:39:30 2026 00:00:00 [ptlrpc_hr20_000]
root        3088       2  41  0.0  0.0 I    Mon Jun 29 15:39:30 2026 00:00:00 [ptlrpc_hr20_001]
root        3089       2  42  0.0  0.0 I    Mon Jun 29 15:39:30 2026 00:00:00 [ptlrpc_hr21_000]
root        3090       2  43  0.0  0.0 I    Mon Jun 29 15:39:30 2026 00:00:00 [ptlrpc_hr21_001]
root        3091       2  44  0.0  0.0 I    Mon Jun 29 15:39:30 2026 00:00:00 [ptlrpc_hr22_000]
root        3092       2  44  0.0  0.0 I    Mon Jun 29 15:39:30 2026 00:00:00 [ptlrpc_hr22_001]
root        3093       2  46  0.0  0.0 I    Mon Jun 29 15:39:30 2026 00:00:00 [ptlrpc_hr23_000]
root        3094       2  47  0.0  0.0 I    Mon Jun 29 15:39:30 2026 00:00:00 [ptlrpc_hr23_001]
root        3095       2  25  0.0  0.0 I    Mon Jun 29 15:39:30 2026 00:00:00 [ptlrpcd_rcv]
root        3096       2   0  0.0  0.0 I    Mon Jun 29 15:39:30 2026 00:06:07 [ptlrpcd_00_00]
root        3097       2   1  0.0  0.0 I    Mon Jun 29 15:39:30 2026 00:06:02 [ptlrpcd_00_01]
root        3098       2   2  0.0  0.0 I    Mon Jun 29 15:39:30 2026 00:03:56 [ptlrpcd_01_00]
root        3099       2   3  0.0  0.0 I    Mon Jun 29 15:39:30 2026 00:03:04 [ptlrpcd_01_01]
root        3100       2   5  0.0  0.0 I    Mon Jun 29 15:39:30 2026 00:02:41 [ptlrpcd_02_00]
root        3101       2   5  0.0  0.0 I    Mon Jun 29 15:39:30 2026 00:02:29 [ptlrpcd_02_01]
root        3102       2   6  0.0  0.0 I    Mon Jun 29 15:39:30 2026 00:01:48 [ptlrpcd_03_00]
root        3103       2   7  0.0  0.0 I    Mon Jun 29 15:39:30 2026 00:02:05 [ptlrpcd_03_01]
root        3104       2   8  0.0  0.0 I    Mon Jun 29 15:39:30 2026 00:02:29 [ptlrpcd_04_00]
root        3105       2   8  0.0  0.0 I    Mon Jun 29 15:39:30 2026 00:02:14 [ptlrpcd_04_01]
root        3106       2  11  0.0  0.0 I    Mon Jun 29 15:39:30 2026 00:01:42 [ptlrpcd_05_00]
root        3107       2  10  0.0  0.0 I    Mon Jun 29 15:39:30 2026 00:01:45 [ptlrpcd_05_01]
root        3108       2  13  0.0  0.0 I    Mon Jun 29 15:39:30 2026 00:01:52 [ptlrpcd_06_00]
root        3109       2  12  0.0  0.0 I    Mon Jun 29 15:39:30 2026 00:01:46 [ptlrpcd_06_01]
root        3110       2  15  0.0  0.0 I    Mon Jun 29 15:39:30 2026 00:02:08 [ptlrpcd_07_00]
root        3111       2  14  0.0  0.0 I    Mon Jun 29 15:39:30 2026 00:02:38 [ptlrpcd_07_01]
root        3112       2  17  0.0  0.0 I    Mon Jun 29 15:39:30 2026 00:03:17 [ptlrpcd_08_00]
root        3113       2  16  0.0  0.0 I    Mon Jun 29 15:39:30 2026 00:03:08 [ptlrpcd_08_01]
root        3114       2  18  0.0  0.0 I    Mon Jun 29 15:39:30 2026 00:03:35 [ptlrpcd_09_00]
root        3115       2  19  0.0  0.0 I    Mon Jun 29 15:39:30 2026 00:03:46 [ptlrpcd_09_01]
root        3116       2  20  0.0  0.0 I    Mon Jun 29 15:39:30 2026 00:01:44 [ptlrpcd_10_00]
root        3117       2  21  0.0  0.0 I    Mon Jun 29 15:39:30 2026 00:03:25 [ptlrpcd_10_01]
root        3118       2  22  0.0  0.0 I    Mon Jun 29 15:39:30 2026 00:03:23 [ptlrpcd_11_00]
root        3119       2  23  0.0  0.0 I    Mon Jun 29 15:39:30 2026 00:02:29 [ptlrpcd_11_01]
root        3120       2  25  0.0  0.0 I    Mon Jun 29 15:39:30 2026 00:01:38 [ptlrpcd_12_00]
root        3121       2  24  0.0  0.0 I    Mon Jun 29 15:39:30 2026 00:01:37 [ptlrpcd_12_01]
root        3122       2  26  0.0  0.0 I    Mon Jun 29 15:39:30 2026 00:01:31 [ptlrpcd_13_00]
root        3123       2  27  0.0  0.0 I    Mon Jun 29 15:39:30 2026 00:01:26 [ptlrpcd_13_01]
root        3124       2  29  0.0  0.0 I    Mon Jun 29 15:39:30 2026 00:01:22 [ptlrpcd_14_00]
root        3125       2  29  0.0  0.0 I    Mon Jun 29 15:39:30 2026 00:01:22 [ptlrpcd_14_01]
root        3126       2  30  0.0  0.0 I    Mon Jun 29 15:39:30 2026 00:01:28 [ptlrpcd_15_00]
root        3127       2  31  0.0  0.0 I    Mon Jun 29 15:39:30 2026 00:01:24 [ptlrpcd_15_01]
root        3128       2  32  0.0  0.0 I    Mon Jun 29 15:39:30 2026 00:01:15 [ptlrpcd_16_00]
root        3129       2  33  0.0  0.0 I    Mon Jun 29 15:39:30 2026 00:01:17 [ptlrpcd_16_01]
root        3130       2  35  0.0  0.0 I    Mon Jun 29 15:39:30 2026 00:01:24 [ptlrpcd_17_00]
root        3131       2  35  0.0  0.0 I    Mon Jun 29 15:39:30 2026 00:01:29 [ptlrpcd_17_01]
root        3132       2  36  0.0  0.0 I    Mon Jun 29 15:39:30 2026 00:01:04 [ptlrpcd_18_00]
root        3133       2  37  0.0  0.0 I    Mon Jun 29 15:39:30 2026 00:01:18 [ptlrpcd_18_01]
root        3134       2  39  0.0  0.0 I    Mon Jun 29 15:39:30 2026 00:01:11 [ptlrpcd_19_00]
root        3135       2  38  0.0  0.0 I    Mon Jun 29 15:39:30 2026 00:01:03 [ptlrpcd_19_01]
root        3136       2  41  0.0  0.0 I    Mon Jun 29 15:39:30 2026 00:01:04 [ptlrpcd_20_00]
root        3137       2  41  0.0  0.0 I    Mon Jun 29 15:39:30 2026 00:01:03 [ptlrpcd_20_01]
root        3138       2  42  0.0  0.0 I    Mon Jun 29 15:39:30 2026 00:01:16 [ptlrpcd_21_00]
root        3139       2  43  0.0  0.0 I    Mon Jun 29 15:39:30 2026 00:01:29 [ptlrpcd_21_01]
root        3140       2  45  0.0  0.0 I    Mon Jun 29 15:39:30 2026 00:01:00 [ptlrpcd_22_00]
root        3141       2  45  0.0  0.0 I    Mon Jun 29 15:39:30 2026 00:01:09 [ptlrpcd_22_01]
root        3142       2  47  0.0  0.0 I    Mon Jun 29 15:39:30 2026 00:01:41 [ptlrpcd_23_00]
root        3143       2  47  0.0  0.0 I    Mon Jun 29 15:39:30 2026 00:01:37 [ptlrpcd_23_01]
root        3146       2   1  0.0  0.0 I    Mon Jun 29 15:39:30 2026 00:00:00 [ldlm_cb00_000]
root        3147       2   1  0.0  0.0 I    Mon Jun 29 15:39:30 2026 00:00:00 [ldlm_cb00_001]
root        3148       2   3  0.0  0.0 I    Mon Jun 29 15:39:30 2026 00:00:00 [ldlm_cb01_000]
root        3149       2   2  0.0  0.0 I    Mon Jun 29 15:39:30 2026 00:00:00 [ldlm_cb01_001]
root        3150       2   5  0.0  0.0 I    Mon Jun 29 15:39:30 2026 00:00:00 [ldlm_cb02_000]
root        3151       2   4  0.0  0.0 I    Mon Jun 29 15:39:30 2026 00:00:00 [ldlm_cb02_001]
root        3152       2   6  0.0  0.0 I    Mon Jun 29 15:39:30 2026 00:00:00 [ldlm_cb03_000]
root        3153       2   6  0.0  0.0 I    Mon Jun 29 15:39:30 2026 00:00:00 [ldlm_cb03_001]
root        3154       2   9  0.0  0.0 I    Mon Jun 29 15:39:30 2026 00:00:00 [ldlm_cb04_000]
root        3155       2   9  0.0  0.0 I    Mon Jun 29 15:39:30 2026 00:00:00 [ldlm_cb04_001]
root        3156       2  10  0.0  0.0 I    Mon Jun 29 15:39:30 2026 00:00:00 [ldlm_cb05_000]
root        3157       2  11  0.0  0.0 I    Mon Jun 29 15:39:30 2026 00:00:00 [ldlm_cb05_001]
root        3158       2  12  0.0  0.0 I    Mon Jun 29 15:39:30 2026 00:00:00 [ldlm_cb06_000]
root        3159       2  13  0.0  0.0 I    Mon Jun 29 15:39:30 2026 00:00:00 [ldlm_cb06_001]
root        3160       2  14  0.0  0.0 I    Mon Jun 29 15:39:30 2026 00:00:00 [ldlm_cb07_000]
root        3161       2  15  0.0  0.0 I    Mon Jun 29 15:39:30 2026 00:00:00 [ldlm_cb07_001]
root        3162       2  16  0.0  0.0 I    Mon Jun 29 15:39:30 2026 00:00:00 [ldlm_cb08_000]
root        3163       2  17  0.0  0.0 I    Mon Jun 29 15:39:30 2026 00:00:00 [ldlm_cb08_001]
root        3164       2  19  0.0  0.0 I    Mon Jun 29 15:39:30 2026 00:00:00 [ldlm_cb09_000]
root        3165       2  18  0.0  0.0 I    Mon Jun 29 15:39:30 2026 00:00:00 [ldlm_cb09_001]
root        3166       2  21  0.0  0.0 I    Mon Jun 29 15:39:30 2026 00:00:00 [ldlm_cb10_000]
root        3167       2  20  0.0  0.0 I    Mon Jun 29 15:39:30 2026 00:00:00 [ldlm_cb10_001]
root        3168       2  22  0.0  0.0 I    Mon Jun 29 15:39:30 2026 00:00:00 [ldlm_cb11_000]
root        3169       2  23  0.0  0.0 I    Mon Jun 29 15:39:30 2026 00:00:00 [ldlm_cb11_001]
root        3170       2  24  0.0  0.0 I    Mon Jun 29 15:39:30 2026 00:00:00 [ldlm_cb12_000]
root        3171       2  25  0.0  0.0 I    Mon Jun 29 15:39:30 2026 00:00:00 [ldlm_cb12_001]
root        3172       2  26  0.0  0.0 I    Mon Jun 29 15:39:30 2026 00:00:00 [ldlm_cb13_000]
root        3173       2  27  0.0  0.0 I    Mon Jun 29 15:39:30 2026 00:00:00 [ldlm_cb13_001]
root        3174       2  28  0.0  0.0 I    Mon Jun 29 15:39:30 2026 00:00:00 [ldlm_cb14_000]
root        3175       2  29  0.0  0.0 I    Mon Jun 29 15:39:30 2026 00:00:00 [ldlm_cb14_001]
root        3176       2  30  0.0  0.0 I    Mon Jun 29 15:39:30 2026 00:00:00 [ldlm_cb15_000]
root        3177       2  31  0.0  0.0 I    Mon Jun 29 15:39:30 2026 00:00:00 [ldlm_cb15_001]
root        3178       2  32  0.0  0.0 I    Mon Jun 29 15:39:30 2026 00:00:00 [ldlm_cb16_000]
root        3179       2  33  0.0  0.0 I    Mon Jun 29 15:39:30 2026 00:00:00 [ldlm_cb16_001]
root        3180       2  34  0.0  0.0 I    Mon Jun 29 15:39:30 2026 00:00:00 [ldlm_cb17_000]
root        3181       2  35  0.0  0.0 I    Mon Jun 29 15:39:30 2026 00:00:00 [ldlm_cb17_001]
root        3182       2  36  0.0  0.0 I    Mon Jun 29 15:39:30 2026 00:00:00 [ldlm_cb18_000]
root        3183       2  37  0.0  0.0 I    Mon Jun 29 15:39:30 2026 00:00:00 [ldlm_cb18_001]
root        3184       2  38  0.0  0.0 I    Mon Jun 29 15:39:30 2026 00:00:00 [ldlm_cb19_000]
root        3185       2  39  0.0  0.0 I    Mon Jun 29 15:39:30 2026 00:00:00 [ldlm_cb19_001]
root        3186       2  41  0.0  0.0 I    Mon Jun 29 15:39:30 2026 00:00:00 [ldlm_cb20_000]
root        3187       2  40  0.0  0.0 I    Mon Jun 29 15:39:30 2026 00:00:00 [ldlm_cb20_001]
root        3188       2  42  0.0  0.0 I    Mon Jun 29 15:39:30 2026 00:00:00 [ldlm_cb21_000]
root        3189       2  43  0.0  0.0 I    Mon Jun 29 15:39:30 2026 00:00:00 [ldlm_cb21_001]
root        3190       2  45  0.0  0.0 I    Mon Jun 29 15:39:30 2026 00:00:00 [ldlm_cb22_000]
root        3191       2  44  0.0  0.0 I    Mon Jun 29 15:39:30 2026 00:00:00 [ldlm_cb22_001]
root        3192       2  47  0.0  0.0 I    Mon Jun 29 15:39:30 2026 00:00:00 [ldlm_cb23_000]
root        3193       2  46  0.0  0.0 I    Mon Jun 29 15:39:30 2026 00:00:00 [ldlm_cb23_001]
root        3194       2  17  0.0  0.0 I    Mon Jun 29 15:39:30 2026 00:00:11 [ldlm_bl_01]
root        3195       2  33  0.0  0.0 I    Mon Jun 29 15:39:30 2026 00:00:13 [ldlm_bl_02]
root        3196       2  39  0.0  0.0 I    Mon Jun 29 15:39:30 2026 00:00:00 [ll_cfg_requeue]
root        3656       2  41  0.0  0.0 S    Mon Jun 29 15:39:34 2026 00:00:24 [SEPDRV_ABNORMAL]
root        3782       1   0  0.0  0.0 Ssl  Mon Jun 29 15:39:37 2026 00:00:06 /opt/beegfs/sbin/beegfs-helperd cfgFile=/etc/beegfs/beegfs-helperd.conf runDaemonized=false
root        3902       1  22  0.0  0.0 Ss   Mon Jun 29 15:39:37 2026 00:00:00 sshd: /usr/sbin/sshd -D [listener] 0 of 10-100 startups
root        3916       2  24  0.0  0.0 I<   Mon Jun 29 15:39:37 2026 00:00:00 [beegfs/flush]
root        3917       2  10  0.0  0.0 I<   Mon Jun 29 15:39:37 2026 00:00:00 [beegfs-rwPgWQ]
root        4028       1  18  0.0  0.0 Ss   Mon Jun 29 15:39:38 2026 00:00:03 /usr/lib/postfix/sbin/master -w
postfix     4030    4028  39  0.0  0.0 S    Mon Jun 29 15:39:38 2026 00:00:00 qmgr -l -t unix -u
rtkit       5790       1  22  0.0  0.0 SNsl Mon Jun 29 15:43:48 2026 00:00:08 /usr/libexec/rtkit-daemon
root        5793       1  42  0.0  0.0 Ssl  Mon Jun 29 15:43:48 2026 00:00:00 /usr/libexec/polkitd --no-debug
root       11576       2  46  0.0  0.0 I    Mon Jun 29 16:32:34 2026 00:00:10 [ldlm_bl_03]
root       11620       2  19  0.0  0.0 I    Mon Jun 29 16:32:35 2026 00:00:00 [ldlm_cb09_002]
root       80075       2  31  0.0  0.0 I    Tue Jun 30 00:56:40 2026 00:00:04 [ldlm_bl_04]
root       88232       2  19  0.0  0.0 I    Tue Jun 30 02:30:03 2026 00:00:05 [ldlm_bl_05]
root       88233       2  31  0.0  0.0 I    Tue Jun 30 02:30:03 2026 00:00:04 [ldlm_bl_06]
root       88234       2  16  0.0  0.0 I    Tue Jun 30 02:30:03 2026 00:00:06 [ldlm_bl_07]
root       88235       2  17  0.0  0.0 I    Tue Jun 30 02:30:03 2026 00:00:05 [ldlm_bl_08]
root       88236       2  16  0.0  0.0 I    Tue Jun 30 02:30:03 2026 00:00:05 [ldlm_bl_09]
root       88237       2  31  0.0  0.0 I    Tue Jun 30 02:30:03 2026 00:00:06 [ldlm_bl_10]
root       88238       2  31  0.0  0.0 I    Tue Jun 30 02:30:03 2026 00:00:04 [ldlm_bl_11]
root       88239       2  16  0.0  0.0 I    Tue Jun 30 02:30:03 2026 00:00:07 [ldlm_bl_12]
root       88240       2  31  0.0  0.0 I    Tue Jun 30 02:30:03 2026 00:00:11 [ldlm_bl_13]
root       88241       2  33  0.0  0.0 I    Tue Jun 30 02:30:03 2026 00:00:04 [ldlm_bl_14]
root       88242       2  16  0.0  0.0 I    Tue Jun 30 02:30:03 2026 00:00:05 [ldlm_bl_15]
root       88243       2  17  0.0  0.0 I    Tue Jun 30 02:30:03 2026 00:00:11 [ldlm_bl_16]
root       88244       2  21  0.0  0.0 I    Tue Jun 30 02:30:03 2026 00:00:08 [ldlm_bl_17]
root       88245       2  31  0.0  0.0 I    Tue Jun 30 02:30:03 2026 00:00:05 [ldlm_bl_18]
root       88246       2  12  0.0  0.0 I    Tue Jun 30 02:30:03 2026 00:00:04 [ldlm_bl_19]
root       88247       2  20  0.0  0.0 I    Tue Jun 30 02:30:03 2026 00:00:05 [ldlm_bl_20]
root       88248       2  31  0.0  0.0 I    Tue Jun 30 02:30:03 2026 00:00:07 [ldlm_bl_21]
root       88249       2  16  0.0  0.0 I    Tue Jun 30 02:30:03 2026 00:00:04 [ldlm_bl_22]
root       88250       2  17  0.0  0.0 I    Tue Jun 30 02:30:03 2026 00:00:05 [ldlm_bl_23]
root       88251       2  19  0.0  0.0 I    Tue Jun 30 02:30:03 2026 00:00:03 [ldlm_bl_24]
root       88252       2  33  0.0  0.0 I    Tue Jun 30 02:30:03 2026 00:00:04 [ldlm_bl_25]
root       88253       2  19  0.0  0.0 I    Tue Jun 30 02:30:03 2026 00:00:06 [ldlm_bl_26]
root      296280       2  41  0.0  0.0 I    Wed Jul  1 11:45:57 2026 00:00:00 [ldlm_cb20_002]
root      296281       2  38  0.0  0.0 I    Wed Jul  1 11:45:57 2026 00:00:00 [ldlm_cb19_002]
root      296282       2   1  0.0  0.0 I    Wed Jul  1 11:45:57 2026 00:00:00 [ldlm_cb00_002]
root      296513       2  37  0.0  0.0 I    Wed Jul  1 11:48:41 2026 00:00:00 [ldlm_cb18_002]
root      299561       2  42  0.0  0.0 I    Wed Jul  1 12:32:56 2026 00:00:00 [ldlm_cb21_002]
root      299565       2  45  0.0  0.0 I    Wed Jul  1 12:33:00 2026 00:00:00 [ldlm_cb22_002]
root      435916       2   2  0.0  0.0 I    Thu Jul  2 18:32:28 2026 00:00:00 [ldlm_cb01_002]
root      951799       2  17  0.0  0.0 I    Sun Jul  5 18:16:05 2026 00:00:00 [ldlm_cb08_002]
root     1073461       2  31  0.0  0.0 I    Mon Jul  6 20:25:30 2026 00:00:02 [ldlm_bl_27]
root     1073462       2  19  0.0  0.0 I    Mon Jul  6 20:25:30 2026 00:00:03 [ldlm_bl_28]
root     1073463       2  12  0.0  0.0 I    Mon Jul  6 20:25:30 2026 00:00:02 [ldlm_bl_29]
root     1073464       2  17  0.0  0.0 I    Mon Jul  6 20:25:30 2026 00:00:04 [ldlm_bl_30]
root     1073465       2  19  0.0  0.0 I    Mon Jul  6 20:25:30 2026 00:00:02 [ldlm_bl_31]
root     1073466       2  33  0.0  0.0 I    Mon Jul  6 20:25:30 2026 00:00:02 [ldlm_bl_32]
root     1073467       2  16  0.0  0.0 I    Mon Jul  6 20:25:30 2026 00:00:02 [ldlm_bl_33]
root     1073468       2  19  0.0  0.0 I    Mon Jul  6 20:25:30 2026 00:00:03 [ldlm_bl_34]
root     1073469       2  31  0.0  0.0 I    Mon Jul  6 20:25:30 2026 00:00:02 [ldlm_bl_35]
root     1073470       2  31  0.0  0.0 I    Mon Jul  6 20:25:30 2026 00:00:02 [ldlm_bl_36]
root     1073471       2  31  0.0  0.0 I    Mon Jul  6 20:25:30 2026 00:00:02 [ldlm_bl_37]
root     1073472       2  31  0.0  0.0 I    Mon Jul  6 20:25:30 2026 00:00:03 [ldlm_bl_38]
root     1073473       2  19  0.0  0.0 I    Mon Jul  6 20:25:30 2026 00:00:02 [ldlm_bl_39]
root     1073474       2  16  0.0  0.0 I    Mon Jul  6 20:25:30 2026 00:00:02 [ldlm_bl_40]
root     1073475       2  16  0.0  0.0 I    Mon Jul  6 20:25:30 2026 00:00:05 [ldlm_bl_41]
root     1073476       2  19  0.0  0.0 I    Mon Jul  6 20:25:30 2026 00:00:02 [ldlm_bl_42]
root     1073477       2  33  0.0  0.0 I    Mon Jul  6 20:25:30 2026 00:00:02 [ldlm_bl_43]
root     1073478       2  19  0.0  0.0 I    Mon Jul  6 20:25:30 2026 00:00:02 [ldlm_bl_44]
root     1073479       2  18  0.0  0.0 I    Mon Jul  6 20:25:30 2026 00:00:01 [ldlm_bl_45]
root     1082605       2   6  0.0  0.0 I    Mon Jul  6 22:17:13 2026 00:00:00 [ldlm_cb03_002]
root     1082606       2   9  0.0  0.0 I    Mon Jul  6 22:17:13 2026 00:00:00 [ldlm_cb04_002]
root     1116645       1  16  0.0  0.0 Ssl  Tue Jul  7 05:54:58 2026 00:00:55 /snap/snapd/current/usr/lib/snapd/snapd
root     2640553       2  19  0.0  0.0 I    Wed Jul 15 02:43:22 2026 00:00:02 [kworker/19:1-events]
root     2656490       2  19  0.0  0.0 I    Wed Jul 15 03:17:21 2026 00:00:00 [kworker/19:0-rcu_par_gp]
root     2807167       1  12  0.0  0.0 Ssl  Thu Jul 16 11:50:50 2026 00:00:04 /usr/libexec/packagekitd
root     2826011       2  18  0.0  0.0 I    Thu Jul 16 15:41:24 2026 00:00:00 [kworker/18:0-cgroup_free]
root     2844423       2  41  0.0  0.0 I    Thu Jul 16 18:59:50 2026 00:00:01 [kworker/41:0-rcu_gp]
root     2878338       2   1  0.0  0.0 I    Thu Jul 16 22:01:50 2026 00:00:00 [kworker/1:0-events]
root     2880099       2  11  0.0  0.0 I    Thu Jul 16 22:17:49 2026 00:00:00 [kworker/11:0-xfs-conv/nvme0n1p4]
root     2899557       2  35  0.0  0.0 I    Fri Jul 17 02:33:31 2026 00:00:00 [ldlm_bl_46]
root     2899558       2  36  0.0  0.0 I    Fri Jul 17 02:33:31 2026 00:00:00 [ldlm_bl_47]
root     2899559       2  30  0.0  0.0 I    Fri Jul 17 02:33:31 2026 00:00:00 [ldlm_bl_48]
root     2899560       2  31  0.0  0.0 I    Fri Jul 17 02:33:31 2026 00:00:00 [ldlm_bl_49]
root     2899561       2  15  0.0  0.0 I    Fri Jul 17 02:33:31 2026 00:00:00 [ldlm_bl_50]
root     2899562       2  19  0.0  0.0 I    Fri Jul 17 02:33:31 2026 00:00:00 [ldlm_bl_51]
root     2899563       2  32  0.0  0.0 I    Fri Jul 17 02:33:31 2026 00:00:00 [ldlm_bl_52]
root     2899759       2  18  0.0  0.0 I    Fri Jul 17 02:34:08 2026 00:00:01 [kworker/18:2-events]
root     2904949       2   1  0.0  0.0 I    Fri Jul 17 03:25:00 2026 00:00:02 [kworker/1:1-mm_percpu_wq]
root     2906560       2  30  0.0  0.0 I    Fri Jul 17 03:30:07 2026 00:00:00 [kworker/30:1-mm_percpu_wq]
root     2940889       2   3  0.0  0.0 I    Fri Jul 17 10:55:15 2026 00:00:01 [kworker/3:1-mm_percpu_wq]
root     2942722       2  32  0.0  0.0 I    Fri Jul 17 11:06:09 2026 00:00:00 [kworker/32:0-rcu_gp]
root     2944239       2  28  0.0  0.0 I    Fri Jul 17 11:06:35 2026 00:00:01 [kworker/28:1-ib_cm]
root     2954194       2  25  0.0  0.0 I    Fri Jul 17 11:35:10 2026 00:00:00 [kworker/25:0-events]
root     2977502       2  29  0.0  0.0 I    Fri Jul 17 12:42:55 2026 00:00:00 [kworker/29:2-events]
root     2985036       2  26  0.0  0.0 I    Fri Jul 17 13:04:42 2026 00:00:00 [kworker/26:2-events]
root     3002589       2  12  0.0  0.0 I    Fri Jul 17 16:03:40 2026 00:00:01 [kworker/12:2-rcu_par_gp]
root     3008502       2  11  0.0  0.0 I    Fri Jul 17 16:03:45 2026 00:00:01 [kworker/11:3-mm_percpu_wq]
root     3008534       2  13  0.0  0.0 I    Fri Jul 17 16:03:45 2026 00:00:00 [kworker/13:2-rcu_par_gp]
root     3013799       2  33  0.0  0.0 I    Fri Jul 17 16:03:56 2026 00:00:01 [kworker/33:1-events]
root     3015176       2  32  0.0  0.0 I<   Fri Jul 17 16:04:51 2026 00:00:00 [kworker/u97:0-ib-comp-unb-wq]
root     3041580       2  40  0.0  0.0 I    Fri Jul 17 17:44:41 2026 00:00:00 [kworker/40:0-events]
root     3066769       2   9  0.0  0.0 I    Fri Jul 17 17:53:49 2026 00:00:00 [kworker/9:0-events]
root     3071048       2   4  0.0  0.0 I    Fri Jul 17 18:50:01 2026 00:00:01 [kworker/4:2-rcu_par_gp]
root     3074429       2  14  0.0  0.0 I    Fri Jul 17 19:34:59 2026 00:00:00 [kworker/14:2-rcu_par_gp]
root     3099561       2  16  0.0  0.0 I    Fri Jul 17 19:43:56 2026 00:00:03 [kworker/16:1-rcu_par_gp]
root     3108200       2  17  0.0  0.0 I    Fri Jul 17 21:30:03 2026 00:00:00 [kworker/17:1-events]
root     3114762       2  25  0.0  0.0 I    Fri Jul 17 23:00:03 2026 00:00:00 [kworker/25:1-cgroup_free]
root     3128830       2  39  0.0  0.0 I    Sat Jul 18 02:10:03 2026 00:00:00 [kworker/39:1-events]
root     3141243       2  34  0.0  0.0 I    Sat Jul 18 05:00:37 2026 00:00:00 [kworker/34:1-rcu_par_gp]
root     3145609       2  16  0.0  0.0 I    Sat Jul 18 06:00:03 2026 00:00:00 [kworker/16:0-rcu_par_gp]
root     3147056       2  39  0.0  0.0 I    Sat Jul 18 06:20:01 2026 00:00:00 [kworker/39:2-cgroup_free]
root     3149151       2  20  0.0  0.0 I    Sat Jul 18 06:46:52 2026 00:00:00 [kworker/20:2-rcu_par_gp]
root     3156712       2  20  0.0  0.0 I    Sat Jul 18 08:27:14 2026 00:00:00 [kworker/20:0-mm_percpu_wq]
root     3156729       2   9  0.0  0.0 I    Sat Jul 18 08:27:15 2026 00:00:00 [kworker/9:1-events]
root     3171656       2  21  0.0  0.0 I    Sat Jul 18 11:40:01 2026 00:00:00 [kworker/21:0-mm_percpu_wq]
root     3184065       2  10  0.0  0.0 I    Sat Jul 18 14:30:01 2026 00:00:00 [kworker/10:2-events]
root     3184066       2  27  0.0  0.0 I    Sat Jul 18 14:30:01 2026 00:00:00 [kworker/27:0-rcu_gp]
root     3199408       2  22  0.0  0.0 I    Sat Jul 18 18:00:01 2026 00:00:00 [kworker/22:0]
root     3202251       2  31  0.0  0.0 I    Sat Jul 18 18:37:36 2026 00:00:00 [kworker/31:0-events]
root     3202252       2  23  0.0  0.0 I    Sat Jul 18 18:37:36 2026 00:00:00 [kworker/23:2-events]
root     3203104       2  17  0.0  0.0 I    Sat Jul 18 18:46:38 2026 00:00:00 [kworker/17:0]
root     3203326       2  30  0.0  0.0 I    Sat Jul 18 18:46:40 2026 00:00:00 [kworker/30:0-events]
root     3207084       2  36  0.0  0.0 I    Sat Jul 18 19:01:00 2026 00:00:00 [kworker/36:1-events]
root     3210664       2  35  0.0  0.0 I    Sat Jul 18 19:50:01 2026 00:00:00 [kworker/35:1-rcu_gp]
root     3215061       2  34  0.0  0.0 I    Sat Jul 18 20:50:01 2026 00:00:00 [kworker/34:2-cgroup_release]
root     3216534       2  31  0.0  0.0 I    Sat Jul 18 21:10:01 2026 00:00:00 [kworker/31:2]
root     3219025       2  24  0.0  0.0 I    Sat Jul 18 21:44:11 2026 00:00:00 [kworker/24:0-mm_percpu_wq]
root     3219499       2  27  0.0  0.0 I    Sat Jul 18 21:46:25 2026 00:00:00 [kworker/27:2-events]
root     3219628       2  29  0.0  0.0 I    Sat Jul 18 21:46:28 2026 00:00:00 [kworker/29:1]
root     3219753       2   8  0.0  0.0 I    Sat Jul 18 21:46:32 2026 00:00:00 [kworker/8:1-rcu_par_gp]
root     3219754       2   7  0.0  0.0 I    Sat Jul 18 21:46:32 2026 00:00:00 [kworker/7:0-rcu_gp]
root     3224899       2  42  0.0  0.0 I    Sat Jul 18 21:56:53 2026 00:00:00 [kworker/42:0-events]
root     3225158       2   8  0.0  0.0 I    Sat Jul 18 21:56:59 2026 00:00:00 [kworker/8:2-events]
root     3225159       2   7  0.0  0.0 I    Sat Jul 18 21:56:59 2026 00:00:00 [kworker/7:1-mm_percpu_wq]
root     3227418       2  43  0.0  0.0 I    Sat Jul 18 21:57:35 2026 00:00:00 [kworker/43:2-rcu_par_gp]
root     3230397       2  46  0.0  0.0 I    Sat Jul 18 22:12:01 2026 00:00:00 [kworker/46:1-rcu_gp]
root     3230993       2   7  0.0  0.0 I    Sat Jul 18 22:20:06 2026 00:00:00 [kworker/u96:3-flush-259:1]
root     3231948       2  14  0.0  0.0 I    Sat Jul 18 22:31:57 2026 00:00:00 [kworker/14:0-rcu_par_gp]
root     3231949       2  42  0.0  0.0 I    Sat Jul 18 22:31:57 2026 00:00:00 [kworker/42:1-events]
root     3232502       2   2  0.0  0.0 I    Sat Jul 18 22:34:44 2026 00:00:00 [kworker/2:0-rcu_gp]
root     3232630       2  41  0.0  0.0 I    Sat Jul 18 22:34:48 2026 00:00:00 [kworker/41:1-events]
root     3233013       2  12  0.0  0.0 I    Sat Jul 18 22:35:23 2026 00:00:00 [kworker/12:0-mm_percpu_wq]
root     3233489       2  47  0.0  0.0 I    Sat Jul 18 22:39:17 2026 00:00:00 [kworker/47:2-md]
root     3233638       2  21  0.0  0.0 I    Sat Jul 18 22:39:22 2026 00:00:00 [kworker/21:1-events]
root     3233651       2  45  0.0  0.0 I    Sat Jul 18 22:39:22 2026 00:00:00 [kworker/45:0-mm_percpu_wq]
root     3233943       2  15  0.0  0.0 I    Sat Jul 18 22:39:33 2026 00:00:00 [kworker/15:0-rcu_gp]
root     3234297       2  23  0.0  0.0 I    Sat Jul 18 22:40:01 2026 00:00:00 [kworker/23:1-events]
root     3234329       2  22  0.0  0.0 I    Sat Jul 18 22:40:01 2026 00:00:00 [kworker/22:1-mm_percpu_wq]
root     3234438       2  26  0.0  0.0 I    Sat Jul 18 22:40:09 2026 00:00:00 [kworker/26:0-events]
root     3234487       2  44  0.0  0.0 I    Sat Jul 18 22:40:30 2026 00:00:00 [kworker/44:2-xfs-inodegc/md0]
root     3234824       2  46  0.0  0.0 I    Sat Jul 18 22:44:02 2026 00:00:00 [kworker/46:2-mm_percpu_wq]
root     3235107       2  28  0.0  0.0 I    Sat Jul 18 22:44:13 2026 00:00:00 [kworker/28:0-events]
root     3235161       2   5  0.0  0.0 I    Sat Jul 18 22:44:13 2026 00:00:00 [kworker/5:1-rcu_gp]
root     3235466       2  15  0.0  0.0 I    Sat Jul 18 22:44:47 2026 00:00:00 [kworker/15:1-events]
root     3236016       2  37  0.0  0.0 I    Sat Jul 18 22:47:07 2026 00:00:00 [kworker/37:2-events]
root     3236856       2  13  0.0  0.0 I    Sat Jul 18 22:50:54 2026 00:00:00 [kworker/13:0-rcu_gp]
root     3236995       2  35  0.0  0.0 I    Sat Jul 18 22:50:56 2026 00:00:00 [kworker/35:2-events]
root     3236998       2  32  0.0  0.0 I    Sat Jul 18 22:50:58 2026 00:00:00 [kworker/32:1-events]
root     3237069       2  36  0.0  0.0 I    Sat Jul 18 22:51:01 2026 00:00:00 [kworker/36:2-events]
root     3237114       2  33  0.0  0.0 I    Sat Jul 18 22:51:04 2026 00:00:00 [kworker/33:2]
root     3237261       2  37  0.0  0.0 I    Sat Jul 18 22:52:45 2026 00:00:00 [kworker/37:1]
root     3237689       2  43  0.0  0.0 I    Sat Jul 18 22:58:26 2026 00:00:00 [kworker/43:3-events]
root     3237905       2  44  0.0  0.0 I    Sat Jul 18 23:00:42 2026 00:00:00 [kworker/44:0-mm_percpu_wq]
root     3238058       2  47  0.0  0.0 I    Sat Jul 18 23:00:45 2026 00:00:00 [kworker/47:0-events]
root     3238300       2  40  0.0  0.0 I    Sat Jul 18 23:00:55 2026 00:00:00 [kworker/40:1]
root     3239087       2  45  0.0  0.0 I    Sat Jul 18 23:10:01 2026 00:00:00 [kworker/45:2-cgroup_free]
postfix  3240058    4028  34  0.0  0.0 S    Sat Jul 18 23:23:34 2026 00:00:00 pickup -l -t unix -u -c
root     3240983       2   0  0.0  0.0 I    Sat Jul 18 23:36:01 2026 00:00:01 [kworker/0:0-kacpi_notify]
root     3241358       2   4  0.0  0.0 I    Sat Jul 18 23:41:06 2026 00:00:00 [kworker/u96:5-events_power_efficient]
root     3241999       2  38  0.0  0.0 I    Sat Jul 18 23:50:01 2026 00:00:00 [kworker/38:0-cgroup_release]
root     3242757       2   7  0.0  0.0 I    Sun Jul 19 00:00:01 2026 00:00:00 [kworker/u96:4-xfs-cil/nvme0n1p5]
root     3242765       2   3  0.0  0.0 I    Sun Jul 19 00:00:01 2026 00:00:00 [kworker/3:0-xfs-conv/nvme0n1p4]
root     3243376       2   6  0.0  0.0 I    Sun Jul 19 00:08:03 2026 00:00:00 [kworker/6:0-mm_percpu_wq]
root     3243522       2   0  0.0  0.0 I    Sun Jul 19 00:10:01 2026 00:00:00 [kworker/0:1-rcu_par_gp]
root     3243763       2  38  0.0  0.0 I    Sun Jul 19 00:13:27 2026 00:00:00 [kworker/38:1-events]
root     3243900       2   2  0.0  0.0 I    Sun Jul 19 00:13:55 2026 00:00:00 [kworker/2:1-mm_percpu_wq]
root     3244082       2  24  0.0  0.0 I    Sun Jul 19 00:14:12 2026 00:00:00 [kworker/24:1-mm_percpu_wq]
root     3244508       2   4  0.0  0.0 I    Sun Jul 19 00:20:01 2026 00:00:00 [kworker/4:0-cgroup_free]
root     3244515       2   5  0.0  0.0 I    Sun Jul 19 00:20:01 2026 00:00:00 [kworker/5:0-rcu_par_gp]
root     3244663       2  10  0.0  0.0 I    Sun Jul 19 00:22:01 2026 00:00:00 [kworker/10:1]
root     3244934       2   7  0.0  0.0 I    Sun Jul 19 00:26:00 2026 00:00:00 [kworker/u96:0-flush-259:1]
root     3245180       2   6  0.0  0.0 I    Sun Jul 19 00:29:03 2026 00:00:00 [kworker/6:1-mm_percpu_wq]
root     3245253       2   3  0.0  0.0 I    Sun Jul 19 00:30:01 2026 00:00:00 [kworker/3:2]
root     3245254       2   4  0.0  0.0 I    Sun Jul 19 00:30:01 2026 00:00:00 [kworker/4:1-events]
root     3245259       2  12  0.0  0.0 I    Sun Jul 19 00:30:06 2026 00:00:00 [kworker/u96:1-flush-259:1]
root     3245549       2   6  0.0  0.0 I    Sun Jul 19 00:34:10 2026 00:00:00 [kworker/6:2-xfs-sync/nvme0n1p4]
root     3245621       2  12  0.0  0.0 I    Sun Jul 19 00:34:32 2026 00:00:00 [kworker/12:1-events]
root     3245623       2  46  0.0  0.0 I<   Sun Jul 19 00:34:32 2026 00:00:00 [xfs-buf/md0]
root     3245624       2  47  0.0  0.0 I<   Sun Jul 19 00:34:32 2026 00:00:00 [xfs-conv/md0]
root     3245625       2   1  0.0  0.0 I<   Sun Jul 19 00:34:32 2026 00:00:00 [xfs-reclaim/md0]
root     3245626       2   2  0.0  0.0 I<   Sun Jul 19 00:34:32 2026 00:00:00 [xfs-blockgc/md0]
root     3245627       2   3  0.0  0.0 I<   Sun Jul 19 00:34:32 2026 00:00:00 [xfs-inodegc/md0]
root     3245628       2   4  0.0  0.0 I<   Sun Jul 19 00:34:32 2026 00:00:00 [xfs-log/md0]
root     3245629       2   7  0.0  0.0 I<   Sun Jul 19 00:34:32 2026 00:00:00 [xfs-cil/md0]
root     3245630       2   8  0.0  0.0 S    Sun Jul 19 00:34:32 2026 00:00:00 [xfsaild/md0]
root     3245749       2  16  0.0  0.0 I    Sun Jul 19 00:34:35 2026 00:00:00 [kworker/16:2-usb_hub_wq]
root     3245750       2  14  0.0  0.0 I    Sun Jul 19 00:34:35 2026 00:00:00 [kworker/14:1-events]
root     3245753       2  20  0.0  0.0 I    Sun Jul 19 00:34:35 2026 00:00:00 [kworker/20:1]
root     3245755       2   1  0.0  0.0 S    Sun Jul 19 00:34:35 2026 00:00:00 [jbd2/pmem0-8]
root     3245756       2  45  0.0  0.0 I<   Sun Jul 19 00:34:35 2026 00:00:00 [ext4-rsv-conver]
root     3245762    2462   5  0.0  0.0 S    Sun Jul 19 00:34:35 2026 00:00:00 /opt/nec/nqsv/sbin/nqs_shpd -h nqsv -n 4
root     3245790       2  13  0.0  0.0 I    Sun Jul 19 00:34:36 2026 00:00:00 [kworker/13:1-events]
root     3245883       2   5  0.0  0.0 I    Sun Jul 19 00:34:38 2026 00:00:00 [kworker/5:2-events]
tanab    3245976 3245762   7  0.0  0.0 Ss   Sun Jul 19 00:34:39 2026 00:00:00 /opt/nec/nqsv/sbin/nqs_shpd -h nqsv -n 4
tanab    3245977 3245976   9  0.0  0.0 S    Sun Jul 19 00:34:39 2026 00:00:00 -bash
tanab    3245996 3245977  10  0.0  0.0 S    Sun Jul 19 00:34:39 2026 00:00:00 /bin/bash /var/opt/nec/nqsv/jsv/jobfile/0.867858.10/user_script
root     3246012       2  24  0.0  0.0 I    Sun Jul 19 00:34:40 2026 00:00:00 [kworker/24:2-events]
tanab    3246088 3245996  17  0.0  0.0 S    Sun Jul 19 00:34:41 2026 00:00:00 timeout 60 ps -eo user,pid,ppid,psr,pcpu,pmem,stat,lstart,time,args --sort=-pcpu
tanab    3246089 3246088  22  0.0  0.0 R    Sun Jul 19 00:34:42 2026 00:00:00 ps -eo user,pid,ppid,psr,pcpu,pmem,stat,lstart,time,args --sort=-pcpu
