2026-09-20T08:36:47+0900 series start
2026-09-20T08:36:47+0900 launch 01-A slot 1
2026-09-20T10:12:06+0900 01-A rc=0
2026-09-20T10:12:06+0900 launch 02-B slot 1
2026-09-20T11:01:06+0900 02-B rc=0
2026-09-20T11:05:35+0900 series start
2026-09-20T11:05:35+0900 launch 03-A slot 1
2026-09-20T11:34:52+0900 03-A rc=16
2026-09-20T11:34:52+0900 series stopped rc=16; parent classification required
2026-09-20T11:47:03+0900 series start
2026-09-20T11:47:03+0900 launch 04-A slot 1
2026-09-20T11:50:05+0900 04-A rc=16
2026-09-20T11:50:05+0900 series stopped rc=16; parent classification required
2026-09-20T11:51:07+0900 series start
2026-09-20T11:51:08+0900 launch 05-A slot 1
2026-09-20T12:06:52+0900 05-A rc=0
2026-09-20T12:06:53+0900 launch 06-B slot 1
2026-09-20T12:32:53+0900 06-B rc=0
2026-09-20T12:32:54+0900 launch 07-B slot 2
2026-09-20T12:52:33+0900 07-B rc=0
2026-09-20T12:52:34+0900 launch 08-A slot 2
2026-09-20T13:09:21+0900 08-A rc=0
2026-09-20T13:09:22+0900 launch 09-A slot 3
2026-09-20T13:37:41+0900 09-A rc=0
2026-09-20T13:37:43+0900 launch 10-B slot 3
2026-09-20T13:51:02+0900 10-B rc=0
2026-09-20T13:51:02+0900 series end
