#FLAGS_clocks_per_us:	2100
#FLAGS_epoch_time:	40
#FLAGS_extime:		1
#FLAGS_thread_num:	4
#FLAGS_ycsb_max_ope:	5
#FLAGS_ycsb_rmw:	1
#FLAGS_ycsb_rratio:	50
#FLAGS_ycsb_tuple_num:	50
#FLAGS_ycsb_zipf_skew:	0.9
#ShowOptParameters(): ADD_ANALYSIS 0: BACK_OFF 0: KEY_SIZE 8: MASSTREE_USE 1: NO_WAIT_LOCKING_IN_VALIDATION 1: PARTITION_TABLE 0: PROCEDURE_SORT 0: SLEEP_READ_PHASE 0: VAL_SIZE 4: WAL 0
actual_extime:	1
success_forwarding_:	0
abort_counts_:	382719
batch_abort_counts_:	0
commit_counts_:	480595
batch_commit_counts_:	0
maxrss:	23744 kB
abort_rate:	0.4433
batch_abort_rate:	-nan
latency[ns]:	8323.0163
throughput[tps]:	480595
