-- The CXX compiler identification is GNU 11.4.0
-- Detecting CXX compiler ABI info
-- Detecting CXX compiler ABI info - done
-- Check for working CXX compiler: /usr/bin/c++ - skipped
-- Detecting CXX compile features
-- Detecting CXX compile features - done
-- Looking for C++ include unistd.h
-- Looking for C++ include unistd.h - found
-- Looking for C++ include stdint.h
-- Looking for C++ include stdint.h - found
-- Looking for C++ include inttypes.h
-- Looking for C++ include inttypes.h - found
-- Looking for C++ include sys/types.h
-- Looking for C++ include sys/types.h - found
-- Looking for C++ include sys/stat.h
-- Looking for C++ include sys/stat.h - found
-- Looking for C++ include fnmatch.h
-- Looking for C++ include fnmatch.h - found
-- Looking for C++ include stddef.h
-- Looking for C++ include stddef.h - found
-- Check size of uint32_t
-- Check size of uint32_t - done
-- Looking for strtoll
-- Looking for strtoll - found
-- Looking for C++ include pthread.h
-- Looking for C++ include pthread.h - found
-- Performing Test CMAKE_HAVE_LIBC_PTHREAD
-- Performing Test CMAKE_HAVE_LIBC_PTHREAD - Success
-- Found Threads: TRUE  
-- Check size of pthread_rwlock_t
-- Check size of pthread_rwlock_t - done
-- Configuring done
-- Generating done
-- Build files have been written to: /scr/0_988521.nqsv-b10-backoff-grid-read-heavy/gflags-build
[ 12%] Building CXX object CMakeFiles/gflags_static.dir/src/gflags.cc.o
[ 25%] Building CXX object CMakeFiles/gflags_static.dir/src/gflags_reporting.cc.o
[ 37%] Building CXX object CMakeFiles/gflags_static.dir/src/gflags_completions.cc.o
[ 50%] Building CXX object CMakeFiles/gflags_nothreads_static.dir/src/gflags.cc.o
[ 62%] Building CXX object CMakeFiles/gflags_nothreads_static.dir/src/gflags_reporting.cc.o
[ 75%] Building CXX object CMakeFiles/gflags_nothreads_static.dir/src/gflags_completions.cc.o
[100%] Linking CXX static library lib/libgflags_nothreads.a
[100%] Linking CXX static library lib/libgflags.a
[100%] Built target gflags_static
[100%] Built target gflags_nothreads_static
-- Install configuration: "Release"
-- Installing: /scr/0_988521.nqsv-b10-backoff-grid-read-heavy/gflags-install/lib/libgflags.a
-- Installing: /scr/0_988521.nqsv-b10-backoff-grid-read-heavy/gflags-install/lib/libgflags_nothreads.a
-- Installing: /scr/0_988521.nqsv-b10-backoff-grid-read-heavy/gflags-install/include/gflags/gflags.h
-- Installing: /scr/0_988521.nqsv-b10-backoff-grid-read-heavy/gflags-install/include/gflags/gflags_declare.h
-- Installing: /scr/0_988521.nqsv-b10-backoff-grid-read-heavy/gflags-install/include/gflags/gflags_completions.h
-- Installing: /scr/0_988521.nqsv-b10-backoff-grid-read-heavy/gflags-install/include/gflags/gflags_gflags.h
-- Installing: /scr/0_988521.nqsv-b10-backoff-grid-read-heavy/gflags-install/lib/cmake/gflags/gflags-config.cmake
-- Installing: /scr/0_988521.nqsv-b10-backoff-grid-read-heavy/gflags-install/lib/cmake/gflags/gflags-config-version.cmake
-- Installing: /scr/0_988521.nqsv-b10-backoff-grid-read-heavy/gflags-install/lib/cmake/gflags/gflags-targets.cmake
-- Installing: /scr/0_988521.nqsv-b10-backoff-grid-read-heavy/gflags-install/lib/cmake/gflags/gflags-targets-release.cmake
-- Installing: /scr/0_988521.nqsv-b10-backoff-grid-read-heavy/gflags-install/lib/cmake/gflags/gflags-nonamespace-targets.cmake
-- Installing: /scr/0_988521.nqsv-b10-backoff-grid-read-heavy/gflags-install/lib/cmake/gflags/gflags-nonamespace-targets-release.cmake
-- Installing: /scr/0_988521.nqsv-b10-backoff-grid-read-heavy/gflags-install/bin/gflags_completions.sh
-- Installing: /scr/0_988521.nqsv-b10-backoff-grid-read-heavy/gflags-install/lib/pkgconfig/gflags.pc
-- The CXX compiler identification is GNU 11.4.0
-- Detecting CXX compiler ABI info
-- Detecting CXX compiler ABI info - done
-- Check for working CXX compiler: /usr/bin/c++ - skipped
-- Detecting CXX compile features
-- Detecting CXX compile features - done
-- Looking for gflags namespace
-- Looking for gflags namespace - gflags
-- Looking for C++ include pthread.h
-- Looking for C++ include pthread.h - found
-- Performing Test CMAKE_HAVE_LIBC_PTHREAD
-- Performing Test CMAKE_HAVE_LIBC_PTHREAD - Success
-- Found Threads: TRUE  
-- Looking for C++ include dlfcn.h
-- Looking for C++ include dlfcn.h - found
-- Looking for C++ include execinfo.h
-- Looking for C++ include execinfo.h - found
-- Looking for C++ include glob.h
-- Looking for C++ include glob.h - found
-- Looking for C++ include inttypes.h
-- Looking for C++ include inttypes.h - found
-- Looking for C++ include memory.h
-- Looking for C++ include memory.h - found
-- Looking for C++ include pwd.h
-- Looking for C++ include pwd.h - found
-- Looking for C++ include stdint.h
-- Looking for C++ include stdint.h - found
-- Looking for C++ include strings.h
-- Looking for C++ include strings.h - found
-- Looking for C++ include sys/stat.h
-- Looking for C++ include sys/stat.h - found
-- Looking for C++ include sys/syscall.h
-- Looking for C++ include sys/syscall.h - found
-- Looking for C++ include sys/time.h
-- Looking for C++ include sys/time.h - found
-- Looking for C++ include sys/types.h
-- Looking for C++ include sys/types.h - found
-- Looking for C++ include sys/utsname.h
-- Looking for C++ include sys/utsname.h - found
-- Looking for C++ include sys/wait.h
-- Looking for C++ include sys/wait.h - found
-- Looking for C++ include syscall.h
-- Looking for C++ include syscall.h - found
-- Looking for C++ include syslog.h
-- Looking for C++ include syslog.h - found
-- Looking for C++ include ucontext.h
-- Looking for C++ include ucontext.h - found
-- Looking for C++ include unistd.h
-- Looking for C++ include unistd.h - found
-- Looking for C++ include ext/hash_map
-- Looking for C++ include ext/hash_map - found
-- Looking for C++ include ext/hash_set
-- Looking for C++ include ext/hash_set - found
-- Looking for C++ include ext/slist
-- Looking for C++ include ext/slist - found
-- Looking for C++ include tr1/unordered_map
-- Looking for C++ include tr1/unordered_map - found
-- Looking for C++ include tr1/unordered_set
-- Looking for C++ include tr1/unordered_set - found
-- Looking for C++ include unordered_map
-- Looking for C++ include unordered_map - found
-- Looking for C++ include unordered_set
-- Looking for C++ include unordered_set - found
-- Looking for C++ include stddef.h
-- Looking for C++ include stddef.h - found
-- Check size of unsigned __int16
-- Check size of unsigned __int16 - failed
-- Check size of u_int16_t
-- Check size of u_int16_t - done
-- Check size of uint16_t
-- Check size of uint16_t - done
-- Looking for dladdr
-- Looking for dladdr - found
-- Looking for fcntl
-- Looking for fcntl - found
-- Looking for pread
-- Looking for pread - found
-- Looking for pwrite
-- Looking for pwrite - found
-- Looking for sigaction
-- Looking for sigaction - found
-- Looking for sigaltstack
-- Looking for sigaltstack - found
-- Performing Test HAVE_NO_DEPRECATED
-- Performing Test HAVE_NO_DEPRECATED - Success
-- Performing Test HAVE_NO_UNNAMED_TYPE_TEMPLATE_ARGS
-- Performing Test HAVE_NO_UNNAMED_TYPE_TEMPLATE_ARGS - Failed
-- Looking for snprintf
-- Looking for snprintf - found
-- Looking for UnDecorateSymbolName in dbghelp
-- Looking for UnDecorateSymbolName in dbghelp - not found
-- Performing Test HAVE___ATTRIBUTE__
-- Performing Test HAVE___ATTRIBUTE__ - Success
-- Performing Test HAVE___ATTRIBUTE__VISIBILITY_DEFAULT
-- Performing Test HAVE___ATTRIBUTE__VISIBILITY_DEFAULT - Success
-- Performing Test HAVE___ATTRIBUTE__VISIBILITY_HIDDEN
-- Performing Test HAVE___ATTRIBUTE__VISIBILITY_HIDDEN - Success
-- Performing Test HAVE___BUILTIN_EXPECT
-- Performing Test HAVE___BUILTIN_EXPECT - Success
-- Performing Test HAVE___SYNC_VAL_COMPARE_AND_SWAP
-- Performing Test HAVE___SYNC_VAL_COMPARE_AND_SWAP - Success
-- Performing Test HAVE_RWLOCK
-- Performing Test HAVE_RWLOCK - Success
-- Performing Test HAVE___DECLSPEC
-- Performing Test HAVE___DECLSPEC - Failed
-- Performing Test STL_NO_NAMESPACE
-- Performing Test STL_NO_NAMESPACE - Failed
-- Performing Test STL_STD_NAMESPACE
-- Performing Test STL_STD_NAMESPACE - Success
-- Performing Test HAVE_USING_OPERATOR
-- Performing Test HAVE_USING_OPERATOR - Success
-- Performing Test HAVE_NAMESPACES
-- Performing Test HAVE_NAMESPACES - Success
-- Performing Test HAVE_GCC_TLS
-- Performing Test HAVE_GCC_TLS - Success
-- Performing Test HAVE_MSVC_TLS
-- Performing Test HAVE_MSVC_TLS - Failed
-- Performing Test HAVE_CXX11_TLS
-- Performing Test HAVE_CXX11_TLS - Success
-- Performing Test HAVE_ALIGNED_STORAGE
-- Performing Test HAVE_ALIGNED_STORAGE - Success
-- Performing Test HAVE_CXX11_ATOMIC
-- Performing Test HAVE_CXX11_ATOMIC - Success
-- Performing Test HAVE_CXX11_NULLPTR_T
-- Performing Test HAVE_CXX11_NULLPTR_T - Success
-- Performing Test HAVE_LOCALTIME_R
-- Performing Test HAVE_LOCALTIME_R - Success
-- Performing Test COMPILER_HAS_HIDDEN_VISIBILITY
-- Performing Test COMPILER_HAS_HIDDEN_VISIBILITY - Success
-- Performing Test COMPILER_HAS_HIDDEN_INLINE_VISIBILITY
-- Performing Test COMPILER_HAS_HIDDEN_INLINE_VISIBILITY - Success
-- Performing Test COMPILER_HAS_DEPRECATED_ATTR
-- Performing Test COMPILER_HAS_DEPRECATED_ATTR - Success
-- Configuring done
-- Generating done
-- Build files have been written to: /scr/0_988521.nqsv-b10-backoff-grid-read-heavy/glog-build
[ 12%] Building CXX object CMakeFiles/glog.dir/src/demangle.cc.o
[ 37%] Building CXX object CMakeFiles/glog.dir/src/logging.cc.o
[ 37%] Building CXX object CMakeFiles/glog.dir/src/raw_logging.cc.o
[ 50%] Building CXX object CMakeFiles/glog.dir/src/symbolize.cc.o
[ 75%] Building CXX object CMakeFiles/glog.dir/src/vlog_is_on.cc.o
[ 75%] Building CXX object CMakeFiles/glog.dir/src/utilities.cc.o
[ 87%] Building CXX object CMakeFiles/glog.dir/src/signalhandler.cc.o
[100%] Linking CXX static library libglog.a
[100%] Built target glog
-- Install configuration: "Release"
-- Installing: /scr/0_988521.nqsv-b10-backoff-grid-read-heavy/glog-install/lib/libglog.a
-- Installing: /scr/0_988521.nqsv-b10-backoff-grid-read-heavy/glog-install/include/glog/export.h
-- Installing: /scr/0_988521.nqsv-b10-backoff-grid-read-heavy/glog-install/include/glog/logging.h
-- Installing: /scr/0_988521.nqsv-b10-backoff-grid-read-heavy/glog-install/include/glog/raw_logging.h
-- Installing: /scr/0_988521.nqsv-b10-backoff-grid-read-heavy/glog-install/include/glog/stl_logging.h
-- Installing: /scr/0_988521.nqsv-b10-backoff-grid-read-heavy/glog-install/include/glog/vlog_is_on.h
-- Installing: /scr/0_988521.nqsv-b10-backoff-grid-read-heavy/glog-install/include/glog/log_severity.h
-- Installing: /scr/0_988521.nqsv-b10-backoff-grid-read-heavy/glog-install/lib/pkgconfig/libglog.pc
-- Installing: /scr/0_988521.nqsv-b10-backoff-grid-read-heavy/glog-install/lib/cmake/glog/glog-modules.cmake
-- Installing: /scr/0_988521.nqsv-b10-backoff-grid-read-heavy/glog-install/lib/cmake/glog/glog-config.cmake
-- Installing: /scr/0_988521.nqsv-b10-backoff-grid-read-heavy/glog-install/lib/cmake/glog/glog-config-version.cmake
-- Installing: /scr/0_988521.nqsv-b10-backoff-grid-read-heavy/glog-install/lib/cmake/glog/glog-targets.cmake
-- Installing: /scr/0_988521.nqsv-b10-backoff-grid-read-heavy/glog-install/lib/cmake/glog/glog-targets-release.cmake

=== T-2266 static tail workload=read-heavy seed=11600021 order=['fixed-300us', 'adaptive', 'fixed-750us', 'fixed-200us', 'fixed-150us', 'fixed-500us', 'fixed-1000us', 'none'] ===
[campaign] t2266-backoff-static-tail-v2-silo-read-heavy-sweep-8c0d1b59  (/work/1/SFC/tanab/b10-backoff-grid-t2266-formal/b10-backoff-grid-20260909T135503Z-1669897-read-heavy/campaigns/t2266-backoff-static-tail-v2-silo-read-heavy-sweep-8c0d1b59)
[campaign] evaluate silo|BACKOFF_FIXED=300,BACK_OFF=1,NO_WAIT_LOCKING_IN_VALIDATION=1,NO_WAIT_OF_TICTOC=0,WAL=0
  [eval 84fd8103548e] built trace=515254f5bec3239f(cache) perf=f9403ed995238108(cache)
  [eval 84fd8103548e] verify[legacy]: serializable (287073 commits, 9318 aborts, 0 anomalies)
  [eval 84fd8103548e] bench: median 2,871,251 tps (CV 0.11%)
[campaign] evaluate silo|BACKOFF_FIXED=-1,BACK_OFF=1,NO_WAIT_LOCKING_IN_VALIDATION=1,NO_WAIT_OF_TICTOC=0,WAL=0
  [eval 602b4ce9c788] built trace=55887f5862a34771(cache) perf=d07858f4426f282f(cache)
  [eval 602b4ce9c788] verify[legacy]: serializable (278329 commits, 8347 aborts, 0 anomalies)
  [eval 602b4ce9c788] bench: median 2,320,929 tps (CV 0.71%)
[campaign] evaluate silo|BACKOFF_FIXED=750,BACK_OFF=1,NO_WAIT_LOCKING_IN_VALIDATION=1,NO_WAIT_OF_TICTOC=0,WAL=0
  [eval 88cdd4eb8fd1] built trace=4afc10972156e42d(cache) perf=dfbc772d63c1e181(cache)
  [eval 88cdd4eb8fd1] verify[legacy]: serializable (270685 commits, 3886 aborts, 0 anomalies)
  [eval 88cdd4eb8fd1] bench: median 1,930,545 tps (CV 0.17%)
[campaign] evaluate silo|BACKOFF_FIXED=200,BACK_OFF=1,NO_WAIT_LOCKING_IN_VALIDATION=1,NO_WAIT_OF_TICTOC=0,WAL=0
  [eval 41b2740a435a] built trace=c7ead272fa2fcbfd(cache) perf=282b12489144329f(cache)
  [eval 41b2740a435a] verify[legacy]: serializable (302178 commits, 13572 aborts, 0 anomalies)
  [eval 41b2740a435a] bench: median 3,395,173 tps (CV 0.24%)
[campaign] evaluate silo|BACKOFF_FIXED=150,BACK_OFF=1,NO_WAIT_LOCKING_IN_VALIDATION=1,NO_WAIT_OF_TICTOC=0,WAL=0
  [eval a330765578fc] built trace=a85642a88881f2af(cache) perf=0279f2063fdf90a6(cache)
  [eval a330765578fc] verify[legacy]: serializable (312829 commits, 17540 aborts, 0 anomalies)
  [eval a330765578fc] bench: median 3,809,664 tps (CV 0.10%)
[campaign] evaluate silo|BACKOFF_FIXED=500,BACK_OFF=1,NO_WAIT_LOCKING_IN_VALIDATION=1,NO_WAIT_OF_TICTOC=0,WAL=0
  [eval 8ae7e7b94511] built trace=c49fadbdf3ef4d4c(cache) perf=dcb0bef048ca8ee7(cache)
  [eval 8ae7e7b94511] verify[legacy]: serializable (275100 commits, 5749 aborts, 0 anomalies)
  [eval 8ae7e7b94511] bench: median 2,304,778 tps (CV 0.04%)
[campaign] evaluate silo|BACKOFF_FIXED=3000,BACK_OFF=1,NO_WAIT_LOCKING_IN_VALIDATION=1,NO_WAIT_OF_TICTOC=0,WAL=0
  [eval d5258dac8122] built trace=bd7318c25be79f17(cache) perf=2d250301d909b3dd(cache)
  [eval d5258dac8122] verify[legacy]: serializable (269848 commits, 2934 aborts, 0 anomalies)
  [eval d5258dac8122] bench: median 1,699,329 tps (CV 0.22%)
[campaign] evaluate silo|BACKOFF_FIXED=-1,BACK_OFF=0,NO_WAIT_LOCKING_IN_VALIDATION=1,NO_WAIT_OF_TICTOC=0,WAL=0
  [eval 84319b1127a6] built trace=20014eb9db7aaf2f(cache) perf=3fdf2d92e1100ac5(cache)
  [eval 84319b1127a6] verify[legacy]: serializable (634574 commits, 248015 aborts, 0 anomalies)
  [eval 84319b1127a6] bench: median 10,235,821 tps (CV 1.27%)
[campaign] done: 8 committed / 0 aborted / 0 skipped (of 8)
read-heavy: t2266-backoff-static-tail-v2-silo-read-heavy-sweep-8c0d1b59 committed=8 aborted=0
