CMake Warning:
  Manually-specified variables were not used by the project:

    CMAKE_C_COMPILER


CMake Warning:
  Manually-specified variables were not used by the project:

    CMAKE_C_COMPILER



============================================================
Request ID:             10761.nqsv
Request Name:           izs4loop
Queue:                  gen_S@nqsv
Number of Jobs:         1
User Name:              tanab
Group Name:             SFC
Created Request Time:   Sat Sep 19 22:19:56 2026
Started Request Time:   Sat Sep 19 22:20:14 2026
Ended Request Time:     Sat Sep 19 22:21:19 2026
Resources Information:
  Elapse:               69S
  Remaining Elapse:     10731S
============================================================
