| 図 | 差 | 生成時刻 | 出力の path / sha256 | 再現 argv (出力 prefix) | 生成器の sha256 | 依存・検査器の sha256 | 入力 file の sha256 | verifier 版の説明文 | 付帯 field の追加 |
|---|---|---|---|---|---|---|---|---|---|
| fig10_b7_fixed5_three_workload_regression | 7 | 1 | 3 | 3 | 0 | 0 | 0 | 0 | 0 |
| fig11_a6_certification_reject | 6 | 1 | 3 | 2 | 0 | 0 | 0 | 0 | 0 |
| fig12_k2_manual_loop_dataflow | 7 | 1 | 3 | 1 | 0 | 0 | 2 | 0 | 0 |
| fig13_b10_waiting_grid_forest | 7 | 1 | 3 | 3 | 0 | 0 | 0 | 0 | 0 |
| fig14_a1_balanced5_sized_attempt2 | 7 | 1 | 3 | 3 | 0 | 0 | 0 | 0 | 0 |
| fig15_mocc_witlight_four_arm | 8 | 1 | 3 | 3 | 1 | 0 | 0 | 0 | 0 |
| fig2b_backoff_sweep_3workload | 14 | 1 | 3 | 0 | 1 | 0 | 0 | 9 | 0 |
| fig2c_b10_extended_backoff | 8 | 1 | 3 | 0 | 0 | 1 | 0 | 3 | 0 |
| fig3b_arc_status_2026-09-20 | 7 | 1 | 3 | 2 | 1 | 0 | 0 | 0 | 0 |
| fig3c_arc_status_2026-09-21 | 5 | 1 | 3 | 1 | 0 | 0 | 0 | 0 | 0 |
| fig4_s1a_9pair_direct_comparison | 23 | 1 | 3 | 2 | 1 | 4 | 0 | 12 | 0 |
| fig5_a2_certification_reject | 7 | 1 | 3 | 2 | 1 | 0 | 0 | 0 | 0 |
| fig6_a2_certification_observed_positive | 8 | 1 | 3 | 2 | 1 | 0 | 0 | 0 | 1 |
| fig7_a2_builtin_backoff_onoff_reject | 7 | 1 | 3 | 2 | 1 | 0 | 0 | 0 | 0 |
| fig8_b10_static_tail_not_observed | 7 | 1 | 3 | 2 | 1 | 0 | 0 | 0 | 0 |
| fig8b_b10_static_tail_cohort2 | 6 | 1 | 3 | 2 | 0 | 0 | 0 | 0 | 0 |
| fig9_a1_balanced5_sized_attempt1 | 8 | 1 | 3 | 3 | 1 | 0 | 0 | 0 | 0 |
| 計 | 142 | 17 | 51 | 33 | 9 | 5 | 2 | 24 | 1 |
unclassified=0
