14:37:06 gate leaders=2 self=0 load1=9.72 load5=14.46 pigz=0 streak=0
14:39:18 gate leaders=2 self=0 load1=10.04 load5=14.05 pigz=0 streak=0
14:41:37 gate leaders=2 self=0 load1=8.18 load5=12.10 pigz=0 streak=0
14:43:48 gate leaders=2 self=0 load1=7.47 load5=10.38 pigz=0 streak=0
14:45:29 gate leaders=1 self=0 load1=7.16 load5=9.43 pigz=0 streak=1
14:47:15 gate leaders=1 self=0 load1=20.50 load5=13.99 pigz=0 streak=2
14:47:27 recount leaders=1 self=0
14:47:27 GO run=01 arm=A slot=1 attempt=1
15:11:45 run=01 arm=A rc=0 "classification":"child-green"
{"run": "01", "condition": "A", "tip_sha": "a465c29c201e4a7d008c32d1294365e4c20d9d3c", "tested_main": "4726b649390a71555e0f189e9cfed0746ca2d4f7", "rc": 0, "verdict": "child-green", "copy_ok": true}
15:11:45 gate leaders=1 self=0 load1=9.58 load5=10.76 pigz=0 streak=1
15:13:39 gate leaders=1 self=0 load1=11.62 load5=10.33 pigz=0 streak=2
15:14:13 recount leaders=0 self=0
15:14:13 GO run=02 arm=B slot=1 attempt=1
15:23:44 run=02 arm=B rc=0 "classification":"child-green"
{"run": "02", "condition": "B", "tip_sha": "a4c30d6c6333ccc622b4f7c479d7bb9eb32588aa", "tested_main": "4fe49200e11726e27defbeae843e72cf79ffdab3", "rc": 0, "verdict": "child-green", "copy_ok": true}
15:23:44 gate leaders=1 self=0 load1=11.35 load5=12.73 pigz=0 streak=1
15:25:29 gate leaders=1 self=0 load1=6.63 load5=10.77 pigz=0 streak=2
15:26:14 recount leaders=1 self=0
15:26:14 GO run=03 arm=B slot=2 attempt=1
15:26:41 run=03 arm=B rc=70 "classification":"claim-self-unverified"
15:27:41 gate leaders=2 self=0 load1=5.12 load5=8.56 pigz=0 streak=0
15:29:53 gate leaders=2 self=0 load1=15.85 load5=11.72 pigz=0 streak=0
15:31:55 gate leaders=2 self=0 load1=9.00 load5=11.18 pigz=0 streak=0
15:33:41 gate leaders=3 self=0 load1=6.36 load5=9.48 pigz=0 streak=0
15:35:35 gate leaders=3 self=0 load1=8.71 load5=8.98 pigz=0 streak=0
15:37:44 gate leaders=3 self=0 load1=9.64 load5=9.41 pigz=0 streak=0
15:39:57 gate leaders=2 self=0 load1=7.01 load5=8.61 pigz=0 streak=0
15:41:55 gate leaders=1 self=0 load1=7.62 load5=8.54 pigz=0 streak=1
15:43:36 gate leaders=1 self=0 load1=4.66 load5=7.39 pigz=0 streak=2
15:43:58 recount leaders=1 self=0
15:43:58 GO run=03 arm=B slot=2 attempt=2
16:07:31 run=03 arm=B rc=0 "classification":"child-green"
{"run": "03", "condition": "B", "tip_sha": "8cdd7bf54e821cfb9cef10303215da3b790e76eb", "tested_main": "c6bacf505e43e611a49d105b09f62dfe2af9427c", "rc": 0, "verdict": "child-green", "copy_ok": true}
16:07:32 gate leaders=0 self=0 load1=31.63 load5=49.14 pigz=0 streak=1
16:09:15 gate leaders=0 self=0 load1=80.70 load5=62.31 pigz=0 streak=0
16:11:27 gate leaders=0 self=0 load1=17.02 load5=45.11 pigz=0 streak=1
16:13:37 gate leaders=2 self=0 load1=33.49 load5=38.08 pigz=0 streak=0
16:15:26 gate leaders=2 self=0 load1=116.83 load5=62.57 pigz=0 streak=0
16:17:26 gate leaders=2 self=0 load1=140.79 load5=89.38 pigz=0 streak=0
16:19:45 gate leaders=2 self=0 load1=130.25 load5=105.39 pigz=0 streak=0
16:21:49 gate leaders=3 self=0 load1=161.98 load5=123.36 pigz=0 streak=0
16:23:32 gate leaders=3 self=0 load1=150.59 load5=129.97 pigz=0 streak=0
16:25:32 gate leaders=3 self=0 load1=155.24 load5=138.49 pigz=0 streak=0
16:27:34 gate leaders=2 self=0 load1=140.80 load5=138.29 pigz=0 streak=0
16:29:23 gate leaders=2 self=0 load1=65.01 load5=116.50 pigz=0 streak=0
16:31:43 gate leaders=1 self=0 load1=11.51 load5=74.85 pigz=0 streak=1
16:33:42 gate leaders=2 self=0 load1=20.15 load5=56.21 pigz=0 streak=0
16:35:47 gate leaders=2 self=0 load1=6.70 load5=38.76 pigz=0 streak=0
16:37:55 gate leaders=2 self=0 load1=4.27 load5=26.54 pigz=0 streak=0
16:39:58 gate leaders=1 self=0 load1=7.35 load5=19.85 pigz=0 streak=1
16:42:09 gate leaders=2 self=0 load1=12.49 load5=16.97 pigz=0 streak=0
16:43:53 gate leaders=1 self=0 load1=5.53 load5=13.39 pigz=0 streak=1
16:45:48 gate leaders=2 self=0 load1=8.94 load5=11.52 pigz=0 streak=0
16:47:45 gate leaders=2 self=0 load1=7.75 load5=10.40 pigz=0 streak=0
16:50:03 gate leaders=2 self=0 load1=4.34 load5=8.13 pigz=0 streak=0
16:51:53 gate leaders=2 self=0 load1=3.71 load5=6.83 pigz=0 streak=0
16:54:12 gate leaders=2 self=0 load1=2.67 load5=5.20 pigz=0 streak=0
16:56:08 gate leaders=2 self=0 load1=1.96 load5=4.16 pigz=0 streak=0
16:57:59 gate leaders=2 self=0 load1=1.89 load5=3.49 pigz=0 streak=0
17:00:16 gate leaders=2 self=0 load1=2.19 load5=2.94 pigz=0 streak=0
17:02:15 gate leaders=1 self=0 load1=2.25 load5=2.72 pigz=0 streak=1
17:04:30 gate leaders=1 self=0 load1=6.14 load5=3.93 pigz=0 streak=2
17:04:50 recount leaders=1 self=0
17:04:50 GO run=04 arm=A slot=2 attempt=1
17:06:18 run=04 arm=A rc=70 "classification":"postcheck"
17:07:18 gate leaders=1 self=0 load1=6.17 load5=5.34 pigz=0 streak=1
17:09:10 gate leaders=1 self=0 load1=3.67 load5=4.58 pigz=0 streak=2
17:09:42 recount leaders=1 self=0
17:09:42 GO run=04 arm=A slot=2 attempt=2
17:35:33 run=04 arm=A rc=0 "classification":"child-green"
{"run": "04", "condition": "A", "tip_sha": "5fb5a37f13237ace6334cd47e9cb7b8111fc47b8", "tested_main": "182cdb8d625b440726b5bfde5cddc741ddb237a1", "rc": 0, "verdict": "child-green", "copy_ok": true}
17:35:33 gate leaders=1 self=0 load1=3.46 load5=3.57 pigz=0 streak=1
17:37:42 gate leaders=1 self=0 load1=3.00 load5=3.34 pigz=0 streak=2
17:38:15 recount leaders=2 self=0
17:40:34 gate leaders=0 self=0 load1=4.50 load5=3.87 pigz=0 streak=1
17:42:48 gate leaders=0 self=0 load1=6.45 load5=4.84 pigz=0 streak=2
17:43:33 recount leaders=0 self=0
17:43:33 GO run=05 arm=A slot=3 attempt=1
17:54:45 run=05 arm=A rc=0 "classification":"child-green"
{"run": "05", "condition": "A", "tip_sha": "94368ff7539d863bdcb7b8dea540f65a18981cd3", "tested_main": "82d7206d60cd0ca12a9be7a363ae01475343943a", "rc": 0, "verdict": "child-green", "copy_ok": true}
17:54:46 gate leaders=0 self=0 load1=3.48 load5=3.73 pigz=0 streak=1
17:56:55 gate leaders=0 self=0 load1=3.20 load5=3.52 pigz=0 streak=2
17:57:08 recount leaders=0 self=0
17:57:08 GO run=06 arm=B slot=3 attempt=1
18:10:57 run=06 arm=B rc=0 "classification":"child-green"
{"run": "06", "condition": "B", "tip_sha": "cfb217cdb9b3eb9ddf6ce521cfac041ac5effc67", "tested_main": "fec4a818741e5464fffcd11e4b094c125dfe5280", "rc": 0, "verdict": "child-green", "copy_ok": true}
