CMake Warning:
  Manually-specified variables were not used by the project:

    CMAKE_C_COMPILER


CMake Warning:
  Manually-specified variables were not used by the project:

    CMAKE_C_COMPILER



============================================================
Request ID:             1216.nqsv
Request Name:           izs4loop
Queue:                  gen_S@nqsv
Number of Jobs:         1
User Name:              tanab
Group Name:             SFC
Created Request Time:   Wed Sep 16 15:57:02 2026
Started Request Time:   Wed Sep 16 15:57:09 2026
Ended Request Time:     Wed Sep 16 15:58:26 2026
Resources Information:
  Elapse:               82S
  Remaining Elapse:     10718S
============================================================
