IZANAGI_ACCEPTANCE_SHARD_ARTIFACTS_V1 {"session_root":"/work/1/SFC/tanab/.izanagi-acceptance-shards/39ca86fdd47af243d0814b0a2955f09c","shard_count":3}
collected 19126 items
FAILED orchestrator/tests/test_codex_reasoning_ab.py::test_agent_sandbox_binds_exclude_attempt_receipt_directory
FAILED orchestrator/tests/test_codex_reasoning_ab.py::test_attempt_four_is_rejected_before_launch
FAILED orchestrator/tests/test_codex_reasoning_ab.py::test_cleaned_snapshot_records_absent_commit_graph_and_keeps_closure
FAILED orchestrator/tests/test_codex_reasoning_ab.py::test_f3_4_prelaunch_exception_completes_pair_and_allows_next_generation
FAILED orchestrator/tests/test_codex_reasoning_ab.py::test_git_answer_object_reinjection_is_rejected
FAILED orchestrator/tests/test_codex_reasoning_ab.py::test_m1_snapshot_head_pin_is_independent
FAILED orchestrator/tests/test_codex_reasoning_ab.py::test_m2_production_golden_requires_both_routes
FAILED orchestrator/tests/test_codex_reasoning_ab.py::test_m3_focus_artifact_directions[NEG-focus2.md]
FAILED orchestrator/tests/test_codex_reasoning_ab.py::test_m3_focus_artifact_directions[POS-focus1.md]
FAILED orchestrator/tests/test_codex_reasoning_ab.py::test_m3_focus_artifact_directions[POS-focus2.md]
FAILED orchestrator/tests/test_codex_reasoning_ab.py::test_m3_ignored_extra_and_missing
FAILED orchestrator/tests/test_codex_reasoning_ab.py::test_m3_snapshot_mode_change
FAILED orchestrator/tests/test_codex_reasoning_ab.py::test_m3_symbolic_head_is_required
FAILED orchestrator/tests/test_codex_reasoning_ab.py::test_material_replay_rejects_task_manifest_exchange_at_digest_consumers
FAILED orchestrator/tests/test_codex_reasoning_ab.py::test_pos_neg_submodule_initialization_state_mismatch_is_rejected
FAILED orchestrator/tests/test_codex_reasoning_ab.py::test_prompt_replacement_count_zero_expected_and_excess[0]
FAILED orchestrator/tests/test_codex_reasoning_ab.py::test_prompt_replacement_count_zero_expected_and_excess[10]
FAILED orchestrator/tests/test_codex_reasoning_ab.py::test_prompt_replacement_count_zero_expected_and_excess[9]
FAILED orchestrator/tests/test_codex_reasoning_ab.py::test_real_rollout_collector_golden_is_source_bound
FAILED orchestrator/tests/test_codex_reasoning_ab.py::test_replay_forwards_only_successful_snapshot_evidence_to_adjudication
FAILED orchestrator/tests/test_codex_reasoning_ab.py::test_snapshot_submodule_object_store_is_recursive
FAILED orchestrator/tests/test_codex_reasoning_ab.py::test_stale_commit_graph_referencing_pruned_commit_is_rejected_and_manifested
FAILED orchestrator/tests/test_codex_reasoning_ab.py::test_supervisor_launches_pair_and_scrubs_git_environment
FAILED orchestrator/tests/test_codex_reasoning_ab.py::test_validate_schedule_legacy_different_arm_same_model_pair_remains_valid
FAILED orchestrator/tests/test_codex_reasoning_ab.py::test_verify_checks_pre_post_snapshot_for_every_shared_oracle_run
FAILED orchestrator/tests/test_codex_reasoning_ab.py::test_verify_replays_complete_fake_codex_experiment
21 error, 5 failed, 19033 passed, 67 skipped
IZANAGI_EFFECTIVE_SCHEDULER_V1 {"effective_scheduler":"loadgroup"}
IZANAGI_TASK_RUN_DIAGNOSTIC_V1 recording-unavailable:series-invalid
