IZANAGI_ACCEPTANCE_SHARD_ARTIFACTS_V1 {"session_root":"/work/1/SFC/tanab/.izanagi-acceptance-shards/3fe2355f1bdc7ce7ffeef29fc09e24a4","shard_count":3}
collected 24313 items
FAILED orchestrator/tests/test_s8b_oracle_n_pilot.py::test_r33_protocol_document_loads_from_repository
FAILED orchestrator/tests/test_s8c_preregistration_predicates.py::test_current_repository_c04_rejects_missing_started_trial_preflight
FAILED orchestrator/tests/test_s8c_preregistration_predicates.py::test_current_repository_gap_reason_snapshot_requires_cross_wave_review
FAILED orchestrator/tests/test_s8c_preregistration_predicates.py::test_current_repository_snapshot_exactly_matches_head
FAILED orchestrator/tests/test_s8c_preregistration_predicates.py::test_current_repository_snapshot_has_zero_satisfied_predicates
FAILED orchestrator/tests/test_s8c_preregistration_predicates.py::test_repository_candidate_uses_real_s8c_budget_module
FAILED orchestrator/tests/test_t1259_qsub_env_delivery_probe.py::test_job_start_requires_manifest_head_detached_and_clean_repository[detached-False]
FAILED orchestrator/tests/test_t1259_qsub_env_delivery_probe.py::test_job_start_requires_manifest_head_detached_and_clean_repository[head-0000000000000000000000000000000000000000]
FAILED orchestrator/tests/test_t1259_qsub_env_delivery_probe.py::test_job_start_requires_manifest_head_detached_and_clean_repository[untracked_paths-bad_value3]
FAILED orchestrator/tests/test_t1259_qsub_env_delivery_probe.py::test_missing_r1_explicit_value_cannot_be_green[IZANAGI_CONFIRM_OFFICIAL_FLOOR_RUN]
FAILED orchestrator/tests/test_t1259_qsub_env_delivery_probe.py::test_pbs_contract_runs_observer_through_single_result_call_block
FAILED orchestrator/tests/test_t1259_qsub_env_delivery_probe.py::test_pbs_early_ulimit_failure_emits_one_prefixed_result
FAILED orchestrator/tests/test_t1259_qsub_env_delivery_probe.py::test_pbs_replaces_invalid_observer_stdout_with_one_fallback[two-prefixed-lines]
FAILED orchestrator/tests/test_t1259_qsub_env_delivery_probe.py::test_r1_manifest_rejects_approval_that_does_not_equal_nonce
FAILED orchestrator/tests/test_t1259_qsub_env_delivery_probe.py::test_r2_driver_argv_with_extra_tail_is_rejected_by_exact_contract
FAILED orchestrator/tests/test_t1259_qsub_env_delivery_probe.py::test_r2_refusal_rejects_any_driver_argv_mutation[approval-flag]
FAILED orchestrator/tests/test_t1259_qsub_env_delivery_probe.py::test_r2_refusal_rejects_any_driver_argv_mutation[wrong-mode]
FAILED orchestrator/tests/test_t1259_qsub_env_delivery_probe.py::test_r2_timeout_is_not_accepted_as_refusal
FAILED orchestrator/tests/test_t1259_qsub_env_delivery_probe.py::test_r3_manifest_rejects_nonliteral_ambient_approval
FAILED orchestrator/tests/test_t1259_qsub_env_delivery_probe.py::test_request_receipt_binds_qstat_body_visibility[visible-immediate-staging]
FAILED orchestrator/tests/test_t1259_qsub_env_delivery_probe.py::test_submission_source_digests_are_bound_to_runtime_bytes[executing-pbs-bytes]
FAILED orchestrator/tests/test_t1259_qsub_env_delivery_probe.py::test_submission_source_digests_are_bound_to_runtime_bytes[repo-pbs-bytes]
FAILED orchestrator/tests/test_t1259_qsub_env_delivery_probe.py::test_submitter_preflight_parses_gen_s_semantic_state[enabled]
FAILED orchestrator/tests/test_t1259_qsub_env_delivery_probe.py::test_submitter_text_is_outside_execution_inventory
23 error, 1 failed, 24222 passed, 67 skipped
IZANAGI_EFFECTIVE_SCHEDULER_V1 {"effective_scheduler":"loadgroup"}
IZANAGI_TASK_RUN_DIAGNOSTIC_V1 recording-unavailable:series-invalid
