CMake Warning:
  Manually-specified variables were not used by the project:

    CMAKE_C_COMPILER


CMake Warning:
  Manually-specified variables were not used by the project:

    CMAKE_C_COMPILER



============================================================
Request ID:             16269.nqsv
Request Name:           izs4loop
Queue:                  gen_S@nqsv
Number of Jobs:         1
User Name:              tanab
Group Name:             SFC
Created Request Time:   Tue Sep 22 09:18:06 2026
Started Request Time:   Tue Sep 22 09:24:41 2026
Ended Request Time:     Tue Sep 22 09:26:16 2026
Resources Information:
  Elapse:               100S
  Remaining Elapse:     10700S
============================================================
