missing-root /ao-root/output/exploration/campaigns
missing-root /dev-wave-t2795-k2-pair/submit-tree-pair/output/exploration/campaigns
missing-root /m-rh-bo/output/exploration/campaigns
missing-root /output/exploration/campaigns
missing-root /submit-tree-pair2/output/exploration/campaigns
missing-root /submit-tree-r4/output/exploration/campaigns
missing-root /tmp/pytest-of-tanab/pytest-0/popen-gw21/test_fc07_accepts_float_times...mer/exploration/campaigns
missing-root /tmp/pytest-of-tanab/pytest-0/popen-gw21/test_fc07_rejects_duplicate_a...mer/exploration/campaigns
missing-root /tmp/pytest-of-tanab/pytest-0/popen-gw23/test_fc07_rejects_payload_onl...mer/exploration/campaigns
missing-root /tmp/pytest-of-tanab/pytest-0/popen-gw24/test_fc07_rejects_duplicate_a...mer/exploration/campaigns
missing-root /tmp/pytest-of-tanab/pytest-0/popen-gw26/test_fc07_rejects_commit_befo...mer/exploration/campaigns
missing-root /tmp/pytest-of-tanab/pytest-0/popen-gw26/test_fc07_rejects_duplicate_a...mer/exploration/campaigns
missing-root /tmp/pytest-of-tanab/pytest-0/popen-gw28/test_fc07_rejects_commit_befo...mer/exploration/campaigns
missing-root /tmp/pytest-of-tanab/pytest-0/popen-gw28/test_fc07_rejects_terminal_in...mer/exploration/campaigns
missing-root /tmp/pytest-of-tanab/pytest-0/popen-gw29/test_fc07_rejects_duplicate_a...mer/exploration/campaigns
missing-root /tmp/pytest-of-tanab/pytest-0/popen-gw29/test_fc07_rejects_payload_onl...mer/exploration/campaigns
missing-root /tmp/pytest-of-tanab/pytest-0/popen-gw29/test_fc07_rejects_terminal_in...mer/exploration/campaigns
missing-root /tmp/pytest-of-tanab/pytest-0/popen-gw30/test_fc07_rejects_duplicate_a...mer/exploration/campaigns
missing-root /tmp/pytest-of-tanab/pytest-0/popen-gw32/test_fc07_rejects_commit_befo...mer/exploration/campaigns
missing-root /tmp/pytest-of-tanab/pytest-0/popen-gw32/test_fc07_rejects_duplicate_a...mer/exploration/campaigns
missing-root /tmp/pytest-of-tanab/pytest-0/popen-gw34/test_fc07_rejects_terminal_in...mer/exploration/campaigns
missing-root /tmp/pytest-of-tanab/pytest-0/popen-gw38/test_fc07_rejects_terminal_in...mer/exploration/campaigns
missing-root /tmp/pytest-of-tanab/pytest-0/popen-gw38/test_fc07_rejects_terminal_mi...mer/exploration/campaigns
missing-root /tmp/pytest-of-tanab/pytest-0/popen-gw39/test_fc07_rejects_terminal_in...mer/exploration/campaigns
missing-root /tmp/pytest-of-tanab/pytest-0/popen-gw41/test_fc07_rejects_terminal_in...mer/exploration/campaigns
missing-root /tmp/pytest-of-tanab/pytest-0/popen-gw42/test_fc07_rejects_terminal_mi...mer/exploration/campaigns
missing-root /tmp/pytest-of-tanab/pytest-0/popen-gw44/test_fc07_rejects_terminal_ex...mer/exploration/campaigns
missing-root /tmp/pytest-of-tanab/pytest-0/popen-gw45/test_fc07_rejects_terminal_mi...mer/exploration/campaigns
missing-root /tmp/pytest-of-tanab/pytest-0/popen-gw46/test_fc07_rejects_commit_befo...mer/exploration/campaigns
missing-root /tmp/pytest-of-tanab/pytest-0/popen-gw46/test_fc07_rejects_terminal_in...mer/exploration/campaigns
missing-root /tmp/pytest-of-tanab/pytest-0/popen-gw46/test_fc07_rejects_terminal_mi...mer/exploration/campaigns
missing-root /tmp/pytest-of-tanab/pytest-0/popen-gw46/test_fc07_rejects_terminal_ro...mer/exploration/campaigns
missing-root /tmp/pytest-of-tanab/pytest-0/popen-gw47/test_fc07_accepts_float_times...mer/exploration/campaigns
missing-root /tmp/pytest-of-tanab/pytest-0/popen-gw47/test_fc07_rejects_commit_befo...mer/exploration/campaigns
missing-root /tmp/pytest-of-tanab/pytest-0/popen-gw47/test_fc07_rejects_terminal_in...mer/exploration/campaigns
missing-root /tmp/pytest-of-tanab/pytest-0/popen-gw47/test_fc07_rejects_terminal_mi...mer/exploration/campaigns
missing-root /tmp/pytest-of-tanab/pytest-0/popen-gw47/test_fc07_rejects_terminal_ro...mer/exploration/campaigns
missing-root /work/1/SFC/tanab/dev-wave-jobs/dev-wave-k2-loop-round3/submit-tree/output/exploration/campaigns
root=/work/1/SFC/tanab/dev-wave-jobs/dev-wave-paper-story-a1-balanced5-sized-20260913/measurement/attempt-0001/jobs/balanced/raw/campaign-output/exploration/campaigns loop_state=0 wal_colocated=0
root=/work/1/SFC/tanab/dev-wave-jobs/dev-wave-paper-story-a1-balanced5-sized-20260913/measurement/attempt-0001/jobs/read-heavy/raw/campaign-output/exploration/campaigns loop_state=0 wal_colocated=0
root=/work/1/SFC/tanab/dev-wave-jobs/dev-wave-paper-story-a1-balanced5-sized-20260913/measurement/attempt-0001/jobs/write-heavy/raw/campaign-output/exploration/campaigns loop_state=0 wal_colocated=0
root=/work/1/SFC/tanab/dev-wave-jobs/dev-wave-paper-story-a1-balanced5-sized-20260913/measurement/attempt-0002/jobs/balanced/raw/campaign-output/exploration/campaigns loop_state=0 wal_colocated=0
root=/work/1/SFC/tanab/dev-wave-jobs/dev-wave-paper-story-a1-balanced5-sized-20260913/measurement/attempt-0002/jobs/read-heavy/raw/campaign-output/exploration/campaigns loop_state=0 wal_colocated=0
root=/work/1/SFC/tanab/dev-wave-jobs/dev-wave-paper-story-a1-balanced5-sized-20260913/measurement/attempt-0002/jobs/write-heavy/raw/campaign-output/exploration/campaigns loop_state=0 wal_colocated=0
root=/work/1/SFC/tanab/dev-wave-jobs/dev-wave-t2795-k2-pair-resubmit/submit-tree-pair2/output/exploration/campaigns loop_state=1 wal_colocated=1
root=/work/1/SFC/tanab/dev-wave-jobs/dev-wave-t2795-k2-pair-resubmit/submit-tree-r4/output/exploration/campaigns loop_state=1 wal_colocated=1
root=/work/1/SFC/tanab/dev-wave-jobs/dev-wave-t2795-k2-pair/submit-tree-pair/output/exploration/campaigns loop_state=1 wal_colocated=1
root=/work/1/SFC/tanab/dev-wave-jobs/dev-wave-t2797-b5-contrast/submit-tree/output/exploration/campaigns loop_state=45 wal_colocated=45
root=/work/1/SFC/tanab/dev-wave-jobs/dev-wave-t2860-k2-round4-reflux/ao-root/output/exploration/campaigns loop_state=1 wal_colocated=1
root=/work/1/SFC/tanab/izanagi-exploration-t2182/exploration/campaigns loop_state=0 wal_colocated=0
root=/work/1/SFC/tanab/izanagi-exploration/t1112-0817c/exploration/campaigns loop_state=1 wal_colocated=1
root=/work/1/SFC/tanab/izanagi-exploration/t1112-0817e/exploration/campaigns loop_state=1 wal_colocated=1
root=/work/1/SFC/tanab/izanagi-exploration/t1112-0817h/exploration/campaigns loop_state=1 wal_colocated=1
root=/work/1/SFC/tanab/izanagi-exploration/t1112-0817i/exploration/campaigns loop_state=1 wal_colocated=1
root=/work/1/SFC/tanab/izanagi-exploration/t1112/exploration/campaigns loop_state=0 wal_colocated=0
TOTAL loop_state=53 wal_colocated=53
