date=2026-10-01 10:57:35 JST
wrapper_sha256=4674508a78aa88b87b9b5e73a2f420bbe267209dff62b0549610c76805398877
generator_sha256_before=f78da66d4666455dec4da843f51c2c3ea5e7b10fbac2e91ede3d680f480b795f
== control
generator_sha256=f78da66d4666455dec4da843f51c2c3ea5e7b10fbac2e91ede3d680f480b795f
validate_external_sources: passed; validate_repo_closure: passed
control artist_series: exact match
wrote /work/1/SFC/tanab/izanagi-measurements/t2853-r2-fig10-20261001/figure/control/fig10_control.png / .pdf / .provenance.json
control_rc=0
== r2
generator_sha256=f78da66d4666455dec4da843f51c2c3ea5e7b10fbac2e91ede3d680f480b795f
validate_external_sources: passed; validate_repo_closure: passed
wrote /work/1/SFC/tanab/izanagi-measurements/t2853-r2-fig10-20261001/figure/fig10_r2_b7_fixed5_three_workload.png / .pdf / .provenance.json
r2_rc=0
== table
generator_sha256=f78da66d4666455dec4da843f51c2c3ea5e7b10fbac2e91ede3d680f480b795f
table: separate original and R2 load_evidence checks passed
wrote /work/1/SFC/tanab/izanagi-measurements/t2853-r2-fig10-20261001/figure/fig10_comparison.md
table_rc=0
generator_sha256_after=f78da66d4666455dec4da843f51c2c3ea5e7b10fbac2e91ede3d680f480b795f
/work/1/SFC/tanab/izanagi-measurements/t2853-r2-fig10-20261001/figure:
合計 18
drwxr-xr-x 4 tanab SFC   4096 10月  1 10:57 .
drwxr-xr-x 6 tanab SFC   4096 10月  1 10:57 ..
drwxr-xr-x 2 tanab SFC   4096 10月  1 10:57 .mplconfig
drwxr-xr-x 3 tanab SFC   4096 10月  1 10:57 control
-rw-r--r-- 1 tanab SFC   8894 10月  1 10:57 fig10_comparison.md
-rw------- 1 tanab SFC  22644 10月  1 10:57 fig10_r2_b7_fixed5_three_workload.pdf
-rw------- 1 tanab SFC 144370 10月  1 10:57 fig10_r2_b7_fixed5_three_workload.png
-rw------- 1 tanab SFC  22884 10月  1 10:57 fig10_r2_b7_fixed5_three_workload.provenance.json

/work/1/SFC/tanab/izanagi-measurements/t2853-r2-fig10-20261001/figure/control:
合計 157
drwxr-xr-x 3 tanab SFC   4096 10月  1 10:57 .
drwxr-xr-x 4 tanab SFC   4096 10月  1 10:57 ..
drwxr-xr-x 2 tanab SFC   4096 10月  1 10:57 .mplconfig
-rw------- 1 tanab SFC  22636 10月  1 10:57 fig10_control.pdf
-rw------- 1 tanab SFC 143906 10月  1 10:57 fig10_control.png
-rw------- 1 tanab SFC  20169 10月  1 10:57 fig10_control.provenance.json
0f0a06e425ee152ec18cc9364cc1d234e057485f4bdb122353e844d2ac7b523e  /work/1/SFC/tanab/izanagi-measurements/t2853-r2-fig10-20261001/figure/fig10_comparison.md
398e29678bd4127fd498e80ce59b17d135d8aac1cbec8ba211cfe366f6dc06a9  /work/1/SFC/tanab/izanagi-measurements/t2853-r2-fig10-20261001/figure/fig10_r2_b7_fixed5_three_workload.pdf
b91335719138c2acedba2b1c691c0b0f9ab5b84eb818e3671d328d93b8ffa51e  /work/1/SFC/tanab/izanagi-measurements/t2853-r2-fig10-20261001/figure/fig10_r2_b7_fixed5_three_workload.png
83c67065af85d2a03b5d9f8100414bce7a07f2eac76204536f30cb5a4b96c33b  /work/1/SFC/tanab/izanagi-measurements/t2853-r2-fig10-20261001/figure/fig10_r2_b7_fixed5_three_workload.provenance.json
61da2a9804344e46b5e52d613406f5d4400daf8b1ecce7ff88123c1a339f23de  /work/1/SFC/tanab/izanagi-measurements/t2853-r2-fig10-20261001/figure/control/fig10_control.pdf
583e94f642a9892a66791b9e0dff5ed37bd7babedf3f4da644b1245af15d1d5d  /work/1/SFC/tanab/izanagi-measurements/t2853-r2-fig10-20261001/figure/control/fig10_control.png
8a7af68185e7c7d1e58f0396c33d305ad4cb0bebf2d29d6b66e3b99d619f6132  /work/1/SFC/tanab/izanagi-measurements/t2853-r2-fig10-20261001/figure/control/fig10_control.provenance.json
