# 2026-10-01 親が jq で WAL の stage・ts・payload.bench_wall_s だけを抽出 (生 WAL 全文は読んでいない)
## R2 3 workload の段の時刻 (JST、同時刻の重複行は件数で畳む)
      1 10:31:37.2 rr5 build_done 
      1 10:31:50.4 rr50 build_done 
      1 10:31:53.1 rr5 verify_done 
      1 10:31:57.7 rr95 build_done 
      1 10:32:06.0 rr50 verify_done 
      1 10:32:13.4 rr95 verify_done 
      1 10:33:20.0 rr5 verify_done 
      3 10:33:23.5 rr5 verify_done 
      1 10:33:23.6 rr5 verify_done 
      1 10:35:40.8 rr50 verify_done 
      4 10:35:45.8 rr50 verify_done 
      1 10:43:21.5 rr95 verify_done 
      2 10:43:27.4 rr95 verify_done 
      2 10:43:27.5 rr95 verify_done 
      1 10:43:44.3 rr5 bench_done bench_start=10:43:27
      1 10:44:01.2 rr50 bench_done bench_start=10:43:44
      1 10:44:05.5 rr5 build_done 
      1 10:44:18.0 rr95 bench_done bench_start=10:44:01
      1 10:44:18.7 rr5 verify_done 
      1 10:44:19.8 rr50 build_done 
      1 10:44:33.0 rr50 verify_done 
      1 10:44:35.9 rr95 build_done 
      1 10:44:50.3 rr95 verify_done 
      1 10:45:50.6 rr5 verify_done 
      4 10:45:52.4 rr5 verify_done 
      1 10:48:16.5 rr50 verify_done 
      4 10:48:16.7 rr50 verify_done 
      1 10:55:40.7 rr95 verify_done 
      3 10:55:44.5 rr95 verify_done 
      1 10:55:44.6 rr95 verify_done 
      1 10:56:01.4 rr5 bench_done bench_start=10:55:44
      1 10:56:18.2 rr50 bench_done bench_start=10:56:01
      1 10:56:35.1 rr95 bench_done bench_start=10:56:18
## 最後の verify_done から bench 開始 (bench_done.ts - bench_wall_s) までの空き (秒、cell 順)
b7f5-20260919a rr5 gap_s=[0,0]
b7f5-20260919a rr50 gap_s=[16.9,0]
b7f5-20260919a rr95 gap_s=[0,165.3]
b7f5-r2-20261001a rr5 gap_s=[603.9,592.2]
b7f5-r2-20261001a rr50 gap_s=[478.5,464.7]
b7f5-r2-20261001a rr95 gap_s=[33.8,33.7]
## bench_done の settled・rounds・bench_wall_s
{"d":"b7f5-20260919a","w":"rr5","settled":true,"rounds":1,"bench_wall_s":16.796728989982512}
{"d":"b7f5-20260919a","w":"rr5","settled":null,"rounds":1,"bench_wall_s":16.808366243029013}
{"d":"b7f5-20260919a","w":"rr50","settled":true,"rounds":1,"bench_wall_s":16.84624862599594}
{"d":"b7f5-20260919a","w":"rr50","settled":null,"rounds":1,"bench_wall_s":16.85678681799618}
{"d":"b7f5-20260919a","w":"rr95","settled":true,"rounds":1,"bench_wall_s":16.87694361899048}
{"d":"b7f5-20260919a","w":"rr95","settled":null,"rounds":1,"bench_wall_s":16.861347747035325}
{"d":"b7f5-r2-20261001a","w":"rr5","settled":true,"rounds":1,"bench_wall_s":16.81589706899831}
{"d":"b7f5-r2-20261001a","w":"rr5","settled":null,"rounds":1,"bench_wall_s":16.820250985008897}
{"d":"b7f5-r2-20261001a","w":"rr50","settled":true,"rounds":1,"bench_wall_s":16.887651025986997}
{"d":"b7f5-r2-20261001a","w":"rr50","settled":null,"rounds":1,"bench_wall_s":16.836550765990978}
{"d":"b7f5-r2-20261001a","w":"rr95","settled":true,"rounds":1,"bench_wall_s":16.837109643005533}
{"d":"b7f5-r2-20261001a","w":"rr95","settled":null,"rounds":1,"bench_wall_s":16.875702198012732}
