IZANAGI_ACCEPTANCE_SHARD_ARTIFACTS_V1 {"session_root":"/work/1/SFC/tanab/.izanagi-acceptance-shards/a4ded6951baf937c43d94745f399ce38","shard_count":3}
collected 25206 items
FAILED orchestrator/tests/test_t1259_qsub_env_delivery_probe.py::test_atomic_result_publish_is_create_only
FAILED orchestrator/tests/test_t1259_qsub_env_delivery_probe.py::test_job_start_requires_manifest_head_detached_and_clean_repository[detached-False]
FAILED orchestrator/tests/test_t1259_qsub_env_delivery_probe.py::test_job_start_requires_manifest_head_detached_and_clean_repository[untracked_paths-bad_value3]
FAILED orchestrator/tests/test_t1259_qsub_env_delivery_probe.py::test_main_emits_one_prefixed_stdout_line_and_auxiliary_result
FAILED orchestrator/tests/test_t1259_qsub_env_delivery_probe.py::test_missing_r1_explicit_value_cannot_be_green[IZANAGI_FLOOR_JOB_EVIDENCE_ROOT]
FAILED orchestrator/tests/test_t1259_qsub_env_delivery_probe.py::test_pbs_preserves_one_valid_negative_observer_result
FAILED orchestrator/tests/test_t1259_qsub_env_delivery_probe.py::test_pbs_replaces_invalid_observer_stdout_with_one_fallback[no-output-nonzero]
FAILED orchestrator/tests/test_t1259_qsub_env_delivery_probe.py::test_pbs_replaces_invalid_observer_stdout_with_one_fallback[two-prefixed-lines]
FAILED orchestrator/tests/test_t1259_qsub_env_delivery_probe.py::test_pbs_replaces_invalid_observer_stdout_with_one_fallback[unparseable-json]
FAILED orchestrator/tests/test_t1259_qsub_env_delivery_probe.py::test_r1_manifest_rejects_approval_that_does_not_equal_nonce
FAILED orchestrator/tests/test_t1259_qsub_env_delivery_probe.py::test_r1_projection_follows_observed_approval_not_request_identity[approval-mismatch]
FAILED orchestrator/tests/test_t1259_qsub_env_delivery_probe.py::test_r2_binds_explicit_value_over_distinct_ambient_duplicate_and_runs_refusal
FAILED orchestrator/tests/test_t1259_qsub_env_delivery_probe.py::test_r3_manifest_rejects_nonliteral_ambient_approval
FAILED orchestrator/tests/test_t1259_qsub_env_delivery_probe.py::test_r3_records_only_the_observed_ambient_approval_condition[delivered-mismatching-literal]
FAILED orchestrator/tests/test_t1259_qsub_env_delivery_probe.py::test_r3_records_only_the_observed_ambient_approval_condition[not-delivered]
FAILED orchestrator/tests/test_t1259_qsub_env_delivery_probe.py::test_repo_unchanged_claim_compares_target_content_digests
FAILED orchestrator/tests/test_t1259_qsub_env_delivery_probe.py::test_repository_local_evidence_directory_is_rejected
FAILED orchestrator/tests/test_t1259_qsub_env_delivery_probe.py::test_request_receipt_binds_qstat_body_visibility[body-present-rc-failed]
FAILED orchestrator/tests/test_t1259_qsub_env_delivery_probe.py::test_request_receipt_binds_qstat_body_visibility[rc-zero-but-absent]
FAILED orchestrator/tests/test_t1259_qsub_env_delivery_probe.py::test_request_receipt_binds_qstat_body_visibility[visible-eight-char-name-queued]
FAILED orchestrator/tests/test_t1259_qsub_env_delivery_probe.py::test_request_receipt_binds_qstat_body_visibility[visible-immediate-staging]
FAILED orchestrator/tests/test_t1259_qsub_env_delivery_probe.py::test_request_receipt_rejects_wrong_owner_or_non_active_state[non-active-state]
FAILED orchestrator/tests/test_t1259_qsub_env_delivery_probe.py::test_request_receipt_rejects_wrong_owner_or_non_active_state[terminal-state]
FAILED orchestrator/tests/test_t1259_qsub_env_delivery_probe.py::test_submission_source_digests_are_bound_to_runtime_bytes[repo-pbs-bytes]
FAILED orchestrator/tests/test_t1259_qsub_env_delivery_probe.py::test_submitter_has_exact_three_request_design_and_create_only_witnesses
FAILED orchestrator/tests/test_t1259_qsub_env_delivery_probe.py::test_submitter_preflight_parses_gen_s_semantic_state[disabled]
FAILED orchestrator/tests/test_t1259_qsub_env_delivery_probe.py::test_submitter_preflight_parses_gen_s_semantic_state[enabled]
FAILED orchestrator/tests/test_t1259_qsub_env_delivery_probe.py::test_submitter_preflight_parses_gen_s_semantic_state[missing-gen-s]
28 error, 25109 passed, 69 skipped
IZANAGI_EFFECTIVE_SCHEDULER_V1 {"effective_scheduler":"loadgroup"}
IZANAGI_TASK_RUN_DIAGNOSTIC_V1 recording-unavailable:series-invalid
