警告: 受入形でない走行です。この結果を受入全走として扱わないでください。
bounded local に与えた予算: 4294967296 bytes。ログインノードで 4294967296 bytes の予算を予約しました（予約控除後の観測余裕=5046897816 bytes、算出予算=4294967296 bytes、現在使用量=13810962432 bytes、回収不能量=7838004072 bytes、判定占有量=7838004072 bytes、実効天井=15032385536 bytes、生存中の予約=0 bytes）。
bringing up nodes...
bringing up nodes...

[32m.[0m[32m.[0m[32m.[0m[32m.[0m[32m.[0m[32m.[0m[32m.[0m[32m.[0m[32m.[0m[32m.[0m[32m.[0m[32m.[0m[32m.[0m[32m.[0m[32m.[0m[32m.[0m[32m.[0m[32m.[0m[32m.[0m[32m.[0m[32m.[0m[32m.[0m[32m.[0m[32m.[0m[32m.[0m[32m.[0m[32m.[0m[32m.[0m[32m.[0m[32m.[0m[32m.[0m[32m.[0m[32m.[0m[32m.[0m[32m.[0m[32m.[0m[32m.[0m[32m.[0m[32m.[0m[32m.[0m[32m.[0m[32m.[0m[32m.[0m[32m.[0m[32m.[0m[32m.[0m[32m.[0m[32m.[0m[32m.[0m[32m.[0m[32m.[0m[32m.[0m[32m.[0m[32m.[0m[32m.[0m[32m.[0m[32m.[0m[32m.[0m[32m.[0m[32m.[0m[32m.[0m[32m.[0m[32m.[0m[32m.[0m[32m.[0m[32m.[0m[32m.[0m[32m.[0m[32m.[0m[32m.[0m[32m.[0m[32m.[0m[32m [ 19%]
[0m[32m.[0m[32m.[0m[32m.[0m[32m.[0m[32m.[0m[32m.[0m[32m.[0m[32m.[0m[32m.[0m[32m.[0m[32m.[0m[32m.[0m[32m.[0m[32m.[0m[32m.[0m[32m.[0m[32m.[0m[32m.[0m[32m.[0m[32m.[0m[32m.[0m[32m.[0m[32m.[0m[32m.[0m[32m.[0m[32m.[0m[32m.[0m[32m.[0m[32m.[0m[32m.[0m[32m.[0m[32m.[0m[32m.[0m[32m.[0m[32m.[0m[32m.[0m[32m.[0m[32m.[0m[32m.[0m[32m.[0m[32m.[0m[32m.[0m[32m.[0m[32m.[0m[32m.[0m[32m.[0m[32m.[0m[32m.[0m[32m.[0m[32m.[0m[32m.[0m[32m.[0m[32m.[0m[32m.[0m[32m.[0m[32m.[0m[32m.[0m[32m.[0m[32m.[0m[32m.[0m[32m.[0m[32m.[0m[32m.[0m[32m.[0m[32m.[0m[32m.[0m[32m.[0m[32m.[0m[32m.[0m[32m.[0m[32m.[0m[32m.[0m[32m [ 38%]
[0m[32m.[0m[32m.[0m[32m.[0m[32m.[0m[32m.[0m[32m.[0m[32m.[0m[32m.[0m[32m.[0m[32m.[0m[32m.[0m[32m.[0m[32m.[0m[32m.[0m[32m.[0m[32m.[0m[32m.[0m[32m.[0m[32m.[0m[32m.[0m[32m.[0m[32m.[0m[32m.[0m[32m.[0m[32m.[0m[32m.[0m[32m.[0m[32m.[0m[31mF[0m[31mF[0m[32m.[0m[32m.[0m[32m.[0m[32m.[0m[32m.[0m[32m.[0m[32m.[0m[32m.[0m[32m.[0m[32m.[0m[32m.[0m[32m.[0m[32m.[0m[32m.[0m[32m.[0m[32m.[0m[32m.[0m[32m.[0m[32m.[0m[32m.[0m[32m.[0m[32m.[0m[32m.[0m[32m.[0m[32m.[0m[32m.[0m[32m.[0m[32m.[0m[32m.[0m[32m.[0m[32m.[0m[32m.[0m[32m.[0m[32m.[0m[32m.[0m[32m.[0m[31mF[0m[32m.[0m[32m.[0m[32m.[0m[32m.[0m[32m.[0m[31m [ 57%]
[0m[32m.[0m[32m.[0m[32m.[0m[32m.[0m[32m.[0m[32m.[0m[32m.[0m[32m.[0m[32m.[0m[32m.[0m[32m.[0m[32m.[0m[32m.[0m[32m.[0m[32m.[0m[32m.[0m[32m.[0m[32m.[0m[32m.[0m[32m.[0m[32m.[0m[32m.[0m[32m.[0m[32m.[0m[32m.[0m[32m.[0m[32m.[0m[32m.[0m[32m.[0m[32m.[0m[32m.[0m[32m.[0m[32m.[0m[32m.[0m[32m.[0m[32m.[0m[32m.[0m[32m.[0m[32m.[0m[32m.[0m[32m.[0m[32m.[0m[32m.[0m[32m.[0m[32m.[0m[32m.[0m[32m.[0m[32m.[0m[32m.[0m[32m.[0m[32m.[0m[32m.[0m[32m.[0m[32m.[0m[32m.[0m[32m.[0m[32m.[0m[32m.[0m[32m.[0m[32m.[0m[32m.[0m[32m.[0m[32m.[0m[32m.[0m[32m.[0m[32m.[0m[32m.[0m[32m.[0m[32m.[0m[32m.[0m[32m.[0m[32m.[0m[31m [ 77%]
[0m[32m.[0m[32m.[0m[32m.[0m[32m.[0m[32m.[0m[32m.[0m[32m.[0m[32m.[0m[32m.[0m[32m.[0m[32m.[0m[32m.[0m[32m.[0m[32m.[0m[32m.[0m[32m.[0m[32m.[0m[32m.[0m[32m.[0m[32m.[0m[32m.[0m[32m.[0m[32m.[0m[32m.[0m[32m.[0m[32m.[0m[32m.[0m[32m.[0m[32m.[0m[32m.[0m[32m.[0m[32m.[0m[32m.[0m[32m.[0m[32m.[0m[32m.[0m[32m.[0m[32m.[0m[32m.[0m[32m.[0m[32m.[0m[32m.[0m[32m.[0m[32m.[0m[32m.[0m[32m.[0m[32m.[0m[32m.[0m[32m.[0m[32m.[0m[32m.[0m[32m.[0m[32m.[0m[32m.[0m[32m.[0m[32m.[0m[32m.[0m[32m.[0m[32m.[0m[32m.[0m[32m.[0m[32m.[0m[32m.[0m[32m.[0m[32m.[0m[32m.[0m[32m.[0m[32m.[0m[32m.[0m[32m.[0m[32m.[0m[32m.[0m[31m [ 96%]
[0m[32m.[0m[32m.[0m[32m.[0m[32m.[0m[32m.[0m[32m.[0m[32m.[0m[32m.[0m[32m.[0m[32m.[0m[32m.[0m[32m.[0m[32m.[0m[31m                                                            [100%][0m
=================================== FAILURES ===================================
[31m[1m________ test_history_candidates_walk_count[all_tip_matched_zero_walks] ________[0m
[gw30] linux -- Python 3.10.12 /usr/bin/python3

tmp_path = PosixPath('/tmp/pytest-of-tanab/pytest-1904/popen-gw30/test_history_candidates_walk_c0')
monkeypatch = <_pytest.monkeypatch.MonkeyPatch object at 0x7f8897f1e0e0>
case = 'all_tip_matched_zero_walks'

    [0m[37m@pytest[39;49;00m.mark.parametrize([33m"[39;49;00m[33mcase[39;49;00m[33m"[39;49;00m, [[33m"[39;49;00m[33mmulti_path_one_walk[39;49;00m[33m"[39;49;00m, [33m"[39;49;00m[33mall_tip_matched_zero_walks[39;49;00m[33m"[39;49;00m,[90m[39;49;00m
                                       [33m"[39;49;00m[33mtip_matched_hot_path_excluded[39;49;00m[33m"[39;49;00m])[90m[39;49;00m
    [94mdef[39;49;00m[90m [39;49;00m[92mtest_history_candidates_walk_count[39;49;00m(tmp_path, monkeypatch, case):[90m[39;49;00m
        repo = _init_repo(tmp_path)[90m[39;49;00m
        spool = [33m"[39;49;00m[33mdocs/spool/worklog/2026-08-25-topic-1.md[39;49;00m[33m"[39;49;00m[90m[39;49;00m
        _topic(repo)[90m[39;49;00m
        _write(repo, [33m"[39;49;00m[33mf[39;49;00m[33m"[39;49;00m, [33m"[39;49;00m[33mfirst[39;49;00m[33m\n[39;49;00m[33m"[39;49;00m)[90m[39;49;00m
        _commit(repo, [33m"[39;49;00m[33mfirst topic state[39;49;00m[33m"[39;49;00m)[90m[39;49;00m
        _write(repo, [33m"[39;49;00m[33mf[39;49;00m[33m"[39;49;00m, [33m"[39;49;00m[33msecond[39;49;00m[33m\n[39;49;00m[33m"[39;49;00m)[90m[39;49;00m
        _write(repo, [33m"[39;49;00m[33mg[39;49;00m[33m"[39;49;00m, [33m"[39;49;00m[33mwanted[39;49;00m[33m\n[39;49;00m[33m"[39;49;00m)[90m[39;49;00m
        _write(repo, spool, _fragment([33m"[39;49;00m[33mworklog[39;49;00m[33m"[39;49;00m, [33m"[39;49;00m[33mBody.[39;49;00m[33m"[39;49;00m))[90m[39;49;00m
        _commit(repo, [33m"[39;49;00m[33msecond topic states[39;49;00m[33m"[39;49;00m)[90m[39;49;00m
        _main(repo)[90m[39;49;00m
        _write(repo, [33m"[39;49;00m[33mf[39;49;00m[33m"[39;49;00m, [33m"[39;49;00m[33mfirst[39;49;00m[33m\n[39;49;00m[33m"[39;49;00m)[90m[39;49;00m
        _commit(repo, [33m"[39;49;00m[33mfirst main witness[39;49;00m[33m"[39;49;00m)[90m[39;49;00m
        _write(repo, [33m"[39;49;00m[33mf[39;49;00m[33m"[39;49;00m, [33m"[39;49;00m[33msecond[39;49;00m[33m\n[39;49;00m[33m"[39;49;00m)[90m[39;49;00m
        _write(repo, [33m"[39;49;00m[33mg[39;49;00m[33m"[39;49;00m, [33m"[39;49;00m[33mwanted[39;49;00m[33m\n[39;49;00m[33m"[39;49;00m)[90m[39;49;00m
        _write(repo, spool, _fragment([33m"[39;49;00m[33mworklog[39;49;00m[33m"[39;49;00m, [33m"[39;49;00m[33mBody.[39;49;00m[33m"[39;49;00m))[90m[39;49;00m
        _commit(repo, [33m"[39;49;00m[33msecond main witnesses[39;49;00m[33m"[39;49;00m)[90m[39;49;00m
        [94mif[39;49;00m case == [33m"[39;49;00m[33mall_tip_matched_zero_walks[39;49;00m[33m"[39;49;00m:[90m[39;49;00m
            [90m# Use a separate topic with only the states now at main tip.[39;49;00m[90m[39;49;00m
            _git(repo, [33m"[39;49;00m[33mbranch[39;49;00m[33m"[39;49;00m, [33m"[39;49;00m[33m-f[39;49;00m[33m"[39;49;00m, [33m"[39;49;00m[33mtopic[39;49;00m[33m"[39;49;00m, [33m"[39;49;00m[33mmain[39;49;00m[33m"[39;49;00m)[90m[39;49;00m
            _topic(repo, [33m"[39;49;00m[33mtip-topic[39;49;00m[33m"[39;49;00m)[90m[39;49;00m
            _write(repo, [33m"[39;49;00m[33mtip-only[39;49;00m[33m"[39;49;00m, [33m"[39;49;00m[33mtip[39;49;00m[33m\n[39;49;00m[33m"[39;49;00m)[90m[39;49;00m
            _commit(repo, [33m"[39;49;00m[33mtip topic[39;49;00m[33m"[39;49;00m)[90m[39;49;00m
            _main(repo)[90m[39;49;00m
            _write(repo, [33m"[39;49;00m[33mtip-only[39;49;00m[33m"[39;49;00m, [33m"[39;49;00m[33mtip[39;49;00m[33m\n[39;49;00m[33m"[39;49;00m)[90m[39;49;00m
            _commit(repo, [33m"[39;49;00m[33mtip main[39;49;00m[33m"[39;49;00m)[90m[39;49;00m
            branch = [33m"[39;49;00m[33mtip-topic[39;49;00m[33m"[39;49;00m[90m[39;49;00m
        [94melse[39;49;00m:[90m[39;49;00m
            branch = [33m"[39;49;00m[33mtopic[39;49;00m[33m"[39;49;00m[90m[39;49;00m
            [90m# One f requirement matches tip and the earlier one does not: P must use[39;49;00m[90m[39;49;00m
            [90m# all registered pairs, not only the last state for each path.[39;49;00m[90m[39;49;00m
            [94mfor[39;49;00m path [95min[39;49;00m ([spool] [94mif[39;49;00m case == [33m"[39;49;00m[33mmulti_path_one_walk[39;49;00m[33m"[39;49;00m [94melse[39;49;00m [[33m"[39;49;00m[33mf[39;49;00m[33m"[39;49;00m, spool]):[90m[39;49;00m
                (repo / path).unlink()[90m[39;49;00m
            [94mif[39;49;00m case == [33m"[39;49;00m[33mmulti_path_one_walk[39;49;00m[33m"[39;49;00m:[90m[39;49;00m
                (repo / [33m"[39;49;00m[33mg[39;49;00m[33m"[39;49;00m).unlink()[90m[39;49;00m
            [94melse[39;49;00m:[90m[39;49;00m
                [94mfor[39;49;00m index [95min[39;49;00m [96mrange[39;49;00m([94m5[39;49;00m):[90m[39;49;00m
                    _write(repo, [33m"[39;49;00m[33mg[39;49;00m[33m"[39;49;00m, [33mf[39;49;00m[33m"[39;49;00m[33mhot [39;49;00m[33m{[39;49;00mindex[33m}[39;49;00m[33m\n[39;49;00m[33m"[39;49;00m)[90m[39;49;00m
                    _commit(repo, [33mf[39;49;00m[33m"[39;49;00m[33mhot update [39;49;00m[33m{[39;49;00mindex[33m}[39;49;00m[33m"[39;49;00m)[90m[39;49;00m
                _write(repo, [33m"[39;49;00m[33mg[39;49;00m[33m"[39;49;00m, [33m"[39;49;00m[33mwanted[39;49;00m[33m\n[39;49;00m[33m"[39;49;00m)[90m[39;49;00m
            _commit(repo, [33m"[39;49;00m[33mmain tip[39;49;00m[33m"[39;49;00m)[90m[39;49;00m
        original = TOOL.Git.run[90m[39;49;00m
        logs = [][90m[39;49;00m
    [90m[39;49;00m
        [94mdef[39;49;00m[90m [39;49;00m[92mobserve[39;49;00m([96mself[39;49;00m, args, **kwargs):[90m[39;49;00m
            [94mif[39;49;00m [33m"[39;49;00m[33m--name-only[39;49;00m[33m"[39;49;00m [95min[39;49;00m args:[90m[39;49;00m
                logs.append([96mlist[39;49;00m(args))[90m[39;49;00m
            [94mreturn[39;49;00m original([96mself[39;49;00m, args, **kwargs)[90m[39;49;00m
    [90m[39;49;00m
        monkeypatch.setattr(TOOL.Git, [33m"[39;49;00m[33mrun[39;49;00m[33m"[39;49;00m, observe)[90m[39;49;00m
        payload = TOOL.assess(repo, branch)[90m[39;49;00m
        [94massert[39;49;00m payload[[33m"[39;49;00m[33mdecision[39;49;00m[33m"[39;49;00m][[33m"[39;49;00m[33mverdict[39;49;00m[33m"[39;49;00m] == [33m"[39;49;00m[33mlanded[39;49;00m[33m"[39;49;00m[90m[39;49;00m
        expected = [94m0[39;49;00m [94mif[39;49;00m case == [33m"[39;49;00m[33mall_tip_matched_zero_walks[39;49;00m[33m"[39;49;00m [94melse[39;49;00m [94m1[39;49;00m[90m[39;49;00m
>       [94massert[39;49;00m payload[[33m"[39;49;00m[33mtiming[39;49;00m[33m"[39;49;00m][[33m"[39;49;00m[33mhistory_candidate_walks[39;49;00m[33m"[39;49;00m] == expected == [96mlen[39;49;00m(logs)[90m[39;49;00m
[1m[31mE       AssertionError: assert 0 == 1[0m
[1m[31mE        +  where 1 = len([['diff', '--name-only', '-z', '--no-renames', '3da52a6657e31d79b8c0e88456aef529568ed0c8', '02b2e3fa4a0a76f2fa49396e50b20c6ad80affd6']])[0m

[1m[31morchestrator/tests/test_check_branch_landed.py[0m:2390: AssertionError
[31m[1m___________ test_history_candidates_walk_count[multi_path_one_walk] ____________[0m
[gw16] linux -- Python 3.10.12 /usr/bin/python3

tmp_path = PosixPath('/tmp/pytest-of-tanab/pytest-1904/popen-gw16/test_history_candidates_walk_c0')
monkeypatch = <_pytest.monkeypatch.MonkeyPatch object at 0x7f7fbdb14b80>
case = 'multi_path_one_walk'

    [0m[37m@pytest[39;49;00m.mark.parametrize([33m"[39;49;00m[33mcase[39;49;00m[33m"[39;49;00m, [[33m"[39;49;00m[33mmulti_path_one_walk[39;49;00m[33m"[39;49;00m, [33m"[39;49;00m[33mall_tip_matched_zero_walks[39;49;00m[33m"[39;49;00m,[90m[39;49;00m
                                       [33m"[39;49;00m[33mtip_matched_hot_path_excluded[39;49;00m[33m"[39;49;00m])[90m[39;49;00m
    [94mdef[39;49;00m[90m [39;49;00m[92mtest_history_candidates_walk_count[39;49;00m(tmp_path, monkeypatch, case):[90m[39;49;00m
        repo = _init_repo(tmp_path)[90m[39;49;00m
        spool = [33m"[39;49;00m[33mdocs/spool/worklog/2026-08-25-topic-1.md[39;49;00m[33m"[39;49;00m[90m[39;49;00m
        _topic(repo)[90m[39;49;00m
        _write(repo, [33m"[39;49;00m[33mf[39;49;00m[33m"[39;49;00m, [33m"[39;49;00m[33mfirst[39;49;00m[33m\n[39;49;00m[33m"[39;49;00m)[90m[39;49;00m
        _commit(repo, [33m"[39;49;00m[33mfirst topic state[39;49;00m[33m"[39;49;00m)[90m[39;49;00m
        _write(repo, [33m"[39;49;00m[33mf[39;49;00m[33m"[39;49;00m, [33m"[39;49;00m[33msecond[39;49;00m[33m\n[39;49;00m[33m"[39;49;00m)[90m[39;49;00m
        _write(repo, [33m"[39;49;00m[33mg[39;49;00m[33m"[39;49;00m, [33m"[39;49;00m[33mwanted[39;49;00m[33m\n[39;49;00m[33m"[39;49;00m)[90m[39;49;00m
        _write(repo, spool, _fragment([33m"[39;49;00m[33mworklog[39;49;00m[33m"[39;49;00m, [33m"[39;49;00m[33mBody.[39;49;00m[33m"[39;49;00m))[90m[39;49;00m
        _commit(repo, [33m"[39;49;00m[33msecond topic states[39;49;00m[33m"[39;49;00m)[90m[39;49;00m
        _main(repo)[90m[39;49;00m
        _write(repo, [33m"[39;49;00m[33mf[39;49;00m[33m"[39;49;00m, [33m"[39;49;00m[33mfirst[39;49;00m[33m\n[39;49;00m[33m"[39;49;00m)[90m[39;49;00m
        _commit(repo, [33m"[39;49;00m[33mfirst main witness[39;49;00m[33m"[39;49;00m)[90m[39;49;00m
        _write(repo, [33m"[39;49;00m[33mf[39;49;00m[33m"[39;49;00m, [33m"[39;49;00m[33msecond[39;49;00m[33m\n[39;49;00m[33m"[39;49;00m)[90m[39;49;00m
        _write(repo, [33m"[39;49;00m[33mg[39;49;00m[33m"[39;49;00m, [33m"[39;49;00m[33mwanted[39;49;00m[33m\n[39;49;00m[33m"[39;49;00m)[90m[39;49;00m
        _write(repo, spool, _fragment([33m"[39;49;00m[33mworklog[39;49;00m[33m"[39;49;00m, [33m"[39;49;00m[33mBody.[39;49;00m[33m"[39;49;00m))[90m[39;49;00m
        _commit(repo, [33m"[39;49;00m[33msecond main witnesses[39;49;00m[33m"[39;49;00m)[90m[39;49;00m
        [94mif[39;49;00m case == [33m"[39;49;00m[33mall_tip_matched_zero_walks[39;49;00m[33m"[39;49;00m:[90m[39;49;00m
            [90m# Use a separate topic with only the states now at main tip.[39;49;00m[90m[39;49;00m
            _git(repo, [33m"[39;49;00m[33mbranch[39;49;00m[33m"[39;49;00m, [33m"[39;49;00m[33m-f[39;49;00m[33m"[39;49;00m, [33m"[39;49;00m[33mtopic[39;49;00m[33m"[39;49;00m, [33m"[39;49;00m[33mmain[39;49;00m[33m"[39;49;00m)[90m[39;49;00m
            _topic(repo, [33m"[39;49;00m[33mtip-topic[39;49;00m[33m"[39;49;00m)[90m[39;49;00m
            _write(repo, [33m"[39;49;00m[33mtip-only[39;49;00m[33m"[39;49;00m, [33m"[39;49;00m[33mtip[39;49;00m[33m\n[39;49;00m[33m"[39;49;00m)[90m[39;49;00m
            _commit(repo, [33m"[39;49;00m[33mtip topic[39;49;00m[33m"[39;49;00m)[90m[39;49;00m
            _main(repo)[90m[39;49;00m
            _write(repo, [33m"[39;49;00m[33mtip-only[39;49;00m[33m"[39;49;00m, [33m"[39;49;00m[33mtip[39;49;00m[33m\n[39;49;00m[33m"[39;49;00m)[90m[39;49;00m
            _commit(repo, [33m"[39;49;00m[33mtip main[39;49;00m[33m"[39;49;00m)[90m[39;49;00m
            branch = [33m"[39;49;00m[33mtip-topic[39;49;00m[33m"[39;49;00m[90m[39;49;00m
        [94melse[39;49;00m:[90m[39;49;00m
            branch = [33m"[39;49;00m[33mtopic[39;49;00m[33m"[39;49;00m[90m[39;49;00m
            [90m# One f requirement matches tip and the earlier one does not: P must use[39;49;00m[90m[39;49;00m
            [90m# all registered pairs, not only the last state for each path.[39;49;00m[90m[39;49;00m
            [94mfor[39;49;00m path [95min[39;49;00m ([spool] [94mif[39;49;00m case == [33m"[39;49;00m[33mmulti_path_one_walk[39;49;00m[33m"[39;49;00m [94melse[39;49;00m [[33m"[39;49;00m[33mf[39;49;00m[33m"[39;49;00m, spool]):[90m[39;49;00m
                (repo / path).unlink()[90m[39;49;00m
            [94mif[39;49;00m case == [33m"[39;49;00m[33mmulti_path_one_walk[39;49;00m[33m"[39;49;00m:[90m[39;49;00m
                (repo / [33m"[39;49;00m[33mg[39;49;00m[33m"[39;49;00m).unlink()[90m[39;49;00m
            [94melse[39;49;00m:[90m[39;49;00m
                [94mfor[39;49;00m index [95min[39;49;00m [96mrange[39;49;00m([94m5[39;49;00m):[90m[39;49;00m
                    _write(repo, [33m"[39;49;00m[33mg[39;49;00m[33m"[39;49;00m, [33mf[39;49;00m[33m"[39;49;00m[33mhot [39;49;00m[33m{[39;49;00mindex[33m}[39;49;00m[33m\n[39;49;00m[33m"[39;49;00m)[90m[39;49;00m
                    _commit(repo, [33mf[39;49;00m[33m"[39;49;00m[33mhot update [39;49;00m[33m{[39;49;00mindex[33m}[39;49;00m[33m"[39;49;00m)[90m[39;49;00m
                _write(repo, [33m"[39;49;00m[33mg[39;49;00m[33m"[39;49;00m, [33m"[39;49;00m[33mwanted[39;49;00m[33m\n[39;49;00m[33m"[39;49;00m)[90m[39;49;00m
            _commit(repo, [33m"[39;49;00m[33mmain tip[39;49;00m[33m"[39;49;00m)[90m[39;49;00m
        original = TOOL.Git.run[90m[39;49;00m
        logs = [][90m[39;49;00m
    [90m[39;49;00m
        [94mdef[39;49;00m[90m [39;49;00m[92mobserve[39;49;00m([96mself[39;49;00m, args, **kwargs):[90m[39;49;00m
            [94mif[39;49;00m [33m"[39;49;00m[33m--name-only[39;49;00m[33m"[39;49;00m [95min[39;49;00m args:[90m[39;49;00m
                logs.append([96mlist[39;49;00m(args))[90m[39;49;00m
            [94mreturn[39;49;00m original([96mself[39;49;00m, args, **kwargs)[90m[39;49;00m
    [90m[39;49;00m
        monkeypatch.setattr(TOOL.Git, [33m"[39;49;00m[33mrun[39;49;00m[33m"[39;49;00m, observe)[90m[39;49;00m
        payload = TOOL.assess(repo, branch)[90m[39;49;00m
        [94massert[39;49;00m payload[[33m"[39;49;00m[33mdecision[39;49;00m[33m"[39;49;00m][[33m"[39;49;00m[33mverdict[39;49;00m[33m"[39;49;00m] == [33m"[39;49;00m[33mlanded[39;49;00m[33m"[39;49;00m[90m[39;49;00m
        expected = [94m0[39;49;00m [94mif[39;49;00m case == [33m"[39;49;00m[33mall_tip_matched_zero_walks[39;49;00m[33m"[39;49;00m [94melse[39;49;00m [94m1[39;49;00m[90m[39;49;00m
>       [94massert[39;49;00m payload[[33m"[39;49;00m[33mtiming[39;49;00m[33m"[39;49;00m][[33m"[39;49;00m[33mhistory_candidate_walks[39;49;00m[33m"[39;49;00m] == expected == [96mlen[39;49;00m(logs)[90m[39;49;00m
[1m[31mE       AssertionError: assert 1 == 2[0m
[1m[31mE        +  where 2 = len([['diff', '--name-only', '-z', '--no-renames', 'ff7bd14e0bc34085e4571b435319876f06d2aab2', '8d90e49d40aaadaa59bb001864a9a1fd6830a940'], ['-c', 'log.showRoot=true', 'log', '--full-history', '--diff-merges=separate', '--no-renames', ...]])[0m

[1m[31morchestrator/tests/test_check_branch_landed.py[0m:2390: AssertionError
[31m[1m______ test_history_candidates_walk_count[tip_matched_hot_path_excluded] _______[0m
[gw8] linux -- Python 3.10.12 /usr/bin/python3

tmp_path = PosixPath('/tmp/pytest-of-tanab/pytest-1904/popen-gw8/test_history_candidates_walk_c0')
monkeypatch = <_pytest.monkeypatch.MonkeyPatch object at 0x7fbcf4c80550>
case = 'tip_matched_hot_path_excluded'

    [0m[37m@pytest[39;49;00m.mark.parametrize([33m"[39;49;00m[33mcase[39;49;00m[33m"[39;49;00m, [[33m"[39;49;00m[33mmulti_path_one_walk[39;49;00m[33m"[39;49;00m, [33m"[39;49;00m[33mall_tip_matched_zero_walks[39;49;00m[33m"[39;49;00m,[90m[39;49;00m
                                       [33m"[39;49;00m[33mtip_matched_hot_path_excluded[39;49;00m[33m"[39;49;00m])[90m[39;49;00m
    [94mdef[39;49;00m[90m [39;49;00m[92mtest_history_candidates_walk_count[39;49;00m(tmp_path, monkeypatch, case):[90m[39;49;00m
        repo = _init_repo(tmp_path)[90m[39;49;00m
        spool = [33m"[39;49;00m[33mdocs/spool/worklog/2026-08-25-topic-1.md[39;49;00m[33m"[39;49;00m[90m[39;49;00m
        _topic(repo)[90m[39;49;00m
        _write(repo, [33m"[39;49;00m[33mf[39;49;00m[33m"[39;49;00m, [33m"[39;49;00m[33mfirst[39;49;00m[33m\n[39;49;00m[33m"[39;49;00m)[90m[39;49;00m
        _commit(repo, [33m"[39;49;00m[33mfirst topic state[39;49;00m[33m"[39;49;00m)[90m[39;49;00m
        _write(repo, [33m"[39;49;00m[33mf[39;49;00m[33m"[39;49;00m, [33m"[39;49;00m[33msecond[39;49;00m[33m\n[39;49;00m[33m"[39;49;00m)[90m[39;49;00m
        _write(repo, [33m"[39;49;00m[33mg[39;49;00m[33m"[39;49;00m, [33m"[39;49;00m[33mwanted[39;49;00m[33m\n[39;49;00m[33m"[39;49;00m)[90m[39;49;00m
        _write(repo, spool, _fragment([33m"[39;49;00m[33mworklog[39;49;00m[33m"[39;49;00m, [33m"[39;49;00m[33mBody.[39;49;00m[33m"[39;49;00m))[90m[39;49;00m
        _commit(repo, [33m"[39;49;00m[33msecond topic states[39;49;00m[33m"[39;49;00m)[90m[39;49;00m
        _main(repo)[90m[39;49;00m
        _write(repo, [33m"[39;49;00m[33mf[39;49;00m[33m"[39;49;00m, [33m"[39;49;00m[33mfirst[39;49;00m[33m\n[39;49;00m[33m"[39;49;00m)[90m[39;49;00m
        _commit(repo, [33m"[39;49;00m[33mfirst main witness[39;49;00m[33m"[39;49;00m)[90m[39;49;00m
        _write(repo, [33m"[39;49;00m[33mf[39;49;00m[33m"[39;49;00m, [33m"[39;49;00m[33msecond[39;49;00m[33m\n[39;49;00m[33m"[39;49;00m)[90m[39;49;00m
        _write(repo, [33m"[39;49;00m[33mg[39;49;00m[33m"[39;49;00m, [33m"[39;49;00m[33mwanted[39;49;00m[33m\n[39;49;00m[33m"[39;49;00m)[90m[39;49;00m
        _write(repo, spool, _fragment([33m"[39;49;00m[33mworklog[39;49;00m[33m"[39;49;00m, [33m"[39;49;00m[33mBody.[39;49;00m[33m"[39;49;00m))[90m[39;49;00m
        _commit(repo, [33m"[39;49;00m[33msecond main witnesses[39;49;00m[33m"[39;49;00m)[90m[39;49;00m
        [94mif[39;49;00m case == [33m"[39;49;00m[33mall_tip_matched_zero_walks[39;49;00m[33m"[39;49;00m:[90m[39;49;00m
            [90m# Use a separate topic with only the states now at main tip.[39;49;00m[90m[39;49;00m
            _git(repo, [33m"[39;49;00m[33mbranch[39;49;00m[33m"[39;49;00m, [33m"[39;49;00m[33m-f[39;49;00m[33m"[39;49;00m, [33m"[39;49;00m[33mtopic[39;49;00m[33m"[39;49;00m, [33m"[39;49;00m[33mmain[39;49;00m[33m"[39;49;00m)[90m[39;49;00m
            _topic(repo, [33m"[39;49;00m[33mtip-topic[39;49;00m[33m"[39;49;00m)[90m[39;49;00m
            _write(repo, [33m"[39;49;00m[33mtip-only[39;49;00m[33m"[39;49;00m, [33m"[39;49;00m[33mtip[39;49;00m[33m\n[39;49;00m[33m"[39;49;00m)[90m[39;49;00m
            _commit(repo, [33m"[39;49;00m[33mtip topic[39;49;00m[33m"[39;49;00m)[90m[39;49;00m
            _main(repo)[90m[39;49;00m
            _write(repo, [33m"[39;49;00m[33mtip-only[39;49;00m[33m"[39;49;00m, [33m"[39;49;00m[33mtip[39;49;00m[33m\n[39;49;00m[33m"[39;49;00m)[90m[39;49;00m
            _commit(repo, [33m"[39;49;00m[33mtip main[39;49;00m[33m"[39;49;00m)[90m[39;49;00m
            branch = [33m"[39;49;00m[33mtip-topic[39;49;00m[33m"[39;49;00m[90m[39;49;00m
        [94melse[39;49;00m:[90m[39;49;00m
            branch = [33m"[39;49;00m[33mtopic[39;49;00m[33m"[39;49;00m[90m[39;49;00m
            [90m# One f requirement matches tip and the earlier one does not: P must use[39;49;00m[90m[39;49;00m
            [90m# all registered pairs, not only the last state for each path.[39;49;00m[90m[39;49;00m
            [94mfor[39;49;00m path [95min[39;49;00m ([spool] [94mif[39;49;00m case == [33m"[39;49;00m[33mmulti_path_one_walk[39;49;00m[33m"[39;49;00m [94melse[39;49;00m [[33m"[39;49;00m[33mf[39;49;00m[33m"[39;49;00m, spool]):[90m[39;49;00m
                (repo / path).unlink()[90m[39;49;00m
            [94mif[39;49;00m case == [33m"[39;49;00m[33mmulti_path_one_walk[39;49;00m[33m"[39;49;00m:[90m[39;49;00m
                (repo / [33m"[39;49;00m[33mg[39;49;00m[33m"[39;49;00m).unlink()[90m[39;49;00m
            [94melse[39;49;00m:[90m[39;49;00m
                [94mfor[39;49;00m index [95min[39;49;00m [96mrange[39;49;00m([94m5[39;49;00m):[90m[39;49;00m
                    _write(repo, [33m"[39;49;00m[33mg[39;49;00m[33m"[39;49;00m, [33mf[39;49;00m[33m"[39;49;00m[33mhot [39;49;00m[33m{[39;49;00mindex[33m}[39;49;00m[33m\n[39;49;00m[33m"[39;49;00m)[90m[39;49;00m
                    _commit(repo, [33mf[39;49;00m[33m"[39;49;00m[33mhot update [39;49;00m[33m{[39;49;00mindex[33m}[39;49;00m[33m"[39;49;00m)[90m[39;49;00m
                _write(repo, [33m"[39;49;00m[33mg[39;49;00m[33m"[39;49;00m, [33m"[39;49;00m[33mwanted[39;49;00m[33m\n[39;49;00m[33m"[39;49;00m)[90m[39;49;00m
            _commit(repo, [33m"[39;49;00m[33mmain tip[39;49;00m[33m"[39;49;00m)[90m[39;49;00m
        original = TOOL.Git.run[90m[39;49;00m
        logs = [][90m[39;49;00m
    [90m[39;49;00m
        [94mdef[39;49;00m[90m [39;49;00m[92mobserve[39;49;00m([96mself[39;49;00m, args, **kwargs):[90m[39;49;00m
            [94mif[39;49;00m [33m"[39;49;00m[33m--name-only[39;49;00m[33m"[39;49;00m [95min[39;49;00m args:[90m[39;49;00m
                logs.append([96mlist[39;49;00m(args))[90m[39;49;00m
            [94mreturn[39;49;00m original([96mself[39;49;00m, args, **kwargs)[90m[39;49;00m
    [90m[39;49;00m
        monkeypatch.setattr(TOOL.Git, [33m"[39;49;00m[33mrun[39;49;00m[33m"[39;49;00m, observe)[90m[39;49;00m
        payload = TOOL.assess(repo, branch)[90m[39;49;00m
        [94massert[39;49;00m payload[[33m"[39;49;00m[33mdecision[39;49;00m[33m"[39;49;00m][[33m"[39;49;00m[33mverdict[39;49;00m[33m"[39;49;00m] == [33m"[39;49;00m[33mlanded[39;49;00m[33m"[39;49;00m[90m[39;49;00m
        expected = [94m0[39;49;00m [94mif[39;49;00m case == [33m"[39;49;00m[33mall_tip_matched_zero_walks[39;49;00m[33m"[39;49;00m [94melse[39;49;00m [94m1[39;49;00m[90m[39;49;00m
>       [94massert[39;49;00m payload[[33m"[39;49;00m[33mtiming[39;49;00m[33m"[39;49;00m][[33m"[39;49;00m[33mhistory_candidate_walks[39;49;00m[33m"[39;49;00m] == expected == [96mlen[39;49;00m(logs)[90m[39;49;00m
[1m[31mE       AssertionError: assert 1 == 2[0m
[1m[31mE        +  where 2 = len([['diff', '--name-only', '-z', '--no-renames', '1ca5d18a8a44a3fc0bd9361ad694825f30b85fb5', '0f39dfaaf388191aad8dac457a7d8a081e4e01b2'], ['-c', 'log.showRoot=true', 'log', '--full-history', '--diff-merges=separate', '--no-renames', ...]])[0m

[1m[31morchestrator/tests/test_check_branch_landed.py[0m:2390: AssertionError
[36m[1m=========================== short test summary info ============================[0m
[31mFAILED[0m orchestrator/tests/test_check_branch_landed.py::[1mtest_history_candidates_walk_count[all_tip_matched_zero_walks][0m - AssertionError: assert 0 == 1
[31mFAILED[0m orchestrator/tests/test_check_branch_landed.py::[1mtest_history_candidates_walk_count[multi_path_one_walk][0m - AssertionError: assert 1 == 2
[31mFAILED[0m orchestrator/tests/test_check_branch_landed.py::[1mtest_history_candidates_walk_count[tip_matched_hot_path_excluded][0m - AssertionError: assert 1 == 2
[31m[31m[1m3 failed[0m, [32m370 passed[0m[31m in 65.75s (0:01:05)[0m[0m
IZANAGI_EFFECTIVE_SCHEDULER_V1 {"effective_scheduler":"loadgroup"}
=== IZANAGI FAILURE DIGEST v1 BEGIN ===
IZANAGI_FAILURE rank=1 category=failed when=call nodeid="orchestrator/tests/test_check_branch_landed.py::test_history_candidates_walk_count[tip_matched_hot_path_excluded]" nodeid_bytes=113 nodeid_omitted_bytes=0 source_bytes=3174 retained_bytes=3174 omitted_bytes=0 rendered_excerpt_bytes=3337 sha256=b24e3674db6f67b8bb23bbcb5d31f2584b1ba00bd48f35d4c643082f9d35a1a0
--- IZANAGI FAILURE EXCERPT rank=1 BEGIN ---
> [gw8] linux -- Python 3.10.12 /usr/bin/python3
>
> tmp_path = PosixPath('/tmp/pytest-of-tanab/pytest-1904/popen-gw8/test_history_candidates_walk_c0')
> monkeypatch = <_pytest.monkeypatch.MonkeyPatch object at 0x7fbcf4c80550>
> case = 'tip_matched_hot_path_excluded'
>
>     @pytest.mark.parametrize("case", ["multi_path_one_walk", "all_tip_matched_zero_walks",
>                                        "tip_matched_hot_path_excluded"])
>     def test_history_candidates_walk_count(tmp_path, monkeypatch, case):
>         repo = _init_repo(tmp_path)
>         spool = "docs/spool/worklog/2026-08-25-topic-1.md"
>         _topic(repo)
>         _write(repo, "f", "first\x5cn")
>         _commit(repo, "first topic state")
>         _write(repo, "f", "second\x5cn")
>         _write(repo, "g", "wanted\x5cn")
>         _write(repo, spool, _fragment("worklog", "Body."))
>         _commit(repo, "second topic states")
>         _main(repo)
>         _write(repo, "f", "first\x5cn")
>         _commit(repo, "first main witness")
>         _write(repo, "f", "second\x5cn")
>         _write(repo, "g", "wanted\x5cn")
>         _write(repo, spool, _fragment("worklog", "Body."))
>         _commit(repo, "second main witnesses")
>         if case == "all_tip_matched_zero_walks":
>             # Use a separate topic with only the states now at main tip.
>             _git(repo, "branch", "-f", "topic", "main")
>             _topic(repo, "tip-topic")
>             _write(repo, "tip-only", "tip\x5cn")
>             _commit(repo, "tip topic")
>             _main(repo)
>             _write(repo, "tip-only", "tip\x5cn")
>             _commit(repo, "tip main")
>             branch = "tip-topic"
>         else:
>             branch = "topic"
>             # One f requirement matches tip and the earlier one does not: P must use
>             # all registered pairs, not only the last state for each path.
>             for path in ([spool] if case == "multi_path_one_walk" else ["f", spool]):
>                 (repo / path).unlink()
>             if case == "multi_path_one_walk":
>                 (repo / "g").unlink()
>             else:
>                 for index in range(5):
>                     _write(repo, "g", f"hot {index}\x5cn")
>                     _commit(repo, f"hot update {index}")
>                 _write(repo, "g", "wanted\x5cn")
>             _commit(repo, "main tip")
>         original = TOOL.Git.run
>         logs = []
>
>         def observe(self, args, **kwargs):
>             if "--name-only" in args:
>                 logs.append(list(args))
>             return original(self, args, **kwargs)
>
>         monkeypatch.setattr(TOOL.Git, "run", observe)
>         payload = TOOL.assess(repo, branch)
>         assert payload["decision"]["verdict"] == "landed"
>         expected = 0 if case == "all_tip_matched_zero_walks" else 1
> >       assert payload["timing"]["history_candidate_walks"] == expected == len(logs)
> E       AssertionError: assert 1 == 2
> E        +  where 2 = len([['diff', '--name-only', '-z', '--no-renames', '1ca5d18a8a44a3fc0bd9361ad694825f30b85fb5', '0f39dfaaf388191aad8dac457a7d8a081e4e01b2'], ['-c', 'log.showRoot=true', 'log', '--full-history', '--diff-merges=separate', '--no-renames', ...]])
>
> orchestrator/tests/test_check_branch_landed.py:2390: AssertionError
--- IZANAGI FAILURE EXCERPT rank=1 END ---
IZANAGI_FAILURE rank=2 category=failed when=call nodeid="orchestrator/tests/test_check_branch_landed.py::test_history_candidates_walk_count[multi_path_one_walk]" nodeid_bytes=103 nodeid_omitted_bytes=0 source_bytes=3166 retained_bytes=3166 omitted_bytes=0 rendered_excerpt_bytes=3329 sha256=9bd4b71e04b85fbeddd455f6212d48abc28dea42bda91ab0a5666f83a119457b
--- IZANAGI FAILURE EXCERPT rank=2 BEGIN ---
> [gw16] linux -- Python 3.10.12 /usr/bin/python3
>
> tmp_path = PosixPath('/tmp/pytest-of-tanab/pytest-1904/popen-gw16/test_history_candidates_walk_c0')
> monkeypatch = <_pytest.monkeypatch.MonkeyPatch object at 0x7f7fbdb14b80>
> case = 'multi_path_one_walk'
>
>     @pytest.mark.parametrize("case", ["multi_path_one_walk", "all_tip_matched_zero_walks",
>                                        "tip_matched_hot_path_excluded"])
>     def test_history_candidates_walk_count(tmp_path, monkeypatch, case):
>         repo = _init_repo(tmp_path)
>         spool = "docs/spool/worklog/2026-08-25-topic-1.md"
>         _topic(repo)
>         _write(repo, "f", "first\x5cn")
>         _commit(repo, "first topic state")
>         _write(repo, "f", "second\x5cn")
>         _write(repo, "g", "wanted\x5cn")
>         _write(repo, spool, _fragment("worklog", "Body."))
>         _commit(repo, "second topic states")
>         _main(repo)
>         _write(repo, "f", "first\x5cn")
>         _commit(repo, "first main witness")
>         _write(repo, "f", "second\x5cn")
>         _write(repo, "g", "wanted\x5cn")
>         _write(repo, spool, _fragment("worklog", "Body."))
>         _commit(repo, "second main witnesses")
>         if case == "all_tip_matched_zero_walks":
>             # Use a separate topic with only the states now at main tip.
>             _git(repo, "branch", "-f", "topic", "main")
>             _topic(repo, "tip-topic")
>             _write(repo, "tip-only", "tip\x5cn")
>             _commit(repo, "tip topic")
>             _main(repo)
>             _write(repo, "tip-only", "tip\x5cn")
>             _commit(repo, "tip main")
>             branch = "tip-topic"
>         else:
>             branch = "topic"
>             # One f requirement matches tip and the earlier one does not: P must use
>             # all registered pairs, not only the last state for each path.
>             for path in ([spool] if case == "multi_path_one_walk" else ["f", spool]):
>                 (repo / path).unlink()
>             if case == "multi_path_one_walk":
>                 (repo / "g").unlink()
>             else:
>                 for index in range(5):
>                     _write(repo, "g", f"hot {index}\x5cn")
>                     _commit(repo, f"hot update {index}")
>                 _write(repo, "g", "wanted\x5cn")
>             _commit(repo, "main tip")
>         original = TOOL.Git.run
>         logs = []
>
>         def observe(self, args, **kwargs):
>             if "--name-only" in args:
>                 logs.append(list(args))
>             return original(self, args, **kwargs)
>
>         monkeypatch.setattr(TOOL.Git, "run", observe)
>         payload = TOOL.assess(repo, branch)
>         assert payload["decision"]["verdict"] == "landed"
>         expected = 0 if case == "all_tip_matched_zero_walks" else 1
> >       assert payload["timing"]["history_candidate_walks"] == expected == len(logs)
> E       AssertionError: assert 1 == 2
> E        +  where 2 = len([['diff', '--name-only', '-z', '--no-renames', 'ff7bd14e0bc34085e4571b435319876f06d2aab2', '8d90e49d40aaadaa59bb001864a9a1fd6830a940'], ['-c', 'log.showRoot=true', 'log', '--full-history', '--diff-merges=separate', '--no-renames', ...]])
>
> orchestrator/tests/test_check_branch_landed.py:2390: AssertionError
--- IZANAGI FAILURE EXCERPT rank=2 END ---
IZANAGI_FAILURE rank=3 category=failed when=call nodeid="orchestrator/tests/test_check_branch_landed.py::test_history_candidates_walk_count[all_tip_matched_zero_walks]" nodeid_bytes=110 nodeid_omitted_bytes=0 source_bytes=3072 retained_bytes=3072 omitted_bytes=0 rendered_excerpt_bytes=3235 sha256=17d2d7d23aae723b2339dc90db452b9aa4ccdf60ff88b935c319ec9d4abf1daf
--- IZANAGI FAILURE EXCERPT rank=3 BEGIN ---
> [gw30] linux -- Python 3.10.12 /usr/bin/python3
>
> tmp_path = PosixPath('/tmp/pytest-of-tanab/pytest-1904/popen-gw30/test_history_candidates_walk_c0')
> monkeypatch = <_pytest.monkeypatch.MonkeyPatch object at 0x7f8897f1e0e0>
> case = 'all_tip_matched_zero_walks'
>
>     @pytest.mark.parametrize("case", ["multi_path_one_walk", "all_tip_matched_zero_walks",
>                                        "tip_matched_hot_path_excluded"])
>     def test_history_candidates_walk_count(tmp_path, monkeypatch, case):
>         repo = _init_repo(tmp_path)
>         spool = "docs/spool/worklog/2026-08-25-topic-1.md"
>         _topic(repo)
>         _write(repo, "f", "first\x5cn")
>         _commit(repo, "first topic state")
>         _write(repo, "f", "second\x5cn")
>         _write(repo, "g", "wanted\x5cn")
>         _write(repo, spool, _fragment("worklog", "Body."))
>         _commit(repo, "second topic states")
>         _main(repo)
>         _write(repo, "f", "first\x5cn")
>         _commit(repo, "first main witness")
>         _write(repo, "f", "second\x5cn")
>         _write(repo, "g", "wanted\x5cn")
>         _write(repo, spool, _fragment("worklog", "Body."))
>         _commit(repo, "second main witnesses")
>         if case == "all_tip_matched_zero_walks":
>             # Use a separate topic with only the states now at main tip.
>             _git(repo, "branch", "-f", "topic", "main")
>             _topic(repo, "tip-topic")
>             _write(repo, "tip-only", "tip\x5cn")
>             _commit(repo, "tip topic")
>             _main(repo)
>             _write(repo, "tip-only", "tip\x5cn")
>             _commit(repo, "tip main")
>             branch = "tip-topic"
>         else:
>             branch = "topic"
>             # One f requirement matches tip and the earlier one does not: P must use
>             # all registered pairs, not only the last state for each path.
>             for path in ([spool] if case == "multi_path_one_walk" else ["f", spool]):
>                 (repo / path).unlink()
>             if case == "multi_path_one_walk":
>                 (repo / "g").unlink()
>             else:
>                 for index in range(5):
>                     _write(repo, "g", f"hot {index}\x5cn")
>                     _commit(repo, f"hot update {index}")
>                 _write(repo, "g", "wanted\x5cn")
>             _commit(repo, "main tip")
>         original = TOOL.Git.run
>         logs = []
>
>         def observe(self, args, **kwargs):
>             if "--name-only" in args:
>                 logs.append(list(args))
>             return original(self, args, **kwargs)
>
>         monkeypatch.setattr(TOOL.Git, "run", observe)
>         payload = TOOL.assess(repo, branch)
>         assert payload["decision"]["verdict"] == "landed"
>         expected = 0 if case == "all_tip_matched_zero_walks" else 1
> >       assert payload["timing"]["history_candidate_walks"] == expected == len(logs)
> E       AssertionError: assert 0 == 1
> E        +  where 1 = len([['diff', '--name-only', '-z', '--no-renames', '3da52a6657e31d79b8c0e88456aef529568ed0c8', '02b2e3fa4a0a76f2fa49396e50b20c6ad80affd6']])
>
> orchestrator/tests/test_check_branch_landed.py:2390: AssertionError
--- IZANAGI FAILURE EXCERPT rank=3 END ---
IZANAGI_FAILURE_DIGEST_ACCOUNT failures=3 failed=3 errors=0 selected=3 omitted_failures=0 source_bytes=9412 retained_bytes=9412 omitted_bytes=0 budget_bytes=49152 rendered_bytes=11538 omitted_manifest_sha256=-
=== IZANAGI FAILURE DIGEST v1 END ===
bounded scope の観測ピーク: 3073638400 bytes
