[unresolved-approved-blob-ref] approved_blobs.addendum_a の固定 blob を解決できない: commit は exact commit object でなければならない
[unresolved-approved-blob-ref] approved_blobs.derivation_map の固定 blob を解決できない: commit は exact commit object でなければならない
[unresolved-approved-blob-ref] approved_blobs.erratum の固定 blob を解決できない: commit は exact commit object でなければならない
[unresolved-approved-blob-ref] approved_blobs.record_items の固定 blob を解決できない: commit は exact commit object でなければならない
[unresolved-approved-blob-ref] approved_blobs.addendum_a の固定 blob を解決できない: commit は exact commit object でなければならない
[unresolved-approved-blob-ref] approved_blobs.derivation_map の固定 blob を解決できない: commit は exact commit object でなければならない
[unresolved-approved-blob-ref] approved_blobs.erratum_t139_core_s15_exactkey_v1 の固定 blob を解決できない: commit は exact commit object でなければならない
[unresolved-approved-blob-ref] approved_blobs.record_items の固定 blob を解決できない: commit は exact commit object でなければならない
[unresolved-approved-blob-ref] approved_blobs.receipt_schema の固定 blob を解決できない: commit は exact commit object でなければならない
[unresolved-approved-blob-ref] approved_blobs.erratum_t139_core_s7_stresscheck_v1 の固定 blob を解決できない: commit は exact commit object でなければならない
[unresolved-approved-blob-ref] approved_blobs.publication_core の固定 blob を解決できない: commit は exact commit object でなければならない
[unresolved-approved-blob-ref] approved_blobs.source_addendum_b の固定 blob を解決できない: commit は exact commit object でなければならない
PASS test_all_mutating_operation_blocks_resolve_placeholders
PASS test_apply_keeps_applied_state_and_fsyncs_every_gc_parent
PASS test_apply_rejects_each_state_transaction_id_payload_field_mutation
PASS test_apply_rejects_forged_noop_transaction_payload
PASS test_boundary_constant_shift_is_detected_by_real_corpus_sentinel
PASS test_changed_content_cannot_reuse_folded_symbol_identity
PASS test_cli_base_digest_accepts_four_digit_task_id
PASS test_cli_base_digest_ignores_transaction_state
PASS test_cli_base_digest_real_corpus_resolves_active_and_rejects_completed
PASS test_cli_base_digest_rejects_conflicting_modes_without_writes
PASS test_cli_base_digest_rejects_malformed_task_ids_before_file_read
PASS test_cli_base_digest_rejects_not_active_id_without_writes
PASS test_cli_base_digest_resolves_mixed_carry_chain_across_ordinals
PASS test_cli_base_digest_returns_non_carry_item_digest_without_writes
PASS test_cli_dry_run_emits_json_without_writes
PASS test_cli_dry_run_reports_failure_supersede_semantic_issue_without_writes
PASS test_cli_dry_run_show_diff_emits_gc_deletion_diff
PASS test_cli_dry_run_show_diff_keeps_stdout_byte_identical
PASS test_cli_dry_run_show_diff_leaves_git_status_unchanged
PASS test_cli_dry_run_show_diff_matches_target_after_bytes
PASS test_cli_dry_run_show_diff_noop_emits_no_stderr
PASS test_cli_show_diff_emits_nothing_when_gc_content_mismatches
PASS test_cli_show_diff_emits_nothing_when_target_before_mismatches
PASS test_cli_show_diff_escapes_terminal_control_bytes
PASS test_cli_show_diff_requires_dry_run_without_writes
PASS test_commit_identity_gate_exception_path_reports_declared_detail
PASS test_commit_identity_gate_rejects_author_suffix_bytes
PASS test_commit_identity_gate_rejects_extra_state_external_path
PASS test_commit_identity_gate_rejects_gc_status_only
PASS test_commit_identity_gate_rejects_mode_only_manual_fold_commit
PASS test_commit_identity_gate_rejects_target_blob_oid_only
PASS test_commit_identity_gate_rejects_target_status_only
PASS test_compact_and_legacy_carry_chain_resolves_substantive_base
PASS test_compact_carry_crosses_rotation_archive_boundary
PASS test_compact_carry_future_or_self_reference_is_rejected
PASS test_compact_carry_gate_rejects_noncanonical_forms_as_substantive
PASS test_compact_carry_missing_entry_rejects_before_stub_digest
PASS test_compact_carry_missing_task_rejects_before_stub_digest
PASS test_compact_carry_uses_explicit_prior_across_ordinal_gap
PASS test_compact_stub_digest_cannot_satisfy_mutating_base
PASS test_completion_base_and_remaining_trailer_order_is_independent
PASS test_completion_remaining_decoys_in_fence_and_comment_are_rejected
PASS test_completion_remaining_field_rejects_duplicates
PASS test_completion_remaining_field_rejects_noncanonical_values
PASS test_completion_remaining_in_unclosed_list_relative_fences_is_rejected
PASS test_completion_update_and_defer_form_explicit_sinks
PASS test_completion_without_remaining_field_is_rejected
PASS test_deferred_append_accepts_first_suffix_seen_outside_head_line_end
PASS test_deferred_append_before_defer_section_is_rejected
PASS test_deferred_append_can_target_item_deferred_earlier_in_same_fold
PASS test_deferred_append_cannot_target_completion_record
PASS test_deferred_append_fenced_target_does_not_break_fence
PASS test_deferred_append_ignores_comment_and_fence_decoy_items
PASS test_deferred_append_is_byte_exact_for_all_insertion_shapes
PASS test_deferred_append_missing_target_is_rejected
PASS test_deferred_append_multiline_target_preserves_continuations
PASS test_deferred_append_only_fragment_preserves_all_active_tasks
PASS test_deferred_append_order_is_deterministic_by_fragment_key_and_item_index
PASS test_deferred_append_rejects_replayed_identical_suffix
PASS test_deferred_append_rejects_visible_duplicate_target_ids
PASS test_deferred_append_resolves_cross_ledger_placeholder
PASS test_deferred_append_targets_single_line_item_head
PASS test_diff_lines_escapes_every_terminal_control_byte
PASS test_diff_lines_keeps_control_free_bytes_identical
PASS test_discover_detects_dangling_state_symlink
PASS test_discover_requires_exact_expected_id_complete_targets_and_absent_gc
PASS test_empty_deferred_append_section_is_rejected
PASS test_empty_failure_supersede_section_is_rejected
PASS test_empty_or_whitespace_deferred_append_suffix_is_rejected
PASS test_explicit_dry_run_plan_object_is_directly_applicable
PASS test_explicit_fold_date_controls_plan_bytes_and_transaction_state
PASS test_failure_list_marker_neutralizes_heading_if_shape_gate_regresses
PASS test_failure_new_and_recurrence_only_output_remains_byte_exact
PASS test_failure_recurrence_and_supersede_identical_line_are_rejected
PASS test_failure_recurrence_precedes_supersede_for_same_target_byte_exact
PASS test_failure_recurrence_supersede_misuse_is_rejected_but_prose_mention_is_accepted
PASS test_failure_section_payload_without_valid_h3_is_rejected
PASS test_failure_supersede_accepted_body_is_preserved_byte_exact
PASS test_failure_supersede_body_resolves_cross_ledger_placeholder
PASS test_failure_supersede_body_shape_and_calendar_date_are_rejected
PASS test_failure_supersede_missing_target_is_rejected
PASS test_failure_supersede_only_fragment_inserts_at_entry_end_byte_exact
PASS test_failure_supersede_order_is_deterministic_by_fragment_key_and_item_index
PASS test_failure_supersede_real_f196_f197_boundary_is_byte_exact
PASS test_failure_supersede_real_f1_boundary_without_blank_line_is_byte_exact
PASS test_failure_supersede_real_final_entry_eof_is_byte_exact
PASS test_failure_supersede_rejects_duplicate_canonical_target_ids
PASS test_failure_supersede_rejects_duplicate_line_within_same_fold
PASS test_failure_supersede_rejects_existing_identical_line
PASS test_failure_supersede_replay_guards_exact_and_changed_fragments
PASS test_failure_supersede_section_order_and_uniqueness_are_rejected
PASS test_failure_supersede_substring_of_existing_line_is_accepted
PASS test_failure_supersede_target_placeholder_is_rejected
PASS test_failure_supersede_unicode_line_breaks_are_rejected
PASS test_failure_topology_accepts_mixed_new_recurrence_and_supersede
PASS test_failure_topology_rejects_forged_heading_from_recurrence
PASS test_failure_topology_uses_new_entry_append_order_across_fragments
PASS test_fixture_tools_imports_uses_fixture_restores_state_and_propagates_exceptions
PASS test_fold_date_may_precede_the_current_entry_date
PASS test_four_digit_compact_carry_chain_resolves_ordinal_1000
PASS test_generated_next_action_heading_and_compact_carry_are_byte_exact
PASS test_global_carry_cannot_fall_back_to_legacy_only_target
PASS test_global_carry_resolves_global_entry_not_legacy_collision
PASS test_global_max_ordinal_ignores_larger_legacy_ordinal
PASS test_global_ordinal_duplicate_is_rejected
PASS test_global_ordinal_gap_is_allowed_and_next_uses_max_plus_one
PASS test_id_only_item_remains_substantive_under_compact_carry_format
PASS test_implicit_and_explicit_carry_render_identically
PASS test_impossible_heading_date_is_rejected
PASS test_input_closure_binds_both_rendering_engine_files
PASS test_interrupted_transaction_resumes_before_and_after_targets
PASS test_legacy_carry_future_reference_is_rejected
PASS test_legacy_daily_ordinals_are_excluded_from_global_namespace
PASS test_load_rotate_limit_wraps_baseexceptions_and_restores_import_state
PASS test_mark_and_finalize_require_commit_identity_and_phase
PASS test_multiline_compact_prefix_item_uses_full_substantive_digest
PASS test_multiline_deferred_append_item_is_rejected
PASS test_multiline_h3_and_base_failure_supersede_shapes_are_rejected
PASS test_n01_frontmatter_filename_mismatch_is_rejected
PASS test_n02_undefined_placeholder_is_rejected
PASS test_n03_duplicate_symbol_definition_is_rejected
PASS test_n04_malformed_placeholder_residue_is_rejected
PASS test_n05_task_allocation_includes_archive_population
PASS test_n06_task_allocation_includes_deferred_population
PASS test_n07_task_id_is_three_digit_canonical
PASS test_n08_all_carries_preserve_order_and_count
PASS test_n09_active_conservation_postcondition_rejects_implicit_drop
PASS test_n10_mutating_action_requires_base_field
PASS test_n10_stale_base_digest_is_rejected
PASS test_n11_existing_canonical_bytes_are_only_appended_or_inserted
PASS test_n12_second_fold_after_gc_is_noop
PASS test_n13_same_content_replay_is_rejected_by_receipt
PASS test_n14_rotation_keeps_projected_worklog_under_shared_limit
PASS test_n15_rotation_updates_archive_index
PASS test_n16_transaction_rejects_third_state
PASS test_n17_fragment_allocation_order_is_explicitly_sorted
PASS test_n18_completion_with_remaining_work_is_rejected
PASS test_n37_real_repo_canonical_family_requires_archive_active_history
PASS test_non_active_transition_target_remains_rejected
PASS test_non_noop_plan_still_requires_canonical_ledgers
PASS test_noop_plan_does_not_require_canonical_ledgers_or_write_state
PASS test_noop_plan_reports_observed_worklog_bytes_with_or_without_canonical_ledgers
PASS test_p01_valid_single_worklog_fragment_applies
PASS test_p02_three_ledgers_with_cross_references_apply
PASS test_p03_empty_spool_is_noop
PASS test_p04_below_threshold_does_not_rotate
PASS test_parallel_fold_implicitly_carries_task_added_by_earlier_wave
PASS test_parallel_new_then_existing_update_uses_substantive_base_digest
PASS test_phase3_real_canonical_plan_accepts_unique_and_rejects_generated_duplicate_id
PASS test_plan_fold_observes_standalone_head_and_symbolic_ref
PASS test_plan_fold_rejects_origin_not_matching_observed_git
PASS test_real_corpus_sentinel_rejects_missing_boundary_date
PASS test_real_worklog_105_to_106_next_action_is_byte_exact_golden
PASS test_receipt_parser_enforces_positional_v2_cutover
PASS test_receipt_v2_contains_independently_observed_git_values
PASS test_resume_rejects_head_advanced_after_state_write
PASS test_rotation_between_two_new_entries_preserves_compact_chain
PASS test_rotation_can_archive_original_latest_to_fit_projected_entry
PASS test_rotation_preserves_d70_archive_current_boundary
PASS test_state_v2_rejects_missing_extra_and_coerced_nested_fields
PASS test_state_v3_schema_is_exact_and_v1_v2_are_rejected
PASS test_transaction_id_binds_origin_closure_and_before_exists
PASS test_two_worklog_fragments_use_immediate_prior_ordinals
PASS test_update_and_defer_do_not_require_remaining_field
PASS test_valid_completion_remaining_field_is_removed_from_canonical
PASS test_whitespace_only_deferred_append_suffix_is_rejected
PASS test_worklog_action_prefix_payload_is_not_dropped
PASS test_worklog_reserved_heading_in_prose_is_rejected
168 passed, 0 failed, 0 errors
rc=0
