CMake Warning:
  Manually-specified variables were not used by the project:

    CMAKE_C_COMPILER


CMake Warning:
  Manually-specified variables were not used by the project:

    CMAKE_C_COMPILER



============================================================
Request ID:             13637.nqsv
Request Name:           izs4loop
Queue:                  gen_S@nqsv
Number of Jobs:         1
User Name:              tanab
Group Name:             SFC
Created Request Time:   Sun Sep 20 22:01:24 2026
Started Request Time:   Sun Sep 20 22:01:37 2026
Ended Request Time:     Mon Sep 21 02:49:22 2026
Resources Information:
  Elapse:               17269S
  Remaining Elapse:     11531S
============================================================
