orchestrator/verifier/parse.py sha256=9f65a240ec518a1e91d37120618b85e587e530206307d0c11b16ba391fe5e157 blob=c8ce26be5df487c1a5eac3e20c3fc4988860207c hits=2
    output/insights/2026-09-22/t2857-silo-policy-stage-c/verbatim/verifier-identity-6d7014707.txt
    output/insights/2026-09-23/t2850-trial-effect-bundle/bundle/files-sha256-at-7ea9aa09d.txt
orchestrator/verifier/model.py sha256=4aa4511b328812c32d5492598cc7a41e02476f5790aa931b436caedfc334468a blob=c260661bf674b40f664609c876071868f3642785 hits=1
    output/insights/2026-09-23/t2850-trial-effect-bundle/bundle/files-sha256-at-7ea9aa09d.txt
orchestrator/verifier/core.py sha256=1f35ca18b8f5a1158ce065cfa6c8f22ae615dd15d81542ee2af7d67017d65bae blob=a888b79c694a96d560955be3bd145f4cae540fab hits=0
orchestrator/verifier/dsg.py sha256=0aec522c5288c745ccfa7df82e5d156170a38cb7f79c01a9cc63db4d26c4e20b blob=652cfb0d4b29894d514a924db370394d09b3e81b hits=1
    output/insights/2026-09-23/t2850-trial-effect-bundle/bundle/files-sha256-at-7ea9aa09d.txt
orchestrator/verifier/report.py sha256=e68e31a0c8ac5315bd0134be741241e7dd142d69e33e4f986f7674e6d3f27dbd blob=5925ce4bab9083867f9f4fc22ed5d66783248ef8 hits=46
    orchestrator/tests/fixtures/b10_backoff_shape_locks/balanced.campaign.lock
    orchestrator/tests/fixtures/b10_backoff_shape_locks/read-heavy.campaign.lock
    orchestrator/tests/fixtures/b10_backoff_shape_locks/write-heavy.campaign.lock
    output/insights/2026-08-24_paper-story-a1-paired/result.json
    output/insights/2026-09-09/t2344-closure-reachability/trace-admission-external.json
    output/insights/2026-09-09/t2344-closure-reachability/trace-admission-repo.json
    output/insights/2026-09-09/t2344-closure-reachability/trace-freeze.json
    output/insights/2026-09-20/t2807-b8-prerun/README.md
    output/insights/2026-09-20/t2807-b8-prerun/verbatim/b8-effective-bundle.draft.json
    output/insights/2026-09-20/t2807-b8-prerun/verbatim/prerun-v3-g_rl.json
    output/insights/2026-09-20/t2807-b8-prerun/verbatim/prerun-v3-g_rt.json
    output/insights/2026-09-20/t2807-b8-prerun/verbatim/prerun-v4-g_rl.json
    output/insights/2026-09-20/t2807-b8-prerun/verbatim/prerun-v4-g_rt.json
    output/insights/2026-09-20/t2807-b8-prerun/verbatim/prerun-v5-g_rl.json
    output/insights/2026-09-20/t2807-b8-prerun/verbatim/prerun-v5-g_rt.json
    output/insights/2026-09-20/verifier-capacity/compare/bal10-compare.json
    output/insights/2026-09-20/verifier-capacity/compare/bal6-compare.json
    output/insights/2026-09-20/verifier-capacity/compare/f10-bal3-compare.json
    output/insights/2026-09-20/verifier-capacity/compare/f10-bal6-compare.json
    output/insights/2026-09-20/verifier-capacity/compare/f10-rh3-compare.json
orchestrator/verifier/__init__.py sha256=56c7fb4ca9b54425422cdabe41f3c454dc977d3ac02cd177e9d4738f4fe948bd blob=e6f347fedf511977b848cd836ca0623d291a6a8f hits=43
    orchestrator/tests/fixtures/b10_backoff_shape_locks/read-heavy.campaign.lock
    output/insights/2026-09-09/t2344-closure-reachability/trace-admission-external.json
    output/insights/2026-09-09/t2344-closure-reachability/trace-admission-repo.json
    output/insights/2026-09-09/t2344-closure-reachability/trace-freeze.json
    output/insights/2026-09-20/t2807-b8-prerun/README.md
    output/insights/2026-09-20/t2807-b8-prerun/verbatim/b8-effective-bundle.draft.json
    output/insights/2026-09-20/t2807-b8-prerun/verbatim/prerun-v3-g_rl.json
    output/insights/2026-09-20/t2807-b8-prerun/verbatim/prerun-v3-g_rt.json
    output/insights/2026-09-20/t2807-b8-prerun/verbatim/prerun-v4-g_rl.json
    output/insights/2026-09-20/t2807-b8-prerun/verbatim/prerun-v4-g_rt.json
    output/insights/2026-09-20/t2807-b8-prerun/verbatim/prerun-v5-g_rl.json
    output/insights/2026-09-20/t2807-b8-prerun/verbatim/prerun-v5-g_rt.json
    output/insights/2026-09-20/verifier-capacity/compare/bal10-compare.json
    output/insights/2026-09-20/verifier-capacity/compare/bal6-compare.json
    output/insights/2026-09-20/verifier-capacity/compare/f10-bal3-compare.json
    output/insights/2026-09-20/verifier-capacity/compare/f10-bal6-compare.json
    output/insights/2026-09-20/verifier-capacity/compare/f10-rh3-compare.json
    output/insights/2026-09-20/verifier-capacity/compare/f10-rh6-compare.json
    output/insights/2026-09-20/verifier-capacity/compare/f10-wh3-compare.json
    output/insights/2026-09-20/verifier-capacity/compare/f10-wh6-compare.json
orchestrator/verifier/cli.py sha256=c2988de81bbf257dbdd277e8a0461e56a1a005fd4c6c08e42c735b1a6bde04c6 blob=5e8608faebbd8a129f6d99bbc570f9c821699ef9 hits=0
orchestrator/verifier/__main__.py sha256=9a06c813eccbc750ca412d717ee14010ffb859d2ae1afaaebf0f38577436b701 blob=c336a9fd076018a6adbb917a43d6b5088f80c587 hits=77
    output/env/pegasus/silo_ladder_rung1/silo_ladder_rung1.json
    output/insights/2026-08-26_mocc-g2-repro/runs/1/mocc-trace-pilot-receipt.json
    output/insights/2026-08-26_mocc-g2-repro/runs/10/mocc-trace-pilot-receipt.json
    output/insights/2026-08-26_mocc-g2-repro/runs/11/mocc-trace-pilot-receipt.json
    output/insights/2026-08-26_mocc-g2-repro/runs/12/mocc-trace-pilot-receipt.json
    output/insights/2026-08-26_mocc-g2-repro/runs/13/mocc-trace-pilot-receipt.json
    output/insights/2026-08-26_mocc-g2-repro/runs/14/mocc-trace-pilot-receipt.json
    output/insights/2026-08-26_mocc-g2-repro/runs/15/mocc-trace-pilot-receipt.json
    output/insights/2026-08-26_mocc-g2-repro/runs/16/mocc-trace-pilot-receipt.json
    output/insights/2026-08-26_mocc-g2-repro/runs/17/mocc-trace-pilot-receipt.json
    output/insights/2026-08-26_mocc-g2-repro/runs/18/mocc-trace-pilot-receipt.json
    output/insights/2026-08-26_mocc-g2-repro/runs/2/mocc-trace-pilot-receipt.json
    output/insights/2026-08-26_mocc-g2-repro/runs/20/mocc-trace-pilot-receipt.json
    output/insights/2026-08-26_mocc-g2-repro/runs/21/mocc-trace-pilot-receipt.json
    output/insights/2026-08-26_mocc-g2-repro/runs/22/mocc-trace-pilot-receipt.json
    output/insights/2026-08-26_mocc-g2-repro/runs/23/mocc-trace-pilot-receipt.json
    output/insights/2026-08-26_mocc-g2-repro/runs/25/mocc-trace-pilot-receipt.json
    output/insights/2026-08-26_mocc-g2-repro/runs/26/mocc-trace-pilot-receipt.json
    output/insights/2026-08-26_mocc-g2-repro/runs/27/mocc-trace-pilot-receipt.json
    output/insights/2026-08-26_mocc-g2-repro/runs/28/mocc-trace-pilot-receipt.json
orchestrator/verifier/commit_receipt.py sha256=106e0dcc4e10a9664869b0244c92c25094cd126c1cd5952f973c27e9aba0ba7f blob=92033ad9bfdd7e1840303401703de205f205e22f hits=42
    output/insights/2026-09-09/t2344-closure-reachability/trace-admission-external.json
    output/insights/2026-09-09/t2344-closure-reachability/trace-admission-repo.json
    output/insights/2026-09-09/t2344-closure-reachability/trace-freeze.json
    output/insights/2026-09-20/t2807-b8-prerun/README.md
    output/insights/2026-09-20/t2807-b8-prerun/verbatim/b8-effective-bundle.draft.json
    output/insights/2026-09-20/t2807-b8-prerun/verbatim/prerun-v3-g_rl.json
    output/insights/2026-09-20/t2807-b8-prerun/verbatim/prerun-v3-g_rt.json
    output/insights/2026-09-20/t2807-b8-prerun/verbatim/prerun-v4-g_rl.json
    output/insights/2026-09-20/t2807-b8-prerun/verbatim/prerun-v4-g_rt.json
    output/insights/2026-09-20/t2807-b8-prerun/verbatim/prerun-v5-g_rl.json
    output/insights/2026-09-20/t2807-b8-prerun/verbatim/prerun-v5-g_rt.json
    output/insights/2026-09-20/verifier-capacity/compare/bal10-compare.json
    output/insights/2026-09-20/verifier-capacity/compare/bal6-compare.json
    output/insights/2026-09-20/verifier-capacity/compare/f10-bal3-compare.json
    output/insights/2026-09-20/verifier-capacity/compare/f10-bal6-compare.json
    output/insights/2026-09-20/verifier-capacity/compare/f10-rh3-compare.json
    output/insights/2026-09-20/verifier-capacity/compare/f10-rh6-compare.json
    output/insights/2026-09-20/verifier-capacity/compare/f10-wh3-compare.json
    output/insights/2026-09-20/verifier-capacity/compare/f10-wh6-compare.json
    output/insights/2026-09-20/verifier-capacity/compare/f5-bal3-compare.json
== path mentions (tracked, excluding output/) ==
orchestrator/verifier/parse.py: 21
    docs/archive/audit-2026-06-30.md
    docs/archive/worklog-phase3-0812-457.md
    docs/archive/worklog-phase3-0819-668.md
    docs/archive/worklog-phase3-0821-784-785.md
    docs/archive/worklog-phase3-0822-819.md
    docs/archive/worklog-phase3-0910-1420-1422.md
    docs/archive/worklog-phase3-0921-1814-1815.md
    docs/decisions.md
    docs/failures.md
    docs/paper-story/results/2026-09-07-a2-certification-reject.md
    orchestrator/campaign/campaign_lock.py
    orchestrator/qualification/contract.py
    orchestrator/tests/acceptance_duration_ledger.json
    orchestrator/tests/fixtures/b10_backoff_shape_locks/balanced.campaign.lock
    orchestrator/tests/fixtures/b10_backoff_shape_locks/read-heavy.campaign.lock
    orchestrator/tests/fixtures/b10_backoff_shape_locks/write-heavy.campaign.lock
    orchestrator/tests/test_artifact_admission.py
    orchestrator/tests/test_campaign_lock_codec.py
    orchestrator/tests/test_t126_pegasus_tools.py
    orchestrator/tests/test_t671_source_binding.py
    patches/README.md
orchestrator/verifier/model.py: 13
    docs/archive/worklog-phase3-0804-166.md
    docs/decisions.md
    orchestrator/campaign/campaign_lock.py
    orchestrator/qualification/contract.py
    orchestrator/tests/acceptance_duration_ledger.json
    orchestrator/tests/fixtures/b10_backoff_shape_locks/balanced.campaign.lock
    orchestrator/tests/fixtures/b10_backoff_shape_locks/read-heavy.campaign.lock
    orchestrator/tests/fixtures/b10_backoff_shape_locks/write-heavy.campaign.lock
    orchestrator/tests/test_artifact_admission.py
    orchestrator/tests/test_campaign_lock_codec.py
    orchestrator/tests/test_t126_pegasus_tools.py
    orchestrator/tests/test_t671_source_binding.py
    patches/README.md
orchestrator/verifier/core.py: 14
    docs/archive/worklog-phase3-0902-1190.md
    docs/b10-multinode-formal-run-design.md
    docs/decisions.md
    orchestrator/campaign/campaign_lock.py
    orchestrator/qualification/contract.py
    orchestrator/tests/acceptance_duration_ledger.json
    orchestrator/tests/fixtures/b10_backoff_shape_locks/balanced.campaign.lock
    orchestrator/tests/fixtures/b10_backoff_shape_locks/read-heavy.campaign.lock
    orchestrator/tests/fixtures/b10_backoff_shape_locks/write-heavy.campaign.lock
    orchestrator/tests/test_artifact_admission.py
    orchestrator/tests/test_campaign_lock_codec.py
    orchestrator/tests/test_p3_b4_producer_auth_experiment.py
    orchestrator/tests/test_t126_pegasus_tools.py
    orchestrator/tests/test_t671_source_binding.py
orchestrator/verifier/report.py: 19
    docs/archive/audit-2026-06-30.md
    docs/archive/worklog-phase3-0804-163-164.md
    docs/archive/worklog-phase3-0811-427-428.md
    docs/decisions.md
    docs/failures.md
    orchestrator/campaign/campaign_lock.py
    orchestrator/campaign/silo_ladder_rung1.py
    orchestrator/qualification/contract.py
    orchestrator/tests/acceptance_duration_ledger.json
    orchestrator/tests/fixtures/b10_backoff_shape_locks/balanced.campaign.lock
    orchestrator/tests/fixtures/b10_backoff_shape_locks/read-heavy.campaign.lock
    orchestrator/tests/fixtures/b10_backoff_shape_locks/write-heavy.campaign.lock
    orchestrator/tests/test_artifact_admission.py
    orchestrator/tests/test_campaign_lock_codec.py
    orchestrator/tests/test_silo_ladder_rung1_driver.py
    orchestrator/tests/test_silo_ladder_rung1_evidence.py
    orchestrator/tests/test_t126_pegasus_tools.py
    orchestrator/tests/test_t671_source_binding.py
    tools/pegasus/submit_silo_ladder_rung1.sh
verifier/dsg.py: 15
    docs/archive/worklog-phase3-0908-1341-1342.md
    docs/archive/worklog-phase3-0908-1375.md
    docs/decisions.md
    docs/failures.md
    docs/isolation-phenomena.md
    orchestrator/campaign/campaign_lock.py
    orchestrator/qualification/contract.py
    orchestrator/tests/acceptance_duration_ledger.json
    orchestrator/tests/fixtures/b10_backoff_shape_locks/balanced.campaign.lock
    orchestrator/tests/fixtures/b10_backoff_shape_locks/read-heavy.campaign.lock
    orchestrator/tests/fixtures/b10_backoff_shape_locks/write-heavy.campaign.lock
    orchestrator/tests/test_artifact_admission.py
    orchestrator/tests/test_campaign_lock_codec.py
    orchestrator/tests/test_t126_pegasus_tools.py
    orchestrator/tests/test_t671_source_binding.py
