keys: ['checkout_head', 'patches_dir', 'single', 'sequences']
fields G: 160 F: 160 differing: 0
single[broken-cicada-insert-past-ts.patch].rc 1
single[broken-cicada-insert-past-ts.patch].offset False
single[broken-cicada-no-rts-update.patch].rc 1
single[broken-cicada-no-rts-update.patch].offset True
single[broken-cicada-skip-read-recheck.patch].rc 1
single[broken-cicada-skip-read-recheck.patch].offset True
single[broken-cicada-stale-read-ro.patch].rc 1
single[broken-cicada-stale-read-ro.patch].offset True
single[cicada-forwarding-gc-broken-early-publish.patch].rc 1
single[cicada-forwarding-gc-broken-early-publish.patch].offset False
single[cicada-forwarding-gc.patch].rc 1
single[cicada-forwarding-gc.patch].offset False
single[cicada-forwarding-variant.patch].rc 0
single[cicada-forwarding-variant.patch].offset False
single[instr-cicada-trace-tpcc.patch].rc 1
single[instr-cicada-trace-tpcc.patch].offset False
single[instr-cicada-trace.patch].rc 0
single[instr-cicada-trace.patch].offset False
single[instr-cicada-version-lifetime.patch].rc 0
single[instr-cicada-version-lifetime.patch].offset False
sequences.trace-tpcc-broken-cicada-insert-past-ts.patch[instr-cicada-trace.patch].rc 0
sequences.trace-tpcc-broken-cicada-insert-past-ts.patch[instr-cicada-trace.patch].offset False
sequences.trace-tpcc-broken-cicada-insert-past-ts.patch[instr-cicada-trace-tpcc.patch].rc 0
sequences.trace-tpcc-broken-cicada-insert-past-ts.patch[instr-cicada-trace-tpcc.patch].offset False
sequences.trace-tpcc-broken-cicada-insert-past-ts.patch[broken-cicada-insert-past-ts.patch].rc 0
sequences.trace-tpcc-broken-cicada-insert-past-ts.patch[broken-cicada-insert-past-ts.patch].offset False
sequences.trace-tpcc-broken-cicada-no-rts-update.patch[instr-cicada-trace.patch].rc 0
sequences.trace-tpcc-broken-cicada-no-rts-update.patch[instr-cicada-trace.patch].offset False
sequences.trace-tpcc-broken-cicada-no-rts-update.patch[instr-cicada-trace-tpcc.patch].rc 0
sequences.trace-tpcc-broken-cicada-no-rts-update.patch[instr-cicada-trace-tpcc.patch].offset False
sequences.trace-tpcc-broken-cicada-no-rts-update.patch[broken-cicada-no-rts-update.patch].rc 0
sequences.trace-tpcc-broken-cicada-no-rts-update.patch[broken-cicada-no-rts-update.patch].offset True
sequences.trace-tpcc-broken-cicada-skip-read-recheck.patch[instr-cicada-trace.patch].rc 0
sequences.trace-tpcc-broken-cicada-skip-read-recheck.patch[instr-cicada-trace.patch].offset False
sequences.trace-tpcc-broken-cicada-skip-read-recheck.patch[instr-cicada-trace-tpcc.patch].rc 0
sequences.trace-tpcc-broken-cicada-skip-read-recheck.patch[instr-cicada-trace-tpcc.patch].offset False
sequences.trace-tpcc-broken-cicada-skip-read-recheck.patch[broken-cicada-skip-read-recheck.patch].rc 0
sequences.trace-tpcc-broken-cicada-skip-read-recheck.patch[broken-cicada-skip-read-recheck.patch].offset True
sequences.trace-tpcc-broken-cicada-stale-read-ro.patch[instr-cicada-trace.patch].rc 0
sequences.trace-tpcc-broken-cicada-stale-read-ro.patch[instr-cicada-trace.patch].offset False
sequences.trace-tpcc-broken-cicada-stale-read-ro.patch[instr-cicada-trace-tpcc.patch].rc 0
sequences.trace-tpcc-broken-cicada-stale-read-ro.patch[instr-cicada-trace-tpcc.patch].offset False
sequences.trace-tpcc-broken-cicada-stale-read-ro.patch[broken-cicada-stale-read-ro.patch].rc 0
sequences.trace-tpcc-broken-cicada-stale-read-ro.patch[broken-cicada-stale-read-ro.patch].offset True
sequences.trace-tpcc[instr-cicada-trace.patch].rc 0
sequences.trace-tpcc[instr-cicada-trace.patch].offset False
sequences.trace-tpcc[instr-cicada-trace-tpcc.patch].rc 0
sequences.trace-tpcc[instr-cicada-trace-tpcc.patch].offset False
sequences.forwarding[cicada-forwarding-variant.patch].rc 0
sequences.forwarding[cicada-forwarding-variant.patch].offset False
sequences.forwarding[cicada-forwarding-gc.patch].rc 0
sequences.forwarding[cicada-forwarding-gc.patch].offset False
sequences.forwarding[cicada-forwarding-gc-broken-early-publish.patch].rc 0
sequences.forwarding[cicada-forwarding-gc-broken-early-publish.patch].offset True
sequences.trace-forwarding[instr-cicada-trace.patch].rc 0
sequences.trace-forwarding[instr-cicada-trace.patch].offset False
sequences.trace-forwarding[cicada-forwarding-variant.patch].rc 0
sequences.trace-forwarding[cicada-forwarding-variant.patch].offset True
sequences.trace-forwarding[cicada-forwarding-gc.patch].rc 0
sequences.trace-forwarding[cicada-forwarding-gc.patch].offset True
