start 2026-09-29 23:05:56 JST host=pegasus02 G=eb93423bbb27a2694d3d75861696c365f0fb8f7c
61e2df369c29af0c3559bda445a998665653ad6d16857cdbad471acd7cf53d29  /work/SFC/tanab/tmp/ccbench-cicada-bugfix-20260929/scripts/check_format_ci.sh
15c800021bb79af95c1e8176171d942bf57de5d5cb4411f466d9b1a28a36ccd5  /work/SFC/tanab/tmp/ccbench-cicada-bugfix-20260929/scripts/check_patch_apply.sh
d0bc871aba9d7222592ed4e214b306fa0289a4491cfd2da4c9f1ae76ebab431a  /work/SFC/tanab/tmp/ccbench-cicada-bugfix-20260929/G.bundle
warning: remote HEAD refers to nonexistent ref, unable to checkout.

gcheck HEAD=eb93423bbb27a2694d3d75861696c365f0fb8f7c porcelain=0
warning: remote HEAD refers to nonexistent ref, unable to checkout.

fcheck HEAD=25898d00b9a6bbf09329ff8e8318c77d4f08b46e porcelain=0
== R7 format: login clang-format
Ubuntu clang-format version 14.0.0-1ubuntu1.1
format files=213
format rc=0
rc_login=0
== R7 format: image :latest clang-format (sif sha256 64132a2f3006ce8981c3181d6cc1e393a69067faee5b550ed4d7203484ff167e)
Ubuntu clang-format version 14.0.6
format files=213
format rc=0
rc_image=0
== R9 patch apply on G
{"single": 10, "sequences": 7, "single_rc0": 3, "out": "/work/1/SFC/tanab/tmp/ccbench-cicada-bugfix-20260929/patch-apply-G.json"}
rc_r9_G=0
== R9 patch apply on F (control)
{"single": 10, "sequences": 7, "single_rc0": 3, "out": "/work/1/SFC/tanab/tmp/ccbench-cicada-bugfix-20260929/patch-apply-F.json"}
rc_r9_F=0
gcheck porcelain after=0
fcheck porcelain after=0
end 2026-09-29 23:11:47 JST
