CMake Warning:
  Manually-specified variables were not used by the project:

    CMAKE_C_COMPILER


CMake Warning:
  Manually-specified variables were not used by the project:

    CMAKE_C_COMPILER



============================================================
Request ID:             13639.nqsv
Request Name:           izs4loop
Queue:                  gen_S@nqsv
Number of Jobs:         1
User Name:              tanab
Group Name:             SFC
Created Request Time:   Sun Sep 20 22:01:25 2026
Started Request Time:   Sun Sep 20 22:01:37 2026
Ended Request Time:     Sun Sep 20 23:32:19 2026
Resources Information:
  Elapse:               5447S
  Remaining Elapse:     5353S
============================================================
