/system/apps/ubuntu/20.04-202210/oneapi/2022.3.1/intelpython/python3.9/lib/python3.9/site-packages/cmake/data/bin/cmake -S/scr/0_873920.nqsv/izanagi_wt_761uyucm/wt -B/scr/0_873920.nqsv/build-rung-perf --check-build-system CMakeFiles/Makefile.cmake 0
/bin/gmake  -f CMakeFiles/Makefile2 ycsb_silo.exe
gmake[1]: Entering directory '/scr/0_873920.nqsv/build-rung-perf'
/system/apps/ubuntu/20.04-202210/oneapi/2022.3.1/intelpython/python3.9/lib/python3.9/site-packages/cmake/data/bin/cmake -S/scr/0_873920.nqsv/izanagi_wt_761uyucm/wt -B/scr/0_873920.nqsv/build-rung-perf --check-build-system CMakeFiles/Makefile.cmake 0
/system/apps/ubuntu/20.04-202210/oneapi/2022.3.1/intelpython/python3.9/lib/python3.9/site-packages/cmake/data/bin/cmake -E cmake_progress_start /scr/0_873920.nqsv/build-rung-perf/CMakeFiles 14
/bin/gmake  -f CMakeFiles/Makefile2 cc/silo/CMakeFiles/ycsb_silo.exe.dir/all
gmake[2]: Entering directory '/scr/0_873920.nqsv/build-rung-perf'
/bin/gmake  -f _deps/mimalloc-build/CMakeFiles/mimalloc-static.dir/build.make _deps/mimalloc-build/CMakeFiles/mimalloc-static.dir/depend
/bin/gmake  -f CMakeFiles/masstree_build.dir/build.make CMakeFiles/masstree_build.dir/depend
/bin/gmake  -f CMakeFiles/ccbench_common.dir/build.make CMakeFiles/ccbench_common.dir/depend
gmake[3]: Entering directory '/scr/0_873920.nqsv/build-rung-perf'
cd /scr/0_873920.nqsv/build-rung-perf && /system/apps/ubuntu/20.04-202210/oneapi/2022.3.1/intelpython/python3.9/lib/python3.9/site-packages/cmake/data/bin/cmake -E cmake_depends "Unix Makefiles" /scr/0_873920.nqsv/izanagi_wt_761uyucm/wt /scr/0_873920.nqsv/izanagi_wt_761uyucm/wt /scr/0_873920.nqsv/build-rung-perf /scr/0_873920.nqsv/build-rung-perf /scr/0_873920.nqsv/build-rung-perf/CMakeFiles/masstree_build.dir/DependInfo.cmake --color=
gmake[3]: Entering directory '/scr/0_873920.nqsv/build-rung-perf'
cd /scr/0_873920.nqsv/build-rung-perf && /system/apps/ubuntu/20.04-202210/oneapi/2022.3.1/intelpython/python3.9/lib/python3.9/site-packages/cmake/data/bin/cmake -E cmake_depends "Unix Makefiles" /scr/0_873920.nqsv/izanagi_wt_761uyucm/wt /scr/0_873920.nqsv/thirdparty-src/mimalloc /scr/0_873920.nqsv/build-rung-perf /scr/0_873920.nqsv/build-rung-perf/_deps/mimalloc-build /scr/0_873920.nqsv/build-rung-perf/_deps/mimalloc-build/CMakeFiles/mimalloc-static.dir/DependInfo.cmake --color=
gmake[3]: Entering directory '/scr/0_873920.nqsv/build-rung-perf'
cd /scr/0_873920.nqsv/build-rung-perf && /system/apps/ubuntu/20.04-202210/oneapi/2022.3.1/intelpython/python3.9/lib/python3.9/site-packages/cmake/data/bin/cmake -E cmake_depends "Unix Makefiles" /scr/0_873920.nqsv/izanagi_wt_761uyucm/wt /scr/0_873920.nqsv/izanagi_wt_761uyucm/wt /scr/0_873920.nqsv/build-rung-perf /scr/0_873920.nqsv/build-rung-perf /scr/0_873920.nqsv/build-rung-perf/CMakeFiles/ccbench_common.dir/DependInfo.cmake --color=
gmake[3]: Leaving directory '/scr/0_873920.nqsv/build-rung-perf'
gmake[3]: Leaving directory '/scr/0_873920.nqsv/build-rung-perf'
/bin/gmake  -f CMakeFiles/masstree_build.dir/build.make CMakeFiles/masstree_build.dir/build
gmake[3]: Leaving directory '/scr/0_873920.nqsv/build-rung-perf'
/bin/gmake  -f CMakeFiles/ccbench_common.dir/build.make CMakeFiles/ccbench_common.dir/build
/bin/gmake  -f _deps/mimalloc-build/CMakeFiles/mimalloc-static.dir/build.make _deps/mimalloc-build/CMakeFiles/mimalloc-static.dir/build
gmake[3]: Entering directory '/scr/0_873920.nqsv/build-rung-perf'
gmake[3]: Nothing to be done for 'CMakeFiles/masstree_build.dir/build'.
gmake[3]: Leaving directory '/scr/0_873920.nqsv/build-rung-perf'
gmake[3]: Entering directory '/scr/0_873920.nqsv/build-rung-perf'
gmake[3]: Entering directory '/scr/0_873920.nqsv/build-rung-perf'
[  0%] Built target masstree_build
[  7%] Building CXX object CMakeFiles/ccbench_common.dir/common/result.cc.o
[ 14%] Building CXX object CMakeFiles/ccbench_common.dir/common/util.cc.o
[ 21%] Building C object _deps/mimalloc-build/CMakeFiles/mimalloc-static.dir/src/alloc.c.o
/usr/bin/x86_64-linux-gnu-g++-11 -DADD_ANALYSIS=0 -DBACK_OFF=0 -DBOOST_ALL_NO_LIB -DBOOST_FILESYSTEM_DYN_LINK -DKEY_SIZE=8 -DMASSTREE_USE=1 -DTRACE=0 -DVAL_SIZE=4 -I/scr/0_873920.nqsv/izanagi_wt_761uyucm/wt -isystem /scr/0_873920.nqsv/gflags-install/include -isystem /scr/0_873920.nqsv/glog-install/include -DIZANAGI_SILO_LADDER_RUNG1=1 -O3 -DNDEBUG -Wall -Wextra -Werror -std=c++20 -MD -MT CMakeFiles/ccbench_common.dir/common/result.cc.o -MF CMakeFiles/ccbench_common.dir/common/result.cc.o.d -o CMakeFiles/ccbench_common.dir/common/result.cc.o -c /scr/0_873920.nqsv/izanagi_wt_761uyucm/wt/common/result.cc
[ 28%] Building C object _deps/mimalloc-build/CMakeFiles/mimalloc-static.dir/src/alloc-aligned.c.o
/usr/bin/x86_64-linux-gnu-g++-11 -DADD_ANALYSIS=0 -DBACK_OFF=0 -DBOOST_ALL_NO_LIB -DBOOST_FILESYSTEM_DYN_LINK -DKEY_SIZE=8 -DMASSTREE_USE=1 -DTRACE=0 -DVAL_SIZE=4 -I/scr/0_873920.nqsv/izanagi_wt_761uyucm/wt -isystem /scr/0_873920.nqsv/gflags-install/include -isystem /scr/0_873920.nqsv/glog-install/include -DIZANAGI_SILO_LADDER_RUNG1=1 -O3 -DNDEBUG -Wall -Wextra -Werror -std=c++20 -MD -MT CMakeFiles/ccbench_common.dir/common/util.cc.o -MF CMakeFiles/ccbench_common.dir/common/util.cc.o.d -o CMakeFiles/ccbench_common.dir/common/util.cc.o -c /scr/0_873920.nqsv/izanagi_wt_761uyucm/wt/common/util.cc
cd /scr/0_873920.nqsv/build-rung-perf/_deps/mimalloc-build && /usr/bin/x86_64-linux-gnu-gcc-11 -DMI_BUILD_RELEASE -DMI_CMAKE_BUILD_TYPE=release -DMI_STATIC_LIB -I/scr/0_873920.nqsv/thirdparty-src/mimalloc/include -O3 -DNDEBUG -fPIC -Wall -Wextra -Wno-unknown-pragmas -fvisibility=hidden -Wstrict-prototypes -ftls-model=initial-exec -std=gnu11 -MD -MT _deps/mimalloc-build/CMakeFiles/mimalloc-static.dir/src/alloc.c.o -MF CMakeFiles/mimalloc-static.dir/src/alloc.c.o.d -o CMakeFiles/mimalloc-static.dir/src/alloc.c.o -c /scr/0_873920.nqsv/thirdparty-src/mimalloc/src/alloc.c
[ 28%] Building C object _deps/mimalloc-build/CMakeFiles/mimalloc-static.dir/src/alloc-posix.c.o
cd /scr/0_873920.nqsv/build-rung-perf/_deps/mimalloc-build && /usr/bin/x86_64-linux-gnu-gcc-11 -DMI_BUILD_RELEASE -DMI_CMAKE_BUILD_TYPE=release -DMI_STATIC_LIB -I/scr/0_873920.nqsv/thirdparty-src/mimalloc/include -O3 -DNDEBUG -fPIC -Wall -Wextra -Wno-unknown-pragmas -fvisibility=hidden -Wstrict-prototypes -ftls-model=initial-exec -std=gnu11 -MD -MT _deps/mimalloc-build/CMakeFiles/mimalloc-static.dir/src/alloc-aligned.c.o -MF CMakeFiles/mimalloc-static.dir/src/alloc-aligned.c.o.d -o CMakeFiles/mimalloc-static.dir/src/alloc-aligned.c.o -c /scr/0_873920.nqsv/thirdparty-src/mimalloc/src/alloc-aligned.c
cd /scr/0_873920.nqsv/build-rung-perf/_deps/mimalloc-build && /usr/bin/x86_64-linux-gnu-gcc-11 -DMI_BUILD_RELEASE -DMI_CMAKE_BUILD_TYPE=release -DMI_STATIC_LIB -I/scr/0_873920.nqsv/thirdparty-src/mimalloc/include -O3 -DNDEBUG -fPIC -Wall -Wextra -Wno-unknown-pragmas -fvisibility=hidden -Wstrict-prototypes -ftls-model=initial-exec -std=gnu11 -MD -MT _deps/mimalloc-build/CMakeFiles/mimalloc-static.dir/src/alloc-posix.c.o -MF CMakeFiles/mimalloc-static.dir/src/alloc-posix.c.o.d -o CMakeFiles/mimalloc-static.dir/src/alloc-posix.c.o -c /scr/0_873920.nqsv/thirdparty-src/mimalloc/src/alloc-posix.c
[ 35%] Building C object _deps/mimalloc-build/CMakeFiles/mimalloc-static.dir/src/arena.c.o
[ 35%] Building C object _deps/mimalloc-build/CMakeFiles/mimalloc-static.dir/src/bitmap.c.o
cd /scr/0_873920.nqsv/build-rung-perf/_deps/mimalloc-build && /usr/bin/x86_64-linux-gnu-gcc-11 -DMI_BUILD_RELEASE -DMI_CMAKE_BUILD_TYPE=release -DMI_STATIC_LIB -I/scr/0_873920.nqsv/thirdparty-src/mimalloc/include -O3 -DNDEBUG -fPIC -Wall -Wextra -Wno-unknown-pragmas -fvisibility=hidden -Wstrict-prototypes -ftls-model=initial-exec -std=gnu11 -MD -MT _deps/mimalloc-build/CMakeFiles/mimalloc-static.dir/src/arena.c.o -MF CMakeFiles/mimalloc-static.dir/src/arena.c.o.d -o CMakeFiles/mimalloc-static.dir/src/arena.c.o -c /scr/0_873920.nqsv/thirdparty-src/mimalloc/src/arena.c
[ 42%] Building C object _deps/mimalloc-build/CMakeFiles/mimalloc-static.dir/src/heap.c.o
cd /scr/0_873920.nqsv/build-rung-perf/_deps/mimalloc-build && /usr/bin/x86_64-linux-gnu-gcc-11 -DMI_BUILD_RELEASE -DMI_CMAKE_BUILD_TYPE=release -DMI_STATIC_LIB -I/scr/0_873920.nqsv/thirdparty-src/mimalloc/include -O3 -DNDEBUG -fPIC -Wall -Wextra -Wno-unknown-pragmas -fvisibility=hidden -Wstrict-prototypes -ftls-model=initial-exec -std=gnu11 -MD -MT _deps/mimalloc-build/CMakeFiles/mimalloc-static.dir/src/bitmap.c.o -MF CMakeFiles/mimalloc-static.dir/src/bitmap.c.o.d -o CMakeFiles/mimalloc-static.dir/src/bitmap.c.o -c /scr/0_873920.nqsv/thirdparty-src/mimalloc/src/bitmap.c
[ 42%] Building C object _deps/mimalloc-build/CMakeFiles/mimalloc-static.dir/src/init.c.o
[ 50%] Building C object _deps/mimalloc-build/CMakeFiles/mimalloc-static.dir/src/libc.c.o
cd /scr/0_873920.nqsv/build-rung-perf/_deps/mimalloc-build && /usr/bin/x86_64-linux-gnu-gcc-11 -DMI_BUILD_RELEASE -DMI_CMAKE_BUILD_TYPE=release -DMI_STATIC_LIB -I/scr/0_873920.nqsv/thirdparty-src/mimalloc/include -O3 -DNDEBUG -fPIC -Wall -Wextra -Wno-unknown-pragmas -fvisibility=hidden -Wstrict-prototypes -ftls-model=initial-exec -std=gnu11 -MD -MT _deps/mimalloc-build/CMakeFiles/mimalloc-static.dir/src/heap.c.o -MF CMakeFiles/mimalloc-static.dir/src/heap.c.o.d -o CMakeFiles/mimalloc-static.dir/src/heap.c.o -c /scr/0_873920.nqsv/thirdparty-src/mimalloc/src/heap.c
[ 57%] Building C object _deps/mimalloc-build/CMakeFiles/mimalloc-static.dir/src/options.c.o
[ 57%] Building C object _deps/mimalloc-build/CMakeFiles/mimalloc-static.dir/src/os.c.o
[ 64%] Building C object _deps/mimalloc-build/CMakeFiles/mimalloc-static.dir/src/random.c.o
[ 64%] Building C object _deps/mimalloc-build/CMakeFiles/mimalloc-static.dir/src/page.c.o
cd /scr/0_873920.nqsv/build-rung-perf/_deps/mimalloc-build && /usr/bin/x86_64-linux-gnu-gcc-11 -DMI_BUILD_RELEASE -DMI_CMAKE_BUILD_TYPE=release -DMI_STATIC_LIB -I/scr/0_873920.nqsv/thirdparty-src/mimalloc/include -O3 -DNDEBUG -fPIC -Wall -Wextra -Wno-unknown-pragmas -fvisibility=hidden -Wstrict-prototypes -ftls-model=initial-exec -std=gnu11 -MD -MT _deps/mimalloc-build/CMakeFiles/mimalloc-static.dir/src/init.c.o -MF CMakeFiles/mimalloc-static.dir/src/init.c.o.d -o CMakeFiles/mimalloc-static.dir/src/init.c.o -c /scr/0_873920.nqsv/thirdparty-src/mimalloc/src/init.c
[ 71%] Building C object _deps/mimalloc-build/CMakeFiles/mimalloc-static.dir/src/segment.c.o
[ 71%] Building C object _deps/mimalloc-build/CMakeFiles/mimalloc-static.dir/src/segment-map.c.o
cd /scr/0_873920.nqsv/build-rung-perf/_deps/mimalloc-build && /usr/bin/x86_64-linux-gnu-gcc-11 -DMI_BUILD_RELEASE -DMI_CMAKE_BUILD_TYPE=release -DMI_STATIC_LIB -I/scr/0_873920.nqsv/thirdparty-src/mimalloc/include -O3 -DNDEBUG -fPIC -Wall -Wextra -Wno-unknown-pragmas -fvisibility=hidden -Wstrict-prototypes -ftls-model=initial-exec -std=gnu11 -MD -MT _deps/mimalloc-build/CMakeFiles/mimalloc-static.dir/src/libc.c.o -MF CMakeFiles/mimalloc-static.dir/src/libc.c.o.d -o CMakeFiles/mimalloc-static.dir/src/libc.c.o -c /scr/0_873920.nqsv/thirdparty-src/mimalloc/src/libc.c
cd /scr/0_873920.nqsv/build-rung-perf/_deps/mimalloc-build && /usr/bin/x86_64-linux-gnu-gcc-11 -DMI_BUILD_RELEASE -DMI_CMAKE_BUILD_TYPE=release -DMI_STATIC_LIB -I/scr/0_873920.nqsv/thirdparty-src/mimalloc/include -O3 -DNDEBUG -fPIC -Wall -Wextra -Wno-unknown-pragmas -fvisibility=hidden -Wstrict-prototypes -ftls-model=initial-exec -std=gnu11 -MD -MT _deps/mimalloc-build/CMakeFiles/mimalloc-static.dir/src/options.c.o -MF CMakeFiles/mimalloc-static.dir/src/options.c.o.d -o CMakeFiles/mimalloc-static.dir/src/options.c.o -c /scr/0_873920.nqsv/thirdparty-src/mimalloc/src/options.c
[ 85%] Building C object _deps/mimalloc-build/CMakeFiles/mimalloc-static.dir/src/prim/prim.c.o
[ 85%] Building C object _deps/mimalloc-build/CMakeFiles/mimalloc-static.dir/src/stats.c.o
cd /scr/0_873920.nqsv/build-rung-perf/_deps/mimalloc-build && /usr/bin/x86_64-linux-gnu-gcc-11 -DMI_BUILD_RELEASE -DMI_CMAKE_BUILD_TYPE=release -DMI_STATIC_LIB -I/scr/0_873920.nqsv/thirdparty-src/mimalloc/include -O3 -DNDEBUG -fPIC -Wall -Wextra -Wno-unknown-pragmas -fvisibility=hidden -Wstrict-prototypes -ftls-model=initial-exec -std=gnu11 -MD -MT _deps/mimalloc-build/CMakeFiles/mimalloc-static.dir/src/os.c.o -MF CMakeFiles/mimalloc-static.dir/src/os.c.o.d -o CMakeFiles/mimalloc-static.dir/src/os.c.o -c /scr/0_873920.nqsv/thirdparty-src/mimalloc/src/os.c
cd /scr/0_873920.nqsv/build-rung-perf/_deps/mimalloc-build && /usr/bin/x86_64-linux-gnu-gcc-11 -DMI_BUILD_RELEASE -DMI_CMAKE_BUILD_TYPE=release -DMI_STATIC_LIB -I/scr/0_873920.nqsv/thirdparty-src/mimalloc/include -O3 -DNDEBUG -fPIC -Wall -Wextra -Wno-unknown-pragmas -fvisibility=hidden -Wstrict-prototypes -ftls-model=initial-exec -std=gnu11 -MD -MT _deps/mimalloc-build/CMakeFiles/mimalloc-static.dir/src/page.c.o -MF CMakeFiles/mimalloc-static.dir/src/page.c.o.d -o CMakeFiles/mimalloc-static.dir/src/page.c.o -c /scr/0_873920.nqsv/thirdparty-src/mimalloc/src/page.c
cd /scr/0_873920.nqsv/build-rung-perf/_deps/mimalloc-build && /usr/bin/x86_64-linux-gnu-gcc-11 -DMI_BUILD_RELEASE -DMI_CMAKE_BUILD_TYPE=release -DMI_STATIC_LIB -I/scr/0_873920.nqsv/thirdparty-src/mimalloc/include -O3 -DNDEBUG -fPIC -Wall -Wextra -Wno-unknown-pragmas -fvisibility=hidden -Wstrict-prototypes -ftls-model=initial-exec -std=gnu11 -MD -MT _deps/mimalloc-build/CMakeFiles/mimalloc-static.dir/src/random.c.o -MF CMakeFiles/mimalloc-static.dir/src/random.c.o.d -o CMakeFiles/mimalloc-static.dir/src/random.c.o -c /scr/0_873920.nqsv/thirdparty-src/mimalloc/src/random.c
cd /scr/0_873920.nqsv/build-rung-perf/_deps/mimalloc-build && /usr/bin/x86_64-linux-gnu-gcc-11 -DMI_BUILD_RELEASE -DMI_CMAKE_BUILD_TYPE=release -DMI_STATIC_LIB -I/scr/0_873920.nqsv/thirdparty-src/mimalloc/include -O3 -DNDEBUG -fPIC -Wall -Wextra -Wno-unknown-pragmas -fvisibility=hidden -Wstrict-prototypes -ftls-model=initial-exec -std=gnu11 -MD -MT _deps/mimalloc-build/CMakeFiles/mimalloc-static.dir/src/segment.c.o -MF CMakeFiles/mimalloc-static.dir/src/segment.c.o.d -o CMakeFiles/mimalloc-static.dir/src/segment.c.o -c /scr/0_873920.nqsv/thirdparty-src/mimalloc/src/segment.c
cd /scr/0_873920.nqsv/build-rung-perf/_deps/mimalloc-build && /usr/bin/x86_64-linux-gnu-gcc-11 -DMI_BUILD_RELEASE -DMI_CMAKE_BUILD_TYPE=release -DMI_STATIC_LIB -I/scr/0_873920.nqsv/thirdparty-src/mimalloc/include -O3 -DNDEBUG -fPIC -Wall -Wextra -Wno-unknown-pragmas -fvisibility=hidden -Wstrict-prototypes -ftls-model=initial-exec -std=gnu11 -MD -MT _deps/mimalloc-build/CMakeFiles/mimalloc-static.dir/src/segment-map.c.o -MF CMakeFiles/mimalloc-static.dir/src/segment-map.c.o.d -o CMakeFiles/mimalloc-static.dir/src/segment-map.c.o -c /scr/0_873920.nqsv/thirdparty-src/mimalloc/src/segment-map.c
cd /scr/0_873920.nqsv/build-rung-perf/_deps/mimalloc-build && /usr/bin/x86_64-linux-gnu-gcc-11 -DMI_BUILD_RELEASE -DMI_CMAKE_BUILD_TYPE=release -DMI_STATIC_LIB -I/scr/0_873920.nqsv/thirdparty-src/mimalloc/include -O3 -DNDEBUG -fPIC -Wall -Wextra -Wno-unknown-pragmas -fvisibility=hidden -Wstrict-prototypes -ftls-model=initial-exec -std=gnu11 -MD -MT _deps/mimalloc-build/CMakeFiles/mimalloc-static.dir/src/stats.c.o -MF CMakeFiles/mimalloc-static.dir/src/stats.c.o.d -o CMakeFiles/mimalloc-static.dir/src/stats.c.o -c /scr/0_873920.nqsv/thirdparty-src/mimalloc/src/stats.c
cd /scr/0_873920.nqsv/build-rung-perf/_deps/mimalloc-build && /usr/bin/x86_64-linux-gnu-gcc-11 -DMI_BUILD_RELEASE -DMI_CMAKE_BUILD_TYPE=release -DMI_STATIC_LIB -I/scr/0_873920.nqsv/thirdparty-src/mimalloc/include -O3 -DNDEBUG -fPIC -Wall -Wextra -Wno-unknown-pragmas -fvisibility=hidden -Wstrict-prototypes -ftls-model=initial-exec -std=gnu11 -MD -MT _deps/mimalloc-build/CMakeFiles/mimalloc-static.dir/src/prim/prim.c.o -MF CMakeFiles/mimalloc-static.dir/src/prim/prim.c.o.d -o CMakeFiles/mimalloc-static.dir/src/prim/prim.c.o -c /scr/0_873920.nqsv/thirdparty-src/mimalloc/src/prim/prim.c
[ 85%] Linking C static library libmimalloc.a
cd /scr/0_873920.nqsv/build-rung-perf/_deps/mimalloc-build && /system/apps/ubuntu/20.04-202210/oneapi/2022.3.1/intelpython/python3.9/lib/python3.9/site-packages/cmake/data/bin/cmake -P CMakeFiles/mimalloc-static.dir/cmake_clean_target.cmake
cd /scr/0_873920.nqsv/build-rung-perf/_deps/mimalloc-build && /system/apps/ubuntu/20.04-202210/oneapi/2022.3.1/intelpython/python3.9/lib/python3.9/site-packages/cmake/data/bin/cmake -E cmake_link_script CMakeFiles/mimalloc-static.dir/link.txt --verbose=1
/usr/bin/x86_64-linux-gnu-ar qc libmimalloc.a "CMakeFiles/mimalloc-static.dir/src/alloc.c.o" "CMakeFiles/mimalloc-static.dir/src/alloc-aligned.c.o" "CMakeFiles/mimalloc-static.dir/src/alloc-posix.c.o" "CMakeFiles/mimalloc-static.dir/src/arena.c.o" "CMakeFiles/mimalloc-static.dir/src/bitmap.c.o" "CMakeFiles/mimalloc-static.dir/src/heap.c.o" "CMakeFiles/mimalloc-static.dir/src/init.c.o" "CMakeFiles/mimalloc-static.dir/src/libc.c.o" "CMakeFiles/mimalloc-static.dir/src/options.c.o" "CMakeFiles/mimalloc-static.dir/src/os.c.o" "CMakeFiles/mimalloc-static.dir/src/page.c.o" "CMakeFiles/mimalloc-static.dir/src/random.c.o" "CMakeFiles/mimalloc-static.dir/src/segment.c.o" "CMakeFiles/mimalloc-static.dir/src/segment-map.c.o" "CMakeFiles/mimalloc-static.dir/src/stats.c.o" "CMakeFiles/mimalloc-static.dir/src/prim/prim.c.o"
/usr/bin/x86_64-linux-gnu-ranlib libmimalloc.a
gmake[3]: Leaving directory '/scr/0_873920.nqsv/build-rung-perf'
[ 85%] Built target mimalloc-static
[ 85%] Linking CXX static library libccbench_common.a
/system/apps/ubuntu/20.04-202210/oneapi/2022.3.1/intelpython/python3.9/lib/python3.9/site-packages/cmake/data/bin/cmake -P CMakeFiles/ccbench_common.dir/cmake_clean_target.cmake
/system/apps/ubuntu/20.04-202210/oneapi/2022.3.1/intelpython/python3.9/lib/python3.9/site-packages/cmake/data/bin/cmake -E cmake_link_script CMakeFiles/ccbench_common.dir/link.txt --verbose=1
/usr/bin/x86_64-linux-gnu-ar qc libccbench_common.a CMakeFiles/ccbench_common.dir/common/result.cc.o CMakeFiles/ccbench_common.dir/common/util.cc.o
/usr/bin/x86_64-linux-gnu-ranlib libccbench_common.a
gmake[3]: Leaving directory '/scr/0_873920.nqsv/build-rung-perf'
[ 85%] Built target ccbench_common
/bin/gmake  -f cc/silo/CMakeFiles/ycsb_silo.exe.dir/build.make cc/silo/CMakeFiles/ycsb_silo.exe.dir/depend
gmake[3]: Entering directory '/scr/0_873920.nqsv/build-rung-perf'
cd /scr/0_873920.nqsv/build-rung-perf && /system/apps/ubuntu/20.04-202210/oneapi/2022.3.1/intelpython/python3.9/lib/python3.9/site-packages/cmake/data/bin/cmake -E cmake_depends "Unix Makefiles" /scr/0_873920.nqsv/izanagi_wt_761uyucm/wt /scr/0_873920.nqsv/izanagi_wt_761uyucm/wt/cc/silo /scr/0_873920.nqsv/build-rung-perf /scr/0_873920.nqsv/build-rung-perf/cc/silo /scr/0_873920.nqsv/build-rung-perf/cc/silo/CMakeFiles/ycsb_silo.exe.dir/DependInfo.cmake --color=
gmake[3]: Leaving directory '/scr/0_873920.nqsv/build-rung-perf'
/bin/gmake  -f cc/silo/CMakeFiles/ycsb_silo.exe.dir/build.make cc/silo/CMakeFiles/ycsb_silo.exe.dir/build
gmake[3]: Entering directory '/scr/0_873920.nqsv/build-rung-perf'
[ 85%] Building CXX object cc/silo/CMakeFiles/ycsb_silo.exe.dir/ycsb_silo.cc.o
[ 92%] Building CXX object cc/silo/CMakeFiles/ycsb_silo.exe.dir/transaction.cc.o
cd /scr/0_873920.nqsv/build-rung-perf/cc/silo && /usr/bin/x86_64-linux-gnu-g++-11 -DADD_ANALYSIS=0 -DBACK_OFF=0 -DBOOST_ALL_NO_LIB -DBOOST_FILESYSTEM_DYN_LINK -DKEY_SIZE=8 -DLinux -DMASSTREE_USE=1 -DNO_WAIT_LOCKING_IN_VALIDATION=1 -DNO_WAIT_OF_TICTOC=0 -DPARTITION_TABLE=0 -DPROCEDURE_SORT=0 -DSLEEP_READ_PHASE=0 -DTRACE=0 -DVAL_SIZE=4 -DWAL=0 -I/scr/0_873920.nqsv/izanagi_wt_761uyucm/wt -I/scr/0_873920.nqsv/thirdparty-src/masstree -I/scr/0_873920.nqsv/thirdparty-src/mimalloc/include -isystem /scr/0_873920.nqsv/gflags-install/include -isystem /scr/0_873920.nqsv/glog-install/include -DIZANAGI_SILO_LADDER_RUNG1=1 -O3 -DNDEBUG -Wall -Wextra -Werror -std=c++20 -MD -MT cc/silo/CMakeFiles/ycsb_silo.exe.dir/ycsb_silo.cc.o -MF CMakeFiles/ycsb_silo.exe.dir/ycsb_silo.cc.o.d -o CMakeFiles/ycsb_silo.exe.dir/ycsb_silo.cc.o -c /scr/0_873920.nqsv/izanagi_wt_761uyucm/wt/cc/silo/ycsb_silo.cc
[100%] Building CXX object cc/silo/CMakeFiles/ycsb_silo.exe.dir/util.cc.o
cd /scr/0_873920.nqsv/build-rung-perf/cc/silo && /usr/bin/x86_64-linux-gnu-g++-11 -DADD_ANALYSIS=0 -DBACK_OFF=0 -DBOOST_ALL_NO_LIB -DBOOST_FILESYSTEM_DYN_LINK -DKEY_SIZE=8 -DLinux -DMASSTREE_USE=1 -DNO_WAIT_LOCKING_IN_VALIDATION=1 -DNO_WAIT_OF_TICTOC=0 -DPARTITION_TABLE=0 -DPROCEDURE_SORT=0 -DSLEEP_READ_PHASE=0 -DTRACE=0 -DVAL_SIZE=4 -DWAL=0 -I/scr/0_873920.nqsv/izanagi_wt_761uyucm/wt -I/scr/0_873920.nqsv/thirdparty-src/masstree -I/scr/0_873920.nqsv/thirdparty-src/mimalloc/include -isystem /scr/0_873920.nqsv/gflags-install/include -isystem /scr/0_873920.nqsv/glog-install/include -DIZANAGI_SILO_LADDER_RUNG1=1 -O3 -DNDEBUG -Wall -Wextra -Werror -std=c++20 -MD -MT cc/silo/CMakeFiles/ycsb_silo.exe.dir/transaction.cc.o -MF CMakeFiles/ycsb_silo.exe.dir/transaction.cc.o.d -o CMakeFiles/ycsb_silo.exe.dir/transaction.cc.o -c /scr/0_873920.nqsv/izanagi_wt_761uyucm/wt/cc/silo/transaction.cc
cd /scr/0_873920.nqsv/build-rung-perf/cc/silo && /usr/bin/x86_64-linux-gnu-g++-11 -DADD_ANALYSIS=0 -DBACK_OFF=0 -DBOOST_ALL_NO_LIB -DBOOST_FILESYSTEM_DYN_LINK -DKEY_SIZE=8 -DLinux -DMASSTREE_USE=1 -DNO_WAIT_LOCKING_IN_VALIDATION=1 -DNO_WAIT_OF_TICTOC=0 -DPARTITION_TABLE=0 -DPROCEDURE_SORT=0 -DSLEEP_READ_PHASE=0 -DTRACE=0 -DVAL_SIZE=4 -DWAL=0 -I/scr/0_873920.nqsv/izanagi_wt_761uyucm/wt -I/scr/0_873920.nqsv/thirdparty-src/masstree -I/scr/0_873920.nqsv/thirdparty-src/mimalloc/include -isystem /scr/0_873920.nqsv/gflags-install/include -isystem /scr/0_873920.nqsv/glog-install/include -DIZANAGI_SILO_LADDER_RUNG1=1 -O3 -DNDEBUG -Wall -Wextra -Werror -std=c++20 -MD -MT cc/silo/CMakeFiles/ycsb_silo.exe.dir/util.cc.o -MF CMakeFiles/ycsb_silo.exe.dir/util.cc.o.d -o CMakeFiles/ycsb_silo.exe.dir/util.cc.o -c /scr/0_873920.nqsv/izanagi_wt_761uyucm/wt/cc/silo/util.cc
[100%] Linking CXX executable ycsb_silo.exe
cd /scr/0_873920.nqsv/build-rung-perf/cc/silo && /system/apps/ubuntu/20.04-202210/oneapi/2022.3.1/intelpython/python3.9/lib/python3.9/site-packages/cmake/data/bin/cmake -E cmake_link_script CMakeFiles/ycsb_silo.exe.dir/link.txt --verbose=1
/usr/bin/x86_64-linux-gnu-g++-11 -DIZANAGI_SILO_LADDER_RUNG1=1 -O3 -DNDEBUG CMakeFiles/ycsb_silo.exe.dir/ycsb_silo.cc.o CMakeFiles/ycsb_silo.exe.dir/transaction.cc.o CMakeFiles/ycsb_silo.exe.dir/util.cc.o -o ycsb_silo.exe  -Wl,-rpath,/scr/0_873920.nqsv/gflags-install/lib:/scr/0_873920.nqsv/glog-install/lib ../../libccbench_common.a ../../_deps/mimalloc-build/libmimalloc.a /usr/lib/x86_64-linux-gnu/libboost_filesystem.so.1.74.0 /scr/0_873920.nqsv/gflags-install/lib/libgflags.a /scr/0_873920.nqsv/glog-install/lib/libglog.a /scr/0_873920.nqsv/thirdparty-src/masstree/libkohler_masstree_json.a -lpthread -lrt -latomic 
gmake[3]: Leaving directory '/scr/0_873920.nqsv/build-rung-perf'
[100%] Built target ycsb_silo.exe
gmake[2]: Leaving directory '/scr/0_873920.nqsv/build-rung-perf'
/system/apps/ubuntu/20.04-202210/oneapi/2022.3.1/intelpython/python3.9/lib/python3.9/site-packages/cmake/data/bin/cmake -E cmake_progress_start /scr/0_873920.nqsv/build-rung-perf/CMakeFiles 0
gmake[1]: Leaving directory '/scr/0_873920.nqsv/build-rung-perf'
