/work/1/SFC/tanab/b10-backoff-grid-t2853-r2-20260928/b10-backoff-grid-20260927T231112Z-3258589-balanced.stderr:Request ID:             32555.nqsv
/work/1/SFC/tanab/b10-backoff-grid-t2853-r2-20260928/b10-backoff-grid-20260927T231112Z-3258589-balanced.stderr:Started Request Time:   Mon Sep 28 19:56:39 2026
/work/1/SFC/tanab/b10-backoff-grid-t2853-r2-20260928/b10-backoff-grid-20260927T231112Z-3258589-balanced.stderr:Ended Request Time:     Mon Sep 28 20:10:32 2026
/work/1/SFC/tanab/b10-backoff-grid-t2853-r2-20260928/b10-backoff-grid-20260927T231112Z-3258589-balanced.stderr:  Elapse:               837S
/work/1/SFC/tanab/b10-backoff-grid-t2853-r2-20260928/b10-backoff-grid-20260927T231112Z-3258589-balanced.stderr:  Remaining Elapse:     17163S
/work/1/SFC/tanab/b10-backoff-grid-t2853-r2-20260928/b10-backoff-grid-20260927T231120Z-3259762-read-heavy.stderr:Request ID:             32559.nqsv
/work/1/SFC/tanab/b10-backoff-grid-t2853-r2-20260928/b10-backoff-grid-20260927T231120Z-3259762-read-heavy.stderr:Started Request Time:   Mon Sep 28 19:56:39 2026
/work/1/SFC/tanab/b10-backoff-grid-t2853-r2-20260928/b10-backoff-grid-20260927T231120Z-3259762-read-heavy.stderr:Ended Request Time:     Mon Sep 28 20:10:37 2026
/work/1/SFC/tanab/b10-backoff-grid-t2853-r2-20260928/b10-backoff-grid-20260927T231120Z-3259762-read-heavy.stderr:  Elapse:               842S
/work/1/SFC/tanab/b10-backoff-grid-t2853-r2-20260928/b10-backoff-grid-20260927T231120Z-3259762-read-heavy.stderr:  Remaining Elapse:     17158S
/work/1/SFC/tanab/b10-backoff-grid-t2853-r2-20260928/b10-backoff-grid-20260927T231120Z-3259762-balanced.stderr:Request ID:             32558.nqsv
/work/1/SFC/tanab/b10-backoff-grid-t2853-r2-20260928/b10-backoff-grid-20260927T231120Z-3259762-balanced.stderr:Started Request Time:   Mon Sep 28 19:56:39 2026
/work/1/SFC/tanab/b10-backoff-grid-t2853-r2-20260928/b10-backoff-grid-20260927T231120Z-3259762-balanced.stderr:Ended Request Time:     Mon Sep 28 20:10:31 2026
/work/1/SFC/tanab/b10-backoff-grid-t2853-r2-20260928/b10-backoff-grid-20260927T231120Z-3259762-balanced.stderr:  Elapse:               836S
/work/1/SFC/tanab/b10-backoff-grid-t2853-r2-20260928/b10-backoff-grid-20260927T231120Z-3259762-balanced.stderr:  Remaining Elapse:     17164S
/work/1/SFC/tanab/b10-backoff-grid-t2853-r2-20260928/b10-backoff-grid-20260927T231120Z-3259762-write-heavy.stderr:Request ID:             32557.nqsv
/work/1/SFC/tanab/b10-backoff-grid-t2853-r2-20260928/b10-backoff-grid-20260927T231120Z-3259762-write-heavy.stderr:Started Request Time:   Mon Sep 28 19:56:39 2026
/work/1/SFC/tanab/b10-backoff-grid-t2853-r2-20260928/b10-backoff-grid-20260927T231120Z-3259762-write-heavy.stderr:Ended Request Time:     Mon Sep 28 20:10:35 2026
/work/1/SFC/tanab/b10-backoff-grid-t2853-r2-20260928/b10-backoff-grid-20260927T231120Z-3259762-write-heavy.stderr:  Elapse:               841S
/work/1/SFC/tanab/b10-backoff-grid-t2853-r2-20260928/b10-backoff-grid-20260927T231120Z-3259762-write-heavy.stderr:  Remaining Elapse:     17159S
/work/1/SFC/tanab/b10-backoff-grid-t2853-r2-20260928/b10-backoff-grid-20260927T231112Z-3258589-write-heavy.stderr:Request ID:             32554.nqsv
/work/1/SFC/tanab/b10-backoff-grid-t2853-r2-20260928/b10-backoff-grid-20260927T231112Z-3258589-write-heavy.stderr:Started Request Time:   Mon Sep 28 19:56:39 2026
/work/1/SFC/tanab/b10-backoff-grid-t2853-r2-20260928/b10-backoff-grid-20260927T231112Z-3258589-write-heavy.stderr:Ended Request Time:     Mon Sep 28 20:10:33 2026
/work/1/SFC/tanab/b10-backoff-grid-t2853-r2-20260928/b10-backoff-grid-20260927T231112Z-3258589-write-heavy.stderr:  Elapse:               838S
/work/1/SFC/tanab/b10-backoff-grid-t2853-r2-20260928/b10-backoff-grid-20260927T231112Z-3258589-write-heavy.stderr:  Remaining Elapse:     17162S
/work/1/SFC/tanab/b10-backoff-grid-t2853-r2-20260928/b10-backoff-grid-20260927T231112Z-3258589-read-heavy.stderr:Request ID:             32556.nqsv
/work/1/SFC/tanab/b10-backoff-grid-t2853-r2-20260928/b10-backoff-grid-20260927T231112Z-3258589-read-heavy.stderr:Started Request Time:   Mon Sep 28 19:56:39 2026
/work/1/SFC/tanab/b10-backoff-grid-t2853-r2-20260928/b10-backoff-grid-20260927T231112Z-3258589-read-heavy.stderr:Ended Request Time:     Mon Sep 28 20:10:31 2026
/work/1/SFC/tanab/b10-backoff-grid-t2853-r2-20260928/b10-backoff-grid-20260927T231112Z-3258589-read-heavy.stderr:  Elapse:               836S
/work/1/SFC/tanab/b10-backoff-grid-t2853-r2-20260928/b10-backoff-grid-20260927T231112Z-3258589-read-heavy.stderr:  Remaining Elapse:     17164S
